TITLE : Q4R Cantilever Convergence Test 8x4 Mesh
        (17:56:44 on June 14, 2026, Sunday)

C O N T R O L   I N F O R M A T I O N

      NUMBER OF NODAL POINTS . . . . . . . . . . (NUMNP)  =    45
      NUMBER OF ELEMENT GROUPS . . . . . . . . . (NUMEG)  =     1
      NUMBER OF LOAD CASES . . . . . . . . . . . (NLCASE) =     1
      SOLUTION MODE  . . . . . . . . . . . . . . (MODEX)  =     1
         EQ.0, DATA CHECK
         EQ.1, EXECUTION

 N O D A L   P O I N T   D A T A

    NODE       BOUNDARY                         NODAL POINT
   NUMBER  CONDITION  CODES                     COORDINATES
        1    1    1    1    1    1    1       0.00000e+00    0.00000e+00    0.00000e+00
        2    0    0    1    1    1    1       1.25000e+00    0.00000e+00    0.00000e+00
        3    0    0    1    1    1    1       2.50000e+00    0.00000e+00    0.00000e+00
        4    0    0    1    1    1    1       3.75000e+00    0.00000e+00    0.00000e+00
        5    0    0    1    1    1    1       5.00000e+00    0.00000e+00    0.00000e+00
        6    0    0    1    1    1    1       6.25000e+00    0.00000e+00    0.00000e+00
        7    0    0    1    1    1    1       7.50000e+00    0.00000e+00    0.00000e+00
        8    0    0    1    1    1    1       8.75000e+00    0.00000e+00    0.00000e+00
        9    0    0    1    1    1    1       1.00000e+01    0.00000e+00    0.00000e+00
       10    1    1    1    1    1    1       0.00000e+00    2.50000e-01    0.00000e+00
       11    0    0    1    1    1    1       1.25000e+00    2.50000e-01    0.00000e+00
       12    0    0    1    1    1    1       2.50000e+00    2.50000e-01    0.00000e+00
       13    0    0    1    1    1    1       3.75000e+00    2.50000e-01    0.00000e+00
       14    0    0    1    1    1    1       5.00000e+00    2.50000e-01    0.00000e+00
       15    0    0    1    1    1    1       6.25000e+00    2.50000e-01    0.00000e+00
       16    0    0    1    1    1    1       7.50000e+00    2.50000e-01    0.00000e+00
       17    0    0    1    1    1    1       8.75000e+00    2.50000e-01    0.00000e+00
       18    0    0    1    1    1    1       1.00000e+01    2.50000e-01    0.00000e+00
       19    1    1    1    1    1    1       0.00000e+00    5.00000e-01    0.00000e+00
       20    0    0    1    1    1    1       1.25000e+00    5.00000e-01    0.00000e+00
       21    0    0    1    1    1    1       2.50000e+00    5.00000e-01    0.00000e+00
       22    0    0    1    1    1    1       3.75000e+00    5.00000e-01    0.00000e+00
       23    0    0    1    1    1    1       5.00000e+00    5.00000e-01    0.00000e+00
       24    0    0    1    1    1    1       6.25000e+00    5.00000e-01    0.00000e+00
       25    0    0    1    1    1    1       7.50000e+00    5.00000e-01    0.00000e+00
       26    0    0    1    1    1    1       8.75000e+00    5.00000e-01    0.00000e+00
       27    0    0    1    1    1    1       1.00000e+01    5.00000e-01    0.00000e+00
       28    1    1    1    1    1    1       0.00000e+00    7.50000e-01    0.00000e+00
       29    0    0    1    1    1    1       1.25000e+00    7.50000e-01    0.00000e+00
       30    0    0    1    1    1    1       2.50000e+00    7.50000e-01    0.00000e+00
       31    0    0    1    1    1    1       3.75000e+00    7.50000e-01    0.00000e+00
       32    0    0    1    1    1    1       5.00000e+00    7.50000e-01    0.00000e+00
       33    0    0    1    1    1    1       6.25000e+00    7.50000e-01    0.00000e+00
       34    0    0    1    1    1    1       7.50000e+00    7.50000e-01    0.00000e+00
       35    0    0    1    1    1    1       8.75000e+00    7.50000e-01    0.00000e+00
       36    0    0    1    1    1    1       1.00000e+01    7.50000e-01    0.00000e+00
       37    1    1    1    1    1    1       0.00000e+00    1.00000e+00    0.00000e+00
       38    0    0    1    1    1    1       1.25000e+00    1.00000e+00    0.00000e+00
       39    0    0    1    1    1    1       2.50000e+00    1.00000e+00    0.00000e+00
       40    0    0    1    1    1    1       3.75000e+00    1.00000e+00    0.00000e+00
       41    0    0    1    1    1    1       5.00000e+00    1.00000e+00    0.00000e+00
       42    0    0    1    1    1    1       6.25000e+00    1.00000e+00    0.00000e+00
       43    0    0    1    1    1    1       7.50000e+00    1.00000e+00    0.00000e+00
       44    0    0    1    1    1    1       8.75000e+00    1.00000e+00    0.00000e+00
       45    0    0    1    1    1    1       1.00000e+01    1.00000e+00    0.00000e+00

 L O A D   C A S E   D A T A

     LOAD CASE NUMBER . . . . . . . =     1
     NUMBER OF CONCENTRATED LOADS . =     5

    NODE       DIRECTION      LOAD
   NUMBER                   MAGNITUDE
      9            2       -2.00000e+04
     18            2       -2.00000e+04
     27            2       -2.00000e+04
     36            2       -2.00000e+04
     45            2       -2.00000e+04

 EQUATION NUMBERS

   NODE NUMBER   DEGREES OF FREEDOM
        N           X    Y    Z   RX   RY   RZ
        1           0    0    0    0    0    0
        2           1    2    0    0    0    0
        3           3    4    0    0    0    0
        4           5    6    0    0    0    0
        5           7    8    0    0    0    0
        6           9   10    0    0    0    0
        7          11   12    0    0    0    0
        8          13   14    0    0    0    0
        9          15   16    0    0    0    0
       10           0    0    0    0    0    0
       11          17   18    0    0    0    0
       12          19   20    0    0    0    0
       13          21   22    0    0    0    0
       14          23   24    0    0    0    0
       15          25   26    0    0    0    0
       16          27   28    0    0    0    0
       17          29   30    0    0    0    0
       18          31   32    0    0    0    0
       19           0    0    0    0    0    0
       20          33   34    0    0    0    0
       21          35   36    0    0    0    0
       22          37   38    0    0    0    0
       23          39   40    0    0    0    0
       24          41   42    0    0    0    0
       25          43   44    0    0    0    0
       26          45   46    0    0    0    0
       27          47   48    0    0    0    0
       28           0    0    0    0    0    0
       29          49   50    0    0    0    0
       30          51   52    0    0    0    0
       31          53   54    0    0    0    0
       32          55   56    0    0    0    0
       33          57   58    0    0    0    0
       34          59   60    0    0    0    0
       35          61   62    0    0    0    0
       36          63   64    0    0    0    0
       37           0    0    0    0    0    0
       38          65   66    0    0    0    0
       39          67   68    0    0    0    0
       40          69   70    0    0    0    0
       41          71   72    0    0    0    0
       42          73   74    0    0    0    0
       43          75   76    0    0    0    0
       44          77   78    0    0    0    0
       45          79   80    0    0    0    0

 E L E M E N T   G R O U P   D A T A


 E L E M E N T   D E F I N I T I O N

 ELEMENT TYPE  . . . . . . . . . . . . .( NPAR(1) ) . . =    3
     EQ.1, TRUSS ELEMENTS
     EQ.2, FOUR-NODE PLANE ELEMENTS (FULL INTEGRATION)
     EQ.3, FOUR-NODE PLANE ELEMENTS (REDUCED INTEGRATION)
     EQ.4, THREE-NODE TRIANGULAR PLANE ELEMENTS (CST)
     EQ.5, EIGHT-NODE HEXAHEDRAL ELEMENTS
     EQ.6, TWO-NODE BEAM ELEMENTS
     EQ.7, FOUR-NODE PLATE BENDING ELEMENTS
     EQ.9, TWO-NODE 3D EULER-BERNOULLI BEAM ELEMENTS
     EQ.10, FOUR-NODE FLAT SHELL ELEMENTS
     EQ.11, TWO-NODE 3D TIMOSHENKO BEAM ELEMENTS
     EQ.12, EIGHT-NODE REDUCED-INTEGRATION HEXAHEDRAL ELEMENTS
     EQ.14, PIER-LOCAL REDUCED-INTEGRATION HEXAHEDRAL ELEMENTS

 NUMBER OF ELEMENTS. . . . . . . . . . .( NPAR(2) ) . . =   32

 M A T E R I A L   D E F I N I T I O N

 NUMBER OF DIFFERENT SETS OF MATERIAL
 AND THICKNESS / POISSON RATIO . . . . .( NPAR(3) ) . . =    1

  SET       YOUNG'S    POISSON'S    THICKNESS
 NUMBER     MODULUS      RATIO
               E          NU          T
    1     2.00000e+11     3.00000e-01     1.00000e-01


 E L E M E N T   I N F O R M A T I O N
 ELEMENT     NODE     NODE     NODE     NODE      MATERIAL
 NUMBER-N      I        J        K        L       SET NUMBER
    1          1        2       11       10           1
    2          2        3       12       11           1
    3          3        4       13       12           1
    4          4        5       14       13           1
    5          5        6       15       14           1
    6          6        7       16       15           1
    7          7        8       17       16           1
    8          8        9       18       17           1
    9         10       11       20       19           1
   10         11       12       21       20           1
   11         12       13       22       21           1
   12         13       14       23       22           1
   13         14       15       24       23           1
   14         15       16       25       24           1
   15         16       17       26       25           1
   16         17       18       27       26           1
   17         19       20       29       28           1
   18         20       21       30       29           1
   19         21       22       31       30           1
   20         22       23       32       31           1
   21         23       24       33       32           1
   22         24       25       34       33           1
   23         25       26       35       34           1
   24         26       27       36       35           1
   25         28       29       38       37           1
   26         29       30       39       38           1
   27         30       31       40       39           1
   28         31       32       41       40           1
   29         32       33       42       41           1
   30         33       34       43       42           1
   31         34       35       44       43           1
   32         35       36       45       44           1

	TOTAL SYSTEM DATA

     NUMBER OF EQUATIONS . . . . . . . . . . . . . .(NEQ) = 80
     NUMBER OF MATRIX ELEMENTS . . . . . . . . . . .(NWK) = 1284
     MAXIMUM HALF BANDWIDTH  . . . . . . . . . . . .(MK ) = 20
     MEAN HALF BANDWIDTH . . . . . . . . . . . . . .(MM ) = 16


 LOAD CASE    1


 D I S P L A C E M E N T S

  NODE           X-DISPLACEMENT    Y-DISPLACEMENT    Z-DISPLACEMENT    RX-ROTATION      RY-ROTATION      RZ-ROTATION
    1               0.00000e+00       0.00000e+00       0.00000e+00       0.00000e+00       0.00000e+00       0.00000e+00
    2              -3.59871e-04      -4.89007e-04       0.00000e+00       0.00000e+00       0.00000e+00       0.00000e+00
    3              -6.73215e-04      -1.77739e-03       0.00000e+00       0.00000e+00       0.00000e+00       0.00000e+00
    4              -9.40425e-04      -3.82100e-03       0.00000e+00       0.00000e+00       0.00000e+00       0.00000e+00
    5              -1.15551e-03      -6.44703e-03       0.00000e+00       0.00000e+00       0.00000e+00       0.00000e+00
    6              -1.32669e-03      -9.56987e-03       0.00000e+00       0.00000e+00       0.00000e+00       0.00000e+00
    7              -1.44528e-03      -1.30456e-02       0.00000e+00       0.00000e+00       0.00000e+00       0.00000e+00
    8              -1.51964e-03      -1.67684e-02       0.00000e+00       0.00000e+00       0.00000e+00       0.00000e+00
    9              -1.54199e-03      -2.06088e-02       0.00000e+00       0.00000e+00       0.00000e+00       0.00000e+00
   10               0.00000e+00       0.00000e+00       0.00000e+00       0.00000e+00       0.00000e+00       0.00000e+00
   11              -1.76416e-04      -4.61352e-04       0.00000e+00       0.00000e+00       0.00000e+00       0.00000e+00
   12              -3.38290e-04      -1.77322e-03       0.00000e+00       0.00000e+00       0.00000e+00       0.00000e+00
   13              -4.66392e-04      -3.80386e-03       0.00000e+00       0.00000e+00       0.00000e+00       0.00000e+00
   14              -5.79078e-04      -6.44279e-03       0.00000e+00       0.00000e+00       0.00000e+00       0.00000e+00
   15              -6.60126e-04      -9.56022e-03       0.00000e+00       0.00000e+00       0.00000e+00       0.00000e+00
   16              -7.23355e-04      -1.30434e-02       0.00000e+00       0.00000e+00       0.00000e+00       0.00000e+00
   17              -7.57097e-04      -1.67648e-02       0.00000e+00       0.00000e+00       0.00000e+00       0.00000e+00
   18              -7.71351e-04      -2.06097e-02       0.00000e+00       0.00000e+00       0.00000e+00       0.00000e+00
   19               0.00000e+00       0.00000e+00       0.00000e+00       0.00000e+00       0.00000e+00       0.00000e+00
   20              -1.93801e-18      -4.52644e-04       0.00000e+00       0.00000e+00       0.00000e+00       0.00000e+00
   21               4.07931e-18      -1.77095e-03       0.00000e+00       0.00000e+00       0.00000e+00       0.00000e+00
   22              -5.48877e-18      -3.79928e-03       0.00000e+00       0.00000e+00       0.00000e+00       0.00000e+00
   23               5.55654e-18      -6.44007e-03       0.00000e+00       0.00000e+00       0.00000e+00       0.00000e+00
   24              -5.85469e-18      -9.55841e-03       0.00000e+00       0.00000e+00       0.00000e+00       0.00000e+00
   25              -3.25261e-19      -1.30412e-02       0.00000e+00       0.00000e+00       0.00000e+00       0.00000e+00
   26              -3.25261e-19      -1.67652e-02       0.00000e+00       0.00000e+00       0.00000e+00       0.00000e+00
   27              -1.95156e-17      -2.06082e-02       0.00000e+00       0.00000e+00       0.00000e+00       0.00000e+00
   28               0.00000e+00       0.00000e+00       0.00000e+00       0.00000e+00       0.00000e+00       0.00000e+00
   29               1.76416e-04      -4.61352e-04       0.00000e+00       0.00000e+00       0.00000e+00       0.00000e+00
   30               3.38290e-04      -1.77322e-03       0.00000e+00       0.00000e+00       0.00000e+00       0.00000e+00
   31               4.66392e-04      -3.80386e-03       0.00000e+00       0.00000e+00       0.00000e+00       0.00000e+00
   32               5.79078e-04      -6.44279e-03       0.00000e+00       0.00000e+00       0.00000e+00       0.00000e+00
   33               6.60126e-04      -9.56022e-03       0.00000e+00       0.00000e+00       0.00000e+00       0.00000e+00
   34               7.23355e-04      -1.30434e-02       0.00000e+00       0.00000e+00       0.00000e+00       0.00000e+00
   35               7.57097e-04      -1.67648e-02       0.00000e+00       0.00000e+00       0.00000e+00       0.00000e+00
   36               7.71351e-04      -2.06097e-02       0.00000e+00       0.00000e+00       0.00000e+00       0.00000e+00
   37               0.00000e+00       0.00000e+00       0.00000e+00       0.00000e+00       0.00000e+00       0.00000e+00
   38               3.59871e-04      -4.89007e-04       0.00000e+00       0.00000e+00       0.00000e+00       0.00000e+00
   39               6.73215e-04      -1.77739e-03       0.00000e+00       0.00000e+00       0.00000e+00       0.00000e+00
   40               9.40425e-04      -3.82100e-03       0.00000e+00       0.00000e+00       0.00000e+00       0.00000e+00
   41               1.15551e-03      -6.44703e-03       0.00000e+00       0.00000e+00       0.00000e+00       0.00000e+00
   42               1.32669e-03      -9.56987e-03       0.00000e+00       0.00000e+00       0.00000e+00       0.00000e+00
   43               1.44528e-03      -1.30456e-02       0.00000e+00       0.00000e+00       0.00000e+00       0.00000e+00
   44               1.51964e-03      -1.67684e-02       0.00000e+00       0.00000e+00       0.00000e+00       0.00000e+00
   45               1.54199e-03      -2.06088e-02       0.00000e+00       0.00000e+00       0.00000e+00       0.00000e+00

 S T R E S S  C A L C U L A T I O N S  F O R  E L E M E N T  G R O U P    1

  ELEMENT            SIGMA-X           SIGMA-Y          TAU-XY
  NUMBER
    1      -4.34994e+07      -1.98803e+06      -1.01801e+06
    2      -3.75806e+07       1.45598e+06      -2.57134e+05
    3      -3.19416e+07      -1.05536e+06      -9.05994e+05
    4      -2.59940e+07       7.59632e+05      -3.88407e+05
    5      -2.03423e+07      -5.46007e+05      -7.76985e+05
    6      -1.44260e+07       3.96098e+05      -5.05634e+05
    7      -8.73712e+06      -2.95818e+05      -6.74236e+05
    8      -2.85753e+06       2.34982e+05      -5.94626e+05
    9      -1.43608e+07      -8.24879e+05      -9.81995e+05
   10      -1.27818e+07       5.60250e+05      -1.74287e+06
   11      -1.03579e+07      -3.65649e+05      -1.09401e+06
   12      -8.94547e+06       2.31218e+05      -1.61159e+06
   13      -6.52777e+06      -1.46286e+05      -1.22302e+06
   14      -5.02787e+06       1.01524e+05      -1.49437e+06
   15      -2.72629e+06      -8.99375e+04      -1.32576e+06
   16      -1.10818e+06       1.07173e+05      -1.40537e+06
   17       1.43608e+07       8.24879e+05      -9.81995e+05
   18       1.27818e+07      -5.60250e+05      -1.74287e+06
   19       1.03579e+07       3.65649e+05      -1.09401e+06
   20       8.94547e+06      -2.31218e+05      -1.61159e+06
   21       6.52777e+06       1.46286e+05      -1.22302e+06
   22       5.02787e+06      -1.01524e+05      -1.49437e+06
   23       2.72629e+06       8.99375e+04      -1.32576e+06
   24       1.10818e+06      -1.07173e+05      -1.40537e+06
   25       4.34994e+07       1.98803e+06      -1.01801e+06
   26       3.75806e+07      -1.45598e+06      -2.57134e+05
   27       3.19416e+07       1.05536e+06      -9.05994e+05
   28       2.59940e+07      -7.59632e+05      -3.88407e+05
   29       2.03423e+07       5.46007e+05      -7.76985e+05
   30       1.44260e+07      -3.96098e+05      -5.05634e+05
   31       8.73712e+06       2.95818e+05      -6.74236e+05
   32       2.85753e+06      -2.34982e+05      -5.94626e+05

     DISPLACEMENT CSV = D:\STAPpp-master\STAPpp\data\Q4\convergence\q4r_conv_8x4.displacements.csv


 S O L U T I O N   T I M E   L O G   I N   S E C 

     READ_TIME = 5.00000e-03
     MPC_ALIAS_TIME = 0.00000e+00
     CSR_PATTERN_TIME = 0.00000e+00
     CSR_ASSEMBLY_TIME = 0.00000e+00
     ELEMENT_VALUE_ASSEMBLY_TIME = 0.00000e+00
     MPC_VALUE_ASSEMBLY_TIME = 0.00000e+00
     ELEMENT_STIFFNESS_TIME = 0.00000e+00
     PATTERN_INSERT_TIME = 0.00000e+00
     VALUE_INSERT_TIME = 0.00000e+00
     ACTIVE_DOF_PACK_TIME = 0.00000e+00
     MPC_PATTERN_TIME = 0.00000e+00
     EXPORT_UPPER_CSR_TIME = 0.00000e+00
     SYMMETRY_CHECK_TIME = 0.00000e+00
     SCALING_TIME = 0.00000e+00
     PRECOND_SETUP_TIME = 0.00000e+00
     ITER_SOLVE_TIME = 0.00000e+00
     RESIDUAL_CHECK_TIME = 0.00000e+00
     CSV_WRITE_TIME = 1.00000e-03
     TOTAL_TIME = 8.00000e-03

