TITLE : T3 Cantilever Convergence Test 4x2 Mesh (16 triangles)
        (17:56:44 on June 14, 2026, Sunday)

C O N T R O L   I N F O R M A T I O N

      NUMBER OF NODAL POINTS . . . . . . . . . . (NUMNP)  =    15
      NUMBER OF ELEMENT GROUPS . . . . . . . . . (NUMEG)  =     1
      NUMBER OF LOAD CASES . . . . . . . . . . . (NLCASE) =     1
      SOLUTION MODE  . . . . . . . . . . . . . . (MODEX)  =     1
         EQ.0, DATA CHECK
         EQ.1, EXECUTION

 N O D A L   P O I N T   D A T A

    NODE       BOUNDARY                         NODAL POINT
   NUMBER  CONDITION  CODES                     COORDINATES
        1    1    1    1    1    1    1       0.00000e+00    0.00000e+00    0.00000e+00
        2    0    0    1    1    1    1       2.50000e+00    0.00000e+00    0.00000e+00
        3    0    0    1    1    1    1       5.00000e+00    0.00000e+00    0.00000e+00
        4    0    0    1    1    1    1       7.50000e+00    0.00000e+00    0.00000e+00
        5    0    0    1    1    1    1       1.00000e+01    0.00000e+00    0.00000e+00
        6    1    1    1    1    1    1       0.00000e+00    5.00000e-01    0.00000e+00
        7    0    0    1    1    1    1       2.50000e+00    5.00000e-01    0.00000e+00
        8    0    0    1    1    1    1       5.00000e+00    5.00000e-01    0.00000e+00
        9    0    0    1    1    1    1       7.50000e+00    5.00000e-01    0.00000e+00
       10    0    0    1    1    1    1       1.00000e+01    5.00000e-01    0.00000e+00
       11    1    1    1    1    1    1       0.00000e+00    1.00000e+00    0.00000e+00
       12    0    0    1    1    1    1       2.50000e+00    1.00000e+00    0.00000e+00
       13    0    0    1    1    1    1       5.00000e+00    1.00000e+00    0.00000e+00
       14    0    0    1    1    1    1       7.50000e+00    1.00000e+00    0.00000e+00
       15    0    0    1    1    1    1       1.00000e+01    1.00000e+00    0.00000e+00

 L O A D   C A S E   D A T A

     LOAD CASE NUMBER . . . . . . . =     1
     NUMBER OF CONCENTRATED LOADS . =     3

    NODE       DIRECTION      LOAD
   NUMBER                   MAGNITUDE
      5            2       -3.33333e+04
     10            2       -3.33333e+04
     15            2       -3.33333e+04

 EQUATION NUMBERS

   NODE NUMBER   DEGREES OF FREEDOM
        N           X    Y    Z   RX   RY   RZ
        1           0    0    0    0    0    0
        2           1    2    0    0    0    0
        3           3    4    0    0    0    0
        4           5    6    0    0    0    0
        5           7    8    0    0    0    0
        6           0    0    0    0    0    0
        7           9   10    0    0    0    0
        8          11   12    0    0    0    0
        9          13   14    0    0    0    0
       10          15   16    0    0    0    0
       11           0    0    0    0    0    0
       12          17   18    0    0    0    0
       13          19   20    0    0    0    0
       14          21   22    0    0    0    0
       15          23   24    0    0    0    0

 E L E M E N T   G R O U P   D A T A


 E L E M E N T   D E F I N I T I O N

 ELEMENT TYPE  . . . . . . . . . . . . .( NPAR(1) ) . . =    4
     EQ.1, TRUSS ELEMENTS
     EQ.2, FOUR-NODE PLANE ELEMENTS (FULL INTEGRATION)
     EQ.3, FOUR-NODE PLANE ELEMENTS (REDUCED INTEGRATION)
     EQ.4, THREE-NODE TRIANGULAR PLANE ELEMENTS (CST)
     EQ.5, EIGHT-NODE HEXAHEDRAL ELEMENTS
     EQ.6, TWO-NODE BEAM ELEMENTS
     EQ.7, FOUR-NODE PLATE BENDING ELEMENTS
     EQ.9, TWO-NODE 3D EULER-BERNOULLI BEAM ELEMENTS
     EQ.10, FOUR-NODE FLAT SHELL ELEMENTS
     EQ.11, TWO-NODE 3D TIMOSHENKO BEAM ELEMENTS
     EQ.12, EIGHT-NODE REDUCED-INTEGRATION HEXAHEDRAL ELEMENTS
     EQ.14, PIER-LOCAL REDUCED-INTEGRATION HEXAHEDRAL ELEMENTS

 NUMBER OF ELEMENTS. . . . . . . . . . .( NPAR(2) ) . . =   16

 M A T E R I A L   D E F I N I T I O N

 NUMBER OF DIFFERENT SETS OF MATERIAL
 AND THICKNESS / POISSON RATIO . . . . .( NPAR(3) ) . . =    1

  SET       YOUNG'S    POISSON'S    THICKNESS
 NUMBER     MODULUS      RATIO
               E          NU          T
    1     2.00000e+11     3.00000e-01     1.00000e-01


 E L E M E N T   I N F O R M A T I O N
 ELEMENT     NODE     NODE     NODE      MATERIAL
 NUMBER-N      I        J        K       SET NUMBER
    1          1        2        7           1
    2          1        7        6           1
    3          2        3        7           1
    4          3        8        7           1
    5          3        4        9           1
    6          3        9        8           1
    7          4        5        9           1
    8          5       10        9           1
    9          6        7       11           1
   10          7       12       11           1
   11          7        8       13           1
   12          7       13       12           1
   13          8        9       13           1
   14          9       14       13           1
   15          9       10       15           1
   16          9       15       14           1

	TOTAL SYSTEM DATA

     NUMBER OF EQUATIONS . . . . . . . . . . . . . .(NEQ) = 24
     NUMBER OF MATRIX ELEMENTS . . . . . . . . . . .(NWK) = 188
     MAXIMUM HALF BANDWIDTH  . . . . . . . . . . . .(MK ) = 12
     MEAN HALF BANDWIDTH . . . . . . . . . . . . . .(MM ) = 7


 LOAD CASE    1


 D I S P L A C E M E N T S

  NODE           X-DISPLACEMENT    Y-DISPLACEMENT    Z-DISPLACEMENT    RX-ROTATION      RY-ROTATION      RZ-ROTATION
    1               0.00000e+00       0.00000e+00       0.00000e+00       0.00000e+00       0.00000e+00       0.00000e+00
    2              -7.68343e-05      -2.27714e-04       0.00000e+00       0.00000e+00       0.00000e+00       0.00000e+00
    3              -1.32752e-04      -7.80295e-04       0.00000e+00       0.00000e+00       0.00000e+00       0.00000e+00
    4              -1.65667e-04      -1.56065e-03       0.00000e+00       0.00000e+00       0.00000e+00       0.00000e+00
    5              -1.77211e-04      -2.44918e-03       0.00000e+00       0.00000e+00       0.00000e+00       0.00000e+00
    6               0.00000e+00       0.00000e+00       0.00000e+00       0.00000e+00       0.00000e+00       0.00000e+00
    7              -3.40719e-19      -2.21458e-04       0.00000e+00       0.00000e+00       0.00000e+00       0.00000e+00
    8              -7.67412e-19      -7.81810e-04       0.00000e+00       0.00000e+00       0.00000e+00       0.00000e+00
    9              -1.00797e-18      -1.55856e-03       0.00000e+00       0.00000e+00       0.00000e+00       0.00000e+00
   10              -8.67362e-19      -2.44942e-03       0.00000e+00       0.00000e+00       0.00000e+00       0.00000e+00
   11               0.00000e+00       0.00000e+00       0.00000e+00       0.00000e+00       0.00000e+00       0.00000e+00
   12               7.68343e-05      -2.27714e-04       0.00000e+00       0.00000e+00       0.00000e+00       0.00000e+00
   13               1.32752e-04      -7.80295e-04       0.00000e+00       0.00000e+00       0.00000e+00       0.00000e+00
   14               1.65667e-04      -1.56065e-03       0.00000e+00       0.00000e+00       0.00000e+00       0.00000e+00
   15               1.77211e-04      -2.44918e-03       0.00000e+00       0.00000e+00       0.00000e+00       0.00000e+00

 S T R E S S  C A L C U L A T I O N S  F O R  E L E M E N T  G R O U P    1

  ELEMENT            SIGMA-X           SIGMA-Y          TAU-XY
  NUMBER
    1      -5.92961e+06       7.23773e+05       4.81408e+06
    2      -2.99533e-08      -8.98600e-09      -6.81408e+06
    3      -4.09083e+06       1.27541e+06      -5.18183e+06
    4      -1.99748e+05      -6.65826e+05       3.18183e+06
    5      -2.61786e+06       5.10461e+04       1.47643e+06
    6      -1.99748e+05      -6.65826e+05      -3.47643e+06
    7      -7.39098e+05       6.14675e+05      -1.85218e+06
    8      -3.11308e+04      -1.03769e+05      -1.47820e+05
    9      -2.99533e-08      -8.98600e-09      -6.81408e+06
   10       5.92961e+06      -7.23773e+05       4.81408e+06
   11       1.99748e+05       6.65826e+05       3.18183e+06
   12       4.09083e+06      -1.27541e+06      -5.18183e+06
   13       1.99748e+05       6.65826e+05      -3.47643e+06
   14       2.61786e+06      -5.10461e+04       1.47643e+06
   15       3.11308e+04       1.03769e+05      -1.47820e+05
   16       7.39098e+05      -6.14675e+05      -1.85218e+06

     DISPLACEMENT CSV = D:\STAPpp-master\STAPpp\data\T3\convergence\t3_conv_4x2.displacements.csv


 S O L U T I O N   T I M E   L O G   I N   S E C 

     READ_TIME = 3.00000e-03
     MPC_ALIAS_TIME = 0.00000e+00
     CSR_PATTERN_TIME = 0.00000e+00
     CSR_ASSEMBLY_TIME = 0.00000e+00
     ELEMENT_VALUE_ASSEMBLY_TIME = 0.00000e+00
     MPC_VALUE_ASSEMBLY_TIME = 0.00000e+00
     ELEMENT_STIFFNESS_TIME = 0.00000e+00
     PATTERN_INSERT_TIME = 0.00000e+00
     VALUE_INSERT_TIME = 0.00000e+00
     ACTIVE_DOF_PACK_TIME = 0.00000e+00
     MPC_PATTERN_TIME = 0.00000e+00
     EXPORT_UPPER_CSR_TIME = 0.00000e+00
     SYMMETRY_CHECK_TIME = 0.00000e+00
     SCALING_TIME = 0.00000e+00
     PRECOND_SETUP_TIME = 0.00000e+00
     ITER_SOLVE_TIME = 0.00000e+00
     RESIDUAL_CHECK_TIME = 0.00000e+00
     CSV_WRITE_TIME = 0.00000e+00
     TOTAL_TIME = 4.00000e-03

