TITLE : T3 Cantilever Convergence Test 16x8 Mesh (256 triangles)
        (17:56:44 on June 14, 2026, Sunday)

C O N T R O L   I N F O R M A T I O N

      NUMBER OF NODAL POINTS . . . . . . . . . . (NUMNP)  =   153
      NUMBER OF ELEMENT GROUPS . . . . . . . . . (NUMEG)  =     1
      NUMBER OF LOAD CASES . . . . . . . . . . . (NLCASE) =     1
      SOLUTION MODE  . . . . . . . . . . . . . . (MODEX)  =     1
         EQ.0, DATA CHECK
         EQ.1, EXECUTION

 N O D A L   P O I N T   D A T A

    NODE       BOUNDARY                         NODAL POINT
   NUMBER  CONDITION  CODES                     COORDINATES
        1    1    1    1    1    1    1       0.00000e+00    0.00000e+00    0.00000e+00
        2    0    0    1    1    1    1       6.25000e-01    0.00000e+00    0.00000e+00
        3    0    0    1    1    1    1       1.25000e+00    0.00000e+00    0.00000e+00
        4    0    0    1    1    1    1       1.87500e+00    0.00000e+00    0.00000e+00
        5    0    0    1    1    1    1       2.50000e+00    0.00000e+00    0.00000e+00
        6    0    0    1    1    1    1       3.12500e+00    0.00000e+00    0.00000e+00
        7    0    0    1    1    1    1       3.75000e+00    0.00000e+00    0.00000e+00
        8    0    0    1    1    1    1       4.37500e+00    0.00000e+00    0.00000e+00
        9    0    0    1    1    1    1       5.00000e+00    0.00000e+00    0.00000e+00
       10    0    0    1    1    1    1       5.62500e+00    0.00000e+00    0.00000e+00
       11    0    0    1    1    1    1       6.25000e+00    0.00000e+00    0.00000e+00
       12    0    0    1    1    1    1       6.87500e+00    0.00000e+00    0.00000e+00
       13    0    0    1    1    1    1       7.50000e+00    0.00000e+00    0.00000e+00
       14    0    0    1    1    1    1       8.12500e+00    0.00000e+00    0.00000e+00
       15    0    0    1    1    1    1       8.75000e+00    0.00000e+00    0.00000e+00
       16    0    0    1    1    1    1       9.37500e+00    0.00000e+00    0.00000e+00
       17    0    0    1    1    1    1       1.00000e+01    0.00000e+00    0.00000e+00
       18    1    1    1    1    1    1       0.00000e+00    1.25000e-01    0.00000e+00
       19    0    0    1    1    1    1       6.25000e-01    1.25000e-01    0.00000e+00
       20    0    0    1    1    1    1       1.25000e+00    1.25000e-01    0.00000e+00
       21    0    0    1    1    1    1       1.87500e+00    1.25000e-01    0.00000e+00
       22    0    0    1    1    1    1       2.50000e+00    1.25000e-01    0.00000e+00
       23    0    0    1    1    1    1       3.12500e+00    1.25000e-01    0.00000e+00
       24    0    0    1    1    1    1       3.75000e+00    1.25000e-01    0.00000e+00
       25    0    0    1    1    1    1       4.37500e+00    1.25000e-01    0.00000e+00
       26    0    0    1    1    1    1       5.00000e+00    1.25000e-01    0.00000e+00
       27    0    0    1    1    1    1       5.62500e+00    1.25000e-01    0.00000e+00
       28    0    0    1    1    1    1       6.25000e+00    1.25000e-01    0.00000e+00
       29    0    0    1    1    1    1       6.87500e+00    1.25000e-01    0.00000e+00
       30    0    0    1    1    1    1       7.50000e+00    1.25000e-01    0.00000e+00
       31    0    0    1    1    1    1       8.12500e+00    1.25000e-01    0.00000e+00
       32    0    0    1    1    1    1       8.75000e+00    1.25000e-01    0.00000e+00
       33    0    0    1    1    1    1       9.37500e+00    1.25000e-01    0.00000e+00
       34    0    0    1    1    1    1       1.00000e+01    1.25000e-01    0.00000e+00
       35    1    1    1    1    1    1       0.00000e+00    2.50000e-01    0.00000e+00
       36    0    0    1    1    1    1       6.25000e-01    2.50000e-01    0.00000e+00
       37    0    0    1    1    1    1       1.25000e+00    2.50000e-01    0.00000e+00
       38    0    0    1    1    1    1       1.87500e+00    2.50000e-01    0.00000e+00
       39    0    0    1    1    1    1       2.50000e+00    2.50000e-01    0.00000e+00
       40    0    0    1    1    1    1       3.12500e+00    2.50000e-01    0.00000e+00
       41    0    0    1    1    1    1       3.75000e+00    2.50000e-01    0.00000e+00
       42    0    0    1    1    1    1       4.37500e+00    2.50000e-01    0.00000e+00
       43    0    0    1    1    1    1       5.00000e+00    2.50000e-01    0.00000e+00
       44    0    0    1    1    1    1       5.62500e+00    2.50000e-01    0.00000e+00
       45    0    0    1    1    1    1       6.25000e+00    2.50000e-01    0.00000e+00
       46    0    0    1    1    1    1       6.87500e+00    2.50000e-01    0.00000e+00
       47    0    0    1    1    1    1       7.50000e+00    2.50000e-01    0.00000e+00
       48    0    0    1    1    1    1       8.12500e+00    2.50000e-01    0.00000e+00
       49    0    0    1    1    1    1       8.75000e+00    2.50000e-01    0.00000e+00
       50    0    0    1    1    1    1       9.37500e+00    2.50000e-01    0.00000e+00
       51    0    0    1    1    1    1       1.00000e+01    2.50000e-01    0.00000e+00
       52    1    1    1    1    1    1       0.00000e+00    3.75000e-01    0.00000e+00
       53    0    0    1    1    1    1       6.25000e-01    3.75000e-01    0.00000e+00
       54    0    0    1    1    1    1       1.25000e+00    3.75000e-01    0.00000e+00
       55    0    0    1    1    1    1       1.87500e+00    3.75000e-01    0.00000e+00
       56    0    0    1    1    1    1       2.50000e+00    3.75000e-01    0.00000e+00
       57    0    0    1    1    1    1       3.12500e+00    3.75000e-01    0.00000e+00
       58    0    0    1    1    1    1       3.75000e+00    3.75000e-01    0.00000e+00
       59    0    0    1    1    1    1       4.37500e+00    3.75000e-01    0.00000e+00
       60    0    0    1    1    1    1       5.00000e+00    3.75000e-01    0.00000e+00
       61    0    0    1    1    1    1       5.62500e+00    3.75000e-01    0.00000e+00
       62    0    0    1    1    1    1       6.25000e+00    3.75000e-01    0.00000e+00
       63    0    0    1    1    1    1       6.87500e+00    3.75000e-01    0.00000e+00
       64    0    0    1    1    1    1       7.50000e+00    3.75000e-01    0.00000e+00
       65    0    0    1    1    1    1       8.12500e+00    3.75000e-01    0.00000e+00
       66    0    0    1    1    1    1       8.75000e+00    3.75000e-01    0.00000e+00
       67    0    0    1    1    1    1       9.37500e+00    3.75000e-01    0.00000e+00
       68    0    0    1    1    1    1       1.00000e+01    3.75000e-01    0.00000e+00
       69    1    1    1    1    1    1       0.00000e+00    5.00000e-01    0.00000e+00
       70    0    0    1    1    1    1       6.25000e-01    5.00000e-01    0.00000e+00
       71    0    0    1    1    1    1       1.25000e+00    5.00000e-01    0.00000e+00
       72    0    0    1    1    1    1       1.87500e+00    5.00000e-01    0.00000e+00
       73    0    0    1    1    1    1       2.50000e+00    5.00000e-01    0.00000e+00
       74    0    0    1    1    1    1       3.12500e+00    5.00000e-01    0.00000e+00
       75    0    0    1    1    1    1       3.75000e+00    5.00000e-01    0.00000e+00
       76    0    0    1    1    1    1       4.37500e+00    5.00000e-01    0.00000e+00
       77    0    0    1    1    1    1       5.00000e+00    5.00000e-01    0.00000e+00
       78    0    0    1    1    1    1       5.62500e+00    5.00000e-01    0.00000e+00
       79    0    0    1    1    1    1       6.25000e+00    5.00000e-01    0.00000e+00
       80    0    0    1    1    1    1       6.87500e+00    5.00000e-01    0.00000e+00
       81    0    0    1    1    1    1       7.50000e+00    5.00000e-01    0.00000e+00
       82    0    0    1    1    1    1       8.12500e+00    5.00000e-01    0.00000e+00
       83    0    0    1    1    1    1       8.75000e+00    5.00000e-01    0.00000e+00
       84    0    0    1    1    1    1       9.37500e+00    5.00000e-01    0.00000e+00
       85    0    0    1    1    1    1       1.00000e+01    5.00000e-01    0.00000e+00
       86    1    1    1    1    1    1       0.00000e+00    6.25000e-01    0.00000e+00
       87    0    0    1    1    1    1       6.25000e-01    6.25000e-01    0.00000e+00
       88    0    0    1    1    1    1       1.25000e+00    6.25000e-01    0.00000e+00
       89    0    0    1    1    1    1       1.87500e+00    6.25000e-01    0.00000e+00
       90    0    0    1    1    1    1       2.50000e+00    6.25000e-01    0.00000e+00
       91    0    0    1    1    1    1       3.12500e+00    6.25000e-01    0.00000e+00
       92    0    0    1    1    1    1       3.75000e+00    6.25000e-01    0.00000e+00
       93    0    0    1    1    1    1       4.37500e+00    6.25000e-01    0.00000e+00
       94    0    0    1    1    1    1       5.00000e+00    6.25000e-01    0.00000e+00
       95    0    0    1    1    1    1       5.62500e+00    6.25000e-01    0.00000e+00
       96    0    0    1    1    1    1       6.25000e+00    6.25000e-01    0.00000e+00
       97    0    0    1    1    1    1       6.87500e+00    6.25000e-01    0.00000e+00
       98    0    0    1    1    1    1       7.50000e+00    6.25000e-01    0.00000e+00
       99    0    0    1    1    1    1       8.12500e+00    6.25000e-01    0.00000e+00
      100    0    0    1    1    1    1       8.75000e+00    6.25000e-01    0.00000e+00
      101    0    0    1    1    1    1       9.37500e+00    6.25000e-01    0.00000e+00
      102    0    0    1    1    1    1       1.00000e+01    6.25000e-01    0.00000e+00
      103    1    1    1    1    1    1       0.00000e+00    7.50000e-01    0.00000e+00
      104    0    0    1    1    1    1       6.25000e-01    7.50000e-01    0.00000e+00
      105    0    0    1    1    1    1       1.25000e+00    7.50000e-01    0.00000e+00
      106    0    0    1    1    1    1       1.87500e+00    7.50000e-01    0.00000e+00
      107    0    0    1    1    1    1       2.50000e+00    7.50000e-01    0.00000e+00
      108    0    0    1    1    1    1       3.12500e+00    7.50000e-01    0.00000e+00
      109    0    0    1    1    1    1       3.75000e+00    7.50000e-01    0.00000e+00
      110    0    0    1    1    1    1       4.37500e+00    7.50000e-01    0.00000e+00
      111    0    0    1    1    1    1       5.00000e+00    7.50000e-01    0.00000e+00
      112    0    0    1    1    1    1       5.62500e+00    7.50000e-01    0.00000e+00
      113    0    0    1    1    1    1       6.25000e+00    7.50000e-01    0.00000e+00
      114    0    0    1    1    1    1       6.87500e+00    7.50000e-01    0.00000e+00
      115    0    0    1    1    1    1       7.50000e+00    7.50000e-01    0.00000e+00
      116    0    0    1    1    1    1       8.12500e+00    7.50000e-01    0.00000e+00
      117    0    0    1    1    1    1       8.75000e+00    7.50000e-01    0.00000e+00
      118    0    0    1    1    1    1       9.37500e+00    7.50000e-01    0.00000e+00
      119    0    0    1    1    1    1       1.00000e+01    7.50000e-01    0.00000e+00
      120    1    1    1    1    1    1       0.00000e+00    8.75000e-01    0.00000e+00
      121    0    0    1    1    1    1       6.25000e-01    8.75000e-01    0.00000e+00
      122    0    0    1    1    1    1       1.25000e+00    8.75000e-01    0.00000e+00
      123    0    0    1    1    1    1       1.87500e+00    8.75000e-01    0.00000e+00
      124    0    0    1    1    1    1       2.50000e+00    8.75000e-01    0.00000e+00
      125    0    0    1    1    1    1       3.12500e+00    8.75000e-01    0.00000e+00
      126    0    0    1    1    1    1       3.75000e+00    8.75000e-01    0.00000e+00
      127    0    0    1    1    1    1       4.37500e+00    8.75000e-01    0.00000e+00
      128    0    0    1    1    1    1       5.00000e+00    8.75000e-01    0.00000e+00
      129    0    0    1    1    1    1       5.62500e+00    8.75000e-01    0.00000e+00
      130    0    0    1    1    1    1       6.25000e+00    8.75000e-01    0.00000e+00
      131    0    0    1    1    1    1       6.87500e+00    8.75000e-01    0.00000e+00
      132    0    0    1    1    1    1       7.50000e+00    8.75000e-01    0.00000e+00
      133    0    0    1    1    1    1       8.12500e+00    8.75000e-01    0.00000e+00
      134    0    0    1    1    1    1       8.75000e+00    8.75000e-01    0.00000e+00
      135    0    0    1    1    1    1       9.37500e+00    8.75000e-01    0.00000e+00
      136    0    0    1    1    1    1       1.00000e+01    8.75000e-01    0.00000e+00
      137    1    1    1    1    1    1       0.00000e+00    1.00000e+00    0.00000e+00
      138    0    0    1    1    1    1       6.25000e-01    1.00000e+00    0.00000e+00
      139    0    0    1    1    1    1       1.25000e+00    1.00000e+00    0.00000e+00
      140    0    0    1    1    1    1       1.87500e+00    1.00000e+00    0.00000e+00
      141    0    0    1    1    1    1       2.50000e+00    1.00000e+00    0.00000e+00
      142    0    0    1    1    1    1       3.12500e+00    1.00000e+00    0.00000e+00
      143    0    0    1    1    1    1       3.75000e+00    1.00000e+00    0.00000e+00
      144    0    0    1    1    1    1       4.37500e+00    1.00000e+00    0.00000e+00
      145    0    0    1    1    1    1       5.00000e+00    1.00000e+00    0.00000e+00
      146    0    0    1    1    1    1       5.62500e+00    1.00000e+00    0.00000e+00
      147    0    0    1    1    1    1       6.25000e+00    1.00000e+00    0.00000e+00
      148    0    0    1    1    1    1       6.87500e+00    1.00000e+00    0.00000e+00
      149    0    0    1    1    1    1       7.50000e+00    1.00000e+00    0.00000e+00
      150    0    0    1    1    1    1       8.12500e+00    1.00000e+00    0.00000e+00
      151    0    0    1    1    1    1       8.75000e+00    1.00000e+00    0.00000e+00
      152    0    0    1    1    1    1       9.37500e+00    1.00000e+00    0.00000e+00
      153    0    0    1    1    1    1       1.00000e+01    1.00000e+00    0.00000e+00

 L O A D   C A S E   D A T A

     LOAD CASE NUMBER . . . . . . . =     1
     NUMBER OF CONCENTRATED LOADS . =     9

    NODE       DIRECTION      LOAD
   NUMBER                   MAGNITUDE
     17            2       -1.11111e+04
     34            2       -1.11111e+04
     51            2       -1.11111e+04
     68            2       -1.11111e+04
     85            2       -1.11111e+04
    102            2       -1.11111e+04
    119            2       -1.11111e+04
    136            2       -1.11111e+04
    153            2       -1.11111e+04

 EQUATION NUMBERS

   NODE NUMBER   DEGREES OF FREEDOM
        N           X    Y    Z   RX   RY   RZ
        1           0    0    0    0    0    0
        2           1    2    0    0    0    0
        3           3    4    0    0    0    0
        4           5    6    0    0    0    0
        5           7    8    0    0    0    0
        6           9   10    0    0    0    0
        7          11   12    0    0    0    0
        8          13   14    0    0    0    0
        9          15   16    0    0    0    0
       10          17   18    0    0    0    0
       11          19   20    0    0    0    0
       12          21   22    0    0    0    0
       13          23   24    0    0    0    0
       14          25   26    0    0    0    0
       15          27   28    0    0    0    0
       16          29   30    0    0    0    0
       17          31   32    0    0    0    0
       18           0    0    0    0    0    0
       19          33   34    0    0    0    0
       20          35   36    0    0    0    0
       21          37   38    0    0    0    0
       22          39   40    0    0    0    0
       23          41   42    0    0    0    0
       24          43   44    0    0    0    0
       25          45   46    0    0    0    0
       26          47   48    0    0    0    0
       27          49   50    0    0    0    0
       28          51   52    0    0    0    0
       29          53   54    0    0    0    0
       30          55   56    0    0    0    0
       31          57   58    0    0    0    0
       32          59   60    0    0    0    0
       33          61   62    0    0    0    0
       34          63   64    0    0    0    0
       35           0    0    0    0    0    0
       36          65   66    0    0    0    0
       37          67   68    0    0    0    0
       38          69   70    0    0    0    0
       39          71   72    0    0    0    0
       40          73   74    0    0    0    0
       41          75   76    0    0    0    0
       42          77   78    0    0    0    0
       43          79   80    0    0    0    0
       44          81   82    0    0    0    0
       45          83   84    0    0    0    0
       46          85   86    0    0    0    0
       47          87   88    0    0    0    0
       48          89   90    0    0    0    0
       49          91   92    0    0    0    0
       50          93   94    0    0    0    0
       51          95   96    0    0    0    0
       52           0    0    0    0    0    0
       53          97   98    0    0    0    0
       54          99  100    0    0    0    0
       55         101  102    0    0    0    0
       56         103  104    0    0    0    0
       57         105  106    0    0    0    0
       58         107  108    0    0    0    0
       59         109  110    0    0    0    0
       60         111  112    0    0    0    0
       61         113  114    0    0    0    0
       62         115  116    0    0    0    0
       63         117  118    0    0    0    0
       64         119  120    0    0    0    0
       65         121  122    0    0    0    0
       66         123  124    0    0    0    0
       67         125  126    0    0    0    0
       68         127  128    0    0    0    0
       69           0    0    0    0    0    0
       70         129  130    0    0    0    0
       71         131  132    0    0    0    0
       72         133  134    0    0    0    0
       73         135  136    0    0    0    0
       74         137  138    0    0    0    0
       75         139  140    0    0    0    0
       76         141  142    0    0    0    0
       77         143  144    0    0    0    0
       78         145  146    0    0    0    0
       79         147  148    0    0    0    0
       80         149  150    0    0    0    0
       81         151  152    0    0    0    0
       82         153  154    0    0    0    0
       83         155  156    0    0    0    0
       84         157  158    0    0    0    0
       85         159  160    0    0    0    0
       86           0    0    0    0    0    0
       87         161  162    0    0    0    0
       88         163  164    0    0    0    0
       89         165  166    0    0    0    0
       90         167  168    0    0    0    0
       91         169  170    0    0    0    0
       92         171  172    0    0    0    0
       93         173  174    0    0    0    0
       94         175  176    0    0    0    0
       95         177  178    0    0    0    0
       96         179  180    0    0    0    0
       97         181  182    0    0    0    0
       98         183  184    0    0    0    0
       99         185  186    0    0    0    0
      100         187  188    0    0    0    0
      101         189  190    0    0    0    0
      102         191  192    0    0    0    0
      103           0    0    0    0    0    0
      104         193  194    0    0    0    0
      105         195  196    0    0    0    0
      106         197  198    0    0    0    0
      107         199  200    0    0    0    0
      108         201  202    0    0    0    0
      109         203  204    0    0    0    0
      110         205  206    0    0    0    0
      111         207  208    0    0    0    0
      112         209  210    0    0    0    0
      113         211  212    0    0    0    0
      114         213  214    0    0    0    0
      115         215  216    0    0    0    0
      116         217  218    0    0    0    0
      117         219  220    0    0    0    0
      118         221  222    0    0    0    0
      119         223  224    0    0    0    0
      120           0    0    0    0    0    0
      121         225  226    0    0    0    0
      122         227  228    0    0    0    0
      123         229  230    0    0    0    0
      124         231  232    0    0    0    0
      125         233  234    0    0    0    0
      126         235  236    0    0    0    0
      127         237  238    0    0    0    0
      128         239  240    0    0    0    0
      129         241  242    0    0    0    0
      130         243  244    0    0    0    0
      131         245  246    0    0    0    0
      132         247  248    0    0    0    0
      133         249  250    0    0    0    0
      134         251  252    0    0    0    0
      135         253  254    0    0    0    0
      136         255  256    0    0    0    0
      137           0    0    0    0    0    0
      138         257  258    0    0    0    0
      139         259  260    0    0    0    0
      140         261  262    0    0    0    0
      141         263  264    0    0    0    0
      142         265  266    0    0    0    0
      143         267  268    0    0    0    0
      144         269  270    0    0    0    0
      145         271  272    0    0    0    0
      146         273  274    0    0    0    0
      147         275  276    0    0    0    0
      148         277  278    0    0    0    0
      149         279  280    0    0    0    0
      150         281  282    0    0    0    0
      151         283  284    0    0    0    0
      152         285  286    0    0    0    0
      153         287  288    0    0    0    0

 E L E M E N T   G R O U P   D A T A


 E L E M E N T   D E F I N I T I O N

 ELEMENT TYPE  . . . . . . . . . . . . .( NPAR(1) ) . . =    4
     EQ.1, TRUSS ELEMENTS
     EQ.2, FOUR-NODE PLANE ELEMENTS (FULL INTEGRATION)
     EQ.3, FOUR-NODE PLANE ELEMENTS (REDUCED INTEGRATION)
     EQ.4, THREE-NODE TRIANGULAR PLANE ELEMENTS (CST)
     EQ.5, EIGHT-NODE HEXAHEDRAL ELEMENTS
     EQ.6, TWO-NODE BEAM ELEMENTS
     EQ.7, FOUR-NODE PLATE BENDING ELEMENTS
     EQ.9, TWO-NODE 3D EULER-BERNOULLI BEAM ELEMENTS
     EQ.10, FOUR-NODE FLAT SHELL ELEMENTS
     EQ.11, TWO-NODE 3D TIMOSHENKO BEAM ELEMENTS
     EQ.12, EIGHT-NODE REDUCED-INTEGRATION HEXAHEDRAL ELEMENTS
     EQ.14, PIER-LOCAL REDUCED-INTEGRATION HEXAHEDRAL ELEMENTS

 NUMBER OF ELEMENTS. . . . . . . . . . .( NPAR(2) ) . . =  256

 M A T E R I A L   D E F I N I T I O N

 NUMBER OF DIFFERENT SETS OF MATERIAL
 AND THICKNESS / POISSON RATIO . . . . .( NPAR(3) ) . . =    1

  SET       YOUNG'S    POISSON'S    THICKNESS
 NUMBER     MODULUS      RATIO
               E          NU          T
    1     2.00000e+11     3.00000e-01     1.00000e-01


 E L E M E N T   I N F O R M A T I O N
 ELEMENT     NODE     NODE     NODE      MATERIAL
 NUMBER-N      I        J        K       SET NUMBER
    1          1        2       19           1
    2          1       19       18           1
    3          2        3       19           1
    4          3       20       19           1
    5          3        4       21           1
    6          3       21       20           1
    7          4        5       21           1
    8          5       22       21           1
    9          5        6       23           1
   10          5       23       22           1
   11          6        7       23           1
   12          7       24       23           1
   13          7        8       25           1
   14          7       25       24           1
   15          8        9       25           1
   16          9       26       25           1
   17          9       10       27           1
   18          9       27       26           1
   19         10       11       27           1
   20         11       28       27           1
   21         11       12       29           1
   22         11       29       28           1
   23         12       13       29           1
   24         13       30       29           1
   25         13       14       31           1
   26         13       31       30           1
   27         14       15       31           1
   28         15       32       31           1
   29         15       16       33           1
   30         15       33       32           1
   31         16       17       33           1
   32         17       34       33           1
   33         18       19       35           1
   34         19       36       35           1
   35         19       20       37           1
   36         19       37       36           1
   37         20       21       37           1
   38         21       38       37           1
   39         21       22       39           1
   40         21       39       38           1
   41         22       23       39           1
   42         23       40       39           1
   43         23       24       41           1
   44         23       41       40           1
   45         24       25       41           1
   46         25       42       41           1
   47         25       26       43           1
   48         25       43       42           1
   49         26       27       43           1
   50         27       44       43           1
   51         27       28       45           1
   52         27       45       44           1
   53         28       29       45           1
   54         29       46       45           1
   55         29       30       47           1
   56         29       47       46           1
   57         30       31       47           1
   58         31       48       47           1
   59         31       32       49           1
   60         31       49       48           1
   61         32       33       49           1
   62         33       50       49           1
   63         33       34       51           1
   64         33       51       50           1
   65         35       36       53           1
   66         35       53       52           1
   67         36       37       53           1
   68         37       54       53           1
   69         37       38       55           1
   70         37       55       54           1
   71         38       39       55           1
   72         39       56       55           1
   73         39       40       57           1
   74         39       57       56           1
   75         40       41       57           1
   76         41       58       57           1
   77         41       42       59           1
   78         41       59       58           1
   79         42       43       59           1
   80         43       60       59           1
   81         43       44       61           1
   82         43       61       60           1
   83         44       45       61           1
   84         45       62       61           1
   85         45       46       63           1
   86         45       63       62           1
   87         46       47       63           1
   88         47       64       63           1
   89         47       48       65           1
   90         47       65       64           1
   91         48       49       65           1
   92         49       66       65           1
   93         49       50       67           1
   94         49       67       66           1
   95         50       51       67           1
   96         51       68       67           1
   97         52       53       69           1
   98         53       70       69           1
   99         53       54       71           1
  100         53       71       70           1
  101         54       55       71           1
  102         55       72       71           1
  103         55       56       73           1
  104         55       73       72           1
  105         56       57       73           1
  106         57       74       73           1
  107         57       58       75           1
  108         57       75       74           1
  109         58       59       75           1
  110         59       76       75           1
  111         59       60       77           1
  112         59       77       76           1
  113         60       61       77           1
  114         61       78       77           1
  115         61       62       79           1
  116         61       79       78           1
  117         62       63       79           1
  118         63       80       79           1
  119         63       64       81           1
  120         63       81       80           1
  121         64       65       81           1
  122         65       82       81           1
  123         65       66       83           1
  124         65       83       82           1
  125         66       67       83           1
  126         67       84       83           1
  127         67       68       85           1
  128         67       85       84           1
  129         69       70       87           1
  130         69       87       86           1
  131         70       71       87           1
  132         71       88       87           1
  133         71       72       89           1
  134         71       89       88           1
  135         72       73       89           1
  136         73       90       89           1
  137         73       74       91           1
  138         73       91       90           1
  139         74       75       91           1
  140         75       92       91           1
  141         75       76       93           1
  142         75       93       92           1
  143         76       77       93           1
  144         77       94       93           1
  145         77       78       95           1
  146         77       95       94           1
  147         78       79       95           1
  148         79       96       95           1
  149         79       80       97           1
  150         79       97       96           1
  151         80       81       97           1
  152         81       98       97           1
  153         81       82       99           1
  154         81       99       98           1
  155         82       83       99           1
  156         83      100       99           1
  157         83       84      101           1
  158         83      101      100           1
  159         84       85      101           1
  160         85      102      101           1
  161         86       87      103           1
  162         87      104      103           1
  163         87       88      105           1
  164         87      105      104           1
  165         88       89      105           1
  166         89      106      105           1
  167         89       90      107           1
  168         89      107      106           1
  169         90       91      107           1
  170         91      108      107           1
  171         91       92      109           1
  172         91      109      108           1
  173         92       93      109           1
  174         93      110      109           1
  175         93       94      111           1
  176         93      111      110           1
  177         94       95      111           1
  178         95      112      111           1
  179         95       96      113           1
  180         95      113      112           1
  181         96       97      113           1
  182         97      114      113           1
  183         97       98      115           1
  184         97      115      114           1
  185         98       99      115           1
  186         99      116      115           1
  187         99      100      117           1
  188         99      117      116           1
  189        100      101      117           1
  190        101      118      117           1
  191        101      102      119           1
  192        101      119      118           1
  193        103      104      121           1
  194        103      121      120           1
  195        104      105      121           1
  196        105      122      121           1
  197        105      106      123           1
  198        105      123      122           1
  199        106      107      123           1
  200        107      124      123           1
  201        107      108      125           1
  202        107      125      124           1
  203        108      109      125           1
  204        109      126      125           1
  205        109      110      127           1
  206        109      127      126           1
  207        110      111      127           1
  208        111      128      127           1
  209        111      112      129           1
  210        111      129      128           1
  211        112      113      129           1
  212        113      130      129           1
  213        113      114      131           1
  214        113      131      130           1
  215        114      115      131           1
  216        115      132      131           1
  217        115      116      133           1
  218        115      133      132           1
  219        116      117      133           1
  220        117      134      133           1
  221        117      118      135           1
  222        117      135      134           1
  223        118      119      135           1
  224        119      136      135           1
  225        120      121      137           1
  226        121      138      137           1
  227        121      122      139           1
  228        121      139      138           1
  229        122      123      139           1
  230        123      140      139           1
  231        123      124      141           1
  232        123      141      140           1
  233        124      125      141           1
  234        125      142      141           1
  235        125      126      143           1
  236        125      143      142           1
  237        126      127      143           1
  238        127      144      143           1
  239        127      128      145           1
  240        127      145      144           1
  241        128      129      145           1
  242        129      146      145           1
  243        129      130      147           1
  244        129      147      146           1
  245        130      131      147           1
  246        131      148      147           1
  247        131      132      149           1
  248        131      149      148           1
  249        132      133      149           1
  250        133      150      149           1
  251        133      134      151           1
  252        133      151      150           1
  253        134      135      151           1
  254        135      152      151           1
  255        135      136      153           1
  256        135      153      152           1

	TOTAL SYSTEM DATA

     NUMBER OF EQUATIONS . . . . . . . . . . . . . .(NEQ) = 288
     NUMBER OF MATRIX ELEMENTS . . . . . . . . . . .(NWK) = 8924
     MAXIMUM HALF BANDWIDTH  . . . . . . . . . . . .(MK ) = 36
     MEAN HALF BANDWIDTH . . . . . . . . . . . . . .(MM ) = 30


 LOAD CASE    1


 D I S P L A C E M E N T S

  NODE           X-DISPLACEMENT    Y-DISPLACEMENT    Z-DISPLACEMENT    RX-ROTATION      RY-ROTATION      RZ-ROTATION
    1               0.00000e+00       0.00000e+00       0.00000e+00       0.00000e+00       0.00000e+00       0.00000e+00
    2              -1.20960e-04      -9.37627e-05       0.00000e+00       0.00000e+00       0.00000e+00       0.00000e+00
    3              -2.36279e-04      -3.23140e-04       0.00000e+00       0.00000e+00       0.00000e+00       0.00000e+00
    4              -3.44108e-04      -6.95022e-04       0.00000e+00       0.00000e+00       0.00000e+00       0.00000e+00
    5              -4.44197e-04      -1.19360e-03       0.00000e+00       0.00000e+00       0.00000e+00       0.00000e+00
    6              -5.36072e-04      -1.81523e-03       0.00000e+00       0.00000e+00       0.00000e+00       0.00000e+00
    7              -6.20162e-04      -2.54403e-03       0.00000e+00       0.00000e+00       0.00000e+00       0.00000e+00
    8              -6.96039e-04      -3.37537e-03       0.00000e+00       0.00000e+00       0.00000e+00       0.00000e+00
    9              -7.64133e-04      -4.29438e-03       0.00000e+00       0.00000e+00       0.00000e+00       0.00000e+00
   10              -8.24013e-04      -5.29543e-03       0.00000e+00       0.00000e+00       0.00000e+00       0.00000e+00
   11              -8.76110e-04      -6.36467e-03       0.00000e+00       0.00000e+00       0.00000e+00       0.00000e+00
   12              -9.19994e-04      -7.49543e-03       0.00000e+00       0.00000e+00       0.00000e+00       0.00000e+00
   13              -9.56093e-04      -8.67491e-03       0.00000e+00       0.00000e+00       0.00000e+00       0.00000e+00
   14              -9.83980e-04      -9.89540e-03       0.00000e+00       0.00000e+00       0.00000e+00       0.00000e+00
   15              -1.00409e-03      -1.11451e-02       0.00000e+00       0.00000e+00       0.00000e+00       0.00000e+00
   16              -1.01603e-03      -1.24154e-02       0.00000e+00       0.00000e+00       0.00000e+00       0.00000e+00
   17              -1.02035e-03      -1.36961e-02       0.00000e+00       0.00000e+00       0.00000e+00       0.00000e+00
   18               0.00000e+00       0.00000e+00       0.00000e+00       0.00000e+00       0.00000e+00       0.00000e+00
   19              -8.89685e-05      -8.57251e-05       0.00000e+00       0.00000e+00       0.00000e+00       0.00000e+00
   20              -1.76412e-04      -3.18998e-04       0.00000e+00       0.00000e+00       0.00000e+00       0.00000e+00
   21              -2.57505e-04      -6.87897e-04       0.00000e+00       0.00000e+00       0.00000e+00       0.00000e+00
   22              -3.32442e-04      -1.19010e-03       0.00000e+00       0.00000e+00       0.00000e+00       0.00000e+00
   23              -4.01474e-04      -1.80921e-03       0.00000e+00       0.00000e+00       0.00000e+00       0.00000e+00
   24              -4.64415e-04      -2.54111e-03       0.00000e+00       0.00000e+00       0.00000e+00       0.00000e+00
   25              -5.21449e-04      -3.37044e-03       0.00000e+00       0.00000e+00       0.00000e+00       0.00000e+00
   26              -5.72392e-04      -4.29205e-03       0.00000e+00       0.00000e+00       0.00000e+00       0.00000e+00
   27              -6.17429e-04      -5.29159e-03       0.00000e+00       0.00000e+00       0.00000e+00       0.00000e+00
   28              -6.56375e-04      -6.36292e-03       0.00000e+00       0.00000e+00       0.00000e+00       0.00000e+00
   29              -6.89415e-04      -7.49269e-03       0.00000e+00       0.00000e+00       0.00000e+00       0.00000e+00
   30              -7.16363e-04      -8.67374e-03       0.00000e+00       0.00000e+00       0.00000e+00       0.00000e+00
   31              -7.37405e-04      -9.89375e-03       0.00000e+00       0.00000e+00       0.00000e+00       0.00000e+00
   32              -7.52351e-04      -1.11445e-02       0.00000e+00       0.00000e+00       0.00000e+00       0.00000e+00
   33              -7.61363e-04      -1.24148e-02       0.00000e+00       0.00000e+00       0.00000e+00       0.00000e+00
   34              -7.64550e-04      -1.36958e-02       0.00000e+00       0.00000e+00       0.00000e+00       0.00000e+00
   35               0.00000e+00       0.00000e+00       0.00000e+00       0.00000e+00       0.00000e+00       0.00000e+00
   36              -5.90423e-05      -8.33573e-05       0.00000e+00       0.00000e+00       0.00000e+00       0.00000e+00
   37              -1.17270e-04      -3.12957e-04       0.00000e+00       0.00000e+00       0.00000e+00       0.00000e+00
   38              -1.71318e-04      -6.85655e-04       0.00000e+00       0.00000e+00       0.00000e+00       0.00000e+00
   39              -2.21362e-04      -1.18496e-03       0.00000e+00       0.00000e+00       0.00000e+00       0.00000e+00
   40              -2.67304e-04      -1.80732e-03       0.00000e+00       0.00000e+00       0.00000e+00       0.00000e+00
   41              -3.09342e-04      -2.53683e-03       0.00000e+00       0.00000e+00       0.00000e+00       0.00000e+00
   42              -3.47287e-04      -3.36889e-03       0.00000e+00       0.00000e+00       0.00000e+00       0.00000e+00
   43              -3.81327e-04      -4.28862e-03       0.00000e+00       0.00000e+00       0.00000e+00       0.00000e+00
   44              -4.11274e-04      -5.29039e-03       0.00000e+00       0.00000e+00       0.00000e+00       0.00000e+00
   45              -4.37316e-04      -6.36035e-03       0.00000e+00       0.00000e+00       0.00000e+00       0.00000e+00
   46              -4.59264e-04      -7.49184e-03       0.00000e+00       0.00000e+00       0.00000e+00       0.00000e+00
   47              -4.77308e-04      -8.67203e-03       0.00000e+00       0.00000e+00       0.00000e+00       0.00000e+00
   48              -4.91258e-04      -9.89324e-03       0.00000e+00       0.00000e+00       0.00000e+00       0.00000e+00
   49              -5.01296e-04      -1.11437e-02       0.00000e+00       0.00000e+00       0.00000e+00       0.00000e+00
   50              -5.07224e-04      -1.24147e-02       0.00000e+00       0.00000e+00       0.00000e+00       0.00000e+00
   51              -5.09359e-04      -1.36954e-02       0.00000e+00       0.00000e+00       0.00000e+00       0.00000e+00
   52               0.00000e+00       0.00000e+00       0.00000e+00       0.00000e+00       0.00000e+00       0.00000e+00
   53              -2.92092e-05      -7.89422e-05       0.00000e+00       0.00000e+00       0.00000e+00       0.00000e+00
   54              -5.85083e-05      -3.12203e-04       0.00000e+00       0.00000e+00       0.00000e+00       0.00000e+00
   55              -8.55886e-05      -6.81641e-04       0.00000e+00       0.00000e+00       0.00000e+00       0.00000e+00
   56              -1.10568e-04      -1.18434e-03       0.00000e+00       0.00000e+00       0.00000e+00       0.00000e+00
   57              -1.33580e-04      -1.80393e-03       0.00000e+00       0.00000e+00       0.00000e+00       0.00000e+00
   58              -1.54559e-04      -2.53631e-03       0.00000e+00       0.00000e+00       0.00000e+00       0.00000e+00
   59              -1.73572e-04      -3.36612e-03       0.00000e+00       0.00000e+00       0.00000e+00       0.00000e+00
   60              -1.90551e-04      -4.28821e-03       0.00000e+00       0.00000e+00       0.00000e+00       0.00000e+00
   61              -2.05565e-04      -5.28823e-03       0.00000e+00       0.00000e+00       0.00000e+00       0.00000e+00
   62              -2.18546e-04      -6.36004e-03       0.00000e+00       0.00000e+00       0.00000e+00       0.00000e+00
   63              -2.29561e-04      -7.49029e-03       0.00000e+00       0.00000e+00       0.00000e+00       0.00000e+00
   64              -2.38541e-04      -8.67182e-03       0.00000e+00       0.00000e+00       0.00000e+00       0.00000e+00
   65              -2.45557e-04      -9.89231e-03       0.00000e+00       0.00000e+00       0.00000e+00       0.00000e+00
   66              -2.50534e-04      -1.11436e-02       0.00000e+00       0.00000e+00       0.00000e+00       0.00000e+00
   67              -2.53518e-04      -1.24143e-02       0.00000e+00       0.00000e+00       0.00000e+00       0.00000e+00
   68              -2.54584e-04      -1.36953e-02       0.00000e+00       0.00000e+00       0.00000e+00       0.00000e+00
   69               0.00000e+00       0.00000e+00       0.00000e+00       0.00000e+00       0.00000e+00       0.00000e+00
   70               1.57654e-18      -7.99891e-05       0.00000e+00       0.00000e+00       0.00000e+00       0.00000e+00
   71               3.25451e-18      -3.09542e-04       0.00000e+00       0.00000e+00       0.00000e+00       0.00000e+00
   72               5.11438e-18      -6.82527e-04       0.00000e+00       0.00000e+00       0.00000e+00       0.00000e+00
   73               7.54706e-18      -1.18208e-03       0.00000e+00       0.00000e+00       0.00000e+00       0.00000e+00
   74               9.65618e-18      -1.80468e-03       0.00000e+00       0.00000e+00       0.00000e+00       0.00000e+00
   75               1.03609e-17      -2.53443e-03       0.00000e+00       0.00000e+00       0.00000e+00       0.00000e+00
   76               1.15332e-17      -3.36673e-03       0.00000e+00       0.00000e+00       0.00000e+00       0.00000e+00
   77               1.40879e-17      -4.28670e-03       0.00000e+00       0.00000e+00       0.00000e+00       0.00000e+00
   78               1.43928e-17      -5.28871e-03       0.00000e+00       0.00000e+00       0.00000e+00       0.00000e+00
   79               1.22379e-17      -6.35891e-03       0.00000e+00       0.00000e+00       0.00000e+00       0.00000e+00
   80               8.45678e-18      -7.49064e-03       0.00000e+00       0.00000e+00       0.00000e+00       0.00000e+00
   81               7.58942e-18      -8.67107e-03       0.00000e+00       0.00000e+00       0.00000e+00       0.00000e+00
   82               8.61941e-18      -9.89252e-03       0.00000e+00       0.00000e+00       0.00000e+00       0.00000e+00
   83               1.02457e-17      -1.11432e-02       0.00000e+00       0.00000e+00       0.00000e+00       0.00000e+00
   84               8.78204e-18      -1.24144e-02       0.00000e+00       0.00000e+00       0.00000e+00       0.00000e+00
   85               9.32414e-18      -1.36951e-02       0.00000e+00       0.00000e+00       0.00000e+00       0.00000e+00
   86               0.00000e+00       0.00000e+00       0.00000e+00       0.00000e+00       0.00000e+00       0.00000e+00
   87               2.92092e-05      -7.89422e-05       0.00000e+00       0.00000e+00       0.00000e+00       0.00000e+00
   88               5.85083e-05      -3.12203e-04       0.00000e+00       0.00000e+00       0.00000e+00       0.00000e+00
   89               8.55886e-05      -6.81641e-04       0.00000e+00       0.00000e+00       0.00000e+00       0.00000e+00
   90               1.10568e-04      -1.18434e-03       0.00000e+00       0.00000e+00       0.00000e+00       0.00000e+00
   91               1.33580e-04      -1.80393e-03       0.00000e+00       0.00000e+00       0.00000e+00       0.00000e+00
   92               1.54559e-04      -2.53631e-03       0.00000e+00       0.00000e+00       0.00000e+00       0.00000e+00
   93               1.73572e-04      -3.36612e-03       0.00000e+00       0.00000e+00       0.00000e+00       0.00000e+00
   94               1.90551e-04      -4.28821e-03       0.00000e+00       0.00000e+00       0.00000e+00       0.00000e+00
   95               2.05565e-04      -5.28823e-03       0.00000e+00       0.00000e+00       0.00000e+00       0.00000e+00
   96               2.18546e-04      -6.36004e-03       0.00000e+00       0.00000e+00       0.00000e+00       0.00000e+00
   97               2.29561e-04      -7.49029e-03       0.00000e+00       0.00000e+00       0.00000e+00       0.00000e+00
   98               2.38541e-04      -8.67182e-03       0.00000e+00       0.00000e+00       0.00000e+00       0.00000e+00
   99               2.45557e-04      -9.89231e-03       0.00000e+00       0.00000e+00       0.00000e+00       0.00000e+00
  100               2.50534e-04      -1.11436e-02       0.00000e+00       0.00000e+00       0.00000e+00       0.00000e+00
  101               2.53518e-04      -1.24143e-02       0.00000e+00       0.00000e+00       0.00000e+00       0.00000e+00
  102               2.54584e-04      -1.36953e-02       0.00000e+00       0.00000e+00       0.00000e+00       0.00000e+00
  103               0.00000e+00       0.00000e+00       0.00000e+00       0.00000e+00       0.00000e+00       0.00000e+00
  104               5.90423e-05      -8.33573e-05       0.00000e+00       0.00000e+00       0.00000e+00       0.00000e+00
  105               1.17270e-04      -3.12957e-04       0.00000e+00       0.00000e+00       0.00000e+00       0.00000e+00
  106               1.71318e-04      -6.85655e-04       0.00000e+00       0.00000e+00       0.00000e+00       0.00000e+00
  107               2.21362e-04      -1.18496e-03       0.00000e+00       0.00000e+00       0.00000e+00       0.00000e+00
  108               2.67304e-04      -1.80732e-03       0.00000e+00       0.00000e+00       0.00000e+00       0.00000e+00
  109               3.09342e-04      -2.53683e-03       0.00000e+00       0.00000e+00       0.00000e+00       0.00000e+00
  110               3.47287e-04      -3.36889e-03       0.00000e+00       0.00000e+00       0.00000e+00       0.00000e+00
  111               3.81327e-04      -4.28862e-03       0.00000e+00       0.00000e+00       0.00000e+00       0.00000e+00
  112               4.11274e-04      -5.29039e-03       0.00000e+00       0.00000e+00       0.00000e+00       0.00000e+00
  113               4.37316e-04      -6.36035e-03       0.00000e+00       0.00000e+00       0.00000e+00       0.00000e+00
  114               4.59264e-04      -7.49184e-03       0.00000e+00       0.00000e+00       0.00000e+00       0.00000e+00
  115               4.77308e-04      -8.67203e-03       0.00000e+00       0.00000e+00       0.00000e+00       0.00000e+00
  116               4.91258e-04      -9.89324e-03       0.00000e+00       0.00000e+00       0.00000e+00       0.00000e+00
  117               5.01296e-04      -1.11437e-02       0.00000e+00       0.00000e+00       0.00000e+00       0.00000e+00
  118               5.07224e-04      -1.24147e-02       0.00000e+00       0.00000e+00       0.00000e+00       0.00000e+00
  119               5.09359e-04      -1.36954e-02       0.00000e+00       0.00000e+00       0.00000e+00       0.00000e+00
  120               0.00000e+00       0.00000e+00       0.00000e+00       0.00000e+00       0.00000e+00       0.00000e+00
  121               8.89685e-05      -8.57251e-05       0.00000e+00       0.00000e+00       0.00000e+00       0.00000e+00
  122               1.76412e-04      -3.18998e-04       0.00000e+00       0.00000e+00       0.00000e+00       0.00000e+00
  123               2.57505e-04      -6.87897e-04       0.00000e+00       0.00000e+00       0.00000e+00       0.00000e+00
  124               3.32442e-04      -1.19010e-03       0.00000e+00       0.00000e+00       0.00000e+00       0.00000e+00
  125               4.01474e-04      -1.80921e-03       0.00000e+00       0.00000e+00       0.00000e+00       0.00000e+00
  126               4.64415e-04      -2.54111e-03       0.00000e+00       0.00000e+00       0.00000e+00       0.00000e+00
  127               5.21449e-04      -3.37044e-03       0.00000e+00       0.00000e+00       0.00000e+00       0.00000e+00
  128               5.72392e-04      -4.29205e-03       0.00000e+00       0.00000e+00       0.00000e+00       0.00000e+00
  129               6.17429e-04      -5.29159e-03       0.00000e+00       0.00000e+00       0.00000e+00       0.00000e+00
  130               6.56375e-04      -6.36292e-03       0.00000e+00       0.00000e+00       0.00000e+00       0.00000e+00
  131               6.89415e-04      -7.49269e-03       0.00000e+00       0.00000e+00       0.00000e+00       0.00000e+00
  132               7.16363e-04      -8.67374e-03       0.00000e+00       0.00000e+00       0.00000e+00       0.00000e+00
  133               7.37405e-04      -9.89375e-03       0.00000e+00       0.00000e+00       0.00000e+00       0.00000e+00
  134               7.52351e-04      -1.11445e-02       0.00000e+00       0.00000e+00       0.00000e+00       0.00000e+00
  135               7.61363e-04      -1.24148e-02       0.00000e+00       0.00000e+00       0.00000e+00       0.00000e+00
  136               7.64550e-04      -1.36958e-02       0.00000e+00       0.00000e+00       0.00000e+00       0.00000e+00
  137               0.00000e+00       0.00000e+00       0.00000e+00       0.00000e+00       0.00000e+00       0.00000e+00
  138               1.20960e-04      -9.37627e-05       0.00000e+00       0.00000e+00       0.00000e+00       0.00000e+00
  139               2.36279e-04      -3.23140e-04       0.00000e+00       0.00000e+00       0.00000e+00       0.00000e+00
  140               3.44108e-04      -6.95022e-04       0.00000e+00       0.00000e+00       0.00000e+00       0.00000e+00
  141               4.44197e-04      -1.19360e-03       0.00000e+00       0.00000e+00       0.00000e+00       0.00000e+00
  142               5.36072e-04      -1.81523e-03       0.00000e+00       0.00000e+00       0.00000e+00       0.00000e+00
  143               6.20162e-04      -2.54403e-03       0.00000e+00       0.00000e+00       0.00000e+00       0.00000e+00
  144               6.96039e-04      -3.37537e-03       0.00000e+00       0.00000e+00       0.00000e+00       0.00000e+00
  145               7.64133e-04      -4.29438e-03       0.00000e+00       0.00000e+00       0.00000e+00       0.00000e+00
  146               8.24013e-04      -5.29543e-03       0.00000e+00       0.00000e+00       0.00000e+00       0.00000e+00
  147               8.76110e-04      -6.36467e-03       0.00000e+00       0.00000e+00       0.00000e+00       0.00000e+00
  148               9.19994e-04      -7.49543e-03       0.00000e+00       0.00000e+00       0.00000e+00       0.00000e+00
  149               9.56093e-04      -8.67491e-03       0.00000e+00       0.00000e+00       0.00000e+00       0.00000e+00
  150               9.83980e-04      -9.89540e-03       0.00000e+00       0.00000e+00       0.00000e+00       0.00000e+00
  151               1.00409e-03      -1.11451e-02       0.00000e+00       0.00000e+00       0.00000e+00       0.00000e+00
  152               1.01603e-03      -1.24154e-02       0.00000e+00       0.00000e+00       0.00000e+00       0.00000e+00
  153               1.02035e-03      -1.36961e-02       0.00000e+00       0.00000e+00       0.00000e+00       0.00000e+00

 S T R E S S  C A L C U L A T I O N S  F O R  E L E M E N T  G R O U P    1

  ELEMENT            SIGMA-X           SIGMA-Y          TAU-XY
  NUMBER
    1      -3.82958e+07       1.37155e+06       8.14715e+06
    2      -3.12856e+07      -9.38569e+06      -1.05508e+07
    3      -3.63121e+07       1.96666e+06      -8.54389e+06
    4      -2.85644e+07      -1.94179e+06       8.13101e+06
    5      -3.41599e+07       1.15107e+06       7.52440e+06
    6      -2.63313e+07      -1.27187e+06      -8.56145e+06
    7      -3.14383e+07       1.96756e+06      -8.06873e+06
    8      -2.45051e+07      -1.75044e+06       6.96337e+06
    9      -2.91275e+07       9.08252e+05       6.32061e+06
   10      -2.24284e+07      -1.12743e+06      -7.42553e+06
   11      -2.63900e+07       1.72949e+06      -6.86811e+06
   12      -2.05943e+07      -1.51052e+06       5.76383e+06
   13      -2.40801e+07       6.68497e+05       5.12163e+06
   14      -1.85172e+07      -8.87422e+05      -6.22581e+06
   15      -2.13430e+07       1.48964e+06      -5.66906e+06
   16      -1.66831e+07      -1.27073e+06       4.56487e+06
   17      -1.90331e+07       4.28704e+05       3.92266e+06
   18      -1.46061e+07      -6.47618e+05      -5.02685e+06
   19      -1.62960e+07       1.24985e+06      -4.47009e+06
   20      -1.27720e+07      -1.03093e+06       3.36591e+06
   21      -1.39861e+07       1.88907e+05       2.72369e+06
   22      -1.06949e+07      -4.07825e+05      -3.82788e+06
   23      -1.12489e+07       1.01006e+06      -3.27113e+06
   24      -8.86081e+06      -7.91117e+05       2.16689e+06
   25      -8.93899e+06      -5.08047e+04       1.52455e+06
   26      -6.78382e+06      -1.68018e+05      -2.62888e+06
   27      -6.20272e+06       7.70074e+05      -2.07180e+06
   28      -4.95023e+06      -5.57712e+05       9.71823e+05
   29      -3.90385e+06      -2.73396e+05       3.74750e+05
   30      -2.86319e+06       6.84017e+04      -1.43160e+06
   31      -1.22426e+06       5.30480e+05      -9.10667e+05
   32      -9.67794e+05       1.73422e+05      -2.44852e+05
   33      -3.12856e+07      -9.38569e+06      -1.05508e+07
   34      -1.95132e+07      -2.06556e+06       8.15676e+06
   35      -2.75628e+07       1.39670e+06       7.68439e+06
   36      -1.92268e+07      -1.97963e+06      -9.84230e+06
   37      -2.53297e+07       2.06663e+06      -9.00807e+06
   38      -1.78233e+07      -1.75998e+06       7.16752e+06
   39      -2.36417e+07       1.12734e+06       6.54803e+06
   40      -1.64153e+07      -1.33758e+06      -8.41470e+06
   41      -2.15650e+07       1.75035e+06      -7.84087e+06
   42      -1.51590e+07      -1.52494e+06       5.96818e+06
   43      -1.98749e+07       8.87404e+05       5.34843e+06
   44      -1.37861e+07      -1.11305e+06      -7.22053e+06
   45      -1.77979e+07       1.51051e+06      -6.64121e+06
   46      -1.25281e+07      -1.28508e+06       4.76919e+06
   47      -1.61076e+07       6.47619e+05       4.14947e+06
   48      -1.11546e+07      -8.73055e+05      -6.02150e+06
   49      -1.40306e+07       1.27073e+06      -5.44225e+06
   50      -9.89666e+06      -1.04529e+06       3.57023e+06
   51      -1.23403e+07       4.07826e+05       2.95050e+06
   52      -8.52323e+06      -6.33262e+05      -4.82253e+06
   53      -1.02633e+07       1.03093e+06      -4.24329e+06
   54      -7.26524e+06      -8.05481e+05       2.37126e+06
   55      -8.57307e+06       1.68037e+05       1.75149e+06
   56      -5.89185e+06      -3.93465e+05      -3.62356e+06
   57      -6.49607e+06       7.91135e+05      -3.04428e+06
   58      -4.63400e+06      -5.66643e+05       1.17256e+06
   59      -4.80603e+06      -7.70271e+04       5.54415e+05
   60      -3.25841e+06      -1.53967e+05      -2.42453e+06
   61      -2.71899e+06       5.49086e+05      -1.84901e+06
   62      -1.99093e+06      -3.12988e+05      -3.46696e+04
   63      -9.13081e+05       3.55802e+05      -6.21027e+05
   64      -6.57216e+05       8.71265e+04      -1.24151e+06
   65      -1.84333e+07       1.53426e+06       8.09948e+06
   66      -1.02714e+07      -3.08141e+06      -9.71596e+06
   67      -1.81468e+07       1.62019e+06      -9.89959e+06
   68      -9.90517e+06      -1.76490e+06       7.45211e+06
   69      -1.68883e+07       1.35646e+06       6.88592e+06
   70      -9.12495e+06      -1.53084e+06      -9.30818e+06
   71      -1.54803e+07       1.77887e+06      -8.69630e+06
   72      -8.45620e+06      -1.54223e+06       6.31011e+06
   73      -1.43677e+07       1.11280e+06       5.69359e+06
   74      -7.76423e+06      -1.33464e+06      -8.07673e+06
   75      -1.29947e+07       1.52469e+06      -7.49512e+06
   76      -7.10385e+06      -1.30263e+06       5.11123e+06
   77      -1.18806e+07       8.73055e+05       4.49451e+06
   78      -6.41287e+06      -1.09533e+06      -6.87843e+06
   79      -1.05072e+07       1.28508e+06      -6.29618e+06
   80      -5.75222e+06      -1.06283e+06       3.91226e+06
   81      -9.39309e+06       6.33262e+05       3.29554e+06
   82      -5.06119e+06      -8.55518e+05      -5.67946e+06
   83      -8.01967e+06       1.04529e+06      -5.09721e+06
   84      -4.40054e+06      -8.23032e+05       2.71329e+06
   85      -6.90555e+06       3.93483e+05       2.09658e+06
   86      -3.70952e+06      -6.15725e+05      -4.48050e+06
   87      -5.53217e+06       8.05499e+05      -3.89824e+06
   88      -3.04888e+06      -5.83249e+05       1.51437e+06
   89      -4.41817e+06       1.52775e+05       8.97439e+05
   90      -2.35785e+06      -3.75939e+05      -3.28153e+06
   91      -3.04258e+06       5.65451e+05      -2.69965e+06
   92      -1.69691e+06      -3.47874e+05       3.13797e+05
   93      -1.91852e+06      -7.16208e+04      -3.01413e+05
   94      -9.96284e+05      -1.37687e+05      -2.08670e+06
   95      -5.84805e+05       3.28494e+05      -1.50825e+06
   96      -2.92555e+05       1.61406e+05      -8.69431e+05
   97      -1.02714e+07      -3.08141e+06      -9.71596e+06
   98      -5.52236e+05      -1.84079e+06       8.13008e+06
   99      -8.89955e+06       1.58716e+06       7.29607e+06
  100      -5.52236e+05      -1.84079e+06      -1.02778e+07
  101      -8.11934e+06       1.82122e+06      -9.46422e+06
  102      -4.67327e+05      -1.55776e+06       6.76408e+06
  103      -7.59299e+06       1.33514e+06       6.17172e+06
  104      -4.67327e+05      -1.55776e+06      -8.81349e+06
  105      -6.90102e+06       1.54273e+06      -8.21512e+06
  106      -3.95659e+05      -1.31886e+06       5.57586e+06
  107      -6.38447e+06       1.09531e+06       4.97304e+06
  108      -3.95659e+05      -1.31886e+06      -7.61278e+06
  109      -5.69349e+06       1.30260e+06      -7.01663e+06
  110      -3.23721e+05      -1.07907e+06       4.37676e+06
  111      -5.17671e+06       8.55518e+05       3.77405e+06
  112      -3.23721e+05      -1.07907e+06      -6.41392e+06
  113      -4.48569e+06       1.06283e+06      -5.81767e+06
  114      -2.51783e+05      -8.39276e+05       3.17780e+06
  115      -3.96891e+06       6.15726e+05       2.57509e+06
  116      -2.51783e+05      -8.39276e+05      -5.21496e+06
  117      -3.27789e+06       8.23033e+05      -4.61870e+06
  118      -1.79845e+05      -5.99482e+05       1.97884e+06
  119      -2.76113e+06       3.75931e+05       1.37616e+06
  120      -1.79845e+05      -5.99482e+05      -4.01598e+06
  121      -2.07009e+06       5.83241e+05      -3.41974e+06
  122      -1.07928e+05      -3.59761e+05       7.79881e+05
  123      -1.55288e+06       1.32225e+05       1.73672e+05
  124      -1.07928e+05      -3.59761e+05      -2.81772e+06
  125      -8.52254e+05       3.42412e+05      -2.22682e+06
  126      -3.51696e+04      -1.17232e+05      -4.44540e+05
  127      -2.97299e+05       1.45594e+05      -9.87402e+05
  128      -3.51696e+04      -1.17232e+05      -1.61686e+06
  129       5.52236e+05       1.84079e+06       8.13008e+06
  130       1.02714e+07       3.08141e+06      -9.71596e+06
  131       5.52236e+05       1.84079e+06      -1.02778e+07
  132       8.89955e+06      -1.58716e+06       7.29607e+06
  133       4.67327e+05       1.55776e+06       6.76408e+06
  134       8.11934e+06      -1.82122e+06      -9.46422e+06
  135       4.67327e+05       1.55776e+06      -8.81349e+06
  136       7.59299e+06      -1.33514e+06       6.17172e+06
  137       3.95659e+05       1.31886e+06       5.57586e+06
  138       6.90102e+06      -1.54273e+06      -8.21512e+06
  139       3.95659e+05       1.31886e+06      -7.61278e+06
  140       6.38447e+06      -1.09531e+06       4.97304e+06
  141       3.23721e+05       1.07907e+06       4.37676e+06
  142       5.69349e+06      -1.30260e+06      -7.01663e+06
  143       3.23721e+05       1.07907e+06      -6.41392e+06
  144       5.17671e+06      -8.55518e+05       3.77405e+06
  145       2.51783e+05       8.39276e+05       3.17780e+06
  146       4.48569e+06      -1.06283e+06      -5.81767e+06
  147       2.51783e+05       8.39276e+05      -5.21496e+06
  148       3.96891e+06      -6.15726e+05       2.57509e+06
  149       1.79845e+05       5.99482e+05       1.97884e+06
  150       3.27789e+06      -8.23033e+05      -4.61870e+06
  151       1.79845e+05       5.99482e+05      -4.01598e+06
  152       2.76113e+06      -3.75931e+05       1.37616e+06
  153       1.07928e+05       3.59761e+05       7.79881e+05
  154       2.07009e+06      -5.83241e+05      -3.41974e+06
  155       1.07928e+05       3.59761e+05      -2.81772e+06
  156       1.55288e+06      -1.32225e+05       1.73672e+05
  157       3.51696e+04       1.17232e+05      -4.44540e+05
  158       8.52254e+05      -3.42412e+05      -2.22682e+06
  159       3.51696e+04       1.17232e+05      -1.61686e+06
  160       2.97299e+05      -1.45594e+05      -9.87402e+05
  161       1.02714e+07       3.08141e+06      -9.71596e+06
  162       1.84333e+07      -1.53426e+06       8.09948e+06
  163       9.90517e+06       1.76490e+06       7.45211e+06
  164       1.81468e+07      -1.62019e+06      -9.89959e+06
  165       9.12495e+06       1.53084e+06      -9.30818e+06
  166       1.68883e+07      -1.35646e+06       6.88592e+06
  167       8.45620e+06       1.54223e+06       6.31011e+06
  168       1.54803e+07      -1.77887e+06      -8.69630e+06
  169       7.76423e+06       1.33464e+06      -8.07673e+06
  170       1.43677e+07      -1.11280e+06       5.69359e+06
  171       7.10385e+06       1.30263e+06       5.11123e+06
  172       1.29947e+07      -1.52469e+06      -7.49512e+06
  173       6.41287e+06       1.09533e+06      -6.87843e+06
  174       1.18806e+07      -8.73055e+05       4.49451e+06
  175       5.75222e+06       1.06283e+06       3.91226e+06
  176       1.05072e+07      -1.28508e+06      -6.29618e+06
  177       5.06119e+06       8.55518e+05      -5.67946e+06
  178       9.39309e+06      -6.33262e+05       3.29554e+06
  179       4.40054e+06       8.23032e+05       2.71329e+06
  180       8.01967e+06      -1.04529e+06      -5.09721e+06
  181       3.70952e+06       6.15725e+05      -4.48050e+06
  182       6.90555e+06      -3.93483e+05       2.09658e+06
  183       3.04888e+06       5.83249e+05       1.51437e+06
  184       5.53217e+06      -8.05499e+05      -3.89824e+06
  185       2.35785e+06       3.75939e+05      -3.28153e+06
  186       4.41817e+06      -1.52775e+05       8.97439e+05
  187       1.69691e+06       3.47874e+05       3.13797e+05
  188       3.04258e+06      -5.65451e+05      -2.69965e+06
  189       9.96284e+05       1.37687e+05      -2.08670e+06
  190       1.91852e+06       7.16208e+04      -3.01413e+05
  191       2.92555e+05      -1.61406e+05      -8.69431e+05
  192       5.84805e+05      -3.28494e+05      -1.50825e+06
  193       1.95132e+07       2.06556e+06       8.15676e+06
  194       3.12856e+07       9.38569e+06      -1.05508e+07
  195       1.92268e+07       1.97963e+06      -9.84230e+06
  196       2.75628e+07      -1.39670e+06       7.68439e+06
  197       1.78233e+07       1.75998e+06       7.16752e+06
  198       2.53297e+07      -2.06663e+06      -9.00807e+06
  199       1.64153e+07       1.33758e+06      -8.41470e+06
  200       2.36417e+07      -1.12734e+06       6.54803e+06
  201       1.51590e+07       1.52494e+06       5.96818e+06
  202       2.15650e+07      -1.75035e+06      -7.84087e+06
  203       1.37861e+07       1.11305e+06      -7.22053e+06
  204       1.98749e+07      -8.87404e+05       5.34843e+06
  205       1.25281e+07       1.28508e+06       4.76919e+06
  206       1.77979e+07      -1.51051e+06      -6.64121e+06
  207       1.11546e+07       8.73055e+05      -6.02150e+06
  208       1.61076e+07      -6.47619e+05       4.14947e+06
  209       9.89666e+06       1.04529e+06       3.57023e+06
  210       1.40306e+07      -1.27073e+06      -5.44225e+06
  211       8.52323e+06       6.33262e+05      -4.82253e+06
  212       1.23403e+07      -4.07826e+05       2.95050e+06
  213       7.26524e+06       8.05481e+05       2.37126e+06
  214       1.02633e+07      -1.03093e+06      -4.24329e+06
  215       5.89185e+06       3.93465e+05      -3.62356e+06
  216       8.57307e+06      -1.68037e+05       1.75149e+06
  217       4.63400e+06       5.66643e+05       1.17256e+06
  218       6.49607e+06      -7.91135e+05      -3.04428e+06
  219       3.25841e+06       1.53967e+05      -2.42453e+06
  220       4.80603e+06       7.70271e+04       5.54415e+05
  221       1.99093e+06       3.12988e+05      -3.46696e+04
  222       2.71899e+06      -5.49086e+05      -1.84901e+06
  223       6.57216e+05      -8.71265e+04      -1.24151e+06
  224       9.13081e+05      -3.55802e+05      -6.21027e+05
  225       3.12856e+07       9.38569e+06      -1.05508e+07
  226       3.82958e+07      -1.37155e+06       8.14715e+06
  227       2.85644e+07       1.94179e+06       8.13101e+06
  228       3.63121e+07      -1.96666e+06      -8.54389e+06
  229       2.63313e+07       1.27187e+06      -8.56145e+06
  230       3.41599e+07      -1.15107e+06       7.52440e+06
  231       2.45051e+07       1.75044e+06       6.96337e+06
  232       3.14383e+07      -1.96756e+06      -8.06873e+06
  233       2.24284e+07       1.12743e+06      -7.42553e+06
  234       2.91275e+07      -9.08252e+05       6.32061e+06
  235       2.05943e+07       1.51052e+06       5.76383e+06
  236       2.63900e+07      -1.72949e+06      -6.86811e+06
  237       1.85172e+07       8.87422e+05      -6.22581e+06
  238       2.40801e+07      -6.68497e+05       5.12163e+06
  239       1.66831e+07       1.27073e+06       4.56487e+06
  240       2.13430e+07      -1.48964e+06      -5.66906e+06
  241       1.46061e+07       6.47618e+05      -5.02685e+06
  242       1.90331e+07      -4.28704e+05       3.92266e+06
  243       1.27720e+07       1.03093e+06       3.36591e+06
  244       1.62960e+07      -1.24985e+06      -4.47009e+06
  245       1.06949e+07       4.07825e+05      -3.82788e+06
  246       1.39861e+07      -1.88907e+05       2.72369e+06
  247       8.86081e+06       7.91117e+05       2.16689e+06
  248       1.12489e+07      -1.01006e+06      -3.27113e+06
  249       6.78382e+06       1.68018e+05      -2.62888e+06
  250       8.93899e+06       5.08047e+04       1.52455e+06
  251       4.95023e+06       5.57712e+05       9.71823e+05
  252       6.20272e+06      -7.70074e+05      -2.07180e+06
  253       2.86319e+06      -6.84017e+04      -1.43160e+06
  254       3.90385e+06       2.73396e+05       3.74750e+05
  255       9.67794e+05      -1.73422e+05      -2.44852e+05
  256       1.22426e+06      -5.30480e+05      -9.10667e+05

     DISPLACEMENT CSV = D:\STAPpp-master\STAPpp\data\T3\convergence\t3_conv_16x8.displacements.csv


 S O L U T I O N   T I M E   L O G   I N   S E C 

     READ_TIME = 1.00000e-02
     MPC_ALIAS_TIME = 0.00000e+00
     CSR_PATTERN_TIME = 0.00000e+00
     CSR_ASSEMBLY_TIME = 0.00000e+00
     ELEMENT_VALUE_ASSEMBLY_TIME = 0.00000e+00
     MPC_VALUE_ASSEMBLY_TIME = 0.00000e+00
     ELEMENT_STIFFNESS_TIME = 0.00000e+00
     PATTERN_INSERT_TIME = 0.00000e+00
     VALUE_INSERT_TIME = 0.00000e+00
     ACTIVE_DOF_PACK_TIME = 0.00000e+00
     MPC_PATTERN_TIME = 0.00000e+00
     EXPORT_UPPER_CSR_TIME = 0.00000e+00
     SYMMETRY_CHECK_TIME = 0.00000e+00
     SCALING_TIME = 0.00000e+00
     PRECOND_SETUP_TIME = 0.00000e+00
     ITER_SOLVE_TIME = 0.00000e+00
     RESIDUAL_CHECK_TIME = 0.00000e+00
     CSV_WRITE_TIME = 1.00000e-03
     TOTAL_TIME = 1.80000e-02

