TITLE : H8 Convergence Test - 16x8x1 Mesh
        (12:59:40 on June 2, 2026, Tuesday)

C O N T R O L   I N F O R M A T I O N

      NUMBER OF NODAL POINTS . . . . . . . . . . (NUMNP)  =   306
      NUMBER OF ELEMENT GROUPS . . . . . . . . . (NUMEG)  =     1
      NUMBER OF LOAD CASES . . . . . . . . . . . (NLCASE) =     1
      SOLUTION MODE  . . . . . . . . . . . . . . (MODEX)  =     1
         EQ.0, DATA CHECK
         EQ.1, EXECUTION

 N O D A L   P O I N T   D A T A

    NODE       BOUNDARY                         NODAL POINT
   NUMBER  CONDITION  CODES                     COORDINATES
        1    1    1    1       0.00000e+00   -5.00000e-01   -5.00000e-02
        2    1    1    1       0.00000e+00   -5.00000e-01    5.00000e-02
        3    1    1    1       0.00000e+00   -3.75000e-01   -5.00000e-02
        4    1    1    1       0.00000e+00   -3.75000e-01    5.00000e-02
        5    1    1    1       0.00000e+00   -2.50000e-01   -5.00000e-02
        6    1    1    1       0.00000e+00   -2.50000e-01    5.00000e-02
        7    1    1    1       0.00000e+00   -1.25000e-01   -5.00000e-02
        8    1    1    1       0.00000e+00   -1.25000e-01    5.00000e-02
        9    1    1    1       0.00000e+00    0.00000e+00   -5.00000e-02
       10    1    1    1       0.00000e+00    0.00000e+00    5.00000e-02
       11    1    1    1       0.00000e+00    1.25000e-01   -5.00000e-02
       12    1    1    1       0.00000e+00    1.25000e-01    5.00000e-02
       13    1    1    1       0.00000e+00    2.50000e-01   -5.00000e-02
       14    1    1    1       0.00000e+00    2.50000e-01    5.00000e-02
       15    1    1    1       0.00000e+00    3.75000e-01   -5.00000e-02
       16    1    1    1       0.00000e+00    3.75000e-01    5.00000e-02
       17    1    1    1       0.00000e+00    5.00000e-01   -5.00000e-02
       18    1    1    1       0.00000e+00    5.00000e-01    5.00000e-02
       19    0    0    0       6.25000e-01   -5.00000e-01   -5.00000e-02
       20    0    0    0       6.25000e-01   -5.00000e-01    5.00000e-02
       21    0    0    0       6.25000e-01   -3.75000e-01   -5.00000e-02
       22    0    0    0       6.25000e-01   -3.75000e-01    5.00000e-02
       23    0    0    0       6.25000e-01   -2.50000e-01   -5.00000e-02
       24    0    0    0       6.25000e-01   -2.50000e-01    5.00000e-02
       25    0    0    0       6.25000e-01   -1.25000e-01   -5.00000e-02
       26    0    0    0       6.25000e-01   -1.25000e-01    5.00000e-02
       27    0    0    0       6.25000e-01    0.00000e+00   -5.00000e-02
       28    0    0    0       6.25000e-01    0.00000e+00    5.00000e-02
       29    0    0    0       6.25000e-01    1.25000e-01   -5.00000e-02
       30    0    0    0       6.25000e-01    1.25000e-01    5.00000e-02
       31    0    0    0       6.25000e-01    2.50000e-01   -5.00000e-02
       32    0    0    0       6.25000e-01    2.50000e-01    5.00000e-02
       33    0    0    0       6.25000e-01    3.75000e-01   -5.00000e-02
       34    0    0    0       6.25000e-01    3.75000e-01    5.00000e-02
       35    0    0    0       6.25000e-01    5.00000e-01   -5.00000e-02
       36    0    0    0       6.25000e-01    5.00000e-01    5.00000e-02
       37    0    0    0       1.25000e+00   -5.00000e-01   -5.00000e-02
       38    0    0    0       1.25000e+00   -5.00000e-01    5.00000e-02
       39    0    0    0       1.25000e+00   -3.75000e-01   -5.00000e-02
       40    0    0    0       1.25000e+00   -3.75000e-01    5.00000e-02
       41    0    0    0       1.25000e+00   -2.50000e-01   -5.00000e-02
       42    0    0    0       1.25000e+00   -2.50000e-01    5.00000e-02
       43    0    0    0       1.25000e+00   -1.25000e-01   -5.00000e-02
       44    0    0    0       1.25000e+00   -1.25000e-01    5.00000e-02
       45    0    0    0       1.25000e+00    0.00000e+00   -5.00000e-02
       46    0    0    0       1.25000e+00    0.00000e+00    5.00000e-02
       47    0    0    0       1.25000e+00    1.25000e-01   -5.00000e-02
       48    0    0    0       1.25000e+00    1.25000e-01    5.00000e-02
       49    0    0    0       1.25000e+00    2.50000e-01   -5.00000e-02
       50    0    0    0       1.25000e+00    2.50000e-01    5.00000e-02
       51    0    0    0       1.25000e+00    3.75000e-01   -5.00000e-02
       52    0    0    0       1.25000e+00    3.75000e-01    5.00000e-02
       53    0    0    0       1.25000e+00    5.00000e-01   -5.00000e-02
       54    0    0    0       1.25000e+00    5.00000e-01    5.00000e-02
       55    0    0    0       1.87500e+00   -5.00000e-01   -5.00000e-02
       56    0    0    0       1.87500e+00   -5.00000e-01    5.00000e-02
       57    0    0    0       1.87500e+00   -3.75000e-01   -5.00000e-02
       58    0    0    0       1.87500e+00   -3.75000e-01    5.00000e-02
       59    0    0    0       1.87500e+00   -2.50000e-01   -5.00000e-02
       60    0    0    0       1.87500e+00   -2.50000e-01    5.00000e-02
       61    0    0    0       1.87500e+00   -1.25000e-01   -5.00000e-02
       62    0    0    0       1.87500e+00   -1.25000e-01    5.00000e-02
       63    0    0    0       1.87500e+00    0.00000e+00   -5.00000e-02
       64    0    0    0       1.87500e+00    0.00000e+00    5.00000e-02
       65    0    0    0       1.87500e+00    1.25000e-01   -5.00000e-02
       66    0    0    0       1.87500e+00    1.25000e-01    5.00000e-02
       67    0    0    0       1.87500e+00    2.50000e-01   -5.00000e-02
       68    0    0    0       1.87500e+00    2.50000e-01    5.00000e-02
       69    0    0    0       1.87500e+00    3.75000e-01   -5.00000e-02
       70    0    0    0       1.87500e+00    3.75000e-01    5.00000e-02
       71    0    0    0       1.87500e+00    5.00000e-01   -5.00000e-02
       72    0    0    0       1.87500e+00    5.00000e-01    5.00000e-02
       73    0    0    0       2.50000e+00   -5.00000e-01   -5.00000e-02
       74    0    0    0       2.50000e+00   -5.00000e-01    5.00000e-02
       75    0    0    0       2.50000e+00   -3.75000e-01   -5.00000e-02
       76    0    0    0       2.50000e+00   -3.75000e-01    5.00000e-02
       77    0    0    0       2.50000e+00   -2.50000e-01   -5.00000e-02
       78    0    0    0       2.50000e+00   -2.50000e-01    5.00000e-02
       79    0    0    0       2.50000e+00   -1.25000e-01   -5.00000e-02
       80    0    0    0       2.50000e+00   -1.25000e-01    5.00000e-02
       81    0    0    0       2.50000e+00    0.00000e+00   -5.00000e-02
       82    0    0    0       2.50000e+00    0.00000e+00    5.00000e-02
       83    0    0    0       2.50000e+00    1.25000e-01   -5.00000e-02
       84    0    0    0       2.50000e+00    1.25000e-01    5.00000e-02
       85    0    0    0       2.50000e+00    2.50000e-01   -5.00000e-02
       86    0    0    0       2.50000e+00    2.50000e-01    5.00000e-02
       87    0    0    0       2.50000e+00    3.75000e-01   -5.00000e-02
       88    0    0    0       2.50000e+00    3.75000e-01    5.00000e-02
       89    0    0    0       2.50000e+00    5.00000e-01   -5.00000e-02
       90    0    0    0       2.50000e+00    5.00000e-01    5.00000e-02
       91    0    0    0       3.12500e+00   -5.00000e-01   -5.00000e-02
       92    0    0    0       3.12500e+00   -5.00000e-01    5.00000e-02
       93    0    0    0       3.12500e+00   -3.75000e-01   -5.00000e-02
       94    0    0    0       3.12500e+00   -3.75000e-01    5.00000e-02
       95    0    0    0       3.12500e+00   -2.50000e-01   -5.00000e-02
       96    0    0    0       3.12500e+00   -2.50000e-01    5.00000e-02
       97    0    0    0       3.12500e+00   -1.25000e-01   -5.00000e-02
       98    0    0    0       3.12500e+00   -1.25000e-01    5.00000e-02
       99    0    0    0       3.12500e+00    0.00000e+00   -5.00000e-02
      100    0    0    0       3.12500e+00    0.00000e+00    5.00000e-02
      101    0    0    0       3.12500e+00    1.25000e-01   -5.00000e-02
      102    0    0    0       3.12500e+00    1.25000e-01    5.00000e-02
      103    0    0    0       3.12500e+00    2.50000e-01   -5.00000e-02
      104    0    0    0       3.12500e+00    2.50000e-01    5.00000e-02
      105    0    0    0       3.12500e+00    3.75000e-01   -5.00000e-02
      106    0    0    0       3.12500e+00    3.75000e-01    5.00000e-02
      107    0    0    0       3.12500e+00    5.00000e-01   -5.00000e-02
      108    0    0    0       3.12500e+00    5.00000e-01    5.00000e-02
      109    0    0    0       3.75000e+00   -5.00000e-01   -5.00000e-02
      110    0    0    0       3.75000e+00   -5.00000e-01    5.00000e-02
      111    0    0    0       3.75000e+00   -3.75000e-01   -5.00000e-02
      112    0    0    0       3.75000e+00   -3.75000e-01    5.00000e-02
      113    0    0    0       3.75000e+00   -2.50000e-01   -5.00000e-02
      114    0    0    0       3.75000e+00   -2.50000e-01    5.00000e-02
      115    0    0    0       3.75000e+00   -1.25000e-01   -5.00000e-02
      116    0    0    0       3.75000e+00   -1.25000e-01    5.00000e-02
      117    0    0    0       3.75000e+00    0.00000e+00   -5.00000e-02
      118    0    0    0       3.75000e+00    0.00000e+00    5.00000e-02
      119    0    0    0       3.75000e+00    1.25000e-01   -5.00000e-02
      120    0    0    0       3.75000e+00    1.25000e-01    5.00000e-02
      121    0    0    0       3.75000e+00    2.50000e-01   -5.00000e-02
      122    0    0    0       3.75000e+00    2.50000e-01    5.00000e-02
      123    0    0    0       3.75000e+00    3.75000e-01   -5.00000e-02
      124    0    0    0       3.75000e+00    3.75000e-01    5.00000e-02
      125    0    0    0       3.75000e+00    5.00000e-01   -5.00000e-02
      126    0    0    0       3.75000e+00    5.00000e-01    5.00000e-02
      127    0    0    0       4.37500e+00   -5.00000e-01   -5.00000e-02
      128    0    0    0       4.37500e+00   -5.00000e-01    5.00000e-02
      129    0    0    0       4.37500e+00   -3.75000e-01   -5.00000e-02
      130    0    0    0       4.37500e+00   -3.75000e-01    5.00000e-02
      131    0    0    0       4.37500e+00   -2.50000e-01   -5.00000e-02
      132    0    0    0       4.37500e+00   -2.50000e-01    5.00000e-02
      133    0    0    0       4.37500e+00   -1.25000e-01   -5.00000e-02
      134    0    0    0       4.37500e+00   -1.25000e-01    5.00000e-02
      135    0    0    0       4.37500e+00    0.00000e+00   -5.00000e-02
      136    0    0    0       4.37500e+00    0.00000e+00    5.00000e-02
      137    0    0    0       4.37500e+00    1.25000e-01   -5.00000e-02
      138    0    0    0       4.37500e+00    1.25000e-01    5.00000e-02
      139    0    0    0       4.37500e+00    2.50000e-01   -5.00000e-02
      140    0    0    0       4.37500e+00    2.50000e-01    5.00000e-02
      141    0    0    0       4.37500e+00    3.75000e-01   -5.00000e-02
      142    0    0    0       4.37500e+00    3.75000e-01    5.00000e-02
      143    0    0    0       4.37500e+00    5.00000e-01   -5.00000e-02
      144    0    0    0       4.37500e+00    5.00000e-01    5.00000e-02
      145    0    0    0       5.00000e+00   -5.00000e-01   -5.00000e-02
      146    0    0    0       5.00000e+00   -5.00000e-01    5.00000e-02
      147    0    0    0       5.00000e+00   -3.75000e-01   -5.00000e-02
      148    0    0    0       5.00000e+00   -3.75000e-01    5.00000e-02
      149    0    0    0       5.00000e+00   -2.50000e-01   -5.00000e-02
      150    0    0    0       5.00000e+00   -2.50000e-01    5.00000e-02
      151    0    0    0       5.00000e+00   -1.25000e-01   -5.00000e-02
      152    0    0    0       5.00000e+00   -1.25000e-01    5.00000e-02
      153    0    0    0       5.00000e+00    0.00000e+00   -5.00000e-02
      154    0    0    0       5.00000e+00    0.00000e+00    5.00000e-02
      155    0    0    0       5.00000e+00    1.25000e-01   -5.00000e-02
      156    0    0    0       5.00000e+00    1.25000e-01    5.00000e-02
      157    0    0    0       5.00000e+00    2.50000e-01   -5.00000e-02
      158    0    0    0       5.00000e+00    2.50000e-01    5.00000e-02
      159    0    0    0       5.00000e+00    3.75000e-01   -5.00000e-02
      160    0    0    0       5.00000e+00    3.75000e-01    5.00000e-02
      161    0    0    0       5.00000e+00    5.00000e-01   -5.00000e-02
      162    0    0    0       5.00000e+00    5.00000e-01    5.00000e-02
      163    0    0    0       5.62500e+00   -5.00000e-01   -5.00000e-02
      164    0    0    0       5.62500e+00   -5.00000e-01    5.00000e-02
      165    0    0    0       5.62500e+00   -3.75000e-01   -5.00000e-02
      166    0    0    0       5.62500e+00   -3.75000e-01    5.00000e-02
      167    0    0    0       5.62500e+00   -2.50000e-01   -5.00000e-02
      168    0    0    0       5.62500e+00   -2.50000e-01    5.00000e-02
      169    0    0    0       5.62500e+00   -1.25000e-01   -5.00000e-02
      170    0    0    0       5.62500e+00   -1.25000e-01    5.00000e-02
      171    0    0    0       5.62500e+00    0.00000e+00   -5.00000e-02
      172    0    0    0       5.62500e+00    0.00000e+00    5.00000e-02
      173    0    0    0       5.62500e+00    1.25000e-01   -5.00000e-02
      174    0    0    0       5.62500e+00    1.25000e-01    5.00000e-02
      175    0    0    0       5.62500e+00    2.50000e-01   -5.00000e-02
      176    0    0    0       5.62500e+00    2.50000e-01    5.00000e-02
      177    0    0    0       5.62500e+00    3.75000e-01   -5.00000e-02
      178    0    0    0       5.62500e+00    3.75000e-01    5.00000e-02
      179    0    0    0       5.62500e+00    5.00000e-01   -5.00000e-02
      180    0    0    0       5.62500e+00    5.00000e-01    5.00000e-02
      181    0    0    0       6.25000e+00   -5.00000e-01   -5.00000e-02
      182    0    0    0       6.25000e+00   -5.00000e-01    5.00000e-02
      183    0    0    0       6.25000e+00   -3.75000e-01   -5.00000e-02
      184    0    0    0       6.25000e+00   -3.75000e-01    5.00000e-02
      185    0    0    0       6.25000e+00   -2.50000e-01   -5.00000e-02
      186    0    0    0       6.25000e+00   -2.50000e-01    5.00000e-02
      187    0    0    0       6.25000e+00   -1.25000e-01   -5.00000e-02
      188    0    0    0       6.25000e+00   -1.25000e-01    5.00000e-02
      189    0    0    0       6.25000e+00    0.00000e+00   -5.00000e-02
      190    0    0    0       6.25000e+00    0.00000e+00    5.00000e-02
      191    0    0    0       6.25000e+00    1.25000e-01   -5.00000e-02
      192    0    0    0       6.25000e+00    1.25000e-01    5.00000e-02
      193    0    0    0       6.25000e+00    2.50000e-01   -5.00000e-02
      194    0    0    0       6.25000e+00    2.50000e-01    5.00000e-02
      195    0    0    0       6.25000e+00    3.75000e-01   -5.00000e-02
      196    0    0    0       6.25000e+00    3.75000e-01    5.00000e-02
      197    0    0    0       6.25000e+00    5.00000e-01   -5.00000e-02
      198    0    0    0       6.25000e+00    5.00000e-01    5.00000e-02
      199    0    0    0       6.87500e+00   -5.00000e-01   -5.00000e-02
      200    0    0    0       6.87500e+00   -5.00000e-01    5.00000e-02
      201    0    0    0       6.87500e+00   -3.75000e-01   -5.00000e-02
      202    0    0    0       6.87500e+00   -3.75000e-01    5.00000e-02
      203    0    0    0       6.87500e+00   -2.50000e-01   -5.00000e-02
      204    0    0    0       6.87500e+00   -2.50000e-01    5.00000e-02
      205    0    0    0       6.87500e+00   -1.25000e-01   -5.00000e-02
      206    0    0    0       6.87500e+00   -1.25000e-01    5.00000e-02
      207    0    0    0       6.87500e+00    0.00000e+00   -5.00000e-02
      208    0    0    0       6.87500e+00    0.00000e+00    5.00000e-02
      209    0    0    0       6.87500e+00    1.25000e-01   -5.00000e-02
      210    0    0    0       6.87500e+00    1.25000e-01    5.00000e-02
      211    0    0    0       6.87500e+00    2.50000e-01   -5.00000e-02
      212    0    0    0       6.87500e+00    2.50000e-01    5.00000e-02
      213    0    0    0       6.87500e+00    3.75000e-01   -5.00000e-02
      214    0    0    0       6.87500e+00    3.75000e-01    5.00000e-02
      215    0    0    0       6.87500e+00    5.00000e-01   -5.00000e-02
      216    0    0    0       6.87500e+00    5.00000e-01    5.00000e-02
      217    0    0    0       7.50000e+00   -5.00000e-01   -5.00000e-02
      218    0    0    0       7.50000e+00   -5.00000e-01    5.00000e-02
      219    0    0    0       7.50000e+00   -3.75000e-01   -5.00000e-02
      220    0    0    0       7.50000e+00   -3.75000e-01    5.00000e-02
      221    0    0    0       7.50000e+00   -2.50000e-01   -5.00000e-02
      222    0    0    0       7.50000e+00   -2.50000e-01    5.00000e-02
      223    0    0    0       7.50000e+00   -1.25000e-01   -5.00000e-02
      224    0    0    0       7.50000e+00   -1.25000e-01    5.00000e-02
      225    0    0    0       7.50000e+00    0.00000e+00   -5.00000e-02
      226    0    0    0       7.50000e+00    0.00000e+00    5.00000e-02
      227    0    0    0       7.50000e+00    1.25000e-01   -5.00000e-02
      228    0    0    0       7.50000e+00    1.25000e-01    5.00000e-02
      229    0    0    0       7.50000e+00    2.50000e-01   -5.00000e-02
      230    0    0    0       7.50000e+00    2.50000e-01    5.00000e-02
      231    0    0    0       7.50000e+00    3.75000e-01   -5.00000e-02
      232    0    0    0       7.50000e+00    3.75000e-01    5.00000e-02
      233    0    0    0       7.50000e+00    5.00000e-01   -5.00000e-02
      234    0    0    0       7.50000e+00    5.00000e-01    5.00000e-02
      235    0    0    0       8.12500e+00   -5.00000e-01   -5.00000e-02
      236    0    0    0       8.12500e+00   -5.00000e-01    5.00000e-02
      237    0    0    0       8.12500e+00   -3.75000e-01   -5.00000e-02
      238    0    0    0       8.12500e+00   -3.75000e-01    5.00000e-02
      239    0    0    0       8.12500e+00   -2.50000e-01   -5.00000e-02
      240    0    0    0       8.12500e+00   -2.50000e-01    5.00000e-02
      241    0    0    0       8.12500e+00   -1.25000e-01   -5.00000e-02
      242    0    0    0       8.12500e+00   -1.25000e-01    5.00000e-02
      243    0    0    0       8.12500e+00    0.00000e+00   -5.00000e-02
      244    0    0    0       8.12500e+00    0.00000e+00    5.00000e-02
      245    0    0    0       8.12500e+00    1.25000e-01   -5.00000e-02
      246    0    0    0       8.12500e+00    1.25000e-01    5.00000e-02
      247    0    0    0       8.12500e+00    2.50000e-01   -5.00000e-02
      248    0    0    0       8.12500e+00    2.50000e-01    5.00000e-02
      249    0    0    0       8.12500e+00    3.75000e-01   -5.00000e-02
      250    0    0    0       8.12500e+00    3.75000e-01    5.00000e-02
      251    0    0    0       8.12500e+00    5.00000e-01   -5.00000e-02
      252    0    0    0       8.12500e+00    5.00000e-01    5.00000e-02
      253    0    0    0       8.75000e+00   -5.00000e-01   -5.00000e-02
      254    0    0    0       8.75000e+00   -5.00000e-01    5.00000e-02
      255    0    0    0       8.75000e+00   -3.75000e-01   -5.00000e-02
      256    0    0    0       8.75000e+00   -3.75000e-01    5.00000e-02
      257    0    0    0       8.75000e+00   -2.50000e-01   -5.00000e-02
      258    0    0    0       8.75000e+00   -2.50000e-01    5.00000e-02
      259    0    0    0       8.75000e+00   -1.25000e-01   -5.00000e-02
      260    0    0    0       8.75000e+00   -1.25000e-01    5.00000e-02
      261    0    0    0       8.75000e+00    0.00000e+00   -5.00000e-02
      262    0    0    0       8.75000e+00    0.00000e+00    5.00000e-02
      263    0    0    0       8.75000e+00    1.25000e-01   -5.00000e-02
      264    0    0    0       8.75000e+00    1.25000e-01    5.00000e-02
      265    0    0    0       8.75000e+00    2.50000e-01   -5.00000e-02
      266    0    0    0       8.75000e+00    2.50000e-01    5.00000e-02
      267    0    0    0       8.75000e+00    3.75000e-01   -5.00000e-02
      268    0    0    0       8.75000e+00    3.75000e-01    5.00000e-02
      269    0    0    0       8.75000e+00    5.00000e-01   -5.00000e-02
      270    0    0    0       8.75000e+00    5.00000e-01    5.00000e-02
      271    0    0    0       9.37500e+00   -5.00000e-01   -5.00000e-02
      272    0    0    0       9.37500e+00   -5.00000e-01    5.00000e-02
      273    0    0    0       9.37500e+00   -3.75000e-01   -5.00000e-02
      274    0    0    0       9.37500e+00   -3.75000e-01    5.00000e-02
      275    0    0    0       9.37500e+00   -2.50000e-01   -5.00000e-02
      276    0    0    0       9.37500e+00   -2.50000e-01    5.00000e-02
      277    0    0    0       9.37500e+00   -1.25000e-01   -5.00000e-02
      278    0    0    0       9.37500e+00   -1.25000e-01    5.00000e-02
      279    0    0    0       9.37500e+00    0.00000e+00   -5.00000e-02
      280    0    0    0       9.37500e+00    0.00000e+00    5.00000e-02
      281    0    0    0       9.37500e+00    1.25000e-01   -5.00000e-02
      282    0    0    0       9.37500e+00    1.25000e-01    5.00000e-02
      283    0    0    0       9.37500e+00    2.50000e-01   -5.00000e-02
      284    0    0    0       9.37500e+00    2.50000e-01    5.00000e-02
      285    0    0    0       9.37500e+00    3.75000e-01   -5.00000e-02
      286    0    0    0       9.37500e+00    3.75000e-01    5.00000e-02
      287    0    0    0       9.37500e+00    5.00000e-01   -5.00000e-02
      288    0    0    0       9.37500e+00    5.00000e-01    5.00000e-02
      289    0    0    0       1.00000e+01   -5.00000e-01   -5.00000e-02
      290    0    0    0       1.00000e+01   -5.00000e-01    5.00000e-02
      291    0    0    0       1.00000e+01   -3.75000e-01   -5.00000e-02
      292    0    0    0       1.00000e+01   -3.75000e-01    5.00000e-02
      293    0    0    0       1.00000e+01   -2.50000e-01   -5.00000e-02
      294    0    0    0       1.00000e+01   -2.50000e-01    5.00000e-02
      295    0    0    0       1.00000e+01   -1.25000e-01   -5.00000e-02
      296    0    0    0       1.00000e+01   -1.25000e-01    5.00000e-02
      297    0    0    0       1.00000e+01    0.00000e+00   -5.00000e-02
      298    0    0    0       1.00000e+01    0.00000e+00    5.00000e-02
      299    0    0    0       1.00000e+01    1.25000e-01   -5.00000e-02
      300    0    0    0       1.00000e+01    1.25000e-01    5.00000e-02
      301    0    0    0       1.00000e+01    2.50000e-01   -5.00000e-02
      302    0    0    0       1.00000e+01    2.50000e-01    5.00000e-02
      303    0    0    0       1.00000e+01    3.75000e-01   -5.00000e-02
      304    0    0    0       1.00000e+01    3.75000e-01    5.00000e-02
      305    0    0    0       1.00000e+01    5.00000e-01   -5.00000e-02
      306    0    0    0       1.00000e+01    5.00000e-01    5.00000e-02

 EQUATION NUMBERS

   NODE NUMBER   DEGREES OF FREEDOM
        N           X    Y    Z
        1           0    0    0
        2           0    0    0
        3           0    0    0
        4           0    0    0
        5           0    0    0
        6           0    0    0
        7           0    0    0
        8           0    0    0
        9           0    0    0
       10           0    0    0
       11           0    0    0
       12           0    0    0
       13           0    0    0
       14           0    0    0
       15           0    0    0
       16           0    0    0
       17           0    0    0
       18           0    0    0
       19           1    2    3
       20           4    5    6
       21           7    8    9
       22          10   11   12
       23          13   14   15
       24          16   17   18
       25          19   20   21
       26          22   23   24
       27          25   26   27
       28          28   29   30
       29          31   32   33
       30          34   35   36
       31          37   38   39
       32          40   41   42
       33          43   44   45
       34          46   47   48
       35          49   50   51
       36          52   53   54
       37          55   56   57
       38          58   59   60
       39          61   62   63
       40          64   65   66
       41          67   68   69
       42          70   71   72
       43          73   74   75
       44          76   77   78
       45          79   80   81
       46          82   83   84
       47          85   86   87
       48          88   89   90
       49          91   92   93
       50          94   95   96
       51          97   98   99
       52         100  101  102
       53         103  104  105
       54         106  107  108
       55         109  110  111
       56         112  113  114
       57         115  116  117
       58         118  119  120
       59         121  122  123
       60         124  125  126
       61         127  128  129
       62         130  131  132
       63         133  134  135
       64         136  137  138
       65         139  140  141
       66         142  143  144
       67         145  146  147
       68         148  149  150
       69         151  152  153
       70         154  155  156
       71         157  158  159
       72         160  161  162
       73         163  164  165
       74         166  167  168
       75         169  170  171
       76         172  173  174
       77         175  176  177
       78         178  179  180
       79         181  182  183
       80         184  185  186
       81         187  188  189
       82         190  191  192
       83         193  194  195
       84         196  197  198
       85         199  200  201
       86         202  203  204
       87         205  206  207
       88         208  209  210
       89         211  212  213
       90         214  215  216
       91         217  218  219
       92         220  221  222
       93         223  224  225
       94         226  227  228
       95         229  230  231
       96         232  233  234
       97         235  236  237
       98         238  239  240
       99         241  242  243
      100         244  245  246
      101         247  248  249
      102         250  251  252
      103         253  254  255
      104         256  257  258
      105         259  260  261
      106         262  263  264
      107         265  266  267
      108         268  269  270
      109         271  272  273
      110         274  275  276
      111         277  278  279
      112         280  281  282
      113         283  284  285
      114         286  287  288
      115         289  290  291
      116         292  293  294
      117         295  296  297
      118         298  299  300
      119         301  302  303
      120         304  305  306
      121         307  308  309
      122         310  311  312
      123         313  314  315
      124         316  317  318
      125         319  320  321
      126         322  323  324
      127         325  326  327
      128         328  329  330
      129         331  332  333
      130         334  335  336
      131         337  338  339
      132         340  341  342
      133         343  344  345
      134         346  347  348
      135         349  350  351
      136         352  353  354
      137         355  356  357
      138         358  359  360
      139         361  362  363
      140         364  365  366
      141         367  368  369
      142         370  371  372
      143         373  374  375
      144         376  377  378
      145         379  380  381
      146         382  383  384
      147         385  386  387
      148         388  389  390
      149         391  392  393
      150         394  395  396
      151         397  398  399
      152         400  401  402
      153         403  404  405
      154         406  407  408
      155         409  410  411
      156         412  413  414
      157         415  416  417
      158         418  419  420
      159         421  422  423
      160         424  425  426
      161         427  428  429
      162         430  431  432
      163         433  434  435
      164         436  437  438
      165         439  440  441
      166         442  443  444
      167         445  446  447
      168         448  449  450
      169         451  452  453
      170         454  455  456
      171         457  458  459
      172         460  461  462
      173         463  464  465
      174         466  467  468
      175         469  470  471
      176         472  473  474
      177         475  476  477
      178         478  479  480
      179         481  482  483
      180         484  485  486
      181         487  488  489
      182         490  491  492
      183         493  494  495
      184         496  497  498
      185         499  500  501
      186         502  503  504
      187         505  506  507
      188         508  509  510
      189         511  512  513
      190         514  515  516
      191         517  518  519
      192         520  521  522
      193         523  524  525
      194         526  527  528
      195         529  530  531
      196         532  533  534
      197         535  536  537
      198         538  539  540
      199         541  542  543
      200         544  545  546
      201         547  548  549
      202         550  551  552
      203         553  554  555
      204         556  557  558
      205         559  560  561
      206         562  563  564
      207         565  566  567
      208         568  569  570
      209         571  572  573
      210         574  575  576
      211         577  578  579
      212         580  581  582
      213         583  584  585
      214         586  587  588
      215         589  590  591
      216         592  593  594
      217         595  596  597
      218         598  599  600
      219         601  602  603
      220         604  605  606
      221         607  608  609
      222         610  611  612
      223         613  614  615
      224         616  617  618
      225         619  620  621
      226         622  623  624
      227         625  626  627
      228         628  629  630
      229         631  632  633
      230         634  635  636
      231         637  638  639
      232         640  641  642
      233         643  644  645
      234         646  647  648
      235         649  650  651
      236         652  653  654
      237         655  656  657
      238         658  659  660
      239         661  662  663
      240         664  665  666
      241         667  668  669
      242         670  671  672
      243         673  674  675
      244         676  677  678
      245         679  680  681
      246         682  683  684
      247         685  686  687
      248         688  689  690
      249         691  692  693
      250         694  695  696
      251         697  698  699
      252         700  701  702
      253         703  704  705
      254         706  707  708
      255         709  710  711
      256         712  713  714
      257         715  716  717
      258         718  719  720
      259         721  722  723
      260         724  725  726
      261         727  728  729
      262         730  731  732
      263         733  734  735
      264         736  737  738
      265         739  740  741
      266         742  743  744
      267         745  746  747
      268         748  749  750
      269         751  752  753
      270         754  755  756
      271         757  758  759
      272         760  761  762
      273         763  764  765
      274         766  767  768
      275         769  770  771
      276         772  773  774
      277         775  776  777
      278         778  779  780
      279         781  782  783
      280         784  785  786
      281         787  788  789
      282         790  791  792
      283         793  794  795
      284         796  797  798
      285         799  800  801
      286         802  803  804
      287         805  806  807
      288         808  809  810
      289         811  812  813
      290         814  815  816
      291         817  818  819
      292         820  821  822
      293         823  824  825
      294         826  827  828
      295         829  830  831
      296         832  833  834
      297         835  836  837
      298         838  839  840
      299         841  842  843
      300         844  845  846
      301         847  848  849
      302         850  851  852
      303         853  854  855
      304         856  857  858
      305         859  860  861
      306         862  863  864

 L O A D   C A S E   D A T A

     LOAD CASE NUMBER . . . . . . . =     1
     NUMBER OF CONCENTRATED LOADS . =    18

    NODE       DIRECTION      LOAD
   NUMBER                   MAGNITUDE
    289            2       -5.55556e+03
    290            2       -5.55556e+03
    291            2       -5.55556e+03
    292            2       -5.55556e+03
    293            2       -5.55556e+03
    294            2       -5.55556e+03
    295            2       -5.55556e+03
    296            2       -5.55556e+03
    297            2       -5.55556e+03
    298            2       -5.55556e+03
    299            2       -5.55556e+03
    300            2       -5.55556e+03
    301            2       -5.55556e+03
    302            2       -5.55556e+03
    303            2       -5.55556e+03
    304            2       -5.55556e+03
    305            2       -5.55556e+03
    306            2       -5.55556e+03

 E L E M E N T   G R O U P   D A T A


 E L E M E N T   D E F I N I T I O N

 ELEMENT TYPE  . . . . . . . . . . . . .( NPAR(1) ) . . =    5
     EQ.1, TRUSS ELEMENTS
     EQ.2, FOUR-NODE PLANE ELEMENTS (FULL INTEGRATION)
     EQ.3, FOUR-NODE PLANE ELEMENTS (REDUCED INTEGRATION)
     EQ.4, THREE-NODE TRIANGULAR PLANE ELEMENTS (CST)
     EQ.5, EIGHT-NODE HEXAHEDRAL ELEMENTS
     EQ.6, TWO-NODE BEAM ELEMENTS

 NUMBER OF ELEMENTS. . . . . . . . . . .( NPAR(2) ) . . =  128

 M A T E R I A L   D E F I N I T I O N

 NUMBER OF DIFFERENT SETS OF MATERIAL
 AND SECTION CONSTANTS  . . . . . . .( NPAR(3) ) . . =    1

  SET       YOUNG'S     POISSON'S
 NUMBER     MODULUS       RATIO
               E            Nu
    1     2.00000e+11     3.00000e-01


 E L E M E N T   I N F O R M A T I O N
 ELEMENT      N1        N2        N3        N4
 NUMBER-N     N5        N6        N7        N8       MATERIAL
                                                      SET NUMBER
    1        1       19       21        3        2       20       22        4           1
    2        3       21       23        5        4       22       24        6           1
    3        5       23       25        7        6       24       26        8           1
    4        7       25       27        9        8       26       28       10           1
    5        9       27       29       11       10       28       30       12           1
    6       11       29       31       13       12       30       32       14           1
    7       13       31       33       15       14       32       34       16           1
    8       15       33       35       17       16       34       36       18           1
    9       19       37       39       21       20       38       40       22           1
   10       21       39       41       23       22       40       42       24           1
   11       23       41       43       25       24       42       44       26           1
   12       25       43       45       27       26       44       46       28           1
   13       27       45       47       29       28       46       48       30           1
   14       29       47       49       31       30       48       50       32           1
   15       31       49       51       33       32       50       52       34           1
   16       33       51       53       35       34       52       54       36           1
   17       37       55       57       39       38       56       58       40           1
   18       39       57       59       41       40       58       60       42           1
   19       41       59       61       43       42       60       62       44           1
   20       43       61       63       45       44       62       64       46           1
   21       45       63       65       47       46       64       66       48           1
   22       47       65       67       49       48       66       68       50           1
   23       49       67       69       51       50       68       70       52           1
   24       51       69       71       53       52       70       72       54           1
   25       55       73       75       57       56       74       76       58           1
   26       57       75       77       59       58       76       78       60           1
   27       59       77       79       61       60       78       80       62           1
   28       61       79       81       63       62       80       82       64           1
   29       63       81       83       65       64       82       84       66           1
   30       65       83       85       67       66       84       86       68           1
   31       67       85       87       69       68       86       88       70           1
   32       69       87       89       71       70       88       90       72           1
   33       73       91       93       75       74       92       94       76           1
   34       75       93       95       77       76       94       96       78           1
   35       77       95       97       79       78       96       98       80           1
   36       79       97       99       81       80       98      100       82           1
   37       81       99      101       83       82      100      102       84           1
   38       83      101      103       85       84      102      104       86           1
   39       85      103      105       87       86      104      106       88           1
   40       87      105      107       89       88      106      108       90           1
   41       91      109      111       93       92      110      112       94           1
   42       93      111      113       95       94      112      114       96           1
   43       95      113      115       97       96      114      116       98           1
   44       97      115      117       99       98      116      118      100           1
   45       99      117      119      101      100      118      120      102           1
   46      101      119      121      103      102      120      122      104           1
   47      103      121      123      105      104      122      124      106           1
   48      105      123      125      107      106      124      126      108           1
   49      109      127      129      111      110      128      130      112           1
   50      111      129      131      113      112      130      132      114           1
   51      113      131      133      115      114      132      134      116           1
   52      115      133      135      117      116      134      136      118           1
   53      117      135      137      119      118      136      138      120           1
   54      119      137      139      121      120      138      140      122           1
   55      121      139      141      123      122      140      142      124           1
   56      123      141      143      125      124      142      144      126           1
   57      127      145      147      129      128      146      148      130           1
   58      129      147      149      131      130      148      150      132           1
   59      131      149      151      133      132      150      152      134           1
   60      133      151      153      135      134      152      154      136           1
   61      135      153      155      137      136      154      156      138           1
   62      137      155      157      139      138      156      158      140           1
   63      139      157      159      141      140      158      160      142           1
   64      141      159      161      143      142      160      162      144           1
   65      145      163      165      147      146      164      166      148           1
   66      147      165      167      149      148      166      168      150           1
   67      149      167      169      151      150      168      170      152           1
   68      151      169      171      153      152      170      172      154           1
   69      153      171      173      155      154      172      174      156           1
   70      155      173      175      157      156      174      176      158           1
   71      157      175      177      159      158      176      178      160           1
   72      159      177      179      161      160      178      180      162           1
   73      163      181      183      165      164      182      184      166           1
   74      165      183      185      167      166      184      186      168           1
   75      167      185      187      169      168      186      188      170           1
   76      169      187      189      171      170      188      190      172           1
   77      171      189      191      173      172      190      192      174           1
   78      173      191      193      175      174      192      194      176           1
   79      175      193      195      177      176      194      196      178           1
   80      177      195      197      179      178      196      198      180           1
   81      181      199      201      183      182      200      202      184           1
   82      183      201      203      185      184      202      204      186           1
   83      185      203      205      187      186      204      206      188           1
   84      187      205      207      189      188      206      208      190           1
   85      189      207      209      191      190      208      210      192           1
   86      191      209      211      193      192      210      212      194           1
   87      193      211      213      195      194      212      214      196           1
   88      195      213      215      197      196      214      216      198           1
   89      199      217      219      201      200      218      220      202           1
   90      201      219      221      203      202      220      222      204           1
   91      203      221      223      205      204      222      224      206           1
   92      205      223      225      207      206      224      226      208           1
   93      207      225      227      209      208      226      228      210           1
   94      209      227      229      211      210      228      230      212           1
   95      211      229      231      213      212      230      232      214           1
   96      213      231      233      215      214      232      234      216           1
   97      217      235      237      219      218      236      238      220           1
   98      219      237      239      221      220      238      240      222           1
   99      221      239      241      223      222      240      242      224           1
  100      223      241      243      225      224      242      244      226           1
  101      225      243      245      227      226      244      246      228           1
  102      227      245      247      229      228      246      248      230           1
  103      229      247      249      231      230      248      250      232           1
  104      231      249      251      233      232      250      252      234           1
  105      235      253      255      237      236      254      256      238           1
  106      237      255      257      239      238      256      258      240           1
  107      239      257      259      241      240      258      260      242           1
  108      241      259      261      243      242      260      262      244           1
  109      243      261      263      245      244      262      264      246           1
  110      245      263      265      247      246      264      266      248           1
  111      247      265      267      249      248      266      268      250           1
  112      249      267      269      251      250      268      270      252           1
  113      253      271      273      255      254      272      274      256           1
  114      255      273      275      257      256      274      276      258           1
  115      257      275      277      259      258      276      278      260           1
  116      259      277      279      261      260      278      280      262           1
  117      261      279      281      263      262      280      282      264           1
  118      263      281      283      265      264      282      284      266           1
  119      265      283      285      267      266      284      286      268           1
  120      267      285      287      269      268      286      288      270           1
  121      271      289      291      273      272      290      292      274           1
  122      273      291      293      275      274      292      294      276           1
  123      275      293      295      277      276      294      296      278           1
  124      277      295      297      279      278      296      298      280           1
  125      279      297      299      281      280      298      300      282           1
  126      281      299      301      283      282      300      302      284           1
  127      283      301      303      285      284      302      304      286           1
  128      285      303      305      287      286      304      306      288           1

	TOTAL SYSTEM DATA

     NUMBER OF EQUATIONS . . . . . . . . . . . . . .(NEQ) = 864
     NUMBER OF MATRIX ELEMENTS . . . . . . . . . . .(NWK) = 51372
     MAXIMUM HALF BANDWIDTH  . . . . . . . . . . . .(MK ) = 66
     MEAN HALF BANDWIDTH . . . . . . . . . . . . . .(MM ) = 59


 LOAD CASE    1


 D I S P L A C E M E N T S

  NODE           X-DISPLACEMENT    Y-DISPLACEMENT    Z-DISPLACEMENT
    1               0.00000e+00       0.00000e+00       0.00000e+00
    2               0.00000e+00       0.00000e+00       0.00000e+00
    3               0.00000e+00       0.00000e+00       0.00000e+00
    4               0.00000e+00       0.00000e+00       0.00000e+00
    5               0.00000e+00       0.00000e+00       0.00000e+00
    6               0.00000e+00       0.00000e+00       0.00000e+00
    7               0.00000e+00       0.00000e+00       0.00000e+00
    8               0.00000e+00       0.00000e+00       0.00000e+00
    9               0.00000e+00       0.00000e+00       0.00000e+00
   10               0.00000e+00       0.00000e+00       0.00000e+00
   11               0.00000e+00       0.00000e+00       0.00000e+00
   12               0.00000e+00       0.00000e+00       0.00000e+00
   13               0.00000e+00       0.00000e+00       0.00000e+00
   14               0.00000e+00       0.00000e+00       0.00000e+00
   15               0.00000e+00       0.00000e+00       0.00000e+00
   16               0.00000e+00       0.00000e+00       0.00000e+00
   17               0.00000e+00       0.00000e+00       0.00000e+00
   18               0.00000e+00       0.00000e+00       0.00000e+00
   19              -1.44871e-04      -1.12786e-04      -4.57574e-06
   20              -1.44871e-04      -1.12786e-04       4.57574e-06
   21              -1.06214e-04      -1.03225e-04      -3.36703e-06
   22              -1.06214e-04      -1.03225e-04       3.36703e-06
   23              -6.98769e-05      -9.65986e-05      -2.27620e-06
   24              -6.98769e-05      -9.65986e-05       2.27620e-06
   25              -3.46939e-05      -9.27316e-05      -1.13981e-06
   26              -3.46939e-05      -9.27316e-05       1.13981e-06
   27               2.16043e-16      -9.14587e-05       1.34450e-15
   28              -2.01870e-16      -9.14587e-05       1.34399e-15
   29               3.46939e-05      -9.27316e-05       1.13981e-06
   30               3.46939e-05      -9.27316e-05      -1.13981e-06
   31               6.98769e-05      -9.65986e-05       2.27620e-06
   32               6.98769e-05      -9.65986e-05      -2.27620e-06
   33               1.06214e-04      -1.03225e-04       3.36703e-06
   34               1.06214e-04      -1.03225e-04      -3.36703e-06
   35               1.44871e-04      -1.12786e-04       4.57574e-06
   36               1.44871e-04      -1.12786e-04      -4.57574e-06
   37              -2.93353e-04      -3.91658e-04      -3.25947e-06
   38              -2.93353e-04      -3.91658e-04       3.25947e-06
   39              -2.19688e-04      -3.84485e-04      -2.41329e-06
   40              -2.19688e-04      -3.84485e-04       2.41329e-06
   41              -1.46110e-04      -3.79149e-04      -1.61349e-06
   42              -1.46110e-04      -3.79149e-04       1.61349e-06
   43              -7.29236e-05      -3.75883e-04      -8.05942e-07
   44              -7.29236e-05      -3.75883e-04       8.05942e-07
   45               4.12297e-16      -3.74783e-04       5.14104e-15
   46              -3.79401e-16      -3.74783e-04       5.14089e-15
   47               7.29236e-05      -3.75883e-04       8.05942e-07
   48               7.29236e-05      -3.75883e-04      -8.05942e-07
   49               1.46110e-04      -3.79149e-04       1.61349e-06
   50               1.46110e-04      -3.79149e-04      -1.61349e-06
   51               2.19688e-04      -3.84485e-04       2.41329e-06
   52               2.19688e-04      -3.84485e-04      -2.41329e-06
   53               2.93353e-04      -3.91658e-04       3.25947e-06
   54               2.93353e-04      -3.91658e-04      -3.25947e-06
   55              -4.30560e-04      -8.51639e-04      -3.29029e-06
   56              -4.30560e-04      -8.51639e-04       3.29029e-06
   57              -3.22004e-04      -8.44680e-04      -2.39836e-06
   58              -3.22004e-04      -8.44680e-04       2.39836e-06
   59              -2.14319e-04      -8.39761e-04      -1.60935e-06
   60              -2.14319e-04      -8.39761e-04       1.60935e-06
   61              -1.07062e-04      -8.36832e-04      -8.03127e-07
   62              -1.07062e-04      -8.36832e-04       8.03127e-07
   63               5.94167e-16      -8.35856e-04       1.11948e-14
   64              -5.47008e-16      -8.35856e-04       1.11940e-14
   65               1.07062e-04      -8.36832e-04       8.03127e-07
   66               1.07062e-04      -8.36832e-04      -8.03127e-07
   67               2.14319e-04      -8.39761e-04       1.60935e-06
   68               2.14319e-04      -8.39761e-04      -1.60935e-06
   69               3.22004e-04      -8.44680e-04       2.39836e-06
   70               3.22004e-04      -8.44680e-04      -2.39836e-06
   71               4.30560e-04      -8.51639e-04       3.29029e-06
   72               4.30560e-04      -8.51639e-04      -3.29029e-06
   73              -5.57696e-04      -1.47664e-03      -2.96502e-06
   74              -5.57696e-04      -1.47664e-03       2.96502e-06
   75              -4.17466e-04      -1.47026e-03      -2.18103e-06
   76              -4.17466e-04      -1.47026e-03       2.18103e-06
   77              -2.77901e-04      -1.46567e-03      -1.46099e-06
   78              -2.77901e-04      -1.46567e-03       1.46099e-06
   79              -1.38827e-04      -1.46291e-03      -7.29334e-07
   80              -1.38827e-04      -1.46291e-03       7.29334e-07
   81               7.61733e-16      -1.46199e-03       1.93520e-14
   82              -7.01500e-16      -1.46199e-03       1.93515e-14
   83               1.38827e-04      -1.46291e-03       7.29334e-07
   84               1.38827e-04      -1.46291e-03      -7.29334e-07
   85               2.77901e-04      -1.46567e-03       1.46099e-06
   86               2.77901e-04      -1.46567e-03      -1.46099e-06
   87               4.17466e-04      -1.47026e-03       2.18103e-06
   88               4.17466e-04      -1.47026e-03      -2.18103e-06
   89               5.57696e-04      -1.47664e-03       2.96502e-06
   90               5.57696e-04      -1.47664e-03      -2.96502e-06
   91              -6.74615e-04      -2.25415e-03      -2.73706e-06
   92              -6.74615e-04      -2.25415e-03       2.73706e-06
   93              -5.05142e-04      -2.24830e-03      -2.00567e-06
   94              -5.05142e-04      -2.24830e-03       2.00567e-06
   95              -3.36377e-04      -2.24410e-03      -1.34506e-06
   96              -3.36377e-04      -2.24410e-03       1.34506e-06
   97              -1.68073e-04      -2.24159e-03      -6.71512e-07
   98              -1.68073e-04      -2.24159e-03       6.71513e-07
   99               9.16286e-16      -2.24075e-03       2.94248e-14
  100              -8.38172e-16      -2.24075e-03       2.94239e-14
  101               1.68073e-04      -2.24159e-03       6.71513e-07
  102               1.68073e-04      -2.24159e-03      -6.71512e-07
  103               3.36377e-04      -2.24410e-03       1.34506e-06
  104               3.36377e-04      -2.24410e-03      -1.34506e-06
  105               5.05142e-04      -2.24830e-03       2.00567e-06
  106               5.05142e-04      -2.24830e-03      -2.00567e-06
  107               6.74615e-04      -2.25415e-03       2.73706e-06
  108               6.74615e-04      -2.25415e-03      -2.73706e-06
  109              -7.81389e-04      -3.17148e-03      -2.48343e-06
  110              -7.81389e-04      -3.17148e-03       2.48343e-06
  111              -5.85223e-04      -3.16616e-03      -1.82222e-06
  112              -5.85223e-04      -3.16616e-03       1.82222e-06
  113              -3.89757e-04      -3.16234e-03      -1.22128e-06
  114              -3.89757e-04      -3.16234e-03       1.22128e-06
  115              -1.94762e-04      -3.16006e-03      -6.09668e-07
  116              -1.94762e-04      -3.16006e-03       6.09668e-07
  117               1.04880e-15      -3.15929e-03       4.12122e-14
  118              -9.60274e-16      -3.15929e-03       4.12108e-14
  119               1.94762e-04      -3.16006e-03       6.09668e-07
  120               1.94762e-04      -3.16006e-03      -6.09668e-07
  121               3.89757e-04      -3.16234e-03       1.22128e-06
  122               3.89757e-04      -3.16234e-03      -1.22128e-06
  123               5.85223e-04      -3.16616e-03       1.82222e-06
  124               5.85223e-04      -3.16616e-03      -1.82222e-06
  125               7.81389e-04      -3.17148e-03       2.48343e-06
  126               7.81389e-04      -3.17148e-03      -2.48343e-06
  127              -8.77987e-04      -4.21591e-03      -2.23625e-06
  128              -8.77987e-04      -4.21591e-03       2.23625e-06
  129              -6.57671e-04      -4.21113e-03      -1.64016e-06
  130              -6.57671e-04      -4.21113e-03       1.64016e-06
  131              -4.38058e-04      -4.20769e-03      -1.09956e-06
  132              -4.38058e-04      -4.20769e-03       1.09956e-06
  133              -2.18912e-04      -4.20563e-03      -5.48916e-07
  134              -2.18912e-04      -4.20563e-03       5.48916e-07
  135               1.16348e-15      -4.20495e-03       5.44348e-14
  136              -1.04916e-15      -4.20495e-03       5.44369e-14
  137               2.18912e-04      -4.20563e-03       5.48916e-07
  138               2.18912e-04      -4.20563e-03      -5.48916e-07
  139               4.38058e-04      -4.20769e-03       1.09956e-06
  140               4.38058e-04      -4.20769e-03      -1.09956e-06
  141               6.57671e-04      -4.21113e-03       1.64016e-06
  142               6.57671e-04      -4.21113e-03      -1.64016e-06
  143               8.77987e-04      -4.21591e-03       2.23625e-06
  144               8.77987e-04      -4.21591e-03      -2.23625e-06
  145              -9.64418e-04      -5.37474e-03      -1.98750e-06
  146              -9.64418e-04      -5.37474e-03       1.98750e-06
  147              -7.22495e-04      -5.37049e-03      -1.45790e-06
  148              -7.22495e-04      -5.37049e-03       1.45790e-06
  149              -4.81273e-04      -5.36743e-03      -9.77277e-07
  150              -4.81273e-04      -5.36743e-03       9.77277e-07
  151              -2.40520e-04      -5.36560e-03      -4.87872e-07
  152              -2.40520e-04      -5.36560e-03       4.87872e-07
  153               1.25654e-15      -5.36499e-03       6.87611e-14
  154              -1.10794e-15      -5.36499e-03       6.87599e-14
  155               2.40520e-04      -5.36560e-03       4.87872e-07
  156               2.40520e-04      -5.36560e-03      -4.87872e-07
  157               4.81273e-04      -5.36743e-03       9.77277e-07
  158               4.81273e-04      -5.36743e-03      -9.77277e-07
  159               7.22495e-04      -5.37049e-03       1.45790e-06
  160               7.22495e-04      -5.37049e-03      -1.45790e-06
  161               9.64418e-04      -5.37474e-03       1.98750e-06
  162               9.64418e-04      -5.37474e-03      -1.98750e-06
  163              -1.04068e-03      -6.63526e-03      -1.73912e-06
  164              -1.04068e-03      -6.63526e-03       1.73912e-06
  165              -7.79692e-04      -6.63153e-03      -1.27567e-06
  166              -7.79692e-04      -6.63153e-03       1.27567e-06
  167              -5.19405e-04      -6.62886e-03      -8.55148e-07
  168              -5.19405e-04      -6.62886e-03       8.55148e-07
  169              -2.59585e-04      -6.62726e-03      -4.26900e-07
  170              -2.59585e-04      -6.62726e-03       4.26900e-07
  171               1.31454e-15      -6.62673e-03       8.38880e-14
  172              -1.14943e-15      -6.62673e-03       8.38888e-14
  173               2.59585e-04      -6.62726e-03       4.26900e-07
  174               2.59585e-04      -6.62726e-03      -4.26900e-07
  175               5.19405e-04      -6.62886e-03       8.55148e-07
  176               5.19405e-04      -6.62886e-03      -8.55148e-07
  177               7.79692e-04      -6.63153e-03       1.27567e-06
  178               7.79692e-04      -6.63153e-03      -1.27567e-06
  179               1.04068e-03      -6.63526e-03       1.73912e-06
  180               1.04068e-03      -6.63526e-03      -1.73912e-06
  181              -1.10678e-03      -7.98474e-03      -1.49069e-06
  182              -1.10678e-03      -7.98474e-03       1.49069e-06
  183              -8.29263e-04      -7.98155e-03      -1.09341e-06
  184              -8.29263e-04      -7.98155e-03       1.09341e-06
  185              -5.52452e-04      -7.97926e-03      -7.32970e-07
  186              -5.52452e-04      -7.97926e-03       7.32970e-07
  187              -2.76109e-04      -7.97789e-03      -3.65909e-07
  188              -2.76109e-04      -7.97789e-03       3.65910e-07
  189               1.34658e-15      -7.97743e-03       9.94598e-14
  190              -1.16577e-15      -7.97743e-03       9.94574e-14
  191               2.76109e-04      -7.97789e-03       3.65909e-07
  192               2.76109e-04      -7.97789e-03      -3.65909e-07
  193               5.52452e-04      -7.97926e-03       7.32970e-07
  194               5.52452e-04      -7.97926e-03      -7.32970e-07
  195               8.29263e-04      -7.98155e-03       1.09341e-06
  196               8.29263e-04      -7.98155e-03      -1.09341e-06
  197               1.10678e-03      -7.98474e-03       1.49069e-06
  198               1.10678e-03      -7.98474e-03      -1.49069e-06
  199              -1.16270e-03      -9.41049e-03      -1.24212e-06
  200              -1.16270e-03      -9.41049e-03       1.24212e-06
  201              -8.71207e-04      -9.40783e-03      -9.11229e-07
  202              -8.71207e-04      -9.40783e-03       9.11230e-07
  203              -5.80415e-04      -9.40592e-03      -6.10844e-07
  204              -5.80415e-04      -9.40592e-03       6.10844e-07
  205              -2.90091e-04      -9.40478e-03      -3.04944e-07
  206              -2.90091e-04      -9.40478e-03       3.04944e-07
  207               1.36295e-15      -9.40440e-03       1.15252e-13
  208              -1.18017e-15      -9.40440e-03       1.15254e-13
  209               2.90091e-04      -9.40478e-03       3.04944e-07
  210               2.90091e-04      -9.40478e-03      -3.04944e-07
  211               5.80415e-04      -9.40592e-03       6.10844e-07
  212               5.80415e-04      -9.40592e-03      -6.10844e-07
  213               8.71207e-04      -9.40783e-03       9.11230e-07
  214               8.71207e-04      -9.40783e-03      -9.11229e-07
  215               1.16270e-03      -9.41049e-03       1.24212e-06
  216               1.16270e-03      -9.41049e-03      -1.24212e-06
  217              -1.20846e-03      -1.08998e-02      -9.94126e-07
  218              -1.20846e-03      -1.08998e-02       9.94126e-07
  219              -9.05526e-04      -1.08977e-02      -7.28857e-07
  220              -9.05526e-04      -1.08977e-02       7.28858e-07
  221              -6.03294e-04      -1.08961e-02      -4.88533e-07
  222              -6.03294e-04      -1.08961e-02       4.88533e-07
  223              -3.01529e-04      -1.08952e-02      -2.43861e-07
  224              -3.01529e-04      -1.08952e-02       2.43861e-07
  225               1.36317e-15      -1.08949e-02       1.31187e-13
  226              -1.18125e-15      -1.08949e-02       1.31185e-13
  227               3.01529e-04      -1.08952e-02       2.43861e-07
  228               3.01529e-04      -1.08952e-02      -2.43861e-07
  229               6.03294e-04      -1.08961e-02       4.88533e-07
  230               6.03294e-04      -1.08961e-02      -4.88533e-07
  231               9.05526e-04      -1.08977e-02       7.28857e-07
  232               9.05526e-04      -1.08977e-02      -7.28857e-07
  233               1.20846e-03      -1.08998e-02       9.94126e-07
  234               1.20846e-03      -1.08998e-02      -9.94126e-07
  235              -1.24405e-03      -1.24399e-02      -7.44510e-07
  236              -1.24405e-03      -1.24399e-02       7.44511e-07
  237              -9.32213e-04      -1.24383e-02      -5.46927e-07
  238              -9.32213e-04      -1.24383e-02       5.46928e-07
  239              -6.21085e-04      -1.24372e-02      -3.66872e-07
  240              -6.21085e-04      -1.24372e-02       3.66873e-07
  241              -3.10426e-04      -1.24365e-02      -1.83229e-07
  242              -3.10426e-04      -1.24365e-02       1.83229e-07
  243               1.36490e-15      -1.24363e-02       1.47000e-13
  244              -1.14978e-15      -1.24363e-02       1.47009e-13
  245               3.10426e-04      -1.24365e-02       1.83229e-07
  246               3.10426e-04      -1.24365e-02      -1.83229e-07
  247               6.21085e-04      -1.24372e-02       3.66872e-07
  248               6.21085e-04      -1.24372e-02      -3.66872e-07
  249               9.32213e-04      -1.24383e-02       5.46928e-07
  250               9.32213e-04      -1.24383e-02      -5.46927e-07
  251               1.24405e-03      -1.24399e-02       7.44511e-07
  252               1.24405e-03      -1.24399e-02      -7.44510e-07
  253              -1.26945e-03      -1.40182e-02      -4.98018e-07
  254              -1.26945e-03      -1.40182e-02       4.98019e-07
  255              -9.51302e-04      -1.40171e-02      -3.64066e-07
  256              -9.51302e-04      -1.40171e-02       3.64067e-07
  257              -6.33824e-04      -1.40164e-02      -2.43356e-07
  258              -6.33824e-04      -1.40164e-02       2.43357e-07
  259              -3.16798e-04      -1.40159e-02      -1.21307e-07
  260              -3.16798e-04      -1.40159e-02       1.21307e-07
  261               1.36588e-15      -1.40158e-02       1.62608e-13
  262              -1.11361e-15      -1.40158e-02       1.62609e-13
  263               3.16798e-04      -1.40159e-02       1.21307e-07
  264               3.16798e-04      -1.40159e-02      -1.21307e-07
  265               6.33824e-04      -1.40164e-02       2.43356e-07
  266               6.33824e-04      -1.40164e-02      -2.43356e-07
  267               9.51302e-04      -1.40171e-02       3.64067e-07
  268               9.51302e-04      -1.40171e-02      -3.64066e-07
  269               1.26945e-03      -1.40182e-02       4.98019e-07
  270               1.26945e-03      -1.40182e-02      -4.98018e-07
  271              -1.28471e-03      -1.56217e-02      -2.46158e-07
  272              -1.28471e-03      -1.56217e-02       2.46159e-07
  273              -9.62640e-04      -1.56213e-02      -1.82007e-07
  274              -9.62640e-04      -1.56213e-02       1.82007e-07
  275              -6.41324e-04      -1.56210e-02      -1.24362e-07
  276              -6.41324e-04      -1.56210e-02       1.24363e-07
  277              -3.20529e-04      -1.56208e-02      -6.24429e-08
  278              -3.20529e-04      -1.56208e-02       6.24433e-08
  279               1.34734e-15      -1.56208e-02       1.78018e-13
  280              -1.10780e-15      -1.56208e-02       1.78017e-13
  281               3.20529e-04      -1.56208e-02       6.24433e-08
  282               3.20529e-04      -1.56208e-02      -6.24429e-08
  283               6.41324e-04      -1.56210e-02       1.24363e-07
  284               6.41324e-04      -1.56210e-02      -1.24362e-07
  285               9.62640e-04      -1.56213e-02       1.82007e-07
  286               9.62640e-04      -1.56213e-02      -1.82007e-07
  287               1.28471e-03      -1.56217e-02       2.46159e-07
  288               1.28471e-03      -1.56217e-02      -2.46158e-07
  289              -1.29037e-03      -1.72395e-02      -4.84626e-08
  290              -1.29037e-03      -1.72395e-02       4.84632e-08
  291              -9.66821e-04      -1.72390e-02      -1.37454e-08
  292              -9.66821e-04      -1.72390e-02       1.37459e-08
  293              -6.44092e-04      -1.72385e-02       9.51382e-09
  294              -6.44092e-04      -1.72385e-02      -9.51336e-09
  295              -3.21909e-04      -1.72382e-02       9.18554e-09
  296              -3.21909e-04      -1.72382e-02      -9.18511e-09
  297               1.34484e-15      -1.72381e-02       1.93340e-13
  298              -1.10632e-15      -1.72381e-02       1.93346e-13
  299               3.21909e-04      -1.72382e-02      -9.18515e-09
  300               3.21909e-04      -1.72382e-02       9.18550e-09
  301               6.44092e-04      -1.72385e-02      -9.51343e-09
  302               6.44092e-04      -1.72385e-02       9.51375e-09
  303               9.66821e-04      -1.72390e-02       1.37458e-08
  304               9.66821e-04      -1.72390e-02      -1.37455e-08
  305               1.29037e-03      -1.72395e-02       4.84630e-08
  306               1.29037e-03      -1.72395e-02      -4.84628e-08

 S T R E S S  C A L C U L A T I O N S  F O R  E L E M E N T  G R O U P    1

  ELEMENT          SIGMA-X          SIGMA-Y          SIGMA-Z
                    TAU-XY           TAU-YZ           TAU-ZX
  NUMBER
    1      -4.50842e+07      -8.29722e+06      -8.07166e+06
           -1.39848e+06      -6.79320e-07       1.73515e-05
    2      -3.16134e+07      -5.86324e+06      -5.59977e+06
           -1.11623e+06      -1.73837e-07       1.27092e-05
    3      -1.87674e+07      -3.51739e+06      -3.26942e+06
           -8.25558e+05       7.43304e-07       1.06442e-05
    4      -6.22749e+06      -1.17418e+06      -1.08069e+06
           -6.59739e+05       1.43633e-06       6.73702e-06
    5       6.22749e+06       1.17418e+06       1.08069e+06
           -6.59739e+05       1.78538e-06       2.41080e-06
    6       1.87674e+07       3.51739e+06       3.26942e+06
           -8.25558e+05       1.82386e-06      -2.82363e-06
    7       3.16134e+07       5.86324e+06       5.59977e+06
           -1.11623e+06       1.33955e-06      -8.20140e-06
    8       4.50842e+07       8.29722e+06       8.07166e+06
           -1.39848e+06       2.32348e-07      -2.17585e-05
    9      -4.08428e+07       1.69603e+06       1.87149e+06
            9.09448e+04      -5.95920e-07       2.17882e-05
   10      -2.97604e+07       9.49185e+05       1.02664e+06
           -8.75857e+05       1.55593e-07       5.58462e-06
   11      -1.79943e+07       4.83425e+05       5.82172e+05
           -1.46813e+06       1.02686e-06       5.36658e-06
   12      -6.01676e+06       1.48157e+05       1.85173e+05
           -1.74695e+06       1.71364e-06       3.07147e-06
   13       6.01676e+06      -1.48157e+05      -1.85173e+05
           -1.74695e+06       2.10439e-06       9.76291e-07
   14       1.79943e+07      -4.83425e+05      -5.82172e+05
           -1.46813e+06       2.02402e-06      -1.56739e-06
   15       2.97604e+07      -9.49185e+05      -1.02664e+06
           -8.75857e+05       1.37291e-06      -1.48970e-06
   16       4.08428e+07      -1.69603e+06      -1.87149e+06
            9.09448e+04       1.44777e-07      -1.68766e-05
   17      -3.85124e+07      -3.36259e+05      -2.93205e+05
           -5.58546e+05      -1.82438e-08       2.15192e-05
   18      -2.73603e+07      -6.20654e+04      -1.92228e+05
           -8.91280e+05       4.49709e-07       2.56384e-06
   19      -1.63968e+07       1.27504e+04      -8.33149e+04
           -1.19065e+06       6.35193e-07       3.80194e-06
   20      -5.46722e+06       1.10115e+04      -2.77941e+04
           -1.35953e+06       6.89289e-07       2.11843e-06
   21       5.46722e+06      -1.10115e+04       2.77941e+04
           -1.35953e+06       6.38142e-07       1.19719e-06
   22       1.63968e+07      -1.27504e+04       8.33149e+04
           -1.19065e+06       5.16560e-07      -5.72562e-09
   23       2.73603e+07       6.20654e+04       1.92228e+05
           -8.91280e+05      -4.69126e-08       1.95596e-06
   24       3.85124e+07       3.36259e+05       2.93205e+05
           -5.58546e+05      -2.12149e-07      -1.60571e-05
   25      -3.55385e+07       6.46644e+04       1.92531e+05
           -4.09848e+05      -3.75301e-08       2.07341e-05
   26      -2.54507e+07      -2.05779e+04       8.35457e+03
           -9.37545e+05       2.97113e-07       5.72741e-07
   27      -1.52568e+07      -2.33776e+04       1.87440e+04
           -1.25129e+06       9.25823e-07       3.09079e-06
   28      -5.08341e+06      -8.55606e+03       4.86967e+03
           -1.40132e+06       7.11247e-07       2.30022e-06
   29       5.08341e+06       8.55606e+03      -4.86967e+03
           -1.40132e+06       3.31776e-07       2.14292e-06
   30       1.52568e+07       2.33776e+04      -1.87440e+04
           -1.25129e+06       5.78589e-07       1.21369e-06
   31       2.54507e+07       2.05779e+04      -8.35457e+03
           -9.37545e+05       3.28388e-08       3.72644e-06
   32       3.55385e+07      -6.46644e+04      -1.92531e+05
           -4.09848e+05      -8.34002e-08      -1.63998e-05
   33      -3.27177e+07      -1.19930e+04       6.98889e+04
           -4.32415e+05       9.48677e-08       2.03840e-05
   34      -2.33874e+07       9.88863e+03      -2.05136e+04
           -9.11978e+05       3.11708e-07      -1.09651e-06
   35      -1.40345e+07       5.43732e+03      -1.82451e+03
           -1.24424e+06       1.21647e-07       2.51854e-06
   36      -4.67980e+06       1.28325e+03      -2.70954e+03
           -1.41137e+06       2.40297e-07       2.17833e-06
   37       4.67980e+06      -1.28325e+03       2.70954e+03
           -1.41137e+06      -1.54290e-07       2.23930e-06
   38       1.40345e+07      -5.43732e+03       1.82451e+03
           -1.24424e+06      -9.38252e-09       1.83502e-06
   39       2.33874e+07      -9.88863e+03       2.05136e+04
           -9.11978e+05       1.77225e-08       5.05385e-06
   40       3.27177e+07       1.19930e+04      -6.98889e+04
           -4.32415e+05       1.60545e-07      -1.72893e-05
   41      -2.98698e+07       2.11936e+03       8.80834e+04
           -4.30660e+05      -2.08500e-08       2.21252e-05
   42      -2.13589e+07      -2.65472e+03      -1.42290e+04
           -9.20364e+05      -4.48797e-07      -7.45918e-07
   43      -1.28098e+07      -1.98189e+02       4.53308e+03
           -1.24355e+06      -5.71421e-07       3.09000e-06
   44      -4.27009e+06       2.81334e+02       2.39202e+02
           -1.40543e+06      -3.35164e-07       2.91898e-06
   45       4.27009e+06      -2.81334e+02      -2.39202e+02
           -1.40543e+06      -4.77987e-07       3.08383e-06
   46       1.28098e+07       1.98189e+02      -4.53308e+03
           -1.24355e+06      -6.97434e-07       1.89090e-06
   47       2.13589e+07       2.65472e+03       1.42290e+04
           -9.20364e+05      -2.75221e-07       5.37599e-06
   48       2.98698e+07      -2.11936e+03      -8.80834e+04
           -4.30660e+05      -3.54451e-07      -1.63489e-05
   49      -2.70252e+07      -3.50843e+02       7.43806e+04
           -4.30451e+05       7.06816e-07       2.67769e-05
   50      -1.93238e+07       5.69329e+02      -1.37522e+04
           -9.18341e+05      -2.96592e-07       1.09514e-06
   51      -1.15916e+07      -3.20013e+02       1.83832e+03
           -1.24425e+06      -4.62936e-07       4.34433e-06
   52      -3.86432e+06      -2.25087e+02      -7.78091e+02
           -1.40695e+06      -6.96913e-07       3.63394e-06
   53       3.86432e+06       2.25087e+02       7.78091e+02
           -1.40695e+06      -1.20826e-06       4.47588e-06
   54       1.15916e+07       3.20013e+02      -1.83832e+03
           -1.24425e+06      -9.39294e-07       4.80156e-06
   55       1.93238e+07      -5.69329e+02       1.37522e+04
           -9.18341e+05      -9.96632e-07       8.03895e-06
   56       2.70252e+07       3.50843e+02      -7.43806e+04
           -4.30451e+05      -2.04330e-07      -1.89610e-05
   57      -2.41805e+07       5.44146e+01       6.76886e+04
           -4.30571e+05       1.27185e-07       2.95416e-05
   58      -1.72899e+07      -1.13914e+02      -1.20989e+04
           -9.18709e+05      -2.70529e-07       1.16499e-06
   59      -1.03710e+07       1.50496e+02       2.37779e+03
           -1.24398e+06      -2.54875e-07       4.77642e-06
   60      -3.45736e+06       7.64794e+01      -3.97265e+02
           -1.40674e+06      -8.75702e-07       3.15648e-06
   61       3.45736e+06      -7.64794e+01       3.97265e+02
           -1.40674e+06      -1.70136e-06       1.90653e-06
   62       1.03710e+07      -1.50496e+02      -2.37779e+03
           -1.24398e+06       1.87650e-08       3.96574e-07
   63       1.72899e+07       1.13914e+02       1.20989e+04
           -9.18709e+05      -1.50954e-06       4.93897e-06
   64       2.41805e+07      -5.44146e+01      -6.76886e+04
           -4.30571e+05      -4.67041e-07      -1.92688e-05
   65      -2.13357e+07      -1.31141e+01       5.94770e+04
           -4.30537e+05      -9.48677e-07       2.97568e-05
   66      -1.52558e+07       2.99914e+01      -1.07193e+04
           -9.18669e+05      -5.99439e-07       1.48765e-06
   67      -9.15097e+06      -4.82906e+01       1.89123e+03
           -1.24406e+06      -1.43895e-06       5.46360e-06
   68      -3.05063e+06      -2.01460e+01      -4.23965e+02
           -1.40673e+06      -6.92221e-07       4.67846e-06
   69       3.05063e+06       2.01459e+01       4.23965e+02
           -1.40673e+06      -4.91018e-07       4.69689e-06
   70       9.15097e+06       4.82906e+01      -1.89123e+03
           -1.24406e+06       2.39775e-07       3.53492e-06
   71       1.52558e+07      -2.99914e+01       1.07193e+04
           -9.18669e+05      -7.71452e-07       6.15577e-06
   72       2.13357e+07       1.31141e+01      -5.94770e+04
           -4.30537e+05      -5.42101e-07      -2.41577e-05
   73      -1.84909e+07       2.90903e+01       5.16252e+04
           -4.30548e+05      -1.27394e-06       2.90979e-05
   74      -1.32217e+07      -4.00544e+01      -9.31161e+03
           -9.18642e+05       4.03448e-07      -1.84112e-07
   75      -7.93080e+06       8.96736e+00       1.68979e+03
           -1.24405e+06      -9.53963e-07       3.13815e-06
   76      -2.64387e+06       7.28942e+00      -3.50472e+02
           -1.40676e+06       6.95870e-07       2.39851e-06
   77       2.64387e+06      -7.28942e+00       3.50472e+02
           -1.40676e+06       1.42197e-06       1.97075e-06
   78       7.93080e+06      -8.96736e+00      -1.68979e+03
           -1.24405e+06       2.16840e-07       5.13750e-07
   79       1.32217e+07       4.00544e+01       9.31161e+03
           -9.18642e+05       5.67121e-07       4.78384e-06
   80       1.84909e+07      -2.90903e+01      -5.16252e+04
           -4.30548e+05       5.08741e-07      -1.96774e-05
   81      -1.56462e+07      -1.37059e+02       4.35478e+04
           -4.30518e+05      -5.02486e-07       2.81963e-05
   82      -1.11875e+07       1.55748e+02      -7.74354e+03
           -9.18765e+05      -6.56776e-07      -2.48954e-07
   83      -6.71074e+06       8.78169e+01       1.47034e+03
           -1.24405e+06       7.73968e-07       2.06532e-06
   84      -2.23716e+06       2.21341e+01      -2.89278e+02
           -1.40667e+06       1.41780e-06      -5.01965e-08
   85       2.23716e+06      -2.21341e+01       2.89278e+02
           -1.40667e+06       1.54082e-06       2.71071e-08
   86       6.71074e+06      -8.78169e+01      -1.47034e+03
           -1.24405e+06       1.23432e-06       2.16845e-07
   87       1.11875e+07      -1.55748e+02       7.74354e+03
           -9.18765e+05      -2.58541e-07       3.56120e-06
   88       1.56462e+07       1.37059e+02      -4.35478e+04
           -4.30518e+05      -1.16760e-07      -2.60242e-05
   89      -1.28012e+07       6.62301e+02       3.61713e+04
           -4.30816e+05       1.77017e-06       2.28045e-05
   90      -9.15382e+06      -4.90115e+02      -6.82878e+03
           -9.18372e+05      -9.59102e-08       2.45780e-06
   91      -5.49064e+06      -5.05344e+02       8.39186e+02
           -1.24394e+06      -1.39253e-06       6.49348e-06
   92      -1.83036e+06      -1.88854e+02      -3.58123e+02
           -1.40687e+06      -4.95188e-07       4.84449e-06
   93       1.83036e+06       1.88854e+02       3.58123e+02
           -1.40687e+06       1.46993e-06       3.20716e-06
   94       5.49064e+06       5.05344e+02      -8.39186e+02
           -1.24394e+06      -6.31756e-07      -1.73886e-07
   95       9.15382e+06       4.90115e+02       6.82878e+03
           -9.18372e+05      -9.06977e-07       1.67593e-06
   96       1.28012e+07      -6.62301e+02      -3.61713e+04
           -4.30816e+05      -5.58781e-07      -2.43145e-05
   97      -9.95808e+06      -3.18355e+03       2.60419e+04
           -4.28644e+05       5.12911e-07       2.11011e-05
   98      -7.11770e+06       3.69194e+02      -4.00815e+03
           -9.19089e+05       6.57819e-07      -3.23739e-06
   99      -4.26913e+06       1.22519e+03       2.12288e+03
           -1.24487e+06       2.18192e-08      -6.41543e-07
  100      -1.42320e+06       5.68435e+02       2.99581e+02
           -1.40740e+06      -1.33857e-06       4.21433e-07
  101       1.42320e+06      -5.68435e+02      -2.99581e+02
           -1.40740e+06      -2.24346e-06       6.93891e-07
  102       4.26913e+06      -1.22519e+03      -2.12288e+03
           -1.24487e+06      -9.94547e-07       9.54969e-08
  103       7.11770e+06      -3.69194e+02       4.00815e+03
           -9.19089e+05      -5.54611e-07       2.53287e-06
  104       9.95808e+06       3.18355e+03      -2.60419e+04
           -4.28644e+05      -5.50441e-07      -1.99527e-05
  105      -7.10605e+06       1.52116e+04       2.62708e+04
           -4.40039e+05      -6.12991e-07       1.78234e-05
  106      -5.09106e+06       8.25994e+03      -3.61831e+03
           -9.20028e+05      -2.31644e-06       2.33479e-06
  107      -3.05716e+06       3.31972e+03      -1.38860e+03
           -1.23990e+06      -2.41261e-06       4.33060e-06
  108      -1.01964e+06       7.81060e+02      -1.12151e+03
           -1.40004e+06      -3.26199e-06       9.93024e-07
  109       1.01964e+06      -7.81060e+02       1.12151e+03
           -1.40004e+06       1.25100e-07      -4.83720e-07
  110       3.05716e+06      -3.31972e+03       1.38860e+03
           -1.23990e+06       1.47201e-06      -5.47937e-07
  111       5.09106e+06      -8.25994e+03       3.61831e+03
           -9.20028e+05      -1.79727e-06       3.58871e-06
  112       7.10605e+06      -1.52116e+04      -2.62708e+04
           -4.40039e+05      -1.22598e-06      -1.04901e-05
  113      -4.28185e+06      -7.18778e+04      -1.58680e+04
           -3.99318e+05       9.59102e-08       1.04292e-05
  114      -3.04108e+06      -7.04840e+04      -1.96776e+04
           -9.08617e+05       2.98885e-06      -7.59338e-06
  115      -1.81378e+06      -4.90697e+04      -7.38476e+03
           -1.25751e+06       1.07893e-06      -5.69518e-06
  116      -6.02826e+05      -1.74076e+04      -2.32018e+03
           -1.43455e+06      -1.07899e-06      -3.29687e-06
  117       6.02826e+05       1.74076e+04       2.32018e+03
           -1.43455e+06       2.13296e-06      -1.02207e-06
  118       1.81378e+06       4.90697e+04       7.38476e+03
           -1.25751e+06      -2.44154e-06      -1.02957e-06
  119       3.04108e+06       7.04840e+04       1.96776e+04
           -9.08617e+05      -2.17674e-06       3.35270e-07
  120       4.28185e+06       7.18778e+04       1.58680e+04
           -3.99318e+05      -4.43689e-06      -1.13157e-05
  121      -1.42571e+06       3.31997e+05       1.62260e+05
           -4.53930e+05      -3.81139e-06      -7.06400e-06
  122      -9.74472e+05       3.38355e+05       1.19767e+05
           -9.27149e+05       8.72574e-07      -6.32945e-06
  123      -5.69908e+05       2.43164e+05       7.00835e+04
           -1.23401e+06      -4.87740e-06      -2.60239e-06
  124      -1.87574e+05       8.77186e+04       2.33012e+04
           -1.38491e+06      -5.78589e-07      -1.60806e-06
  125       1.87574e+05      -8.77186e+04      -2.33012e+04
           -1.38491e+06      -1.08212e-06      -6.88049e-08
  126       5.69908e+05      -2.43164e+05      -7.00835e+04
           -1.23401e+06      -4.33264e-06       2.17424e-06
  127       9.74472e+05      -3.38355e+05      -1.19767e+05
           -9.27149e+05       1.92446e-06       7.06108e-06
  128       1.42571e+06      -3.31997e+05      -1.62260e+05
           -4.53930e+05       6.67201e-08      -7.33920e-07


 S O L U T I O N   T I M E   L O G   I N   S E C 

     TIME FOR INPUT PHASE = 1.80000e-02
     TIME FOR CALCULATION OF STIFFNESS MATRIX = 6.00000e-03
     TIME FOR FACTORIZATION AND LOAD CASE SOLUTIONS = 1.00000e-02

     T O T A L   S O L U T I O N   T I M E = 3.40000e-02

