TITLE : Q4R Cantilever Convergence Test 16x8 Mesh
        (1:50:38 on June 2, 2026, Tuesday)

C O N T R O L   I N F O R M A T I O N

      NUMBER OF NODAL POINTS . . . . . . . . . . (NUMNP)  =   153
      NUMBER OF ELEMENT GROUPS . . . . . . . . . (NUMEG)  =     1
      NUMBER OF LOAD CASES . . . . . . . . . . . (NLCASE) =     1
      SOLUTION MODE  . . . . . . . . . . . . . . (MODEX)  =     1
         EQ.0, DATA CHECK
         EQ.1, EXECUTION

 N O D A L   P O I N T   D A T A

    NODE       BOUNDARY                         NODAL POINT
   NUMBER  CONDITION  CODES                     COORDINATES
        1    1    1    1       0.00000e+00    0.00000e+00    0.00000e+00
        2    0    0    1       6.25000e-01    0.00000e+00    0.00000e+00
        3    0    0    1       1.25000e+00    0.00000e+00    0.00000e+00
        4    0    0    1       1.87500e+00    0.00000e+00    0.00000e+00
        5    0    0    1       2.50000e+00    0.00000e+00    0.00000e+00
        6    0    0    1       3.12500e+00    0.00000e+00    0.00000e+00
        7    0    0    1       3.75000e+00    0.00000e+00    0.00000e+00
        8    0    0    1       4.37500e+00    0.00000e+00    0.00000e+00
        9    0    0    1       5.00000e+00    0.00000e+00    0.00000e+00
       10    0    0    1       5.62500e+00    0.00000e+00    0.00000e+00
       11    0    0    1       6.25000e+00    0.00000e+00    0.00000e+00
       12    0    0    1       6.87500e+00    0.00000e+00    0.00000e+00
       13    0    0    1       7.50000e+00    0.00000e+00    0.00000e+00
       14    0    0    1       8.12500e+00    0.00000e+00    0.00000e+00
       15    0    0    1       8.75000e+00    0.00000e+00    0.00000e+00
       16    0    0    1       9.37500e+00    0.00000e+00    0.00000e+00
       17    0    0    1       1.00000e+01    0.00000e+00    0.00000e+00
       18    1    1    1       0.00000e+00    1.25000e-01    0.00000e+00
       19    0    0    1       6.25000e-01    1.25000e-01    0.00000e+00
       20    0    0    1       1.25000e+00    1.25000e-01    0.00000e+00
       21    0    0    1       1.87500e+00    1.25000e-01    0.00000e+00
       22    0    0    1       2.50000e+00    1.25000e-01    0.00000e+00
       23    0    0    1       3.12500e+00    1.25000e-01    0.00000e+00
       24    0    0    1       3.75000e+00    1.25000e-01    0.00000e+00
       25    0    0    1       4.37500e+00    1.25000e-01    0.00000e+00
       26    0    0    1       5.00000e+00    1.25000e-01    0.00000e+00
       27    0    0    1       5.62500e+00    1.25000e-01    0.00000e+00
       28    0    0    1       6.25000e+00    1.25000e-01    0.00000e+00
       29    0    0    1       6.87500e+00    1.25000e-01    0.00000e+00
       30    0    0    1       7.50000e+00    1.25000e-01    0.00000e+00
       31    0    0    1       8.12500e+00    1.25000e-01    0.00000e+00
       32    0    0    1       8.75000e+00    1.25000e-01    0.00000e+00
       33    0    0    1       9.37500e+00    1.25000e-01    0.00000e+00
       34    0    0    1       1.00000e+01    1.25000e-01    0.00000e+00
       35    1    1    1       0.00000e+00    2.50000e-01    0.00000e+00
       36    0    0    1       6.25000e-01    2.50000e-01    0.00000e+00
       37    0    0    1       1.25000e+00    2.50000e-01    0.00000e+00
       38    0    0    1       1.87500e+00    2.50000e-01    0.00000e+00
       39    0    0    1       2.50000e+00    2.50000e-01    0.00000e+00
       40    0    0    1       3.12500e+00    2.50000e-01    0.00000e+00
       41    0    0    1       3.75000e+00    2.50000e-01    0.00000e+00
       42    0    0    1       4.37500e+00    2.50000e-01    0.00000e+00
       43    0    0    1       5.00000e+00    2.50000e-01    0.00000e+00
       44    0    0    1       5.62500e+00    2.50000e-01    0.00000e+00
       45    0    0    1       6.25000e+00    2.50000e-01    0.00000e+00
       46    0    0    1       6.87500e+00    2.50000e-01    0.00000e+00
       47    0    0    1       7.50000e+00    2.50000e-01    0.00000e+00
       48    0    0    1       8.12500e+00    2.50000e-01    0.00000e+00
       49    0    0    1       8.75000e+00    2.50000e-01    0.00000e+00
       50    0    0    1       9.37500e+00    2.50000e-01    0.00000e+00
       51    0    0    1       1.00000e+01    2.50000e-01    0.00000e+00
       52    1    1    1       0.00000e+00    3.75000e-01    0.00000e+00
       53    0    0    1       6.25000e-01    3.75000e-01    0.00000e+00
       54    0    0    1       1.25000e+00    3.75000e-01    0.00000e+00
       55    0    0    1       1.87500e+00    3.75000e-01    0.00000e+00
       56    0    0    1       2.50000e+00    3.75000e-01    0.00000e+00
       57    0    0    1       3.12500e+00    3.75000e-01    0.00000e+00
       58    0    0    1       3.75000e+00    3.75000e-01    0.00000e+00
       59    0    0    1       4.37500e+00    3.75000e-01    0.00000e+00
       60    0    0    1       5.00000e+00    3.75000e-01    0.00000e+00
       61    0    0    1       5.62500e+00    3.75000e-01    0.00000e+00
       62    0    0    1       6.25000e+00    3.75000e-01    0.00000e+00
       63    0    0    1       6.87500e+00    3.75000e-01    0.00000e+00
       64    0    0    1       7.50000e+00    3.75000e-01    0.00000e+00
       65    0    0    1       8.12500e+00    3.75000e-01    0.00000e+00
       66    0    0    1       8.75000e+00    3.75000e-01    0.00000e+00
       67    0    0    1       9.37500e+00    3.75000e-01    0.00000e+00
       68    0    0    1       1.00000e+01    3.75000e-01    0.00000e+00
       69    1    1    1       0.00000e+00    5.00000e-01    0.00000e+00
       70    0    0    1       6.25000e-01    5.00000e-01    0.00000e+00
       71    0    0    1       1.25000e+00    5.00000e-01    0.00000e+00
       72    0    0    1       1.87500e+00    5.00000e-01    0.00000e+00
       73    0    0    1       2.50000e+00    5.00000e-01    0.00000e+00
       74    0    0    1       3.12500e+00    5.00000e-01    0.00000e+00
       75    0    0    1       3.75000e+00    5.00000e-01    0.00000e+00
       76    0    0    1       4.37500e+00    5.00000e-01    0.00000e+00
       77    0    0    1       5.00000e+00    5.00000e-01    0.00000e+00
       78    0    0    1       5.62500e+00    5.00000e-01    0.00000e+00
       79    0    0    1       6.25000e+00    5.00000e-01    0.00000e+00
       80    0    0    1       6.87500e+00    5.00000e-01    0.00000e+00
       81    0    0    1       7.50000e+00    5.00000e-01    0.00000e+00
       82    0    0    1       8.12500e+00    5.00000e-01    0.00000e+00
       83    0    0    1       8.75000e+00    5.00000e-01    0.00000e+00
       84    0    0    1       9.37500e+00    5.00000e-01    0.00000e+00
       85    0    0    1       1.00000e+01    5.00000e-01    0.00000e+00
       86    1    1    1       0.00000e+00    6.25000e-01    0.00000e+00
       87    0    0    1       6.25000e-01    6.25000e-01    0.00000e+00
       88    0    0    1       1.25000e+00    6.25000e-01    0.00000e+00
       89    0    0    1       1.87500e+00    6.25000e-01    0.00000e+00
       90    0    0    1       2.50000e+00    6.25000e-01    0.00000e+00
       91    0    0    1       3.12500e+00    6.25000e-01    0.00000e+00
       92    0    0    1       3.75000e+00    6.25000e-01    0.00000e+00
       93    0    0    1       4.37500e+00    6.25000e-01    0.00000e+00
       94    0    0    1       5.00000e+00    6.25000e-01    0.00000e+00
       95    0    0    1       5.62500e+00    6.25000e-01    0.00000e+00
       96    0    0    1       6.25000e+00    6.25000e-01    0.00000e+00
       97    0    0    1       6.87500e+00    6.25000e-01    0.00000e+00
       98    0    0    1       7.50000e+00    6.25000e-01    0.00000e+00
       99    0    0    1       8.12500e+00    6.25000e-01    0.00000e+00
      100    0    0    1       8.75000e+00    6.25000e-01    0.00000e+00
      101    0    0    1       9.37500e+00    6.25000e-01    0.00000e+00
      102    0    0    1       1.00000e+01    6.25000e-01    0.00000e+00
      103    1    1    1       0.00000e+00    7.50000e-01    0.00000e+00
      104    0    0    1       6.25000e-01    7.50000e-01    0.00000e+00
      105    0    0    1       1.25000e+00    7.50000e-01    0.00000e+00
      106    0    0    1       1.87500e+00    7.50000e-01    0.00000e+00
      107    0    0    1       2.50000e+00    7.50000e-01    0.00000e+00
      108    0    0    1       3.12500e+00    7.50000e-01    0.00000e+00
      109    0    0    1       3.75000e+00    7.50000e-01    0.00000e+00
      110    0    0    1       4.37500e+00    7.50000e-01    0.00000e+00
      111    0    0    1       5.00000e+00    7.50000e-01    0.00000e+00
      112    0    0    1       5.62500e+00    7.50000e-01    0.00000e+00
      113    0    0    1       6.25000e+00    7.50000e-01    0.00000e+00
      114    0    0    1       6.87500e+00    7.50000e-01    0.00000e+00
      115    0    0    1       7.50000e+00    7.50000e-01    0.00000e+00
      116    0    0    1       8.12500e+00    7.50000e-01    0.00000e+00
      117    0    0    1       8.75000e+00    7.50000e-01    0.00000e+00
      118    0    0    1       9.37500e+00    7.50000e-01    0.00000e+00
      119    0    0    1       1.00000e+01    7.50000e-01    0.00000e+00
      120    1    1    1       0.00000e+00    8.75000e-01    0.00000e+00
      121    0    0    1       6.25000e-01    8.75000e-01    0.00000e+00
      122    0    0    1       1.25000e+00    8.75000e-01    0.00000e+00
      123    0    0    1       1.87500e+00    8.75000e-01    0.00000e+00
      124    0    0    1       2.50000e+00    8.75000e-01    0.00000e+00
      125    0    0    1       3.12500e+00    8.75000e-01    0.00000e+00
      126    0    0    1       3.75000e+00    8.75000e-01    0.00000e+00
      127    0    0    1       4.37500e+00    8.75000e-01    0.00000e+00
      128    0    0    1       5.00000e+00    8.75000e-01    0.00000e+00
      129    0    0    1       5.62500e+00    8.75000e-01    0.00000e+00
      130    0    0    1       6.25000e+00    8.75000e-01    0.00000e+00
      131    0    0    1       6.87500e+00    8.75000e-01    0.00000e+00
      132    0    0    1       7.50000e+00    8.75000e-01    0.00000e+00
      133    0    0    1       8.12500e+00    8.75000e-01    0.00000e+00
      134    0    0    1       8.75000e+00    8.75000e-01    0.00000e+00
      135    0    0    1       9.37500e+00    8.75000e-01    0.00000e+00
      136    0    0    1       1.00000e+01    8.75000e-01    0.00000e+00
      137    1    1    1       0.00000e+00    1.00000e+00    0.00000e+00
      138    0    0    1       6.25000e-01    1.00000e+00    0.00000e+00
      139    0    0    1       1.25000e+00    1.00000e+00    0.00000e+00
      140    0    0    1       1.87500e+00    1.00000e+00    0.00000e+00
      141    0    0    1       2.50000e+00    1.00000e+00    0.00000e+00
      142    0    0    1       3.12500e+00    1.00000e+00    0.00000e+00
      143    0    0    1       3.75000e+00    1.00000e+00    0.00000e+00
      144    0    0    1       4.37500e+00    1.00000e+00    0.00000e+00
      145    0    0    1       5.00000e+00    1.00000e+00    0.00000e+00
      146    0    0    1       5.62500e+00    1.00000e+00    0.00000e+00
      147    0    0    1       6.25000e+00    1.00000e+00    0.00000e+00
      148    0    0    1       6.87500e+00    1.00000e+00    0.00000e+00
      149    0    0    1       7.50000e+00    1.00000e+00    0.00000e+00
      150    0    0    1       8.12500e+00    1.00000e+00    0.00000e+00
      151    0    0    1       8.75000e+00    1.00000e+00    0.00000e+00
      152    0    0    1       9.37500e+00    1.00000e+00    0.00000e+00
      153    0    0    1       1.00000e+01    1.00000e+00    0.00000e+00

 EQUATION NUMBERS

   NODE NUMBER   DEGREES OF FREEDOM
        N           X    Y    Z
        1           0    0    0
        2           1    2    0
        3           3    4    0
        4           5    6    0
        5           7    8    0
        6           9   10    0
        7          11   12    0
        8          13   14    0
        9          15   16    0
       10          17   18    0
       11          19   20    0
       12          21   22    0
       13          23   24    0
       14          25   26    0
       15          27   28    0
       16          29   30    0
       17          31   32    0
       18           0    0    0
       19          33   34    0
       20          35   36    0
       21          37   38    0
       22          39   40    0
       23          41   42    0
       24          43   44    0
       25          45   46    0
       26          47   48    0
       27          49   50    0
       28          51   52    0
       29          53   54    0
       30          55   56    0
       31          57   58    0
       32          59   60    0
       33          61   62    0
       34          63   64    0
       35           0    0    0
       36          65   66    0
       37          67   68    0
       38          69   70    0
       39          71   72    0
       40          73   74    0
       41          75   76    0
       42          77   78    0
       43          79   80    0
       44          81   82    0
       45          83   84    0
       46          85   86    0
       47          87   88    0
       48          89   90    0
       49          91   92    0
       50          93   94    0
       51          95   96    0
       52           0    0    0
       53          97   98    0
       54          99  100    0
       55         101  102    0
       56         103  104    0
       57         105  106    0
       58         107  108    0
       59         109  110    0
       60         111  112    0
       61         113  114    0
       62         115  116    0
       63         117  118    0
       64         119  120    0
       65         121  122    0
       66         123  124    0
       67         125  126    0
       68         127  128    0
       69           0    0    0
       70         129  130    0
       71         131  132    0
       72         133  134    0
       73         135  136    0
       74         137  138    0
       75         139  140    0
       76         141  142    0
       77         143  144    0
       78         145  146    0
       79         147  148    0
       80         149  150    0
       81         151  152    0
       82         153  154    0
       83         155  156    0
       84         157  158    0
       85         159  160    0
       86           0    0    0
       87         161  162    0
       88         163  164    0
       89         165  166    0
       90         167  168    0
       91         169  170    0
       92         171  172    0
       93         173  174    0
       94         175  176    0
       95         177  178    0
       96         179  180    0
       97         181  182    0
       98         183  184    0
       99         185  186    0
      100         187  188    0
      101         189  190    0
      102         191  192    0
      103           0    0    0
      104         193  194    0
      105         195  196    0
      106         197  198    0
      107         199  200    0
      108         201  202    0
      109         203  204    0
      110         205  206    0
      111         207  208    0
      112         209  210    0
      113         211  212    0
      114         213  214    0
      115         215  216    0
      116         217  218    0
      117         219  220    0
      118         221  222    0
      119         223  224    0
      120           0    0    0
      121         225  226    0
      122         227  228    0
      123         229  230    0
      124         231  232    0
      125         233  234    0
      126         235  236    0
      127         237  238    0
      128         239  240    0
      129         241  242    0
      130         243  244    0
      131         245  246    0
      132         247  248    0
      133         249  250    0
      134         251  252    0
      135         253  254    0
      136         255  256    0
      137           0    0    0
      138         257  258    0
      139         259  260    0
      140         261  262    0
      141         263  264    0
      142         265  266    0
      143         267  268    0
      144         269  270    0
      145         271  272    0
      146         273  274    0
      147         275  276    0
      148         277  278    0
      149         279  280    0
      150         281  282    0
      151         283  284    0
      152         285  286    0
      153         287  288    0

 L O A D   C A S E   D A T A

     LOAD CASE NUMBER . . . . . . . =     1
     NUMBER OF CONCENTRATED LOADS . =     9

    NODE       DIRECTION      LOAD
   NUMBER                   MAGNITUDE
     17            2       -1.11111e+04
     34            2       -1.11111e+04
     51            2       -1.11111e+04
     68            2       -1.11111e+04
     85            2       -1.11111e+04
    102            2       -1.11111e+04
    119            2       -1.11111e+04
    136            2       -1.11111e+04
    153            2       -1.11111e+04

 E L E M E N T   G R O U P   D A T A


 E L E M E N T   D E F I N I T I O N

 ELEMENT TYPE  . . . . . . . . . . . . .( NPAR(1) ) . . =    3
     EQ.1, TRUSS ELEMENTS
     EQ.2, FOUR-NODE PLANE ELEMENTS (FULL INTEGRATION)
     EQ.3, FOUR-NODE PLANE ELEMENTS (REDUCED INTEGRATION)

 NUMBER OF ELEMENTS. . . . . . . . . . .( NPAR(2) ) . . =  128

 M A T E R I A L   D E F I N I T I O N

 NUMBER OF DIFFERENT SETS OF MATERIAL
 AND THICKNESS / POISSON RATIO . . . . .( NPAR(3) ) . . =    1

  SET       YOUNG'S    POISSON'S    THICKNESS
 NUMBER     MODULUS      RATIO
               E          NU          T
    1     2.00000e+11     3.00000e-01     1.00000e-01


 E L E M E N T   I N F O R M A T I O N
 ELEMENT     NODE     NODE     NODE     NODE      MATERIAL
 NUMBER-N      I        J        K        L       SET NUMBER
    1          1        2       19       18           1
    2          2        3       20       19           1
    3          3        4       21       20           1
    4          4        5       22       21           1
    5          5        6       23       22           1
    6          6        7       24       23           1
    7          7        8       25       24           1
    8          8        9       26       25           1
    9          9       10       27       26           1
   10         10       11       28       27           1
   11         11       12       29       28           1
   12         12       13       30       29           1
   13         13       14       31       30           1
   14         14       15       32       31           1
   15         15       16       33       32           1
   16         16       17       34       33           1
   17         18       19       36       35           1
   18         19       20       37       36           1
   19         20       21       38       37           1
   20         21       22       39       38           1
   21         22       23       40       39           1
   22         23       24       41       40           1
   23         24       25       42       41           1
   24         25       26       43       42           1
   25         26       27       44       43           1
   26         27       28       45       44           1
   27         28       29       46       45           1
   28         29       30       47       46           1
   29         30       31       48       47           1
   30         31       32       49       48           1
   31         32       33       50       49           1
   32         33       34       51       50           1
   33         35       36       53       52           1
   34         36       37       54       53           1
   35         37       38       55       54           1
   36         38       39       56       55           1
   37         39       40       57       56           1
   38         40       41       58       57           1
   39         41       42       59       58           1
   40         42       43       60       59           1
   41         43       44       61       60           1
   42         44       45       62       61           1
   43         45       46       63       62           1
   44         46       47       64       63           1
   45         47       48       65       64           1
   46         48       49       66       65           1
   47         49       50       67       66           1
   48         50       51       68       67           1
   49         52       53       70       69           1
   50         53       54       71       70           1
   51         54       55       72       71           1
   52         55       56       73       72           1
   53         56       57       74       73           1
   54         57       58       75       74           1
   55         58       59       76       75           1
   56         59       60       77       76           1
   57         60       61       78       77           1
   58         61       62       79       78           1
   59         62       63       80       79           1
   60         63       64       81       80           1
   61         64       65       82       81           1
   62         65       66       83       82           1
   63         66       67       84       83           1
   64         67       68       85       84           1
   65         69       70       87       86           1
   66         70       71       88       87           1
   67         71       72       89       88           1
   68         72       73       90       89           1
   69         73       74       91       90           1
   70         74       75       92       91           1
   71         75       76       93       92           1
   72         76       77       94       93           1
   73         77       78       95       94           1
   74         78       79       96       95           1
   75         79       80       97       96           1
   76         80       81       98       97           1
   77         81       82       99       98           1
   78         82       83      100       99           1
   79         83       84      101      100           1
   80         84       85      102      101           1
   81         86       87      104      103           1
   82         87       88      105      104           1
   83         88       89      106      105           1
   84         89       90      107      106           1
   85         90       91      108      107           1
   86         91       92      109      108           1
   87         92       93      110      109           1
   88         93       94      111      110           1
   89         94       95      112      111           1
   90         95       96      113      112           1
   91         96       97      114      113           1
   92         97       98      115      114           1
   93         98       99      116      115           1
   94         99      100      117      116           1
   95        100      101      118      117           1
   96        101      102      119      118           1
   97        103      104      121      120           1
   98        104      105      122      121           1
   99        105      106      123      122           1
  100        106      107      124      123           1
  101        107      108      125      124           1
  102        108      109      126      125           1
  103        109      110      127      126           1
  104        110      111      128      127           1
  105        111      112      129      128           1
  106        112      113      130      129           1
  107        113      114      131      130           1
  108        114      115      132      131           1
  109        115      116      133      132           1
  110        116      117      134      133           1
  111        117      118      135      134           1
  112        118      119      136      135           1
  113        120      121      138      137           1
  114        121      122      139      138           1
  115        122      123      140      139           1
  116        123      124      141      140           1
  117        124      125      142      141           1
  118        125      126      143      142           1
  119        126      127      144      143           1
  120        127      128      145      144           1
  121        128      129      146      145           1
  122        129      130      147      146           1
  123        130      131      148      147           1
  124        131      132      149      148           1
  125        132      133      150      149           1
  126        133      134      151      150           1
  127        134      135      152      151           1
  128        135      136      153      152           1

	TOTAL SYSTEM DATA

     NUMBER OF EQUATIONS . . . . . . . . . . . . . .(NEQ) = 288
     NUMBER OF MATRIX ELEMENTS . . . . . . . . . . .(NWK) = 9164
     MAXIMUM HALF BANDWIDTH  . . . . . . . . . . . .(MK ) = 36
     MEAN HALF BANDWIDTH . . . . . . . . . . . . . .(MM ) = 31


 LOAD CASE    1


 D I S P L A C E M E N T S

  NODE           X-DISPLACEMENT    Y-DISPLACEMENT    Z-DISPLACEMENT
    1               0.00000e+00       0.00000e+00       0.00000e+00
    2              -1.83622e-04      -1.45560e-04       0.00000e+00
    3              -3.50968e-04      -4.73150e-04       0.00000e+00
    4              -5.14154e-04      -1.02890e-03       0.00000e+00
    5              -6.58712e-04      -1.76461e-03       0.00000e+00
    6              -7.96610e-04      -2.68405e-03       0.00000e+00
    7              -9.19063e-04      -3.76193e-03       0.00000e+00
    8              -1.03224e-03      -4.98969e-03       0.00000e+00
    9              -1.13184e-03      -6.34882e-03       0.00000e+00
   10              -1.22092e-03      -7.82686e-03       0.00000e+00
   11              -1.29721e-03      -9.40772e-03       0.00000e+00
   12              -1.36252e-03      -1.10772e-02       0.00000e+00
   13              -1.41528e-03      -1.28208e-02       0.00000e+00
   14              -1.45694e-03      -1.46226e-02       0.00000e+00
   15              -1.48620e-03      -1.64703e-02       0.00000e+00
   16              -1.50374e-03      -1.83443e-02       0.00000e+00
   17              -1.51106e-03      -2.02389e-02       0.00000e+00
   18               0.00000e+00       0.00000e+00       0.00000e+00
   19              -1.33627e-04      -1.29613e-04       0.00000e+00
   20              -2.65559e-04      -4.69016e-04       0.00000e+00
   21              -3.81910e-04      -1.01771e-03       0.00000e+00
   22              -4.95205e-04      -1.75937e-03       0.00000e+00
   23              -5.94935e-04      -2.67570e-03       0.00000e+00
   24              -6.89498e-04      -3.75680e-03       0.00000e+00
   25              -7.72387e-04      -4.98337e-03       0.00000e+00
   26              -8.48562e-04      -6.34436e-03       0.00000e+00
   27              -9.14255e-04      -7.82220e-03       0.00000e+00
   28              -9.72358e-04      -9.40418e-03       0.00000e+00
   29              -1.02060e-03      -1.10741e-02       0.00000e+00
   30              -1.06082e-03      -1.28182e-02       0.00000e+00
   31              -1.09147e-03      -1.46209e-02       0.00000e+00
   32              -1.11388e-03      -1.64687e-02       0.00000e+00
   33              -1.12699e-03      -1.83443e-02       0.00000e+00
   34              -1.13143e-03      -2.02378e-02       0.00000e+00
   35               0.00000e+00       0.00000e+00       0.00000e+00
   36              -8.80908e-05      -1.19427e-04       0.00000e+00
   37              -1.76512e-04      -4.64253e-04       0.00000e+00
   38              -2.54710e-04      -1.01163e-03       0.00000e+00
   39              -3.28912e-04      -1.75387e-03       0.00000e+00
   40              -3.96968e-04      -2.67121e-03       0.00000e+00
   41              -4.58490e-04      -3.75196e-03       0.00000e+00
   42              -5.15084e-04      -4.97977e-03       0.00000e+00
   43              -5.64756e-04      -6.34049e-03       0.00000e+00
   44              -6.09450e-04      -7.81937e-03       0.00000e+00
   45              -6.47474e-04      -9.40129e-03       0.00000e+00
   46              -6.80176e-04      -1.10721e-02       0.00000e+00
   47              -7.06615e-04      -1.28162e-02       0.00000e+00
   48              -7.27251e-04      -1.46199e-02       0.00000e+00
   49              -7.42173e-04      -1.64673e-02       0.00000e+00
   50              -7.50825e-04      -1.83447e-02       0.00000e+00
   51              -7.53546e-04      -2.02367e-02       0.00000e+00
   52               0.00000e+00       0.00000e+00       0.00000e+00
   53              -4.37161e-05      -1.13768e-04       0.00000e+00
   54              -8.81779e-05      -4.60853e-04       0.00000e+00
   55              -1.27226e-04      -1.00839e-03       0.00000e+00
   56              -1.64326e-04      -1.75036e-03       0.00000e+00
   57              -1.98298e-04      -2.66855e-03       0.00000e+00
   58              -2.29203e-04      -3.74915e-03       0.00000e+00
   59              -2.57286e-04      -4.97744e-03       0.00000e+00
   60              -2.82371e-04      -6.33838e-03       0.00000e+00
   61              -3.04467e-04      -7.81746e-03       0.00000e+00
   62              -3.23708e-04      -9.39978e-03       0.00000e+00
   63              -3.39864e-04      -1.10707e-02       0.00000e+00
   64              -3.53247e-04      -1.28153e-02       0.00000e+00
   65              -3.63415e-04      -1.46191e-02       0.00000e+00
   66              -3.71041e-04      -1.64667e-02       0.00000e+00
   67              -3.75178e-04      -1.83448e-02       0.00000e+00
   68              -3.76642e-04      -2.02360e-02       0.00000e+00
   69               0.00000e+00       0.00000e+00       0.00000e+00
   70              -3.82859e-18      -1.11934e-04       0.00000e+00
   71              -7.68428e-18      -4.59667e-04       0.00000e+00
   72              -1.23836e-17      -1.00733e-03       0.00000e+00
   73              -1.34373e-17      -1.74920e-03       0.00000e+00
   74              -1.75641e-17      -2.66764e-03       0.00000e+00
   75              -2.21719e-17      -3.74823e-03       0.00000e+00
   76              -2.40422e-17      -4.97665e-03       0.00000e+00
   77              -2.05727e-17      -6.33767e-03       0.00000e+00
   78              -3.05745e-17      -7.81683e-03       0.00000e+00
   79              -3.25261e-17      -9.39926e-03       0.00000e+00
   80              -2.18467e-17      -1.10702e-02       0.00000e+00
   81              -3.90855e-17      -1.28149e-02       0.00000e+00
   82              -3.64292e-17      -1.46188e-02       0.00000e+00
   83              -1.04083e-17      -1.64664e-02       0.00000e+00
   84              -4.22839e-17      -1.83448e-02       0.00000e+00
   85              -5.72459e-17      -2.02358e-02       0.00000e+00
   86               0.00000e+00       0.00000e+00       0.00000e+00
   87               4.37161e-05      -1.13768e-04       0.00000e+00
   88               8.81779e-05      -4.60853e-04       0.00000e+00
   89               1.27226e-04      -1.00839e-03       0.00000e+00
   90               1.64326e-04      -1.75036e-03       0.00000e+00
   91               1.98298e-04      -2.66855e-03       0.00000e+00
   92               2.29203e-04      -3.74915e-03       0.00000e+00
   93               2.57286e-04      -4.97744e-03       0.00000e+00
   94               2.82371e-04      -6.33838e-03       0.00000e+00
   95               3.04467e-04      -7.81746e-03       0.00000e+00
   96               3.23708e-04      -9.39978e-03       0.00000e+00
   97               3.39864e-04      -1.10707e-02       0.00000e+00
   98               3.53247e-04      -1.28153e-02       0.00000e+00
   99               3.63415e-04      -1.46191e-02       0.00000e+00
  100               3.71041e-04      -1.64667e-02       0.00000e+00
  101               3.75178e-04      -1.83448e-02       0.00000e+00
  102               3.76642e-04      -2.02360e-02       0.00000e+00
  103               0.00000e+00       0.00000e+00       0.00000e+00
  104               8.80908e-05      -1.19427e-04       0.00000e+00
  105               1.76512e-04      -4.64253e-04       0.00000e+00
  106               2.54710e-04      -1.01163e-03       0.00000e+00
  107               3.28912e-04      -1.75387e-03       0.00000e+00
  108               3.96968e-04      -2.67121e-03       0.00000e+00
  109               4.58490e-04      -3.75196e-03       0.00000e+00
  110               5.15084e-04      -4.97977e-03       0.00000e+00
  111               5.64756e-04      -6.34049e-03       0.00000e+00
  112               6.09450e-04      -7.81937e-03       0.00000e+00
  113               6.47474e-04      -9.40129e-03       0.00000e+00
  114               6.80176e-04      -1.10721e-02       0.00000e+00
  115               7.06615e-04      -1.28162e-02       0.00000e+00
  116               7.27251e-04      -1.46199e-02       0.00000e+00
  117               7.42173e-04      -1.64673e-02       0.00000e+00
  118               7.50825e-04      -1.83447e-02       0.00000e+00
  119               7.53546e-04      -2.02367e-02       0.00000e+00
  120               0.00000e+00       0.00000e+00       0.00000e+00
  121               1.33627e-04      -1.29613e-04       0.00000e+00
  122               2.65559e-04      -4.69016e-04       0.00000e+00
  123               3.81910e-04      -1.01771e-03       0.00000e+00
  124               4.95205e-04      -1.75937e-03       0.00000e+00
  125               5.94935e-04      -2.67570e-03       0.00000e+00
  126               6.89498e-04      -3.75680e-03       0.00000e+00
  127               7.72387e-04      -4.98337e-03       0.00000e+00
  128               8.48562e-04      -6.34436e-03       0.00000e+00
  129               9.14255e-04      -7.82220e-03       0.00000e+00
  130               9.72358e-04      -9.40418e-03       0.00000e+00
  131               1.02060e-03      -1.10741e-02       0.00000e+00
  132               1.06082e-03      -1.28182e-02       0.00000e+00
  133               1.09147e-03      -1.46209e-02       0.00000e+00
  134               1.11388e-03      -1.64687e-02       0.00000e+00
  135               1.12699e-03      -1.83443e-02       0.00000e+00
  136               1.13143e-03      -2.02378e-02       0.00000e+00
  137               0.00000e+00       0.00000e+00       0.00000e+00
  138               1.83622e-04      -1.45560e-04       0.00000e+00
  139               3.50968e-04      -4.73150e-04       0.00000e+00
  140               5.14154e-04      -1.02890e-03       0.00000e+00
  141               6.58712e-04      -1.76461e-03       0.00000e+00
  142               7.96610e-04      -2.68405e-03       0.00000e+00
  143               9.19063e-04      -3.76193e-03       0.00000e+00
  144               1.03224e-03      -4.98969e-03       0.00000e+00
  145               1.13184e-03      -6.34882e-03       0.00000e+00
  146               1.22092e-03      -7.82686e-03       0.00000e+00
  147               1.29721e-03      -9.40772e-03       0.00000e+00
  148               1.36252e-03      -1.10772e-02       0.00000e+00
  149               1.41528e-03      -1.28208e-02       0.00000e+00
  150               1.45694e-03      -1.46226e-02       0.00000e+00
  151               1.48620e-03      -1.64703e-02       0.00000e+00
  152               1.50374e-03      -1.83443e-02       0.00000e+00
  153               1.51106e-03      -2.02389e-02       0.00000e+00

 S T R E S S  C A L C U L A T I O N S  F O R  E L E M E N T  G R O U P    1

  ELEMENT            SIGMA-X           SIGMA-Y          TAU-XY
  NUMBER
    1      -5.15741e+07      -2.71432e+06      -1.55056e+06
    2      -4.73240e+07       1.86832e+06       6.17208e+05
    3      -4.51056e+07      -1.26530e+06      -9.95624e+05
    4      -4.09997e+07       8.55695e+05       8.54654e+04
    5      -3.81953e+07      -5.82689e+05      -6.06883e+05
    6      -3.46020e+07       4.01473e+05      -1.70511e+05
    7      -3.14557e+07      -2.81094e+05      -4.45014e+05
    8      -2.80629e+07       2.01440e+05      -2.72817e+05
    9      -2.48093e+07      -1.49885e+05      -3.78070e+05
   10      -2.14671e+07       1.18810e+05      -3.20112e+05
   11      -1.81984e+07      -1.04069e+05      -3.40002e+05
   12      -1.48459e+07       1.04141e+05      -3.56484e+05
   13      -1.16067e+07      -1.19609e+05      -2.99978e+05
   14      -8.22125e+06       1.52346e+05      -4.00879e+05
   15      -4.96421e+06      -2.03143e+05      -2.64365e+05
   16      -1.80262e+06       2.64973e+05      -3.76909e+05
   17      -3.62971e+07      -2.74082e+06      -1.31445e+06
   18      -3.48011e+07       1.51821e+06      -6.96383e+05
   19      -3.13467e+07      -7.29727e+05      -9.12441e+05
   20      -2.99127e+07       2.88861e+05      -1.01137e+06
   21      -2.68664e+07      -6.81036e+04      -7.62031e+05
   22      -2.49826e+07      -2.98730e+04      -1.04424e+06
   23      -2.22978e+07       6.52457e+04      -7.89779e+05
   24      -2.01568e+07      -7.09362e+04      -9.94370e+05
   25      -1.76429e+07       6.30935e+04      -8.41298e+05
   26      -1.53949e+07      -4.81967e+04      -9.50423e+05
   27      -1.29421e+07       2.68513e+04      -8.73594e+05
   28      -1.06654e+07       4.68309e+03      -9.32747e+05
   29      -8.22214e+06      -5.39236e+04      -8.73132e+05
   30      -5.93343e+06       1.30396e+05      -9.53255e+05
   31      -3.55259e+06      -2.37906e+05      -8.43051e+05
   32      -1.04187e+06       3.50073e+05      -9.39297e+05
   33      -2.16823e+07      -1.97734e+06      -6.96756e+05
   34      -2.09748e+07       9.55128e+05      -1.74557e+06
   35      -1.88633e+07      -3.46846e+05      -9.73300e+05
   36      -1.77904e+07       5.94422e+04      -1.46894e+06
   37      -1.63114e+07       4.44359e+04      -1.18441e+06
   38      -1.48071e+07      -6.29989e+04      -1.32710e+06
   39      -1.35331e+07       5.08547e+04      -1.27215e+06
   40      -1.19711e+07      -3.31920e+04      -1.27623e+06
   41      -1.06806e+07       1.90200e+04      -1.30024e+06
   42      -9.16529e+06      -9.36875e+03      -1.26067e+06
   43      -7.81693e+06       1.09303e+03      -1.31040e+06
   44      -6.36778e+06       1.21925e+04      -1.25108e+06
   45      -4.94087e+06      -4.04008e+04      -1.32205e+06
   46      -3.57884e+06       9.58500e+04      -1.23814e+06
   47      -2.10177e+06      -1.84703e+05      -1.32833e+06
   48      -5.86491e+05       2.76780e+05      -1.26227e+06
   49      -7.20263e+06      -6.93486e+05      -4.38241e+05
   50      -7.02112e+06       3.09193e+05      -2.17526e+06
   51      -6.27473e+06      -9.01640e+04      -1.11863e+06
   52      -5.93701e+06      -3.54292e+03      -1.60516e+06
   53      -5.42673e+06       2.96882e+04      -1.44668e+06
   54      -4.95308e+06      -2.79137e+04      -1.45814e+06
   55      -4.48768e+06       1.88472e+04      -1.49306e+06
   56      -4.01691e+06      -1.09203e+04      -1.45659e+06
   57      -3.53342e+06       6.32826e+03      -1.48040e+06
   58      -3.07992e+06      -4.53205e+03      -1.46879e+06
   59      -2.58387e+06       3.73230e+03      -1.47600e+06
   60      -2.14152e+06      -1.05542e+03      -1.45969e+06
   61      -1.62932e+06      -7.81395e+03      -1.50484e+06
   62      -1.21153e+06       2.83991e+04      -1.40773e+06
   63      -6.81161e+05      -6.38812e+04      -1.56426e+06
   64      -2.03803e+05       1.01689e+05      -1.42152e+06
   65       7.20263e+06       6.93486e+05      -4.38241e+05
   66       7.02112e+06      -3.09193e+05      -2.17526e+06
   67       6.27473e+06       9.01640e+04      -1.11863e+06
   68       5.93701e+06       3.54292e+03      -1.60516e+06
   69       5.42673e+06      -2.96882e+04      -1.44668e+06
   70       4.95308e+06       2.79137e+04      -1.45814e+06
   71       4.48768e+06      -1.88472e+04      -1.49306e+06
   72       4.01691e+06       1.09203e+04      -1.45659e+06
   73       3.53342e+06      -6.32826e+03      -1.48040e+06
   74       3.07992e+06       4.53205e+03      -1.46879e+06
   75       2.58387e+06      -3.73230e+03      -1.47600e+06
   76       2.14152e+06       1.05542e+03      -1.45969e+06
   77       1.62932e+06       7.81395e+03      -1.50484e+06
   78       1.21153e+06      -2.83991e+04      -1.40773e+06
   79       6.81161e+05       6.38812e+04      -1.56426e+06
   80       2.03803e+05      -1.01689e+05      -1.42152e+06
   81       2.16823e+07       1.97734e+06      -6.96756e+05
   82       2.09748e+07      -9.55128e+05      -1.74557e+06
   83       1.88633e+07       3.46846e+05      -9.73300e+05
   84       1.77904e+07      -5.94422e+04      -1.46894e+06
   85       1.63114e+07      -4.44359e+04      -1.18441e+06
   86       1.48071e+07       6.29989e+04      -1.32710e+06
   87       1.35331e+07      -5.08547e+04      -1.27215e+06
   88       1.19711e+07       3.31920e+04      -1.27623e+06
   89       1.06806e+07      -1.90200e+04      -1.30024e+06
   90       9.16529e+06       9.36875e+03      -1.26067e+06
   91       7.81693e+06      -1.09303e+03      -1.31040e+06
   92       6.36778e+06      -1.21925e+04      -1.25108e+06
   93       4.94087e+06       4.04008e+04      -1.32205e+06
   94       3.57884e+06      -9.58500e+04      -1.23814e+06
   95       2.10177e+06       1.84703e+05      -1.32833e+06
   96       5.86491e+05      -2.76780e+05      -1.26227e+06
   97       3.62971e+07       2.74082e+06      -1.31445e+06
   98       3.48011e+07      -1.51821e+06      -6.96383e+05
   99       3.13467e+07       7.29727e+05      -9.12441e+05
  100       2.99127e+07      -2.88861e+05      -1.01137e+06
  101       2.68664e+07       6.81036e+04      -7.62031e+05
  102       2.49826e+07       2.98730e+04      -1.04424e+06
  103       2.22978e+07      -6.52457e+04      -7.89779e+05
  104       2.01568e+07       7.09362e+04      -9.94370e+05
  105       1.76429e+07      -6.30935e+04      -8.41298e+05
  106       1.53949e+07       4.81967e+04      -9.50423e+05
  107       1.29421e+07      -2.68513e+04      -8.73594e+05
  108       1.06654e+07      -4.68309e+03      -9.32747e+05
  109       8.22214e+06       5.39236e+04      -8.73132e+05
  110       5.93343e+06      -1.30396e+05      -9.53255e+05
  111       3.55259e+06       2.37906e+05      -8.43051e+05
  112       1.04187e+06      -3.50073e+05      -9.39297e+05
  113       5.15741e+07       2.71432e+06      -1.55056e+06
  114       4.73240e+07      -1.86832e+06       6.17208e+05
  115       4.51056e+07       1.26530e+06      -9.95624e+05
  116       4.09997e+07      -8.55695e+05       8.54654e+04
  117       3.81953e+07       5.82689e+05      -6.06883e+05
  118       3.46020e+07      -4.01473e+05      -1.70511e+05
  119       3.14557e+07       2.81094e+05      -4.45014e+05
  120       2.80629e+07      -2.01440e+05      -2.72817e+05
  121       2.48093e+07       1.49885e+05      -3.78070e+05
  122       2.14671e+07      -1.18810e+05      -3.20112e+05
  123       1.81984e+07       1.04069e+05      -3.40002e+05
  124       1.48459e+07      -1.04141e+05      -3.56484e+05
  125       1.16067e+07       1.19609e+05      -2.99978e+05
  126       8.22125e+06      -1.52346e+05      -4.00879e+05
  127       4.96421e+06       2.03143e+05      -2.64365e+05
  128       1.80262e+06      -2.64973e+05      -3.76909e+05


 S O L U T I O N   T I M E   L O G   I N   S E C 

     TIME FOR INPUT PHASE = 6.00000e-03
     TIME FOR CALCULATION OF STIFFNESS MATRIX = 0.00000e+00
     TIME FOR FACTORIZATION AND LOAD CASE SOLUTIONS = 5.00000e-03

     T O T A L   S O L U T I O N   T I M E = 1.10000e-02

