TITLE : Plate Convergence Test - 8x2 Mesh
        (17:56:43 on June 14, 2026, Sunday)

C O N T R O L   I N F O R M A T I O N

      NUMBER OF NODAL POINTS . . . . . . . . . . (NUMNP)  =    27
      NUMBER OF ELEMENT GROUPS . . . . . . . . . (NUMEG)  =     1
      NUMBER OF LOAD CASES . . . . . . . . . . . (NLCASE) =     1
      SOLUTION MODE  . . . . . . . . . . . . . . (MODEX)  =     1
         EQ.0, DATA CHECK
         EQ.1, EXECUTION

 N O D A L   P O I N T   D A T A

    NODE       BOUNDARY                         NODAL POINT
   NUMBER  CONDITION  CODES                     COORDINATES
        1    1    1    1    1    1    1       0.00000e+00    0.00000e+00    0.00000e+00
        2    1    1    1    1    1    1       0.00000e+00    5.00000e-01    0.00000e+00
        3    1    1    1    1    1    1       0.00000e+00    1.00000e+00    0.00000e+00
        4    0    0    0    1    1    1       1.25000e+00    0.00000e+00    0.00000e+00
        5    0    0    0    1    1    1       1.25000e+00    5.00000e-01    0.00000e+00
        6    0    0    0    1    1    1       1.25000e+00    1.00000e+00    0.00000e+00
        7    0    0    0    1    1    1       2.50000e+00    0.00000e+00    0.00000e+00
        8    0    0    0    1    1    1       2.50000e+00    5.00000e-01    0.00000e+00
        9    0    0    0    1    1    1       2.50000e+00    1.00000e+00    0.00000e+00
       10    0    0    0    1    1    1       3.75000e+00    0.00000e+00    0.00000e+00
       11    0    0    0    1    1    1       3.75000e+00    5.00000e-01    0.00000e+00
       12    0    0    0    1    1    1       3.75000e+00    1.00000e+00    0.00000e+00
       13    0    0    0    1    1    1       5.00000e+00    0.00000e+00    0.00000e+00
       14    0    0    0    1    1    1       5.00000e+00    5.00000e-01    0.00000e+00
       15    0    0    0    1    1    1       5.00000e+00    1.00000e+00    0.00000e+00
       16    0    0    0    1    1    1       6.25000e+00    0.00000e+00    0.00000e+00
       17    0    0    0    1    1    1       6.25000e+00    5.00000e-01    0.00000e+00
       18    0    0    0    1    1    1       6.25000e+00    1.00000e+00    0.00000e+00
       19    0    0    0    1    1    1       7.50000e+00    0.00000e+00    0.00000e+00
       20    0    0    0    1    1    1       7.50000e+00    5.00000e-01    0.00000e+00
       21    0    0    0    1    1    1       7.50000e+00    1.00000e+00    0.00000e+00
       22    0    0    0    1    1    1       8.75000e+00    0.00000e+00    0.00000e+00
       23    0    0    0    1    1    1       8.75000e+00    5.00000e-01    0.00000e+00
       24    0    0    0    1    1    1       8.75000e+00    1.00000e+00    0.00000e+00
       25    0    0    0    1    1    1       1.00000e+01    0.00000e+00    0.00000e+00
       26    0    0    0    1    1    1       1.00000e+01    5.00000e-01    0.00000e+00
       27    0    0    0    1    1    1       1.00000e+01    1.00000e+00    0.00000e+00

 L O A D   C A S E   D A T A

     LOAD CASE NUMBER . . . . . . . =     1
     NUMBER OF CONCENTRATED LOADS . =     3

    NODE       DIRECTION      LOAD
   NUMBER                   MAGNITUDE
     25            3       -3.33333e+02
     26            3       -3.33333e+02
     27            3       -3.33333e+02

 EQUATION NUMBERS

   NODE NUMBER   DEGREES OF FREEDOM
        N           X    Y    Z   RX   RY   RZ
        1           0    0    0    0    0    0
        2           0    0    0    0    0    0
        3           0    0    0    0    0    0
        4           1    2    3    0    0    0
        5           4    5    6    0    0    0
        6           7    8    9    0    0    0
        7          10   11   12    0    0    0
        8          13   14   15    0    0    0
        9          16   17   18    0    0    0
       10          19   20   21    0    0    0
       11          22   23   24    0    0    0
       12          25   26   27    0    0    0
       13          28   29   30    0    0    0
       14          31   32   33    0    0    0
       15          34   35   36    0    0    0
       16          37   38   39    0    0    0
       17          40   41   42    0    0    0
       18          43   44   45    0    0    0
       19          46   47   48    0    0    0
       20          49   50   51    0    0    0
       21          52   53   54    0    0    0
       22          55   56   57    0    0    0
       23          58   59   60    0    0    0
       24          61   62   63    0    0    0
       25          64   65   66    0    0    0
       26          67   68   69    0    0    0
       27          70   71   72    0    0    0

 E L E M E N T   G R O U P   D A T A


 E L E M E N T   D E F I N I T I O N

 ELEMENT TYPE  . . . . . . . . . . . . .( NPAR(1) ) . . =    7
     EQ.1, TRUSS ELEMENTS
     EQ.2, FOUR-NODE PLANE ELEMENTS (FULL INTEGRATION)
     EQ.3, FOUR-NODE PLANE ELEMENTS (REDUCED INTEGRATION)
     EQ.4, THREE-NODE TRIANGULAR PLANE ELEMENTS (CST)
     EQ.5, EIGHT-NODE HEXAHEDRAL ELEMENTS
     EQ.6, TWO-NODE BEAM ELEMENTS
     EQ.7, FOUR-NODE PLATE BENDING ELEMENTS
     EQ.9, TWO-NODE 3D EULER-BERNOULLI BEAM ELEMENTS
     EQ.10, FOUR-NODE FLAT SHELL ELEMENTS
     EQ.11, TWO-NODE 3D TIMOSHENKO BEAM ELEMENTS
     EQ.12, EIGHT-NODE REDUCED-INTEGRATION HEXAHEDRAL ELEMENTS
     EQ.14, PIER-LOCAL REDUCED-INTEGRATION HEXAHEDRAL ELEMENTS

 NUMBER OF ELEMENTS. . . . . . . . . . .( NPAR(2) ) . . =   16

 M A T E R I A L   D E F I N I T I O N

 NUMBER OF DIFFERENT SETS OF MATERIAL
 AND SECTION CONSTANTS  . . . . . . .( NPAR(3) ) . . =    1

  SET       YOUNG'S     POISSON'S     THICKNESS
 NUMBER     MODULUS       RATIO
               E            Nu            t
    1     2.00000e+11     3.00000e-01     1.00000e-01


 E L E M E N T   I N F O R M A T I O N
 ELEMENT     NODE     NODE     NODE     NODE       MATERIAL
 NUMBER-N      I        J        K        L       SET NUMBER
    1          1        4        5        2           1
    2          2        5        6        3           1
    3          4        7        8        5           1
    4          5        8        9        6           1
    5          7       10       11        8           1
    6          8       11       12        9           1
    7         10       13       14       11           1
    8         11       14       15       12           1
    9         13       16       17       14           1
   10         14       17       18       15           1
   11         16       19       20       17           1
   12         17       20       21       18           1
   13         19       22       23       20           1
   14         20       23       24       21           1
   15         22       25       26       23           1
   16         23       26       27       24           1

	TOTAL SYSTEM DATA

     NUMBER OF EQUATIONS . . . . . . . . . . . . . .(NEQ) = 72
     NUMBER OF MATRIX ELEMENTS . . . . . . . . . . .(NWK) = 855
     MAXIMUM HALF BANDWIDTH  . . . . . . . . . . . .(MK ) = 15
     MEAN HALF BANDWIDTH . . . . . . . . . . . . . .(MM ) = 11


 LOAD CASE    1


 D I S P L A C E M E N T S

  NODE           X-DISPLACEMENT    Y-DISPLACEMENT    Z-DISPLACEMENT    RX-ROTATION      RY-ROTATION      RZ-ROTATION
    1               0.00000e+00       0.00000e+00       0.00000e+00       0.00000e+00       0.00000e+00       0.00000e+00
    2               0.00000e+00       0.00000e+00       0.00000e+00       0.00000e+00       0.00000e+00       0.00000e+00
    3               0.00000e+00       0.00000e+00       0.00000e+00       0.00000e+00       0.00000e+00       0.00000e+00
    4              -9.68159e-05       6.81098e-04      -4.10676e-04       0.00000e+00       0.00000e+00       0.00000e+00
    5              -1.92989e-17       6.71201e-04      -4.34901e-04       0.00000e+00       0.00000e+00       0.00000e+00
    6               9.68159e-05       6.81098e-04      -4.10676e-04       0.00000e+00       0.00000e+00       0.00000e+00
    7              -6.45770e-05       1.28772e-03      -1.64453e-03       0.00000e+00       0.00000e+00       0.00000e+00
    8              -1.03006e-16       1.29468e-03      -1.66063e-03       0.00000e+00       0.00000e+00       0.00000e+00
    9               6.45770e-05       1.28772e-03      -1.64453e-03       0.00000e+00       0.00000e+00       0.00000e+00
   10              -5.65700e-05       1.80536e-03      -3.58133e-03       0.00000e+00       0.00000e+00       0.00000e+00
   11              -2.54828e-16       1.80635e-03      -3.59554e-03       0.00000e+00       0.00000e+00       0.00000e+00
   12               5.65700e-05       1.80536e-03      -3.58133e-03       0.00000e+00       0.00000e+00       0.00000e+00
   13              -4.50069e-05       2.22659e-03      -6.10411e-03       0.00000e+00       0.00000e+00       0.00000e+00
   14              -4.97784e-16       2.22911e-03      -6.11528e-03       0.00000e+00       0.00000e+00       0.00000e+00
   15               4.50069e-05       2.22659e-03      -6.10411e-03       0.00000e+00       0.00000e+00       0.00000e+00
   16              -3.37242e-05       2.55488e-03      -9.09551e-03       0.00000e+00       0.00000e+00       0.00000e+00
   17              -7.42407e-16       2.55706e-03      -9.10404e-03       0.00000e+00       0.00000e+00       0.00000e+00
   18               3.37242e-05       2.55488e-03      -9.09551e-03       0.00000e+00       0.00000e+00       0.00000e+00
   19              -2.25768e-05       2.78919e-03      -1.24387e-02       0.00000e+00       0.00000e+00       0.00000e+00
   20              -7.68510e-16       2.79153e-03      -1.24442e-02       0.00000e+00       0.00000e+00       0.00000e+00
   21               2.25768e-05       2.78919e-03      -1.24387e-02       0.00000e+00       0.00000e+00       0.00000e+00
   22              -1.08485e-05       2.92982e-03      -1.60160e-02       0.00000e+00       0.00000e+00       0.00000e+00
   23              -2.79887e-16       2.93191e-03      -1.60188e-02       0.00000e+00       0.00000e+00       0.00000e+00
   24               1.08485e-05       2.92982e-03      -1.60160e-02       0.00000e+00       0.00000e+00       0.00000e+00
   25              -1.85208e-06       2.97743e-03      -1.97107e-02       0.00000e+00       0.00000e+00       0.00000e+00
   26               3.93227e-16       2.97913e-03      -1.97109e-02       0.00000e+00       0.00000e+00       0.00000e+00
   27               1.85208e-06       2.97743e-03      -1.97107e-02       0.00000e+00       0.00000e+00       0.00000e+00

 S T R E S S  C A L C U L A T I O N S  F O R  E L E M E N T  G R O U P    1

  ELEMENT             Mx               My              Mxy
                        Qx               Qy
  NUMBER
    1       9.37500e+03       1.19890e+03       1.84800e+02
           -1.00000e+03      -1.33333e+02
    2       9.37500e+03       1.19890e+03      -1.84800e+02
           -1.00000e+03       1.33333e+02
    3       8.12500e+03      -2.52381e+02      -1.01501e+02
           -1.00000e+03       1.33333e+02
    4       8.12500e+03      -2.52381e+02       1.01501e+02
           -1.00000e+03      -1.33333e+02
    5       6.87500e+03       4.33843e+01       3.04410e+01
           -1.00000e+03      -1.33333e+02
    6       6.87500e+03       4.33843e+01      -3.04410e+01
           -1.00000e+03       1.33333e+02
    7       5.62500e+03      -5.44727e+00      -7.08816e+00
           -1.00000e+03       1.33333e+02
    8       5.62500e+03      -5.44727e+00       7.08816e+00
           -1.00000e+03      -1.33333e+02
    9       4.37500e+03       3.15535e-01       1.22239e+00
           -1.00000e+03      -1.33333e+02
   10       4.37500e+03       3.15535e-01      -1.22239e+00
           -1.00000e+03       1.33333e+02
   11       3.12500e+03      -8.49592e-01       3.76785e-01
           -1.00000e+03       1.33333e+02
   12       3.12500e+03      -8.49592e-01      -3.76785e-01
           -1.00000e+03      -1.33333e+02
   13       1.87500e+03       5.41101e+00      -1.66509e+00
           -1.00000e+03      -1.33333e+02
   14       1.87500e+03       5.41101e+00       1.66509e+00
           -1.00000e+03       1.33333e+02
   15       6.25000e+02      -2.41772e+01       1.22171e+00
           -1.00000e+03       1.33333e+02
   16       6.25000e+02      -2.41772e+01      -1.22171e+00
           -1.00000e+03      -1.33333e+02

     DISPLACEMENT CSV = D:\STAPpp-master\STAPpp\data\plate\convergence\plate_conv_8x2.displacements.csv


 S O L U T I O N   T I M E   L O G   I N   S E C 

     READ_TIME = 3.00000e-03
     MPC_ALIAS_TIME = 0.00000e+00
     CSR_PATTERN_TIME = 0.00000e+00
     CSR_ASSEMBLY_TIME = 0.00000e+00
     ELEMENT_VALUE_ASSEMBLY_TIME = 0.00000e+00
     MPC_VALUE_ASSEMBLY_TIME = 0.00000e+00
     ELEMENT_STIFFNESS_TIME = 0.00000e+00
     PATTERN_INSERT_TIME = 0.00000e+00
     VALUE_INSERT_TIME = 0.00000e+00
     ACTIVE_DOF_PACK_TIME = 0.00000e+00
     MPC_PATTERN_TIME = 0.00000e+00
     EXPORT_UPPER_CSR_TIME = 0.00000e+00
     SYMMETRY_CHECK_TIME = 0.00000e+00
     SCALING_TIME = 0.00000e+00
     PRECOND_SETUP_TIME = 0.00000e+00
     ITER_SOLVE_TIME = 0.00000e+00
     RESIDUAL_CHECK_TIME = 0.00000e+00
     CSV_WRITE_TIME = 0.00000e+00
     TOTAL_TIME = 4.00000e-03

