TITLE : Plate Convergence Test - 16x4 Mesh
        (17:56:43 on June 14, 2026, Sunday)

C O N T R O L   I N F O R M A T I O N

      NUMBER OF NODAL POINTS . . . . . . . . . . (NUMNP)  =    85
      NUMBER OF ELEMENT GROUPS . . . . . . . . . (NUMEG)  =     1
      NUMBER OF LOAD CASES . . . . . . . . . . . (NLCASE) =     1
      SOLUTION MODE  . . . . . . . . . . . . . . (MODEX)  =     1
         EQ.0, DATA CHECK
         EQ.1, EXECUTION

 N O D A L   P O I N T   D A T A

    NODE       BOUNDARY                         NODAL POINT
   NUMBER  CONDITION  CODES                     COORDINATES
        1    1    1    1    1    1    1       0.00000e+00    0.00000e+00    0.00000e+00
        2    1    1    1    1    1    1       0.00000e+00    2.50000e-01    0.00000e+00
        3    1    1    1    1    1    1       0.00000e+00    5.00000e-01    0.00000e+00
        4    1    1    1    1    1    1       0.00000e+00    7.50000e-01    0.00000e+00
        5    1    1    1    1    1    1       0.00000e+00    1.00000e+00    0.00000e+00
        6    0    0    0    1    1    1       6.25000e-01    0.00000e+00    0.00000e+00
        7    0    0    0    1    1    1       6.25000e-01    2.50000e-01    0.00000e+00
        8    0    0    0    1    1    1       6.25000e-01    5.00000e-01    0.00000e+00
        9    0    0    0    1    1    1       6.25000e-01    7.50000e-01    0.00000e+00
       10    0    0    0    1    1    1       6.25000e-01    1.00000e+00    0.00000e+00
       11    0    0    0    1    1    1       1.25000e+00    0.00000e+00    0.00000e+00
       12    0    0    0    1    1    1       1.25000e+00    2.50000e-01    0.00000e+00
       13    0    0    0    1    1    1       1.25000e+00    5.00000e-01    0.00000e+00
       14    0    0    0    1    1    1       1.25000e+00    7.50000e-01    0.00000e+00
       15    0    0    0    1    1    1       1.25000e+00    1.00000e+00    0.00000e+00
       16    0    0    0    1    1    1       1.87500e+00    0.00000e+00    0.00000e+00
       17    0    0    0    1    1    1       1.87500e+00    2.50000e-01    0.00000e+00
       18    0    0    0    1    1    1       1.87500e+00    5.00000e-01    0.00000e+00
       19    0    0    0    1    1    1       1.87500e+00    7.50000e-01    0.00000e+00
       20    0    0    0    1    1    1       1.87500e+00    1.00000e+00    0.00000e+00
       21    0    0    0    1    1    1       2.50000e+00    0.00000e+00    0.00000e+00
       22    0    0    0    1    1    1       2.50000e+00    2.50000e-01    0.00000e+00
       23    0    0    0    1    1    1       2.50000e+00    5.00000e-01    0.00000e+00
       24    0    0    0    1    1    1       2.50000e+00    7.50000e-01    0.00000e+00
       25    0    0    0    1    1    1       2.50000e+00    1.00000e+00    0.00000e+00
       26    0    0    0    1    1    1       3.12500e+00    0.00000e+00    0.00000e+00
       27    0    0    0    1    1    1       3.12500e+00    2.50000e-01    0.00000e+00
       28    0    0    0    1    1    1       3.12500e+00    5.00000e-01    0.00000e+00
       29    0    0    0    1    1    1       3.12500e+00    7.50000e-01    0.00000e+00
       30    0    0    0    1    1    1       3.12500e+00    1.00000e+00    0.00000e+00
       31    0    0    0    1    1    1       3.75000e+00    0.00000e+00    0.00000e+00
       32    0    0    0    1    1    1       3.75000e+00    2.50000e-01    0.00000e+00
       33    0    0    0    1    1    1       3.75000e+00    5.00000e-01    0.00000e+00
       34    0    0    0    1    1    1       3.75000e+00    7.50000e-01    0.00000e+00
       35    0    0    0    1    1    1       3.75000e+00    1.00000e+00    0.00000e+00
       36    0    0    0    1    1    1       4.37500e+00    0.00000e+00    0.00000e+00
       37    0    0    0    1    1    1       4.37500e+00    2.50000e-01    0.00000e+00
       38    0    0    0    1    1    1       4.37500e+00    5.00000e-01    0.00000e+00
       39    0    0    0    1    1    1       4.37500e+00    7.50000e-01    0.00000e+00
       40    0    0    0    1    1    1       4.37500e+00    1.00000e+00    0.00000e+00
       41    0    0    0    1    1    1       5.00000e+00    0.00000e+00    0.00000e+00
       42    0    0    0    1    1    1       5.00000e+00    2.50000e-01    0.00000e+00
       43    0    0    0    1    1    1       5.00000e+00    5.00000e-01    0.00000e+00
       44    0    0    0    1    1    1       5.00000e+00    7.50000e-01    0.00000e+00
       45    0    0    0    1    1    1       5.00000e+00    1.00000e+00    0.00000e+00
       46    0    0    0    1    1    1       5.62500e+00    0.00000e+00    0.00000e+00
       47    0    0    0    1    1    1       5.62500e+00    2.50000e-01    0.00000e+00
       48    0    0    0    1    1    1       5.62500e+00    5.00000e-01    0.00000e+00
       49    0    0    0    1    1    1       5.62500e+00    7.50000e-01    0.00000e+00
       50    0    0    0    1    1    1       5.62500e+00    1.00000e+00    0.00000e+00
       51    0    0    0    1    1    1       6.25000e+00    0.00000e+00    0.00000e+00
       52    0    0    0    1    1    1       6.25000e+00    2.50000e-01    0.00000e+00
       53    0    0    0    1    1    1       6.25000e+00    5.00000e-01    0.00000e+00
       54    0    0    0    1    1    1       6.25000e+00    7.50000e-01    0.00000e+00
       55    0    0    0    1    1    1       6.25000e+00    1.00000e+00    0.00000e+00
       56    0    0    0    1    1    1       6.87500e+00    0.00000e+00    0.00000e+00
       57    0    0    0    1    1    1       6.87500e+00    2.50000e-01    0.00000e+00
       58    0    0    0    1    1    1       6.87500e+00    5.00000e-01    0.00000e+00
       59    0    0    0    1    1    1       6.87500e+00    7.50000e-01    0.00000e+00
       60    0    0    0    1    1    1       6.87500e+00    1.00000e+00    0.00000e+00
       61    0    0    0    1    1    1       7.50000e+00    0.00000e+00    0.00000e+00
       62    0    0    0    1    1    1       7.50000e+00    2.50000e-01    0.00000e+00
       63    0    0    0    1    1    1       7.50000e+00    5.00000e-01    0.00000e+00
       64    0    0    0    1    1    1       7.50000e+00    7.50000e-01    0.00000e+00
       65    0    0    0    1    1    1       7.50000e+00    1.00000e+00    0.00000e+00
       66    0    0    0    1    1    1       8.12500e+00    0.00000e+00    0.00000e+00
       67    0    0    0    1    1    1       8.12500e+00    2.50000e-01    0.00000e+00
       68    0    0    0    1    1    1       8.12500e+00    5.00000e-01    0.00000e+00
       69    0    0    0    1    1    1       8.12500e+00    7.50000e-01    0.00000e+00
       70    0    0    0    1    1    1       8.12500e+00    1.00000e+00    0.00000e+00
       71    0    0    0    1    1    1       8.75000e+00    0.00000e+00    0.00000e+00
       72    0    0    0    1    1    1       8.75000e+00    2.50000e-01    0.00000e+00
       73    0    0    0    1    1    1       8.75000e+00    5.00000e-01    0.00000e+00
       74    0    0    0    1    1    1       8.75000e+00    7.50000e-01    0.00000e+00
       75    0    0    0    1    1    1       8.75000e+00    1.00000e+00    0.00000e+00
       76    0    0    0    1    1    1       9.37500e+00    0.00000e+00    0.00000e+00
       77    0    0    0    1    1    1       9.37500e+00    2.50000e-01    0.00000e+00
       78    0    0    0    1    1    1       9.37500e+00    5.00000e-01    0.00000e+00
       79    0    0    0    1    1    1       9.37500e+00    7.50000e-01    0.00000e+00
       80    0    0    0    1    1    1       9.37500e+00    1.00000e+00    0.00000e+00
       81    0    0    0    1    1    1       1.00000e+01    0.00000e+00    0.00000e+00
       82    0    0    0    1    1    1       1.00000e+01    2.50000e-01    0.00000e+00
       83    0    0    0    1    1    1       1.00000e+01    5.00000e-01    0.00000e+00
       84    0    0    0    1    1    1       1.00000e+01    7.50000e-01    0.00000e+00
       85    0    0    0    1    1    1       1.00000e+01    1.00000e+00    0.00000e+00

 L O A D   C A S E   D A T A

     LOAD CASE NUMBER . . . . . . . =     1
     NUMBER OF CONCENTRATED LOADS . =     5

    NODE       DIRECTION      LOAD
   NUMBER                   MAGNITUDE
     81            3       -2.00000e+02
     82            3       -2.00000e+02
     83            3       -2.00000e+02
     84            3       -2.00000e+02
     85            3       -2.00000e+02

 EQUATION NUMBERS

   NODE NUMBER   DEGREES OF FREEDOM
        N           X    Y    Z   RX   RY   RZ
        1           0    0    0    0    0    0
        2           0    0    0    0    0    0
        3           0    0    0    0    0    0
        4           0    0    0    0    0    0
        5           0    0    0    0    0    0
        6           1    2    3    0    0    0
        7           4    5    6    0    0    0
        8           7    8    9    0    0    0
        9          10   11   12    0    0    0
       10          13   14   15    0    0    0
       11          16   17   18    0    0    0
       12          19   20   21    0    0    0
       13          22   23   24    0    0    0
       14          25   26   27    0    0    0
       15          28   29   30    0    0    0
       16          31   32   33    0    0    0
       17          34   35   36    0    0    0
       18          37   38   39    0    0    0
       19          40   41   42    0    0    0
       20          43   44   45    0    0    0
       21          46   47   48    0    0    0
       22          49   50   51    0    0    0
       23          52   53   54    0    0    0
       24          55   56   57    0    0    0
       25          58   59   60    0    0    0
       26          61   62   63    0    0    0
       27          64   65   66    0    0    0
       28          67   68   69    0    0    0
       29          70   71   72    0    0    0
       30          73   74   75    0    0    0
       31          76   77   78    0    0    0
       32          79   80   81    0    0    0
       33          82   83   84    0    0    0
       34          85   86   87    0    0    0
       35          88   89   90    0    0    0
       36          91   92   93    0    0    0
       37          94   95   96    0    0    0
       38          97   98   99    0    0    0
       39         100  101  102    0    0    0
       40         103  104  105    0    0    0
       41         106  107  108    0    0    0
       42         109  110  111    0    0    0
       43         112  113  114    0    0    0
       44         115  116  117    0    0    0
       45         118  119  120    0    0    0
       46         121  122  123    0    0    0
       47         124  125  126    0    0    0
       48         127  128  129    0    0    0
       49         130  131  132    0    0    0
       50         133  134  135    0    0    0
       51         136  137  138    0    0    0
       52         139  140  141    0    0    0
       53         142  143  144    0    0    0
       54         145  146  147    0    0    0
       55         148  149  150    0    0    0
       56         151  152  153    0    0    0
       57         154  155  156    0    0    0
       58         157  158  159    0    0    0
       59         160  161  162    0    0    0
       60         163  164  165    0    0    0
       61         166  167  168    0    0    0
       62         169  170  171    0    0    0
       63         172  173  174    0    0    0
       64         175  176  177    0    0    0
       65         178  179  180    0    0    0
       66         181  182  183    0    0    0
       67         184  185  186    0    0    0
       68         187  188  189    0    0    0
       69         190  191  192    0    0    0
       70         193  194  195    0    0    0
       71         196  197  198    0    0    0
       72         199  200  201    0    0    0
       73         202  203  204    0    0    0
       74         205  206  207    0    0    0
       75         208  209  210    0    0    0
       76         211  212  213    0    0    0
       77         214  215  216    0    0    0
       78         217  218  219    0    0    0
       79         220  221  222    0    0    0
       80         223  224  225    0    0    0
       81         226  227  228    0    0    0
       82         229  230  231    0    0    0
       83         232  233  234    0    0    0
       84         235  236  237    0    0    0
       85         238  239  240    0    0    0

 E L E M E N T   G R O U P   D A T A


 E L E M E N T   D E F I N I T I O N

 ELEMENT TYPE  . . . . . . . . . . . . .( NPAR(1) ) . . =    7
     EQ.1, TRUSS ELEMENTS
     EQ.2, FOUR-NODE PLANE ELEMENTS (FULL INTEGRATION)
     EQ.3, FOUR-NODE PLANE ELEMENTS (REDUCED INTEGRATION)
     EQ.4, THREE-NODE TRIANGULAR PLANE ELEMENTS (CST)
     EQ.5, EIGHT-NODE HEXAHEDRAL ELEMENTS
     EQ.6, TWO-NODE BEAM ELEMENTS
     EQ.7, FOUR-NODE PLATE BENDING ELEMENTS
     EQ.9, TWO-NODE 3D EULER-BERNOULLI BEAM ELEMENTS
     EQ.10, FOUR-NODE FLAT SHELL ELEMENTS
     EQ.11, TWO-NODE 3D TIMOSHENKO BEAM ELEMENTS
     EQ.12, EIGHT-NODE REDUCED-INTEGRATION HEXAHEDRAL ELEMENTS
     EQ.14, PIER-LOCAL REDUCED-INTEGRATION HEXAHEDRAL ELEMENTS

 NUMBER OF ELEMENTS. . . . . . . . . . .( NPAR(2) ) . . =   64

 M A T E R I A L   D E F I N I T I O N

 NUMBER OF DIFFERENT SETS OF MATERIAL
 AND SECTION CONSTANTS  . . . . . . .( NPAR(3) ) . . =    1

  SET       YOUNG'S     POISSON'S     THICKNESS
 NUMBER     MODULUS       RATIO
               E            Nu            t
    1     2.00000e+11     3.00000e-01     1.00000e-01


 E L E M E N T   I N F O R M A T I O N
 ELEMENT     NODE     NODE     NODE     NODE       MATERIAL
 NUMBER-N      I        J        K        L       SET NUMBER
    1          1        6        7        2           1
    2          2        7        8        3           1
    3          3        8        9        4           1
    4          4        9       10        5           1
    5          6       11       12        7           1
    6          7       12       13        8           1
    7          8       13       14        9           1
    8          9       14       15       10           1
    9         11       16       17       12           1
   10         12       17       18       13           1
   11         13       18       19       14           1
   12         14       19       20       15           1
   13         16       21       22       17           1
   14         17       22       23       18           1
   15         18       23       24       19           1
   16         19       24       25       20           1
   17         21       26       27       22           1
   18         22       27       28       23           1
   19         23       28       29       24           1
   20         24       29       30       25           1
   21         26       31       32       27           1
   22         27       32       33       28           1
   23         28       33       34       29           1
   24         29       34       35       30           1
   25         31       36       37       32           1
   26         32       37       38       33           1
   27         33       38       39       34           1
   28         34       39       40       35           1
   29         36       41       42       37           1
   30         37       42       43       38           1
   31         38       43       44       39           1
   32         39       44       45       40           1
   33         41       46       47       42           1
   34         42       47       48       43           1
   35         43       48       49       44           1
   36         44       49       50       45           1
   37         46       51       52       47           1
   38         47       52       53       48           1
   39         48       53       54       49           1
   40         49       54       55       50           1
   41         51       56       57       52           1
   42         52       57       58       53           1
   43         53       58       59       54           1
   44         54       59       60       55           1
   45         56       61       62       57           1
   46         57       62       63       58           1
   47         58       63       64       59           1
   48         59       64       65       60           1
   49         61       66       67       62           1
   50         62       67       68       63           1
   51         63       68       69       64           1
   52         64       69       70       65           1
   53         66       71       72       67           1
   54         67       72       73       68           1
   55         68       73       74       69           1
   56         69       74       75       70           1
   57         71       76       77       72           1
   58         72       77       78       73           1
   59         73       78       79       74           1
   60         74       79       80       75           1
   61         76       81       82       77           1
   62         77       82       83       78           1
   63         78       83       84       79           1
   64         79       84       85       80           1

	TOTAL SYSTEM DATA

     NUMBER OF EQUATIONS . . . . . . . . . . . . . .(NEQ) = 240
     NUMBER OF MATRIX ELEMENTS . . . . . . . . . . .(NWK) = 4431
     MAXIMUM HALF BANDWIDTH  . . . . . . . . . . . .(MK ) = 21
     MEAN HALF BANDWIDTH . . . . . . . . . . . . . .(MM ) = 18


 LOAD CASE    1


 D I S P L A C E M E N T S

  NODE           X-DISPLACEMENT    Y-DISPLACEMENT    Z-DISPLACEMENT    RX-ROTATION      RY-ROTATION      RZ-ROTATION
    1               0.00000e+00       0.00000e+00       0.00000e+00       0.00000e+00       0.00000e+00       0.00000e+00
    2               0.00000e+00       0.00000e+00       0.00000e+00       0.00000e+00       0.00000e+00       0.00000e+00
    3               0.00000e+00       0.00000e+00       0.00000e+00       0.00000e+00       0.00000e+00       0.00000e+00
    4               0.00000e+00       0.00000e+00       0.00000e+00       0.00000e+00       0.00000e+00       0.00000e+00
    5               0.00000e+00       0.00000e+00       0.00000e+00       0.00000e+00       0.00000e+00       0.00000e+00
    6              -7.00051e-05       3.29968e-04      -9.79610e-05       0.00000e+00       0.00000e+00       0.00000e+00
    7              -2.69510e-05       3.40976e-04      -1.09698e-04       0.00000e+00       0.00000e+00       0.00000e+00
    8               1.15429e-15       3.62927e-04      -1.12672e-04       0.00000e+00       0.00000e+00       0.00000e+00
    9               2.69510e-05       3.40976e-04      -1.09698e-04       0.00000e+00       0.00000e+00       0.00000e+00
   10               7.00051e-05       3.29968e-04      -9.79610e-05       0.00000e+00       0.00000e+00       0.00000e+00
   11              -7.97025e-05       6.86504e-04      -4.14939e-04       0.00000e+00       0.00000e+00       0.00000e+00
   12              -4.04540e-05       6.81347e-04      -4.30324e-04       0.00000e+00       0.00000e+00       0.00000e+00
   13               3.17982e-15       6.74961e-04      -4.35772e-04       0.00000e+00       0.00000e+00       0.00000e+00
   14               4.04540e-05       6.81347e-04      -4.30324e-04       0.00000e+00       0.00000e+00       0.00000e+00
   15               7.97025e-05       6.86504e-04      -4.14939e-04       0.00000e+00       0.00000e+00       0.00000e+00
   16              -7.31892e-05       9.96564e-04      -9.41382e-04       0.00000e+00       0.00000e+00       0.00000e+00
   17              -3.67481e-05       9.97977e-04      -9.54820e-04       0.00000e+00       0.00000e+00       0.00000e+00
   18               5.21710e-15       9.98028e-04      -9.59073e-04       0.00000e+00       0.00000e+00       0.00000e+00
   19               3.67481e-05       9.97977e-04      -9.54820e-04       0.00000e+00       0.00000e+00       0.00000e+00
   20               7.31892e-05       9.96564e-04      -9.41382e-04       0.00000e+00       0.00000e+00       0.00000e+00
   21              -6.67411e-05       1.29166e-03      -1.65703e-03       0.00000e+00       0.00000e+00       0.00000e+00
   22              -3.30481e-05       1.29072e-03      -1.66973e-03       0.00000e+00       0.00000e+00       0.00000e+00
   23               7.17842e-15       1.28880e-03      -1.67414e-03       0.00000e+00       0.00000e+00       0.00000e+00
   24               3.30481e-05       1.29072e-03      -1.66973e-03       0.00000e+00       0.00000e+00       0.00000e+00
   25               6.67411e-05       1.29166e-03      -1.65703e-03       0.00000e+00       0.00000e+00       0.00000e+00
   26              -6.27054e-05       1.56072e-03      -2.54888e-03       0.00000e+00       0.00000e+00       0.00000e+00
   27              -3.16403e-05       1.56030e-03      -2.56051e-03       0.00000e+00       0.00000e+00       0.00000e+00
   28               9.13205e-15       1.55875e-03      -2.56424e-03       0.00000e+00       0.00000e+00       0.00000e+00
   29               3.16403e-05       1.56030e-03      -2.56051e-03       0.00000e+00       0.00000e+00       0.00000e+00
   30               6.27054e-05       1.56072e-03      -2.54888e-03       0.00000e+00       0.00000e+00       0.00000e+00
   31              -5.55278e-05       1.80671e-03      -3.60178e-03       0.00000e+00       0.00000e+00       0.00000e+00
   32              -2.75377e-05       1.80643e-03      -3.61227e-03       0.00000e+00       0.00000e+00       0.00000e+00
   33               1.09043e-14       1.80498e-03      -3.61589e-03       0.00000e+00       0.00000e+00       0.00000e+00
   34               2.75377e-05       1.80643e-03      -3.61227e-03       0.00000e+00       0.00000e+00       0.00000e+00
   35               5.55278e-05       1.80671e-03      -3.60178e-03       0.00000e+00       0.00000e+00       0.00000e+00
   36              -5.11968e-05       2.02963e-03      -4.80112e-03       0.00000e+00       0.00000e+00       0.00000e+00
   37              -2.57683e-05       2.02903e-03      -4.81068e-03       0.00000e+00       0.00000e+00       0.00000e+00
   38               1.28038e-14       2.02736e-03      -4.81375e-03       0.00000e+00       0.00000e+00       0.00000e+00
   39               2.57683e-05       2.02903e-03      -4.81068e-03       0.00000e+00       0.00000e+00       0.00000e+00
   40               5.11968e-05       2.02963e-03      -4.80112e-03       0.00000e+00       0.00000e+00       0.00000e+00
   41              -4.45685e-05       2.22858e-03      -6.13239e-03       0.00000e+00       0.00000e+00       0.00000e+00
   42              -2.21597e-05       2.22830e-03      -6.14076e-03       0.00000e+00       0.00000e+00       0.00000e+00
   43               1.48151e-14       2.22685e-03      -6.14366e-03       0.00000e+00       0.00000e+00       0.00000e+00
   44               2.21597e-05       2.22830e-03      -6.14076e-03       0.00000e+00       0.00000e+00       0.00000e+00
   45               4.45685e-05       2.22858e-03      -6.13239e-03       0.00000e+00       0.00000e+00       0.00000e+00
   46              -3.96897e-05       2.40459e-03      -7.58074e-03       0.00000e+00       0.00000e+00       0.00000e+00
   47              -1.99343e-05       2.40404e-03      -7.58819e-03       0.00000e+00       0.00000e+00       0.00000e+00
   48               1.69902e-14       2.40240e-03      -7.59057e-03       0.00000e+00       0.00000e+00       0.00000e+00
   49               1.99343e-05       2.40404e-03      -7.58819e-03       0.00000e+00       0.00000e+00       0.00000e+00
   50               3.96897e-05       2.40459e-03      -7.58074e-03       0.00000e+00       0.00000e+00       0.00000e+00
   51              -3.35285e-05       2.55674e-03      -9.13175e-03       0.00000e+00       0.00000e+00       0.00000e+00
   52              -1.67020e-05       2.55642e-03      -9.13800e-03       0.00000e+00       0.00000e+00       0.00000e+00
   53               1.87855e-14       2.55493e-03      -9.14019e-03       0.00000e+00       0.00000e+00       0.00000e+00
   54               1.67020e-05       2.55642e-03      -9.13800e-03       0.00000e+00       0.00000e+00       0.00000e+00
   55               3.35285e-05       2.55674e-03      -9.13175e-03       0.00000e+00       0.00000e+00       0.00000e+00
   56              -2.82728e-05       2.68580e-03      -1.07705e-02       0.00000e+00       0.00000e+00       0.00000e+00
   57              -1.41775e-05       2.68529e-03      -1.07759e-02       0.00000e+00       0.00000e+00       0.00000e+00
   58               2.00562e-14       2.68369e-03      -1.07775e-02       0.00000e+00       0.00000e+00       0.00000e+00
   59               1.41775e-05       2.68529e-03      -1.07759e-02       0.00000e+00       0.00000e+00       0.00000e+00
   60               2.82728e-05       2.68580e-03      -1.07705e-02       0.00000e+00       0.00000e+00       0.00000e+00
   61              -2.24107e-05       2.79115e-03      -1.24827e-02       0.00000e+00       0.00000e+00       0.00000e+00
   62              -1.11809e-05       2.79079e-03      -1.24868e-02       0.00000e+00       0.00000e+00       0.00000e+00
   63               2.09679e-14       2.78927e-03      -1.24883e-02       0.00000e+00       0.00000e+00       0.00000e+00
   64               1.11809e-05       2.79079e-03      -1.24868e-02       0.00000e+00       0.00000e+00       0.00000e+00
   65               2.24107e-05       2.79115e-03      -1.24827e-02       0.00000e+00       0.00000e+00       0.00000e+00
   66              -1.69204e-05       2.87327e-03      -1.42533e-02       0.00000e+00       0.00000e+00       0.00000e+00
   67              -8.47341e-06       2.87280e-03      -1.42565e-02       0.00000e+00       0.00000e+00       0.00000e+00
   68               2.20393e-14       2.87123e-03      -1.42575e-02       0.00000e+00       0.00000e+00       0.00000e+00
   69               8.47341e-06       2.87280e-03      -1.42565e-02       0.00000e+00       0.00000e+00       0.00000e+00
   70               1.69204e-05       2.87327e-03      -1.42533e-02       0.00000e+00       0.00000e+00       0.00000e+00
   71              -1.12530e-05       2.93182e-03      -1.60680e-02       0.00000e+00       0.00000e+00       0.00000e+00
   72              -5.61658e-06       2.93141e-03      -1.60700e-02       0.00000e+00       0.00000e+00       0.00000e+00
   73               2.30448e-14       2.92985e-03      -1.60708e-02       0.00000e+00       0.00000e+00       0.00000e+00
   74               5.61658e-06       2.93141e-03      -1.60700e-02       0.00000e+00       0.00000e+00       0.00000e+00
   75               1.12530e-05       2.93182e-03      -1.60680e-02       0.00000e+00       0.00000e+00       0.00000e+00
   76              -5.75974e-06       2.96692e-03      -1.79117e-02       0.00000e+00       0.00000e+00       0.00000e+00
   77              -2.98697e-06       2.96654e-03      -1.79129e-02       0.00000e+00       0.00000e+00       0.00000e+00
   78               2.37558e-14       2.96522e-03      -1.79132e-02       0.00000e+00       0.00000e+00       0.00000e+00
   79               2.98697e-06       2.96654e-03      -1.79129e-02       0.00000e+00       0.00000e+00       0.00000e+00
   80               5.75974e-06       2.96692e-03      -1.79117e-02       0.00000e+00       0.00000e+00       0.00000e+00
   81              -1.88772e-06       2.97881e-03      -1.97703e-02       0.00000e+00       0.00000e+00       0.00000e+00
   82              -1.10824e-06       2.97859e-03      -1.97705e-02       0.00000e+00       0.00000e+00       0.00000e+00
   83               2.41787e-14       2.97764e-03      -1.97708e-02       0.00000e+00       0.00000e+00       0.00000e+00
   84               1.10824e-06       2.97859e-03      -1.97705e-02       0.00000e+00       0.00000e+00       0.00000e+00
   85               1.88772e-06       2.97881e-03      -1.97703e-02       0.00000e+00       0.00000e+00       0.00000e+00

 S T R E S S  C A L C U L A T I O N S  F O R  E L E M E N T  G R O U P    1

  ELEMENT             Mx               My              Mxy
                        Qx               Qy
  NUMBER
    1       9.35757e+03       1.37213e+03       6.38341e+02
            1.03125e+04       4.90102e+03
    2       1.00174e+04       2.10686e+03       4.19622e+02
           -1.23125e+04       5.06102e+03
    3       1.00174e+04       2.10686e+03      -4.19622e+02
           -1.23125e+04      -5.06102e+03
    4       9.35757e+03       1.37213e+03      -6.38341e+02
            1.03125e+04      -4.90102e+03
    5       9.30666e+03       4.85797e+01       1.93997e+02
           -2.46303e+03       2.09187e+02
    6       8.81834e+03       3.98668e+02       2.68788e+02
            4.63026e+02       4.91875e+01
    7       8.81834e+03       3.98668e+02      -2.68788e+02
            4.63026e+02      -4.91875e+01
    8       9.30666e+03       4.85797e+01      -1.93997e+02
           -2.46303e+03      -2.09187e+02
    9       8.35052e+03      -1.78290e+01      -1.00394e+02
           -9.80372e+02      -8.02249e+02
   10       8.52448e+03      -1.60600e+01      -1.00224e+02
           -1.01963e+03      -6.42249e+02
   11       8.52448e+03      -1.60600e+01       1.00224e+02
           -1.01963e+03       6.42249e+02
   12       8.35052e+03      -1.78290e+01       1.00394e+02
           -9.80372e+02       8.02249e+02
   13       7.84229e+03       1.48811e+01      -4.59465e+01
           -1.37225e+03       9.59001e+02
   14       7.78271e+03       8.27385e+00      -4.28941e+01
           -6.27750e+02       7.99001e+02
   15       7.78271e+03       8.27385e+00       4.28941e+01
           -6.27750e+02      -7.99001e+02
   16       7.84229e+03       1.48811e+01       4.59465e+01
           -1.37225e+03      -9.59001e+02
   17       7.18064e+03      -4.41157e+00      -4.52777e+01
           -1.61799e+03      -8.60705e+02
   18       7.19436e+03       2.02785e+00      -5.17171e+01
           -3.82011e+02      -7.00705e+02
   19       7.19436e+03       2.02785e+00       5.17171e+01
           -3.82011e+02       7.00705e+02
   20       7.18064e+03      -4.41157e+00       4.52777e+01
           -1.61799e+03       8.60705e+02
   21       6.56142e+03      -8.03721e-02      -6.67944e+01
           -1.24074e+03       7.09807e+02
   22       6.56358e+03      -3.52655e+00      -5.95411e+01
           -7.59255e+02       5.49807e+02
   23       6.56358e+03      -3.52655e+00       5.95411e+01
           -7.59255e+02      -5.49807e+02
   24       6.56142e+03      -8.03721e-02       6.67944e+01
           -1.24074e+03      -7.09807e+02
   25       5.94079e+03       1.61646e+00      -4.25623e+01
           -1.59770e+03      -5.67026e+02
   26       5.93421e+03       3.39591e+00      -4.90280e+01
           -4.02302e+02      -4.07026e+02
   27       5.93421e+03       3.39591e+00       4.90280e+01
           -4.02302e+02       4.07026e+02
   28       5.94079e+03       1.61646e+00       4.25623e+01
           -1.59770e+03       5.67026e+02
   29       5.30904e+03      -1.86540e+00      -6.36777e+01
           -1.30567e+03       4.50214e+02
   30       5.31596e+03      -2.81220e+00      -5.84855e+01
           -6.94332e+02       2.90214e+02
   31       5.31596e+03      -2.81220e+00       5.84855e+01
           -6.94332e+02      -2.90214e+02
   32       5.30904e+03      -1.86540e+00       6.36777e+01
           -1.30567e+03      -4.50214e+02
   33       4.69049e+03       1.67218e+00      -4.70336e+01
           -1.52942e+03      -3.60714e+02
   34       4.68451e+03       2.21893e+00      -5.09685e+01
           -4.70583e+02      -2.00714e+02
   35       4.68451e+03       2.21893e+00       5.09685e+01
           -4.70583e+02       2.00714e+02
   36       4.69049e+03       1.67218e+00       4.70336e+01
           -1.52942e+03       3.60714e+02
   37       4.06007e+03      -1.37785e+00      -5.94521e+01
           -1.36490e+03       2.94907e+02
   38       4.06493e+03      -1.72947e+00      -5.65934e+01
           -6.35099e+02       1.34907e+02
   39       4.06493e+03      -1.72947e+00       5.65934e+01
           -6.35099e+02      -1.34907e+02
   40       4.06007e+03      -1.37785e+00       5.94521e+01
           -1.36490e+03      -2.94907e+02
   41       3.43943e+03       1.10038e+00      -5.05815e+01
           -1.48131e+03      -2.48345e+02
   42       3.43557e+03       1.35718e+00      -5.25663e+01
           -5.18694e+02      -8.83449e+01
   43       3.43557e+03       1.35718e+00       5.25663e+01
           -5.18694e+02       8.83449e+01
   44       3.43943e+03       1.10038e+00       5.05815e+01
           -1.48131e+03       2.48345e+02
   45       2.81100e+03      -8.67888e-01      -5.66125e+01
           -1.40305e+03       2.17044e+02
   46       2.81400e+03      -1.08033e+00      -5.53257e+01
           -5.96945e+02       5.70444e+01
   47       2.81400e+03      -1.08033e+00       5.53257e+01
           -5.96945e+02      -5.70444e+01
   48       2.81100e+03      -8.67888e-01       5.66125e+01
           -1.40305e+03      -2.17044e+02
   49       2.18856e+03       6.78139e-01      -5.27432e+01
           -1.45157e+03      -1.97640e+02
   50       2.18644e+03       7.87154e-01      -5.34558e+01
           -5.48434e+02      -3.76398e+01
   51       2.18644e+03       7.87154e-01       5.34558e+01
           -5.48434e+02       3.76398e+01
   52       2.18856e+03       6.78139e-01       5.27432e+01
           -1.45157e+03       1.97640e+02
   53       1.56202e+03      -8.39849e-01      -5.49939e+01
           -1.42317e+03       1.86283e+02
   54       1.56298e+03      -7.73710e-01      -5.48221e+01
           -5.76825e+02       2.62832e+01
   55       1.56298e+03      -7.73710e-01       5.48221e+01
           -5.76825e+02      -2.62832e+01
   56       1.56202e+03      -8.39849e-01       5.49939e+01
           -1.42317e+03      -1.86283e+02
   57       9.36558e+02       6.59640e-01      -5.18010e+01
           -1.43140e+03      -1.82991e+02
   58       9.38442e+02      -5.25230e+00      -5.03808e+01
           -5.68596e+02      -2.29913e+01
   59       9.38442e+02      -5.25230e+00       5.03808e+01
           -5.68596e+02       2.29913e+01
   60       9.36558e+02       6.59640e-01       5.18010e+01
           -1.43140e+03       1.82991e+02
   61       3.11573e+02      -2.49369e+01      -3.72191e+01
           -1.28696e+03       1.25215e+02
   62       3.13427e+02      -4.24786e+01      -3.85872e+01
           -7.13037e+02      -3.47853e+01
   63       3.13427e+02      -4.24786e+01       3.85872e+01
           -7.13037e+02       3.47853e+01
   64       3.11573e+02      -2.49369e+01       3.72191e+01
           -1.28696e+03      -1.25215e+02

     DISPLACEMENT CSV = D:\STAPpp-master\STAPpp\data\plate\convergence\plate_conv_16x4.displacements.csv


 S O L U T I O N   T I M E   L O G   I N   S E C 

     READ_TIME = 5.00000e-03
     MPC_ALIAS_TIME = 0.00000e+00
     CSR_PATTERN_TIME = 0.00000e+00
     CSR_ASSEMBLY_TIME = 0.00000e+00
     ELEMENT_VALUE_ASSEMBLY_TIME = 0.00000e+00
     MPC_VALUE_ASSEMBLY_TIME = 0.00000e+00
     ELEMENT_STIFFNESS_TIME = 0.00000e+00
     PATTERN_INSERT_TIME = 0.00000e+00
     VALUE_INSERT_TIME = 0.00000e+00
     ACTIVE_DOF_PACK_TIME = 0.00000e+00
     MPC_PATTERN_TIME = 0.00000e+00
     EXPORT_UPPER_CSR_TIME = 0.00000e+00
     SYMMETRY_CHECK_TIME = 0.00000e+00
     SCALING_TIME = 0.00000e+00
     PRECOND_SETUP_TIME = 0.00000e+00
     ITER_SOLVE_TIME = 0.00000e+00
     RESIDUAL_CHECK_TIME = 0.00000e+00
     CSV_WRITE_TIME = 1.00000e-03
     TOTAL_TIME = 8.00000e-03

