TITLE : Plate Convergence Test - 4x1 Mesh
        (17:56:43 on June 14, 2026, Sunday)

C O N T R O L   I N F O R M A T I O N

      NUMBER OF NODAL POINTS . . . . . . . . . . (NUMNP)  =    10
      NUMBER OF ELEMENT GROUPS . . . . . . . . . (NUMEG)  =     1
      NUMBER OF LOAD CASES . . . . . . . . . . . (NLCASE) =     1
      SOLUTION MODE  . . . . . . . . . . . . . . (MODEX)  =     1
         EQ.0, DATA CHECK
         EQ.1, EXECUTION

 N O D A L   P O I N T   D A T A

    NODE       BOUNDARY                         NODAL POINT
   NUMBER  CONDITION  CODES                     COORDINATES
        1    1    1    1    1    1    1       0.00000e+00    0.00000e+00    0.00000e+00
        2    1    1    1    1    1    1       0.00000e+00    1.00000e+00    0.00000e+00
        3    0    0    0    1    1    1       2.50000e+00    0.00000e+00    0.00000e+00
        4    0    0    0    1    1    1       2.50000e+00    1.00000e+00    0.00000e+00
        5    0    0    0    1    1    1       5.00000e+00    0.00000e+00    0.00000e+00
        6    0    0    0    1    1    1       5.00000e+00    1.00000e+00    0.00000e+00
        7    0    0    0    1    1    1       7.50000e+00    0.00000e+00    0.00000e+00
        8    0    0    0    1    1    1       7.50000e+00    1.00000e+00    0.00000e+00
        9    0    0    0    1    1    1       1.00000e+01    0.00000e+00    0.00000e+00
       10    0    0    0    1    1    1       1.00000e+01    1.00000e+00    0.00000e+00

 L O A D   C A S E   D A T A

     LOAD CASE NUMBER . . . . . . . =     1
     NUMBER OF CONCENTRATED LOADS . =     2

    NODE       DIRECTION      LOAD
   NUMBER                   MAGNITUDE
      9            3       -5.00000e+02
     10            3       -5.00000e+02

 EQUATION NUMBERS

   NODE NUMBER   DEGREES OF FREEDOM
        N           X    Y    Z   RX   RY   RZ
        1           0    0    0    0    0    0
        2           0    0    0    0    0    0
        3           1    2    3    0    0    0
        4           4    5    6    0    0    0
        5           7    8    9    0    0    0
        6          10   11   12    0    0    0
        7          13   14   15    0    0    0
        8          16   17   18    0    0    0
        9          19   20   21    0    0    0
       10          22   23   24    0    0    0

 E L E M E N T   G R O U P   D A T A


 E L E M E N T   D E F I N I T I O N

 ELEMENT TYPE  . . . . . . . . . . . . .( NPAR(1) ) . . =    7
     EQ.1, TRUSS ELEMENTS
     EQ.2, FOUR-NODE PLANE ELEMENTS (FULL INTEGRATION)
     EQ.3, FOUR-NODE PLANE ELEMENTS (REDUCED INTEGRATION)
     EQ.4, THREE-NODE TRIANGULAR PLANE ELEMENTS (CST)
     EQ.5, EIGHT-NODE HEXAHEDRAL ELEMENTS
     EQ.6, TWO-NODE BEAM ELEMENTS
     EQ.7, FOUR-NODE PLATE BENDING ELEMENTS
     EQ.9, TWO-NODE 3D EULER-BERNOULLI BEAM ELEMENTS
     EQ.10, FOUR-NODE FLAT SHELL ELEMENTS
     EQ.11, TWO-NODE 3D TIMOSHENKO BEAM ELEMENTS
     EQ.12, EIGHT-NODE REDUCED-INTEGRATION HEXAHEDRAL ELEMENTS
     EQ.14, PIER-LOCAL REDUCED-INTEGRATION HEXAHEDRAL ELEMENTS

 NUMBER OF ELEMENTS. . . . . . . . . . .( NPAR(2) ) . . =    4

 M A T E R I A L   D E F I N I T I O N

 NUMBER OF DIFFERENT SETS OF MATERIAL
 AND SECTION CONSTANTS  . . . . . . .( NPAR(3) ) . . =    1

  SET       YOUNG'S     POISSON'S     THICKNESS
 NUMBER     MODULUS       RATIO
               E            Nu            t
    1     2.00000e+11     3.00000e-01     1.00000e-01


 E L E M E N T   I N F O R M A T I O N
 ELEMENT     NODE     NODE     NODE     NODE       MATERIAL
 NUMBER-N      I        J        K        L       SET NUMBER
    1          1        3        4        2           1
    2          3        5        6        4           1
    3          5        7        8        6           1
    4          7        9       10        8           1

	TOTAL SYSTEM DATA

     NUMBER OF EQUATIONS . . . . . . . . . . . . . .(NEQ) = 24
     NUMBER OF MATRIX ELEMENTS . . . . . . . . . . .(NWK) = 192
     MAXIMUM HALF BANDWIDTH  . . . . . . . . . . . .(MK ) = 12
     MEAN HALF BANDWIDTH . . . . . . . . . . . . . .(MM ) = 8


 LOAD CASE    1


 D I S P L A C E M E N T S

  NODE           X-DISPLACEMENT    Y-DISPLACEMENT    Z-DISPLACEMENT    RX-ROTATION      RY-ROTATION      RZ-ROTATION
    1               0.00000e+00       0.00000e+00       0.00000e+00       0.00000e+00       0.00000e+00       0.00000e+00
    2               0.00000e+00       0.00000e+00       0.00000e+00       0.00000e+00       0.00000e+00       0.00000e+00
    3              -8.83974e-05       1.26067e-03      -1.57623e-03       0.00000e+00       0.00000e+00       0.00000e+00
    4               8.83974e-05       1.26067e-03      -1.57623e-03       0.00000e+00       0.00000e+00       0.00000e+00
    5              -4.04749e-05       2.21045e-03      -5.91553e-03       0.00000e+00       0.00000e+00       0.00000e+00
    6               4.04749e-05       2.21045e-03      -5.91553e-03       0.00000e+00       0.00000e+00       0.00000e+00
    7              -2.20710e-05       2.76924e-03      -1.21405e-02       0.00000e+00       0.00000e+00       0.00000e+00
    8               2.20710e-05       2.76924e-03      -1.21405e-02       0.00000e+00       0.00000e+00       0.00000e+00
    9              -6.46542e-06       2.96126e-03      -1.93040e-02       0.00000e+00       0.00000e+00       0.00000e+00
   10               6.46542e-06       2.96126e-03      -1.93040e-02       0.00000e+00       0.00000e+00       0.00000e+00

 S T R E S S  C A L C U L A T I O N S  F O R  E L E M E N T  G R O U P    1

  ELEMENT             Mx               My              Mxy
                        Qx               Qy
  NUMBER
    1       8.75000e+03       1.15171e+03       1.26553e-08
           -1.00000e+03       6.25501e-09
    2       6.25000e+03      -2.72871e+02       1.33412e-08
           -1.00000e+03      -5.56001e-09
    3       3.75000e+03       8.25679e+01       1.10241e-08
           -1.00000e+03       1.39000e-08
    4       1.25000e+03      -1.00608e+02       1.68149e-08
           -1.00000e+03      -5.56001e-09

     DISPLACEMENT CSV = D:\STAPpp-master\STAPpp\data\plate\convergence\plate_conv_4x1.displacements.csv


 S O L U T I O N   T I M E   L O G   I N   S E C 

     READ_TIME = 2.00000e-03
     MPC_ALIAS_TIME = 0.00000e+00
     CSR_PATTERN_TIME = 0.00000e+00
     CSR_ASSEMBLY_TIME = 0.00000e+00
     ELEMENT_VALUE_ASSEMBLY_TIME = 0.00000e+00
     MPC_VALUE_ASSEMBLY_TIME = 0.00000e+00
     ELEMENT_STIFFNESS_TIME = 0.00000e+00
     PATTERN_INSERT_TIME = 0.00000e+00
     VALUE_INSERT_TIME = 0.00000e+00
     ACTIVE_DOF_PACK_TIME = 0.00000e+00
     MPC_PATTERN_TIME = 0.00000e+00
     EXPORT_UPPER_CSR_TIME = 0.00000e+00
     SYMMETRY_CHECK_TIME = 0.00000e+00
     SCALING_TIME = 0.00000e+00
     PRECOND_SETUP_TIME = 0.00000e+00
     ITER_SOLVE_TIME = 0.00000e+00
     RESIDUAL_CHECK_TIME = 0.00000e+00
     CSV_WRITE_TIME = 0.00000e+00
     TOTAL_TIME = 3.00000e-03

