\BOOKMARK [1][-]{section.1}{\376\377\137\025\212\000}{}% 1
\BOOKMARK [2][-]{subsection.1.1}{\376\377\213\376\172\013\213\276\213\241\200\314\146\157}{section.1}% 2
\BOOKMARK [2][-]{subsection.1.2}{\376\377\135\362\133\236\163\260\122\237\200\375\213\364\146\016}{section.1}% 3
\BOOKMARK [2][-]{subsection.1.3}{\376\377\142\245\124\112\176\323\147\204}{section.1}% 4
\BOOKMARK [1][-]{section.2}{\376\377\173\227\154\325\213\364\146\016}{}% 5
\BOOKMARK [2][-]{subsection.2.1}{\376\377\136\163\227\142\136\224\122\233\225\356\230\230\127\372\147\054\145\271\172\013}{section.2}% 6
\BOOKMARK [2][-]{subsection.2.2}{\376\377\000Q\0004\000\040\126\333\202\202\160\271\173\111\123\302\123\125\121\103}{section.2}% 7
\BOOKMARK [3][-]{subsubsection.2.2.1}{\376\377\137\142\121\375\145\160}{subsection.2.2}% 8
\BOOKMARK [3][-]{subsubsection.2.2.2}{\376\377\000J\000a\000c\000o\000b\000i\000a\000n\000\040\167\351\226\065\116\016\136\224\123\330\167\351\226\065}{subsection.2.2}% 9
\BOOKMARK [3][-]{subsubsection.2.2.3}{\376\377\145\160\120\074\171\357\122\006}{subsection.2.2}% 10
\BOOKMARK [2][-]{subsection.2.3}{\376\377\000Q\0004\000R\000\040\177\051\121\317\171\357\122\006\172\063\133\232\123\026\123\125\121\103}{section.2}% 11
\BOOKMARK [2][-]{subsection.2.4}{\376\377\000T\0003\000\040\136\070\136\224\123\330\116\011\211\322\137\142\123\125\121\103}{section.2}% 12
\BOOKMARK [3][-]{subsubsection.2.4.1}{\376\377\121\340\117\125\116\016\227\142\171\357}{subsection.2.4}% 13
\BOOKMARK [3][-]{subsubsection.2.4.2}{\376\377\136\224\123\330\167\351\226\065}{subsection.2.4}% 14
\BOOKMARK [2][-]{subsection.2.5}{\376\377\000B\000e\000a\000m\000\040\116\214\176\364\153\047\142\311\040\023\117\057\122\252\122\051\150\201\123\125\121\103}{section.2}% 15
\BOOKMARK [3][-]{subsubsection.2.5.1}{\376\377\134\100\220\350\127\120\150\007\174\373\116\016\201\352\165\061\136\246}{subsection.2.5}% 16
\BOOKMARK [3][-]{subsubsection.2.5.2}{\376\377\134\100\220\350\122\032\136\246\167\351\226\065}{subsection.2.5}% 17
\BOOKMARK [3][-]{subsubsection.2.5.3}{\376\377\127\120\150\007\123\330\143\142}{subsection.2.5}% 18
\BOOKMARK [3][-]{subsubsection.2.5.4}{\376\377\136\224\122\233\213\241\173\227}{subsection.2.5}% 19
\BOOKMARK [2][-]{subsection.2.6}{\376\377\000H\0008\000\040\121\153\202\202\160\271\121\155\227\142\117\123\116\011\176\364\133\236\117\123\123\125\121\103}{section.2}% 20
\BOOKMARK [3][-]{subsubsection.2.6.1}{\376\377\137\142\121\375\145\160}{subsection.2.6}% 21
\BOOKMARK [3][-]{subsubsection.2.6.2}{\376\377\000J\000a\000c\000o\000b\000i\000a\000n\000\040\167\351\226\065\116\016\116\011\176\364\136\224\123\330\167\351\226\065}{subsection.2.6}% 22
\BOOKMARK [3][-]{subsubsection.2.6.3}{\376\377\116\011\176\364\147\054\147\204\121\163\174\373\116\016\145\160\120\074\171\357\122\006}{subsection.2.6}% 23
\BOOKMARK [2][-]{subsection.2.7}{\376\377\000P\000l\000a\000t\000e\000\040\126\333\202\202\160\271\000\040\000M\000i\000n\000d\000l\000i\000n\040\023\000R\000e\000i\000s\000s\000n\000e\000r\000\040\147\177\137\057\146\362\123\125\121\103}{section.2}% 24
\BOOKMARK [3][-]{subsubsection.2.7.1}{\376\377\127\372\147\054\120\107\213\276\116\016\201\352\165\061\136\246}{subsection.2.7}% 25
\BOOKMARK [3][-]{subsubsection.2.7.2}{\376\377\146\362\163\207\116\016\122\152\122\007\136\224\123\330}{subsection.2.7}% 26
\BOOKMARK [3][-]{subsubsection.2.7.3}{\376\377\147\054\147\204\121\163\174\373\116\016\220\011\142\351\140\047\177\051\121\317\171\357\122\006}{subsection.2.7}% 27
\BOOKMARK [3][-]{subsubsection.2.7.4}{\376\377\121\205\122\233\116\016\136\224\122\233\217\223\121\372}{subsection.2.7}% 28
\BOOKMARK [2][-]{subsection.2.8}{\376\377\140\073\117\123\210\305\221\115\116\016\176\277\140\047\145\271\172\013\154\102\211\343}{section.2}% 29
\BOOKMARK [1][-]{section.3}{\376\377\133\236\163\260\145\271\150\110}{}% 30
\BOOKMARK [2][-]{subsection.3.1}{\376\377\172\013\136\217\140\073\117\123\176\323\147\204}{section.3}% 31
\BOOKMARK [2][-]{subsection.3.2}{\376\377\123\125\121\103\174\173\127\213\142\151\134\125}{section.3}% 32
\BOOKMARK [2][-]{subsection.3.3}{\376\377\000Q\0004\000\040\123\125\121\103\133\236\163\260\211\201\160\271}{section.3}% 33
\BOOKMARK [2][-]{subsection.3.4}{\376\377\000Q\0004\000R\000\040\123\125\121\103\133\236\163\260\211\201\160\271}{section.3}% 34
\BOOKMARK [2][-]{subsection.3.5}{\376\377\000T\0003\000\040\123\125\121\103\133\236\163\260\211\201\160\271}{section.3}% 35
\BOOKMARK [2][-]{subsection.3.6}{\376\377\000B\000e\000a\000m\000\040\123\125\121\103\133\236\163\260\211\201\160\271}{section.3}% 36
\BOOKMARK [2][-]{subsection.3.7}{\376\377\000H\0008\000\040\123\125\121\103\133\236\163\260\211\201\160\271}{section.3}% 37
\BOOKMARK [2][-]{subsection.3.8}{\376\377\000P\000l\000a\000t\000e\000\040\123\125\121\103\133\236\163\260\211\201\160\271}{section.3}% 38
\BOOKMARK [2][-]{subsection.3.9}{\376\377\140\073\117\123\213\241\173\227\155\101\172\013}{section.3}% 39
\BOOKMARK [1][-]{section.4}{\376\377\117\177\165\050\145\271\154\325}{}% 40
\BOOKMARK [2][-]{subsection.4.1}{\376\377\135\345\172\013\145\207\116\366\176\304\176\307}{section.4}% 41
\BOOKMARK [2][-]{subsection.4.2}{\376\377\220\032\165\050\177\026\213\321\145\271\154\325}{section.4}% 42
\BOOKMARK [2][-]{subsection.4.3}{\376\377\217\320\210\114\145\271\154\325}{section.4}% 43
\BOOKMARK [2][-]{subsection.4.4}{\376\377\217\223\121\145\145\160\143\156\150\074\137\017}{section.4}% 44
\BOOKMARK [2][-]{subsection.4.5}{\376\377\122\115\131\004\164\006\116\016\124\016\131\004\164\006\145\207\116\366\117\177\165\050\145\271\154\325}{section.4}% 45
\BOOKMARK [2][-]{subsection.4.6}{\376\377\121\170\127\213\173\227\117\213\217\320\210\114\124\175\116\344}{section.4}% 46
\BOOKMARK [2][-]{subsection.4.7}{\376\377\177\121\150\074\165\037\142\020}{section.4}% 47
\BOOKMARK [1][-]{section.5}{\376\377\172\013\136\217\232\214\213\301\116\016\170\156\213\244}{}% 48
\BOOKMARK [2][-]{subsection.5.1}{\376\377\232\214\213\301\145\271\154\325\151\202\217\360}{section.5}% 49
\BOOKMARK [2][-]{subsection.5.2}{\376\377\127\107\123\000\142\311\117\070\164\006\213\272\211\343}{section.5}% 50
\BOOKMARK [2][-]{subsection.5.3}{\376\377\000Q\0004\000\040\123\125\121\103\232\214\213\301}{section.5}% 51
\BOOKMARK [3][-]{subsubsection.5.3.1}{\376\377\000Q\0004\000\040\162\107\123\125\121\103\150\300\232\214}{subsection.5.3}% 52
\BOOKMARK [3][-]{subsubsection.5.3.2}{\376\377\000Q\0004\000\040\122\006\162\107\150\300\232\214}{subsection.5.3}% 53
\BOOKMARK [2][-]{subsection.5.4}{\376\377\000T\0003\000\040\123\125\121\103\232\214\213\301}{section.5}% 54
\BOOKMARK [3][-]{subsubsection.5.4.1}{\376\377\000T\0003\000\040\162\107\123\125\121\103\150\300\232\214}{subsection.5.4}% 55
\BOOKMARK [3][-]{subsubsection.5.4.2}{\376\377\000T\0003\000\040\122\006\162\107\150\300\232\214}{subsection.5.4}% 56
\BOOKMARK [2][-]{subsection.5.5}{\376\377\000Q\0004\000R\000\040\123\125\121\103\232\214\213\301}{section.5}% 57
\BOOKMARK [3][-]{subsubsection.5.5.1}{\376\377\000Q\0004\000R\000\040\162\107\123\125\121\103\150\300\232\214}{subsection.5.5}% 58
\BOOKMARK [3][-]{subsubsection.5.5.2}{\376\377\000Q\0004\000R\000\040\122\006\162\107\150\300\232\214}{subsection.5.5}% 59
\BOOKMARK [2][-]{subsection.5.6}{\376\377\000B\000e\000a\000m\000\040\123\125\121\103\232\214\213\301}{section.5}% 60
\BOOKMARK [3][-]{subsubsection.5.6.1}{\376\377\217\164\124\021\142\311\117\070\122\006\162\107\150\300\232\214}{subsection.5.6}% 61
\BOOKMARK [3][-]{subsubsection.5.6.2}{\376\377\140\254\201\302\150\201\137\057\146\362\232\214\213\301}{subsection.5.6}% 62
\BOOKMARK [3][-]{subsubsection.5.6.3}{\376\377\000B\000e\000a\000m\000\040\145\066\145\133\140\047\122\006\147\220}{subsection.5.6}% 63
\BOOKMARK [2][-]{subsection.5.7}{\376\377\000H\0008\000\040\123\125\121\103\232\214\213\301}{section.5}% 64
\BOOKMARK [3][-]{subsubsection.5.7.1}{\376\377\000H\0008\000\040\123\125\217\164\142\311\117\070\162\107\123\125\121\103\150\300\232\214}{subsection.5.7}% 65
\BOOKMARK [3][-]{subsubsection.5.7.2}{\376\377\000H\0008\000\040\131\032\121\103\175\040\122\006\162\107\150\300\232\214}{subsection.5.7}% 66
\BOOKMARK [3][-]{subsubsection.5.7.3}{\376\377\000H\0008\000\040\116\011\176\364\140\254\201\302\150\201\145\066\145\133\140\047\122\006\147\220}{subsection.5.7}% 67
\BOOKMARK [2][-]{subsection.5.8}{\376\377\000P\000l\000a\000t\000e\000\040\123\125\121\103\232\214\213\301}{section.5}% 68
\BOOKMARK [3][-]{subsubsection.5.8.1}{\376\377\140\254\201\302\147\177\123\125\121\103\175\040\232\214\213\301}{subsection.5.8}% 69
\BOOKMARK [3][-]{subsubsection.5.8.2}{\376\377\000P\000l\000a\000t\000e\000\040\145\066\145\133\140\047\122\006\147\220}{subsection.5.8}% 70
\BOOKMARK [2][-]{subsection.5.9}{\376\377\140\254\201\302\150\201\145\066\145\133\140\047\122\006\147\220}{section.5}% 71
\BOOKMARK [3][-]{subsubsection.5.9.1}{\376\377\173\227\117\213\133\232\116\111}{subsection.5.9}% 72
\BOOKMARK [3][-]{subsubsection.5.9.2}{\376\377\000Q\0004\000\040\117\115\171\373\145\066\145\133}{subsection.5.9}% 73
\BOOKMARK [3][-]{subsubsection.5.9.3}{\376\377\000Q\0004\000\040\136\224\122\233\145\066\145\133}{subsection.5.9}% 74
\BOOKMARK [3][-]{subsubsection.5.9.4}{\376\377\000Q\0004\000\040\145\066\145\133\163\207}{subsection.5.9}% 75
\BOOKMARK [3][-]{subsubsection.5.9.5}{\376\377\000T\0003\000\040\117\115\171\373\145\066\145\133}{subsection.5.9}% 76
\BOOKMARK [3][-]{subsubsection.5.9.6}{\376\377\000Q\0004\000R\000\040\116\016\000\040\000Q\0004\000\040\145\066\145\133\133\371\153\324}{subsection.5.9}% 77
\BOOKMARK [2][-]{subsection.5.10}{\376\377\000B\000r\000i\000d\000g\000e\000-\0001\000\040\135\345\172\013\173\227\117\213\122\006\147\220}{section.5}% 78
\BOOKMARK [3][-]{subsubsection.5.10.1}{\376\377\173\227\117\213\152\041\127\213\116\016\145\207\116\366\155\101\172\013}{subsection.5.10}% 79
\BOOKMARK [3][-]{subsubsection.5.10.2}{\376\377\116\016\000\040\000A\000b\000a\000q\000u\000s\000\040\000O\000D\000B\000\040\166\204\117\115\171\373\213\357\135\356\133\371\153\324}{subsection.5.10}% 80
\BOOKMARK [3][-]{subsubsection.5.10.3}{\376\377\147\000\176\310\213\357\135\356\176\323\213\272}{subsection.5.10}% 81
\BOOKMARK [3][-]{subsubsection.5.10.4}{\376\377\136\224\122\233\116\221\126\376\116\016\117\115\171\373\116\221\126\376\117\115\177\156}{subsection.5.10}% 82
\BOOKMARK [2][-]{subsection.5.11}{\376\377\176\374\124\010\232\214\213\301\176\323\213\272}{section.5}% 83
\BOOKMARK [1][-]{section.6}{\376\377\116\373\122\241\122\006\135\345\116\016\124\010\117\134\140\305\121\265}{}% 84
\BOOKMARK [1][-]{section.7}{\376\377\176\323\213\272}{}% 85
