TITLE : H8 Convergence Test - 8x4x1 Mesh
        (12:56:53 on June 2, 2026, Tuesday)

C O N T R O L   I N F O R M A T I O N

      NUMBER OF NODAL POINTS . . . . . . . . . . (NUMNP)  =    90
      NUMBER OF ELEMENT GROUPS . . . . . . . . . (NUMEG)  =     1
      NUMBER OF LOAD CASES . . . . . . . . . . . (NLCASE) =     1
      SOLUTION MODE  . . . . . . . . . . . . . . (MODEX)  =     1
         EQ.0, DATA CHECK
         EQ.1, EXECUTION

 N O D A L   P O I N T   D A T A

    NODE       BOUNDARY                         NODAL POINT
   NUMBER  CONDITION  CODES                     COORDINATES
        1    1    1    1       0.00000e+00   -5.00000e-01   -5.00000e-02
        2    1    1    1       0.00000e+00   -5.00000e-01    5.00000e-02
        3    1    1    1       0.00000e+00   -2.50000e-01   -5.00000e-02
        4    1    1    1       0.00000e+00   -2.50000e-01    5.00000e-02
        5    1    1    1       0.00000e+00    0.00000e+00   -5.00000e-02
        6    1    1    1       0.00000e+00    0.00000e+00    5.00000e-02
        7    1    1    1       0.00000e+00    2.50000e-01   -5.00000e-02
        8    1    1    1       0.00000e+00    2.50000e-01    5.00000e-02
        9    1    1    1       0.00000e+00    5.00000e-01   -5.00000e-02
       10    1    1    1       0.00000e+00    5.00000e-01    5.00000e-02
       11    0    0    0       1.25000e+00   -5.00000e-01   -5.00000e-02
       12    0    0    0       1.25000e+00   -5.00000e-01    5.00000e-02
       13    0    0    0       1.25000e+00   -2.50000e-01   -5.00000e-02
       14    0    0    0       1.25000e+00   -2.50000e-01    5.00000e-02
       15    0    0    0       1.25000e+00    0.00000e+00   -5.00000e-02
       16    0    0    0       1.25000e+00    0.00000e+00    5.00000e-02
       17    0    0    0       1.25000e+00    2.50000e-01   -5.00000e-02
       18    0    0    0       1.25000e+00    2.50000e-01    5.00000e-02
       19    0    0    0       1.25000e+00    5.00000e-01   -5.00000e-02
       20    0    0    0       1.25000e+00    5.00000e-01    5.00000e-02
       21    0    0    0       2.50000e+00   -5.00000e-01   -5.00000e-02
       22    0    0    0       2.50000e+00   -5.00000e-01    5.00000e-02
       23    0    0    0       2.50000e+00   -2.50000e-01   -5.00000e-02
       24    0    0    0       2.50000e+00   -2.50000e-01    5.00000e-02
       25    0    0    0       2.50000e+00    0.00000e+00   -5.00000e-02
       26    0    0    0       2.50000e+00    0.00000e+00    5.00000e-02
       27    0    0    0       2.50000e+00    2.50000e-01   -5.00000e-02
       28    0    0    0       2.50000e+00    2.50000e-01    5.00000e-02
       29    0    0    0       2.50000e+00    5.00000e-01   -5.00000e-02
       30    0    0    0       2.50000e+00    5.00000e-01    5.00000e-02
       31    0    0    0       3.75000e+00   -5.00000e-01   -5.00000e-02
       32    0    0    0       3.75000e+00   -5.00000e-01    5.00000e-02
       33    0    0    0       3.75000e+00   -2.50000e-01   -5.00000e-02
       34    0    0    0       3.75000e+00   -2.50000e-01    5.00000e-02
       35    0    0    0       3.75000e+00    0.00000e+00   -5.00000e-02
       36    0    0    0       3.75000e+00    0.00000e+00    5.00000e-02
       37    0    0    0       3.75000e+00    2.50000e-01   -5.00000e-02
       38    0    0    0       3.75000e+00    2.50000e-01    5.00000e-02
       39    0    0    0       3.75000e+00    5.00000e-01   -5.00000e-02
       40    0    0    0       3.75000e+00    5.00000e-01    5.00000e-02
       41    0    0    0       5.00000e+00   -5.00000e-01   -5.00000e-02
       42    0    0    0       5.00000e+00   -5.00000e-01    5.00000e-02
       43    0    0    0       5.00000e+00   -2.50000e-01   -5.00000e-02
       44    0    0    0       5.00000e+00   -2.50000e-01    5.00000e-02
       45    0    0    0       5.00000e+00    0.00000e+00   -5.00000e-02
       46    0    0    0       5.00000e+00    0.00000e+00    5.00000e-02
       47    0    0    0       5.00000e+00    2.50000e-01   -5.00000e-02
       48    0    0    0       5.00000e+00    2.50000e-01    5.00000e-02
       49    0    0    0       5.00000e+00    5.00000e-01   -5.00000e-02
       50    0    0    0       5.00000e+00    5.00000e-01    5.00000e-02
       51    0    0    0       6.25000e+00   -5.00000e-01   -5.00000e-02
       52    0    0    0       6.25000e+00   -5.00000e-01    5.00000e-02
       53    0    0    0       6.25000e+00   -2.50000e-01   -5.00000e-02
       54    0    0    0       6.25000e+00   -2.50000e-01    5.00000e-02
       55    0    0    0       6.25000e+00    0.00000e+00   -5.00000e-02
       56    0    0    0       6.25000e+00    0.00000e+00    5.00000e-02
       57    0    0    0       6.25000e+00    2.50000e-01   -5.00000e-02
       58    0    0    0       6.25000e+00    2.50000e-01    5.00000e-02
       59    0    0    0       6.25000e+00    5.00000e-01   -5.00000e-02
       60    0    0    0       6.25000e+00    5.00000e-01    5.00000e-02
       61    0    0    0       7.50000e+00   -5.00000e-01   -5.00000e-02
       62    0    0    0       7.50000e+00   -5.00000e-01    5.00000e-02
       63    0    0    0       7.50000e+00   -2.50000e-01   -5.00000e-02
       64    0    0    0       7.50000e+00   -2.50000e-01    5.00000e-02
       65    0    0    0       7.50000e+00    0.00000e+00   -5.00000e-02
       66    0    0    0       7.50000e+00    0.00000e+00    5.00000e-02
       67    0    0    0       7.50000e+00    2.50000e-01   -5.00000e-02
       68    0    0    0       7.50000e+00    2.50000e-01    5.00000e-02
       69    0    0    0       7.50000e+00    5.00000e-01   -5.00000e-02
       70    0    0    0       7.50000e+00    5.00000e-01    5.00000e-02
       71    0    0    0       8.75000e+00   -5.00000e-01   -5.00000e-02
       72    0    0    0       8.75000e+00   -5.00000e-01    5.00000e-02
       73    0    0    0       8.75000e+00   -2.50000e-01   -5.00000e-02
       74    0    0    0       8.75000e+00   -2.50000e-01    5.00000e-02
       75    0    0    0       8.75000e+00    0.00000e+00   -5.00000e-02
       76    0    0    0       8.75000e+00    0.00000e+00    5.00000e-02
       77    0    0    0       8.75000e+00    2.50000e-01   -5.00000e-02
       78    0    0    0       8.75000e+00    2.50000e-01    5.00000e-02
       79    0    0    0       8.75000e+00    5.00000e-01   -5.00000e-02
       80    0    0    0       8.75000e+00    5.00000e-01    5.00000e-02
       81    0    0    0       1.00000e+01   -5.00000e-01   -5.00000e-02
       82    0    0    0       1.00000e+01   -5.00000e-01    5.00000e-02
       83    0    0    0       1.00000e+01   -2.50000e-01   -5.00000e-02
       84    0    0    0       1.00000e+01   -2.50000e-01    5.00000e-02
       85    0    0    0       1.00000e+01    0.00000e+00   -5.00000e-02
       86    0    0    0       1.00000e+01    0.00000e+00    5.00000e-02
       87    0    0    0       1.00000e+01    2.50000e-01   -5.00000e-02
       88    0    0    0       1.00000e+01    2.50000e-01    5.00000e-02
       89    0    0    0       1.00000e+01    5.00000e-01   -5.00000e-02
       90    0    0    0       1.00000e+01    5.00000e-01    5.00000e-02

 EQUATION NUMBERS

   NODE NUMBER   DEGREES OF FREEDOM
        N           X    Y    Z
        1           0    0    0
        2           0    0    0
        3           0    0    0
        4           0    0    0
        5           0    0    0
        6           0    0    0
        7           0    0    0
        8           0    0    0
        9           0    0    0
       10           0    0    0
       11           1    2    3
       12           4    5    6
       13           7    8    9
       14          10   11   12
       15          13   14   15
       16          16   17   18
       17          19   20   21
       18          22   23   24
       19          25   26   27
       20          28   29   30
       21          31   32   33
       22          34   35   36
       23          37   38   39
       24          40   41   42
       25          43   44   45
       26          46   47   48
       27          49   50   51
       28          52   53   54
       29          55   56   57
       30          58   59   60
       31          61   62   63
       32          64   65   66
       33          67   68   69
       34          70   71   72
       35          73   74   75
       36          76   77   78
       37          79   80   81
       38          82   83   84
       39          85   86   87
       40          88   89   90
       41          91   92   93
       42          94   95   96
       43          97   98   99
       44         100  101  102
       45         103  104  105
       46         106  107  108
       47         109  110  111
       48         112  113  114
       49         115  116  117
       50         118  119  120
       51         121  122  123
       52         124  125  126
       53         127  128  129
       54         130  131  132
       55         133  134  135
       56         136  137  138
       57         139  140  141
       58         142  143  144
       59         145  146  147
       60         148  149  150
       61         151  152  153
       62         154  155  156
       63         157  158  159
       64         160  161  162
       65         163  164  165
       66         166  167  168
       67         169  170  171
       68         172  173  174
       69         175  176  177
       70         178  179  180
       71         181  182  183
       72         184  185  186
       73         187  188  189
       74         190  191  192
       75         193  194  195
       76         196  197  198
       77         199  200  201
       78         202  203  204
       79         205  206  207
       80         208  209  210
       81         211  212  213
       82         214  215  216
       83         217  218  219
       84         220  221  222
       85         223  224  225
       86         226  227  228
       87         229  230  231
       88         232  233  234
       89         235  236  237
       90         238  239  240

 L O A D   C A S E   D A T A

     LOAD CASE NUMBER . . . . . . . =     1
     NUMBER OF CONCENTRATED LOADS . =    10

    NODE       DIRECTION      LOAD
   NUMBER                   MAGNITUDE
     81            2       -1.00000e+04
     82            2       -1.00000e+04
     83            2       -1.00000e+04
     84            2       -1.00000e+04
     85            2       -1.00000e+04
     86            2       -1.00000e+04
     87            2       -1.00000e+04
     88            2       -1.00000e+04
     89            2       -1.00000e+04
     90            2       -1.00000e+04

 E L E M E N T   G R O U P   D A T A


 E L E M E N T   D E F I N I T I O N

 ELEMENT TYPE  . . . . . . . . . . . . .( NPAR(1) ) . . =    5
     EQ.1, TRUSS ELEMENTS
     EQ.2, FOUR-NODE PLANE ELEMENTS (FULL INTEGRATION)
     EQ.3, FOUR-NODE PLANE ELEMENTS (REDUCED INTEGRATION)
     EQ.4, THREE-NODE TRIANGULAR PLANE ELEMENTS (CST)
     EQ.5, EIGHT-NODE HEXAHEDRAL ELEMENTS
     EQ.6, TWO-NODE BEAM ELEMENTS

 NUMBER OF ELEMENTS. . . . . . . . . . .( NPAR(2) ) . . =   32

 M A T E R I A L   D E F I N I T I O N

 NUMBER OF DIFFERENT SETS OF MATERIAL
 AND SECTION CONSTANTS  . . . . . . .( NPAR(3) ) . . =    1

  SET       YOUNG'S     POISSON'S
 NUMBER     MODULUS       RATIO
               E            Nu
    1     2.00000e+11     3.00000e-01


 E L E M E N T   I N F O R M A T I O N
 ELEMENT      N1        N2        N3        N4
 NUMBER-N     N5        N6        N7        N8       MATERIAL
                                                      SET NUMBER
    1        1       11       13        3        2       12       14        4           1
    2        3       13       15        5        4       14       16        6           1
    3        5       15       17        7        6       16       18        8           1
    4        7       17       19        9        8       18       20       10           1
    5       11       21       23       13       12       22       24       14           1
    6       13       23       25       15       14       24       26       16           1
    7       15       25       27       17       16       26       28       18           1
    8       17       27       29       19       18       28       30       20           1
    9       21       31       33       23       22       32       34       24           1
   10       23       33       35       25       24       34       36       26           1
   11       25       35       37       27       26       36       38       28           1
   12       27       37       39       29       28       38       40       30           1
   13       31       41       43       33       32       42       44       34           1
   14       33       43       45       35       34       44       46       36           1
   15       35       45       47       37       36       46       48       38           1
   16       37       47       49       39       38       48       50       40           1
   17       41       51       53       43       42       52       54       44           1
   18       43       53       55       45       44       54       56       46           1
   19       45       55       57       47       46       56       58       48           1
   20       47       57       59       49       48       58       60       50           1
   21       51       61       63       53       52       62       64       54           1
   22       53       63       65       55       54       64       66       56           1
   23       55       65       67       57       56       66       68       58           1
   24       57       67       69       59       58       68       70       60           1
   25       61       71       73       63       62       72       74       64           1
   26       63       73       75       65       64       74       76       66           1
   27       65       75       77       67       66       76       78       68           1
   28       67       77       79       69       68       78       80       70           1
   29       71       81       83       73       72       82       84       74           1
   30       73       83       85       75       74       84       86       76           1
   31       75       85       87       77       76       86       88       78           1
   32       77       87       89       79       78       88       90       80           1

	TOTAL SYSTEM DATA

     NUMBER OF EQUATIONS . . . . . . . . . . . . . .(NEQ) = 240
     NUMBER OF MATRIX ELEMENTS . . . . . . . . . . .(NWK) = 8292
     MAXIMUM HALF BANDWIDTH  . . . . . . . . . . . .(MK ) = 42
     MEAN HALF BANDWIDTH . . . . . . . . . . . . . .(MM ) = 34


 LOAD CASE    1


 D I S P L A C E M E N T S

  NODE           X-DISPLACEMENT    Y-DISPLACEMENT    Z-DISPLACEMENT
    1               0.00000e+00       0.00000e+00       0.00000e+00
    2               0.00000e+00       0.00000e+00       0.00000e+00
    3               0.00000e+00       0.00000e+00       0.00000e+00
    4               0.00000e+00       0.00000e+00       0.00000e+00
    5               0.00000e+00       0.00000e+00       0.00000e+00
    6               0.00000e+00       0.00000e+00       0.00000e+00
    7               0.00000e+00       0.00000e+00       0.00000e+00
    8               0.00000e+00       0.00000e+00       0.00000e+00
    9               0.00000e+00       0.00000e+00       0.00000e+00
   10               0.00000e+00       0.00000e+00       0.00000e+00
   11              -2.03647e-04      -2.80196e-04      -3.26482e-06
   12              -2.03647e-04      -2.80196e-04       3.26482e-06
   13              -1.00031e-04      -2.68944e-04      -1.50305e-06
   14              -1.00031e-04      -2.68944e-04       1.50305e-06
   15               4.38557e-18      -2.65154e-04       1.33628e-17
   16               3.48743e-18      -2.65154e-04       1.32162e-17
   17               1.00031e-04      -2.68944e-04       1.50305e-06
   18               1.00031e-04      -2.68944e-04      -1.50305e-06
   19               2.03647e-04      -2.80196e-04       3.26482e-06
   20               2.03647e-04      -2.80196e-04      -3.26482e-06
   21              -3.95743e-04      -1.04244e-03      -2.06163e-06
   22              -3.95743e-04      -1.04244e-03       2.06163e-06
   23              -1.97634e-04      -1.03510e-03      -9.59836e-07
   24              -1.97634e-04      -1.03510e-03       9.59836e-07
   25               5.64124e-18      -1.03255e-03      -2.35442e-18
   26               9.94755e-18      -1.03255e-03      -2.50214e-18
   27               1.97634e-04      -1.03510e-03       9.59836e-07
   28               1.97634e-04      -1.03510e-03      -9.59836e-07
   29               3.95743e-04      -1.04244e-03       2.06163e-06
   30               3.95743e-04      -1.04244e-03      -2.06163e-06
   31              -5.55548e-04      -2.24712e-03      -1.89338e-06
   32              -5.55548e-04      -2.24712e-03       1.89338e-06
   33              -2.76978e-04      -2.24058e-03      -8.65233e-07
   34              -2.76978e-04      -2.24058e-03       8.65233e-07
   35               7.57586e-18      -2.23837e-03      -1.07735e-16
   36               2.03694e-17      -2.23837e-03      -1.07553e-16
   37               2.76978e-04      -2.24058e-03       8.65233e-07
   38               2.76978e-04      -2.24058e-03      -8.65233e-07
   39               5.55548e-04      -2.24712e-03       1.89338e-06
   40               5.55548e-04      -2.24712e-03      -1.89338e-06
   41              -6.86743e-04      -3.81509e-03      -1.47142e-06
   42              -6.86743e-04      -3.81509e-03       1.47142e-06
   43              -3.42732e-04      -3.80993e-03      -6.80608e-07
   44              -3.42732e-04      -3.80993e-03       6.80608e-07
   45               9.54098e-18      -3.80815e-03      -2.91014e-16
   46               2.29580e-17      -3.80815e-03      -2.92145e-16
   47               3.42732e-04      -3.80993e-03       6.80608e-07
   48               3.42732e-04      -3.80993e-03      -6.80608e-07
   49               6.86743e-04      -3.81509e-03       1.47142e-06
   50               6.86743e-04      -3.81509e-03      -1.47142e-06
   51              -7.88713e-04      -5.67458e-03      -1.11340e-06
   52              -7.88713e-04      -5.67458e-03       1.11340e-06
   53              -3.93671e-04      -5.67071e-03      -5.12182e-07
   54              -3.93671e-04      -5.67071e-03       5.12182e-07
   55               1.62088e-17      -5.66939e-03      -3.88543e-16
   56               1.64799e-17      -5.66939e-03      -3.89547e-16
   57               3.93671e-04      -5.67071e-03       5.12182e-07
   58               3.93671e-04      -5.67071e-03      -5.12182e-07
   59               7.88713e-04      -5.67458e-03       1.11340e-06
   60               7.88713e-04      -5.67458e-03      -1.11340e-06
   61              -8.61581e-04      -7.75266e-03      -7.44109e-07
   62              -8.61581e-04      -7.75266e-03       7.44109e-07
   63              -4.30146e-04      -7.75003e-03      -3.42192e-07
   64              -4.30146e-04      -7.75003e-03       3.42192e-07
   65               3.35561e-17      -7.74913e-03      -2.98637e-16
   66               2.02204e-17      -7.74913e-03      -2.98250e-16
   67               4.30146e-04      -7.75003e-03       3.42192e-07
   68               4.30146e-04      -7.75003e-03      -3.42192e-07
   69               8.61581e-04      -7.75266e-03       7.44109e-07
   70               8.61581e-04      -7.75266e-03      -7.44109e-07
   71              -9.05156e-04      -9.97607e-03      -3.52914e-07
   72              -9.05156e-04      -9.97607e-03       3.52914e-07
   73              -4.51849e-04      -9.97495e-03      -1.64056e-07
   74              -4.51849e-04      -9.97495e-03       1.64056e-07
   75               4.88975e-17      -9.97458e-03      -1.16734e-16
   76               3.74050e-17      -9.97458e-03      -1.16023e-16
   77               4.51849e-04      -9.97495e-03       1.64056e-07
   78               4.51849e-04      -9.97495e-03      -1.64056e-07
   79               9.05156e-04      -9.97607e-03       3.52914e-07
   80               9.05156e-04      -9.97607e-03      -3.52914e-07
   81              -9.20493e-04      -1.22741e-02      -9.03247e-08
   82              -9.20493e-04      -1.22741e-02       9.03247e-08
   83              -4.59547e-04      -1.22733e-02      -3.27688e-08
   84              -4.59547e-04      -1.22733e-02       3.27688e-08
   85               5.09575e-17      -1.22730e-02      -4.76731e-17
   86               4.93854e-17      -1.22730e-02      -4.92905e-17
   87               4.59547e-04      -1.22733e-02       3.27688e-08
   88               4.59547e-04      -1.22733e-02      -3.27688e-08
   89               9.20493e-04      -1.22741e-02       9.03247e-08
   90               9.20493e-04      -1.22741e-02      -9.03247e-08

 S T R E S S  C A L C U L A T I O N S  F O R  E L E M E N T  G R O U P    1

  ELEMENT          SIGMA-X          SIGMA-Y          SIGMA-Z
                    TAU-XY           TAU-YZ           TAU-ZX
  NUMBER
    1      -2.73565e+07      -5.20637e+06      -5.00098e+06
           -9.55584e+05      -8.75702e-08       3.33926e-09
    2      -9.03076e+06      -1.70884e+06      -1.71883e+06
           -1.04442e+06      -2.58709e-08       3.43564e-07
    3       9.03076e+06       1.70884e+06       1.71883e+06
           -1.04442e+06      -9.78975e-09       6.28543e-07
    4       2.73565e+07       5.20637e+06       5.00098e+06
           -9.55584e+05      -3.96151e-08       1.07127e-06
    5      -2.24160e+07       1.12970e+06       1.40346e+06
           -6.08283e+05       4.58701e-08      -3.36940e-07
    6      -7.62538e+06       3.34043e+05       2.75484e+05
           -1.39172e+06      -1.17611e-07       3.18851e-07
    7       7.62538e+06      -3.34043e+05      -2.75484e+05
           -1.39172e+06      -9.31899e-08       3.05539e-07
    8       2.24160e+07      -1.12970e+06      -1.40346e+06
           -6.08283e+05       1.43865e-07       7.38515e-07
    9      -1.92185e+07      -2.33093e+05      -5.53944e+04
           -8.23346e+05      -1.23569e-07      -2.87205e-07
   10      -6.39297e+06      -4.50766e+04      -1.06345e+05
           -1.17665e+06      -3.92632e-07       7.79946e-08
   11       6.39297e+06       4.50766e+04       1.06345e+05
           -1.17665e+06      -3.45850e-07       1.65917e-07
   12       1.92185e+07       2.33093e+05       5.53944e+04
           -8.23346e+05      -2.50201e-07       5.37104e-07
   13      -1.56755e+07       4.60944e+04       2.21801e+05
           -7.51355e+05       5.31025e-08      -2.31080e-06
   14      -5.27121e+06      -6.14424e+02      -3.57074e+04
           -1.24865e+06       2.66881e-07      -1.15150e-06
   15       5.27121e+06       6.14424e+02       3.57074e+04
           -1.24865e+06       2.06415e-07      -1.23390e-06
   16       1.56755e+07      -4.60944e+04      -2.21801e+05
           -7.51355e+05      -2.50201e-08      -4.92057e-07
   17      -1.22022e+07      -1.14667e+04       1.13517e+05
           -7.69304e+05       4.92094e-08      -1.32089e-06
   18      -4.08377e+06       2.75329e+03      -3.15154e+04
           -1.23070e+06      -5.47314e-08      -1.14722e-06
   19       4.08377e+06      -2.75329e+03       3.15154e+04
           -1.23070e+06       2.68966e-07      -7.38079e-08
   20       1.22022e+07       1.14667e+04      -1.13517e+05
           -7.69304e+05      -3.66961e-07       1.16427e-06
   21      -8.71135e+06       1.65351e+04       1.03441e+05
           -7.69707e+05       1.31086e-07       1.54504e-06
   22      -2.92353e+06       3.21123e+03      -2.17202e+04
           -1.23029e+06       3.25782e-07       8.74079e-07
   23       2.92353e+06      -3.21123e+03       2.17202e+04
           -1.23029e+06      -4.27426e-08      -3.15042e-07
   24       8.71135e+06      -1.65351e+04      -1.03441e+05
           -7.69707e+05       8.42342e-07      -2.68381e-06
   25      -5.24036e+06      -7.02907e+04       1.00764e+04
           -7.57483e+05      -4.77763e-07       6.25382e-06
   26      -1.75240e+06      -2.64507e+04      -2.74067e+04
           -1.24252e+06       1.07690e-06       3.42882e-06
   27       1.75240e+06       2.64507e+04       2.74067e+04
           -1.24252e+06       3.68003e-07       4.83513e-07
   28       5.24036e+06       7.02907e+04      -1.00764e+04
           -7.57483e+05       9.34082e-07      -2.20174e-07
   29      -1.68097e+06       3.10344e+05       2.28875e+05
           -7.73288e+05      -2.65928e-06      -5.47296e-06
   30      -5.59359e+05       1.22448e+05       6.57509e+04
           -1.22671e+06      -9.18444e-07      -2.39837e-06
   31       5.59359e+05      -1.22448e+05      -6.57509e+04
           -1.22671e+06      -9.40337e-07       1.31356e-07
   32       1.68097e+06      -3.10344e+05      -2.28875e+05
           -7.73288e+05      -8.84042e-07       2.77222e-06


 S O L U T I O N   T I M E   L O G   I N   S E C 

     TIME FOR INPUT PHASE = 1.20000e-02
     TIME FOR CALCULATION OF STIFFNESS MATRIX = 1.00000e-03
     TIME FOR FACTORIZATION AND LOAD CASE SOLUTIONS = 2.00000e-03

     T O T A L   S O L U T I O N   T I M E = 1.50000e-02

