TITLE : H8 Convergence Test - 4x2x1 Mesh
        (12:56:53 on June 2, 2026, Tuesday)

C O N T R O L   I N F O R M A T I O N

      NUMBER OF NODAL POINTS . . . . . . . . . . (NUMNP)  =    30
      NUMBER OF ELEMENT GROUPS . . . . . . . . . (NUMEG)  =     1
      NUMBER OF LOAD CASES . . . . . . . . . . . (NLCASE) =     1
      SOLUTION MODE  . . . . . . . . . . . . . . (MODEX)  =     1
         EQ.0, DATA CHECK
         EQ.1, EXECUTION

 N O D A L   P O I N T   D A T A

    NODE       BOUNDARY                         NODAL POINT
   NUMBER  CONDITION  CODES                     COORDINATES
        1    1    1    1       0.00000e+00   -5.00000e-01   -5.00000e-02
        2    1    1    1       0.00000e+00   -5.00000e-01    5.00000e-02
        3    1    1    1       0.00000e+00    0.00000e+00   -5.00000e-02
        4    1    1    1       0.00000e+00    0.00000e+00    5.00000e-02
        5    1    1    1       0.00000e+00    5.00000e-01   -5.00000e-02
        6    1    1    1       0.00000e+00    5.00000e-01    5.00000e-02
        7    0    0    0       2.50000e+00   -5.00000e-01   -5.00000e-02
        8    0    0    0       2.50000e+00   -5.00000e-01    5.00000e-02
        9    0    0    0       2.50000e+00    0.00000e+00   -5.00000e-02
       10    0    0    0       2.50000e+00    0.00000e+00    5.00000e-02
       11    0    0    0       2.50000e+00    5.00000e-01   -5.00000e-02
       12    0    0    0       2.50000e+00    5.00000e-01    5.00000e-02
       13    0    0    0       5.00000e+00   -5.00000e-01   -5.00000e-02
       14    0    0    0       5.00000e+00   -5.00000e-01    5.00000e-02
       15    0    0    0       5.00000e+00    0.00000e+00   -5.00000e-02
       16    0    0    0       5.00000e+00    0.00000e+00    5.00000e-02
       17    0    0    0       5.00000e+00    5.00000e-01   -5.00000e-02
       18    0    0    0       5.00000e+00    5.00000e-01    5.00000e-02
       19    0    0    0       7.50000e+00   -5.00000e-01   -5.00000e-02
       20    0    0    0       7.50000e+00   -5.00000e-01    5.00000e-02
       21    0    0    0       7.50000e+00    0.00000e+00   -5.00000e-02
       22    0    0    0       7.50000e+00    0.00000e+00    5.00000e-02
       23    0    0    0       7.50000e+00    5.00000e-01   -5.00000e-02
       24    0    0    0       7.50000e+00    5.00000e-01    5.00000e-02
       25    0    0    0       1.00000e+01   -5.00000e-01   -5.00000e-02
       26    0    0    0       1.00000e+01   -5.00000e-01    5.00000e-02
       27    0    0    0       1.00000e+01    0.00000e+00   -5.00000e-02
       28    0    0    0       1.00000e+01    0.00000e+00    5.00000e-02
       29    0    0    0       1.00000e+01    5.00000e-01   -5.00000e-02
       30    0    0    0       1.00000e+01    5.00000e-01    5.00000e-02

 EQUATION NUMBERS

   NODE NUMBER   DEGREES OF FREEDOM
        N           X    Y    Z
        1           0    0    0
        2           0    0    0
        3           0    0    0
        4           0    0    0
        5           0    0    0
        6           0    0    0
        7           1    2    3
        8           4    5    6
        9           7    8    9
       10          10   11   12
       11          13   14   15
       12          16   17   18
       13          19   20   21
       14          22   23   24
       15          25   26   27
       16          28   29   30
       17          31   32   33
       18          34   35   36
       19          37   38   39
       20          40   41   42
       21          43   44   45
       22          46   47   48
       23          49   50   51
       24          52   53   54
       25          55   56   57
       26          58   59   60
       27          61   62   63
       28          64   65   66
       29          67   68   69
       30          70   71   72

 L O A D   C A S E   D A T A

     LOAD CASE NUMBER . . . . . . . =     1
     NUMBER OF CONCENTRATED LOADS . =     6

    NODE       DIRECTION      LOAD
   NUMBER                   MAGNITUDE
     25            2       -1.66667e+04
     26            2       -1.66667e+04
     27            2       -1.66667e+04
     28            2       -1.66667e+04
     29            2       -1.66667e+04
     30            2       -1.66667e+04

 E L E M E N T   G R O U P   D A T A


 E L E M E N T   D E F I N I T I O N

 ELEMENT TYPE  . . . . . . . . . . . . .( NPAR(1) ) . . =    5
     EQ.1, TRUSS ELEMENTS
     EQ.2, FOUR-NODE PLANE ELEMENTS (FULL INTEGRATION)
     EQ.3, FOUR-NODE PLANE ELEMENTS (REDUCED INTEGRATION)
     EQ.4, THREE-NODE TRIANGULAR PLANE ELEMENTS (CST)
     EQ.5, EIGHT-NODE HEXAHEDRAL ELEMENTS
     EQ.6, TWO-NODE BEAM ELEMENTS

 NUMBER OF ELEMENTS. . . . . . . . . . .( NPAR(2) ) . . =    8

 M A T E R I A L   D E F I N I T I O N

 NUMBER OF DIFFERENT SETS OF MATERIAL
 AND SECTION CONSTANTS  . . . . . . .( NPAR(3) ) . . =    1

  SET       YOUNG'S     POISSON'S
 NUMBER     MODULUS       RATIO
               E            Nu
    1     2.00000e+11     3.00000e-01


 E L E M E N T   I N F O R M A T I O N
 ELEMENT      N1        N2        N3        N4
 NUMBER-N     N5        N6        N7        N8       MATERIAL
                                                      SET NUMBER
    1        1        7        9        3        2        8       10        4           1
    2        3        9       11        5        4       10       12        6           1
    3        7       13       15        9        8       14       16       10           1
    4        9       15       17       11       10       16       18       12           1
    5       13       19       21       15       14       20       22       16           1
    6       15       21       23       17       16       22       24       18           1
    7       19       25       27       21       20       26       28       22           1
    8       21       27       29       23       22       28       30       24           1

	TOTAL SYSTEM DATA

     NUMBER OF EQUATIONS . . . . . . . . . . . . . .(NEQ) = 72
     NUMBER OF MATRIX ELEMENTS . . . . . . . . . . .(NWK) = 1512
     MAXIMUM HALF BANDWIDTH  . . . . . . . . . . . .(MK ) = 30
     MEAN HALF BANDWIDTH . . . . . . . . . . . . . .(MM ) = 21


 LOAD CASE    1


 D I S P L A C E M E N T S

  NODE           X-DISPLACEMENT    Y-DISPLACEMENT    Z-DISPLACEMENT
    1               0.00000e+00       0.00000e+00       0.00000e+00
    2               0.00000e+00       0.00000e+00       0.00000e+00
    3               0.00000e+00       0.00000e+00       0.00000e+00
    4               0.00000e+00       0.00000e+00       0.00000e+00
    5               0.00000e+00       0.00000e+00       0.00000e+00
    6               0.00000e+00       0.00000e+00       0.00000e+00
    7              -1.84193e-04      -4.96068e-04      -1.46467e-06
    8              -1.84193e-04      -4.96068e-04       1.46467e-06
    9               8.54680e-17      -4.89898e-04       1.75813e-15
   10              -4.73225e-17      -4.89898e-04       1.75788e-15
   11               1.84193e-04      -4.96068e-04       1.46467e-06
   12               1.84193e-04      -4.96068e-04      -1.46467e-06
   13              -3.22488e-04      -1.79358e-03      -6.49290e-07
   14              -3.22488e-04      -1.79358e-03       6.49290e-07
   15               1.47533e-16      -1.79080e-03       6.25993e-15
   16              -7.22892e-17      -1.79080e-03       6.25954e-15
   17               3.22488e-04      -1.79358e-03       6.49290e-07
   18               3.22488e-04      -1.79358e-03      -6.49290e-07
   19              -4.03852e-04      -3.64127e-03      -3.67907e-07
   20              -4.03852e-04      -3.64127e-03       3.67907e-07
   21               1.88692e-16      -3.63980e-03       1.23818e-14
   22              -7.41594e-17      -3.63980e-03       1.23821e-14
   23               4.03852e-04      -3.64127e-03       3.67907e-07
   24               4.03852e-04      -3.64127e-03      -3.67907e-07
   25              -4.31830e-04      -5.76258e-03      -8.42666e-08
   26              -4.31830e-04      -5.76258e-03       8.42666e-08
   27               2.16732e-16      -5.76190e-03       1.91391e-14
   28              -5.72459e-17      -5.76190e-03       1.91390e-14
   29               4.31830e-04      -5.76258e-03       8.42666e-08
   30               4.31830e-04      -5.76258e-03      -8.42666e-08

 S T R E S S  C A L C U L A T I O N S  F O R  E L E M E N T  G R O U P    1

  ELEMENT          SIGMA-X          SIGMA-Y          SIGMA-Z
                    TAU-XY           TAU-YZ           TAU-ZX
  NUMBER
    1      -8.36111e+06      -1.74432e+06      -1.56695e+06
           -1.00000e+06       7.32069e-08       6.53252e-06
    2       8.36111e+06       1.74432e+06       1.56695e+06
           -1.00000e+06       1.31355e-07      -5.25006e-07
    3      -5.19425e+06       4.38023e+05       6.87098e+05
           -1.00000e+06       5.65268e-08       5.70222e-06
    4       5.19425e+06      -4.38023e+05      -6.87098e+05
           -1.00000e+06      -8.54852e-08       6.21348e-08
    5      -3.30393e+06      -1.46575e+05      -1.79527e+04
           -1.00000e+06      -2.41579e-07       5.66704e-06
    6       3.30393e+06       1.46575e+05       1.79527e+04
           -1.00000e+06       1.33440e-07      -9.34068e-08
    7      -9.97930e+05       1.93162e+05       2.10743e+05
           -1.00000e+06      -1.07972e-06       1.09756e-06
    8       9.97930e+05      -1.93162e+05      -2.10743e+05
           -1.00000e+06       5.08741e-07       1.63631e-06


 S O L U T I O N   T I M E   L O G   I N   S E C 

     TIME FOR INPUT PHASE = 1.00000e-02
     TIME FOR CALCULATION OF STIFFNESS MATRIX = 0.00000e+00
     TIME FOR FACTORIZATION AND LOAD CASE SOLUTIONS = 1.00000e-03

     T O T A L   S O L U T I O N   T I M E = 1.10000e-02

