TITLE : Plate Convergence Test - 4x1 Mesh
        (13:15:42 on June 2, 2026, Tuesday)

C O N T R O L   I N F O R M A T I O N

      NUMBER OF NODAL POINTS . . . . . . . . . . (NUMNP)  =    10
      NUMBER OF ELEMENT GROUPS . . . . . . . . . (NUMEG)  =     1
      NUMBER OF LOAD CASES . . . . . . . . . . . (NLCASE) =     1
      SOLUTION MODE  . . . . . . . . . . . . . . (MODEX)  =     1
         EQ.0, DATA CHECK
         EQ.1, EXECUTION

 N O D A L   P O I N T   D A T A

    NODE       BOUNDARY                         NODAL POINT
   NUMBER  CONDITION  CODES                     COORDINATES
        1    1    1    1       0.00000e+00    0.00000e+00    0.00000e+00
        2    1    1    1       0.00000e+00    1.00000e+00    0.00000e+00
        3    0    0    0       2.50000e+00    0.00000e+00    0.00000e+00
        4    0    0    0       2.50000e+00    1.00000e+00    0.00000e+00
        5    0    0    0       5.00000e+00    0.00000e+00    0.00000e+00
        6    0    0    0       5.00000e+00    1.00000e+00    0.00000e+00
        7    0    0    0       7.50000e+00    0.00000e+00    0.00000e+00
        8    0    0    0       7.50000e+00    1.00000e+00    0.00000e+00
        9    0    0    0       1.00000e+01    0.00000e+00    0.00000e+00
       10    0    0    0       1.00000e+01    1.00000e+00    0.00000e+00

 EQUATION NUMBERS

   NODE NUMBER   DEGREES OF FREEDOM
        N           X    Y    Z
        1           0    0    0
        2           0    0    0
        3           1    2    3
        4           4    5    6
        5           7    8    9
        6          10   11   12
        7          13   14   15
        8          16   17   18
        9          19   20   21
       10          22   23   24

 L O A D   C A S E   D A T A

     LOAD CASE NUMBER . . . . . . . =     1
     NUMBER OF CONCENTRATED LOADS . =     2

    NODE       DIRECTION      LOAD
   NUMBER                   MAGNITUDE
      9            3       -5.00000e+02
     10            3       -5.00000e+02

 E L E M E N T   G R O U P   D A T A


 E L E M E N T   D E F I N I T I O N

 ELEMENT TYPE  . . . . . . . . . . . . .( NPAR(1) ) . . =    7
     EQ.1, TRUSS ELEMENTS
     EQ.2, FOUR-NODE PLANE ELEMENTS (FULL INTEGRATION)
     EQ.3, FOUR-NODE PLANE ELEMENTS (REDUCED INTEGRATION)
     EQ.4, THREE-NODE TRIANGULAR PLANE ELEMENTS (CST)
     EQ.5, EIGHT-NODE HEXAHEDRAL ELEMENTS
     EQ.6, TWO-NODE BEAM ELEMENTS
     EQ.7, FOUR-NODE PLATE BENDING ELEMENTS

 NUMBER OF ELEMENTS. . . . . . . . . . .( NPAR(2) ) . . =    4

 M A T E R I A L   D E F I N I T I O N

 NUMBER OF DIFFERENT SETS OF MATERIAL
 AND SECTION CONSTANTS  . . . . . . .( NPAR(3) ) . . =    1

  SET       YOUNG'S     POISSON'S     THICKNESS
 NUMBER     MODULUS       RATIO
               E            Nu            t
    1     2.00000e+11     3.00000e-01     1.00000e-01


 E L E M E N T   I N F O R M A T I O N
 ELEMENT     NODE     NODE     NODE     NODE       MATERIAL
 NUMBER-N      I        J        K        L       SET NUMBER
    1          1        3        4        2           1
    2          3        5        6        4           1
    3          5        7        8        6           1
    4          7        9       10        8           1

	TOTAL SYSTEM DATA

     NUMBER OF EQUATIONS . . . . . . . . . . . . . .(NEQ) = 24
     NUMBER OF MATRIX ELEMENTS . . . . . . . . . . .(NWK) = 192
     MAXIMUM HALF BANDWIDTH  . . . . . . . . . . . .(MK ) = 12
     MEAN HALF BANDWIDTH . . . . . . . . . . . . . .(MM ) = 8


 LOAD CASE    1


 D I S P L A C E M E N T S

  NODE           X-DISPLACEMENT    Y-DISPLACEMENT    Z-DISPLACEMENT
    1               0.00000e+00       0.00000e+00       0.00000e+00
    2               0.00000e+00       0.00000e+00       0.00000e+00
    3              -8.83974e-05       1.26067e-03      -1.57623e-03
    4               8.83974e-05       1.26067e-03      -1.57623e-03
    5              -4.04749e-05       2.21045e-03      -5.91553e-03
    6               4.04749e-05       2.21045e-03      -5.91553e-03
    7              -2.20710e-05       2.76924e-03      -1.21405e-02
    8               2.20710e-05       2.76924e-03      -1.21405e-02
    9              -6.46542e-06       2.96126e-03      -1.93040e-02
   10               6.46542e-06       2.96126e-03      -1.93040e-02

 S T R E S S  C A L C U L A T I O N S  F O R  E L E M E N T  G R O U P    1

  ELEMENT             Mx               My              Mxy
                        Qx               Qy
  NUMBER
    1       8.75000e+03       1.15171e+03       1.26553e-08
           -1.00000e+03       6.25501e-09
    2       6.25000e+03      -2.72871e+02       1.33412e-08
           -1.00000e+03      -5.56001e-09
    3       3.75000e+03       8.25679e+01       1.10241e-08
           -1.00000e+03       1.39000e-08
    4       1.25000e+03      -1.00608e+02       1.68149e-08
           -1.00000e+03      -5.56001e-09


 S O L U T I O N   T I M E   L O G   I N   S E C 

     TIME FOR INPUT PHASE = 1.00000e-02
     TIME FOR CALCULATION OF STIFFNESS MATRIX = 0.00000e+00
     TIME FOR FACTORIZATION AND LOAD CASE SOLUTIONS = 0.00000e+00

     T O T A L   S O L U T I O N   T I M E = 1.00000e-02

