TITLE : Q4 Cantilever Convergence Test 4x2 Mesh
        (1:50:40 on June 2, 2026, Tuesday)

C O N T R O L   I N F O R M A T I O N

      NUMBER OF NODAL POINTS . . . . . . . . . . (NUMNP)  =    15
      NUMBER OF ELEMENT GROUPS . . . . . . . . . (NUMEG)  =     1
      NUMBER OF LOAD CASES . . . . . . . . . . . (NLCASE) =     1
      SOLUTION MODE  . . . . . . . . . . . . . . (MODEX)  =     1
         EQ.0, DATA CHECK
         EQ.1, EXECUTION

 N O D A L   P O I N T   D A T A

    NODE       BOUNDARY                         NODAL POINT
   NUMBER  CONDITION  CODES                     COORDINATES
        1    1    1    1       0.00000e+00    0.00000e+00    0.00000e+00
        2    0    0    1       2.50000e+00    0.00000e+00    0.00000e+00
        3    0    0    1       5.00000e+00    0.00000e+00    0.00000e+00
        4    0    0    1       7.50000e+00    0.00000e+00    0.00000e+00
        5    0    0    1       1.00000e+01    0.00000e+00    0.00000e+00
        6    1    1    1       0.00000e+00    5.00000e-01    0.00000e+00
        7    0    0    1       2.50000e+00    5.00000e-01    0.00000e+00
        8    0    0    1       5.00000e+00    5.00000e-01    0.00000e+00
        9    0    0    1       7.50000e+00    5.00000e-01    0.00000e+00
       10    0    0    1       1.00000e+01    5.00000e-01    0.00000e+00
       11    1    1    1       0.00000e+00    1.00000e+00    0.00000e+00
       12    0    0    1       2.50000e+00    1.00000e+00    0.00000e+00
       13    0    0    1       5.00000e+00    1.00000e+00    0.00000e+00
       14    0    0    1       7.50000e+00    1.00000e+00    0.00000e+00
       15    0    0    1       1.00000e+01    1.00000e+00    0.00000e+00

 EQUATION NUMBERS

   NODE NUMBER   DEGREES OF FREEDOM
        N           X    Y    Z
        1           0    0    0
        2           1    2    0
        3           3    4    0
        4           5    6    0
        5           7    8    0
        6           0    0    0
        7           9   10    0
        8          11   12    0
        9          13   14    0
       10          15   16    0
       11           0    0    0
       12          17   18    0
       13          19   20    0
       14          21   22    0
       15          23   24    0

 L O A D   C A S E   D A T A

     LOAD CASE NUMBER . . . . . . . =     1
     NUMBER OF CONCENTRATED LOADS . =     3

    NODE       DIRECTION      LOAD
   NUMBER                   MAGNITUDE
      5            2       -3.33333e+04
     10            2       -3.33333e+04
     15            2       -3.33333e+04

 E L E M E N T   G R O U P   D A T A


 E L E M E N T   D E F I N I T I O N

 ELEMENT TYPE  . . . . . . . . . . . . .( NPAR(1) ) . . =    2
     EQ.1, TRUSS ELEMENTS
     EQ.2, FOUR-NODE PLANE ELEMENTS (FULL INTEGRATION)
     EQ.3, FOUR-NODE PLANE ELEMENTS (REDUCED INTEGRATION)

 NUMBER OF ELEMENTS. . . . . . . . . . .( NPAR(2) ) . . =    8

 M A T E R I A L   D E F I N I T I O N

 NUMBER OF DIFFERENT SETS OF MATERIAL
 AND THICKNESS / POISSON RATIO . . . . .( NPAR(3) ) . . =    1

  SET       YOUNG'S    POISSON'S    THICKNESS
 NUMBER     MODULUS      RATIO
               E          NU          T
    1     2.00000e+11     3.00000e-01     1.00000e-01


 E L E M E N T   I N F O R M A T I O N
 ELEMENT     NODE     NODE     NODE     NODE      MATERIAL
 NUMBER-N      I        J        K        L       SET NUMBER
    1          1        2        7        6           1
    2          2        3        8        7           1
    3          3        4        9        8           1
    4          4        5       10        9           1
    5          6        7       12       11           1
    6          7        8       13       12           1
    7          8        9       14       13           1
    8          9       10       15       14           1

	TOTAL SYSTEM DATA

     NUMBER OF EQUATIONS . . . . . . . . . . . . . .(NEQ) = 24
     NUMBER OF MATRIX ELEMENTS . . . . . . . . . . .(NWK) = 200
     MAXIMUM HALF BANDWIDTH  . . . . . . . . . . . .(MK ) = 12
     MEAN HALF BANDWIDTH . . . . . . . . . . . . . .(MM ) = 8


 LOAD CASE    1


 D I S P L A C E M E N T S

  NODE           X-DISPLACEMENT    Y-DISPLACEMENT    Z-DISPLACEMENT
    1               0.00000e+00       0.00000e+00       0.00000e+00
    2              -1.89688e-04      -5.10026e-04       0.00000e+00
    3              -3.26864e-04      -1.83204e-03       0.00000e+00
    4              -4.08731e-04      -3.70287e-03       0.00000e+00
    5              -4.36292e-04      -5.84749e-03       0.00000e+00
    6               0.00000e+00       0.00000e+00       0.00000e+00
    7               1.43487e-18      -5.03412e-04       0.00000e+00
    8               2.38101e-18      -1.82916e-03       0.00000e+00
    9               3.21195e-18      -3.70130e-03       0.00000e+00
   10               3.46945e-18      -5.84680e-03       0.00000e+00
   11               0.00000e+00       0.00000e+00       0.00000e+00
   12               1.89688e-04      -5.10026e-04       0.00000e+00
   13               3.26864e-04      -1.83204e-03       0.00000e+00
   14               4.08731e-04      -3.70287e-03       0.00000e+00
   15               4.36292e-04      -5.84749e-03       0.00000e+00

 S T R E S S  C A L C U L A T I O N S  F O R  E L E M E N T  G R O U P    1

  ELEMENT            SIGMA-X           SIGMA-Y          TAU-XY
  NUMBER
    1      -7.90178e+06      -1.04759e+06      -1.00000e+06
    2      -5.40330e+06       2.79271e+05      -1.00000e+06
    3      -3.30472e+06      -1.00149e+05      -1.00000e+06
    4      -1.06274e+06       1.32319e+05      -1.00000e+06
    5       7.90178e+06       1.04759e+06      -1.00000e+06
    6       5.40330e+06      -2.79271e+05      -1.00000e+06
    7       3.30472e+06       1.00149e+05      -1.00000e+06
    8       1.06274e+06      -1.32319e+05      -1.00000e+06


 S O L U T I O N   T I M E   L O G   I N   S E C 

     TIME FOR INPUT PHASE = 3.00000e-03
     TIME FOR CALCULATION OF STIFFNESS MATRIX = 0.00000e+00
     TIME FOR FACTORIZATION AND LOAD CASE SOLUTIONS = 0.00000e+00

     T O T A L   S O L U T I O N   T I M E = 3.00000e-03

