TITLE : Q4 Cantilever Convergence Test 8x4 Mesh
        (1:50:40 on June 2, 2026, Tuesday)

C O N T R O L   I N F O R M A T I O N

      NUMBER OF NODAL POINTS . . . . . . . . . . (NUMNP)  =    45
      NUMBER OF ELEMENT GROUPS . . . . . . . . . (NUMEG)  =     1
      NUMBER OF LOAD CASES . . . . . . . . . . . (NLCASE) =     1
      SOLUTION MODE  . . . . . . . . . . . . . . (MODEX)  =     1
         EQ.0, DATA CHECK
         EQ.1, EXECUTION

 N O D A L   P O I N T   D A T A

    NODE       BOUNDARY                         NODAL POINT
   NUMBER  CONDITION  CODES                     COORDINATES
        1    1    1    1       0.00000e+00    0.00000e+00    0.00000e+00
        2    0    0    1       1.25000e+00    0.00000e+00    0.00000e+00
        3    0    0    1       2.50000e+00    0.00000e+00    0.00000e+00
        4    0    0    1       3.75000e+00    0.00000e+00    0.00000e+00
        5    0    0    1       5.00000e+00    0.00000e+00    0.00000e+00
        6    0    0    1       6.25000e+00    0.00000e+00    0.00000e+00
        7    0    0    1       7.50000e+00    0.00000e+00    0.00000e+00
        8    0    0    1       8.75000e+00    0.00000e+00    0.00000e+00
        9    0    0    1       1.00000e+01    0.00000e+00    0.00000e+00
       10    1    1    1       0.00000e+00    2.50000e-01    0.00000e+00
       11    0    0    1       1.25000e+00    2.50000e-01    0.00000e+00
       12    0    0    1       2.50000e+00    2.50000e-01    0.00000e+00
       13    0    0    1       3.75000e+00    2.50000e-01    0.00000e+00
       14    0    0    1       5.00000e+00    2.50000e-01    0.00000e+00
       15    0    0    1       6.25000e+00    2.50000e-01    0.00000e+00
       16    0    0    1       7.50000e+00    2.50000e-01    0.00000e+00
       17    0    0    1       8.75000e+00    2.50000e-01    0.00000e+00
       18    0    0    1       1.00000e+01    2.50000e-01    0.00000e+00
       19    1    1    1       0.00000e+00    5.00000e-01    0.00000e+00
       20    0    0    1       1.25000e+00    5.00000e-01    0.00000e+00
       21    0    0    1       2.50000e+00    5.00000e-01    0.00000e+00
       22    0    0    1       3.75000e+00    5.00000e-01    0.00000e+00
       23    0    0    1       5.00000e+00    5.00000e-01    0.00000e+00
       24    0    0    1       6.25000e+00    5.00000e-01    0.00000e+00
       25    0    0    1       7.50000e+00    5.00000e-01    0.00000e+00
       26    0    0    1       8.75000e+00    5.00000e-01    0.00000e+00
       27    0    0    1       1.00000e+01    5.00000e-01    0.00000e+00
       28    1    1    1       0.00000e+00    7.50000e-01    0.00000e+00
       29    0    0    1       1.25000e+00    7.50000e-01    0.00000e+00
       30    0    0    1       2.50000e+00    7.50000e-01    0.00000e+00
       31    0    0    1       3.75000e+00    7.50000e-01    0.00000e+00
       32    0    0    1       5.00000e+00    7.50000e-01    0.00000e+00
       33    0    0    1       6.25000e+00    7.50000e-01    0.00000e+00
       34    0    0    1       7.50000e+00    7.50000e-01    0.00000e+00
       35    0    0    1       8.75000e+00    7.50000e-01    0.00000e+00
       36    0    0    1       1.00000e+01    7.50000e-01    0.00000e+00
       37    1    1    1       0.00000e+00    1.00000e+00    0.00000e+00
       38    0    0    1       1.25000e+00    1.00000e+00    0.00000e+00
       39    0    0    1       2.50000e+00    1.00000e+00    0.00000e+00
       40    0    0    1       3.75000e+00    1.00000e+00    0.00000e+00
       41    0    0    1       5.00000e+00    1.00000e+00    0.00000e+00
       42    0    0    1       6.25000e+00    1.00000e+00    0.00000e+00
       43    0    0    1       7.50000e+00    1.00000e+00    0.00000e+00
       44    0    0    1       8.75000e+00    1.00000e+00    0.00000e+00
       45    0    0    1       1.00000e+01    1.00000e+00    0.00000e+00

 EQUATION NUMBERS

   NODE NUMBER   DEGREES OF FREEDOM
        N           X    Y    Z
        1           0    0    0
        2           1    2    0
        3           3    4    0
        4           5    6    0
        5           7    8    0
        6           9   10    0
        7          11   12    0
        8          13   14    0
        9          15   16    0
       10           0    0    0
       11          17   18    0
       12          19   20    0
       13          21   22    0
       14          23   24    0
       15          25   26    0
       16          27   28    0
       17          29   30    0
       18          31   32    0
       19           0    0    0
       20          33   34    0
       21          35   36    0
       22          37   38    0
       23          39   40    0
       24          41   42    0
       25          43   44    0
       26          45   46    0
       27          47   48    0
       28           0    0    0
       29          49   50    0
       30          51   52    0
       31          53   54    0
       32          55   56    0
       33          57   58    0
       34          59   60    0
       35          61   62    0
       36          63   64    0
       37           0    0    0
       38          65   66    0
       39          67   68    0
       40          69   70    0
       41          71   72    0
       42          73   74    0
       43          75   76    0
       44          77   78    0
       45          79   80    0

 L O A D   C A S E   D A T A

     LOAD CASE NUMBER . . . . . . . =     1
     NUMBER OF CONCENTRATED LOADS . =     5

    NODE       DIRECTION      LOAD
   NUMBER                   MAGNITUDE
      9            2       -2.00000e+04
     18            2       -2.00000e+04
     27            2       -2.00000e+04
     36            2       -2.00000e+04
     45            2       -2.00000e+04

 E L E M E N T   G R O U P   D A T A


 E L E M E N T   D E F I N I T I O N

 ELEMENT TYPE  . . . . . . . . . . . . .( NPAR(1) ) . . =    2
     EQ.1, TRUSS ELEMENTS
     EQ.2, FOUR-NODE PLANE ELEMENTS (FULL INTEGRATION)
     EQ.3, FOUR-NODE PLANE ELEMENTS (REDUCED INTEGRATION)

 NUMBER OF ELEMENTS. . . . . . . . . . .( NPAR(2) ) . . =   32

 M A T E R I A L   D E F I N I T I O N

 NUMBER OF DIFFERENT SETS OF MATERIAL
 AND THICKNESS / POISSON RATIO . . . . .( NPAR(3) ) . . =    1

  SET       YOUNG'S    POISSON'S    THICKNESS
 NUMBER     MODULUS      RATIO
               E          NU          T
    1     2.00000e+11     3.00000e-01     1.00000e-01


 E L E M E N T   I N F O R M A T I O N
 ELEMENT     NODE     NODE     NODE     NODE      MATERIAL
 NUMBER-N      I        J        K        L       SET NUMBER
    1          1        2       11       10           1
    2          2        3       12       11           1
    3          3        4       13       12           1
    4          4        5       14       13           1
    5          5        6       15       14           1
    6          6        7       16       15           1
    7          7        8       17       16           1
    8          8        9       18       17           1
    9         10       11       20       19           1
   10         11       12       21       20           1
   11         12       13       22       21           1
   12         13       14       23       22           1
   13         14       15       24       23           1
   14         15       16       25       24           1
   15         16       17       26       25           1
   16         17       18       27       26           1
   17         19       20       29       28           1
   18         20       21       30       29           1
   19         21       22       31       30           1
   20         22       23       32       31           1
   21         23       24       33       32           1
   22         24       25       34       33           1
   23         25       26       35       34           1
   24         26       27       36       35           1
   25         28       29       38       37           1
   26         29       30       39       38           1
   27         30       31       40       39           1
   28         31       32       41       40           1
   29         32       33       42       41           1
   30         33       34       43       42           1
   31         34       35       44       43           1
   32         35       36       45       44           1

	TOTAL SYSTEM DATA

     NUMBER OF EQUATIONS . . . . . . . . . . . . . .(NEQ) = 80
     NUMBER OF MATRIX ELEMENTS . . . . . . . . . . .(NWK) = 1284
     MAXIMUM HALF BANDWIDTH  . . . . . . . . . . . .(MK ) = 20
     MEAN HALF BANDWIDTH . . . . . . . . . . . . . .(MM ) = 16


 LOAD CASE    1


 D I S P L A C E M E N T S

  NODE           X-DISPLACEMENT    Y-DISPLACEMENT    Z-DISPLACEMENT
    1               0.00000e+00       0.00000e+00       0.00000e+00
    2              -2.14647e-04      -2.94330e-04       0.00000e+00
    3              -4.04856e-04      -1.08127e-03       0.00000e+00
    4              -5.65209e-04      -2.30960e-03       0.00000e+00
    5              -6.96455e-04      -3.90171e-03       0.00000e+00
    6              -7.98543e-04      -5.78563e-03       0.00000e+00
    7              -8.71465e-04      -7.88833e-03       0.00000e+00
    8              -9.15159e-04      -1.01366e-02       0.00000e+00
    9              -9.30088e-04      -1.24591e-02       0.00000e+00
   10               0.00000e+00       0.00000e+00       0.00000e+00
   11              -1.05832e-04      -2.82587e-04       0.00000e+00
   12              -2.02091e-04      -1.07399e-03       0.00000e+00
   13              -2.81828e-04      -2.30290e-03       0.00000e+00
   14              -3.47588e-04      -3.89648e-03       0.00000e+00
   15              -3.98586e-04      -5.78169e-03       0.00000e+00
   16              -4.35084e-04      -7.88567e-03       0.00000e+00
   17              -4.56869e-04      -1.01354e-02       0.00000e+00
   18              -4.64319e-04      -1.24583e-02       0.00000e+00
   19               0.00000e+00       0.00000e+00       0.00000e+00
   20               2.25650e-18      -2.78734e-04       0.00000e+00
   21               3.82520e-18      -1.07151e-03       0.00000e+00
   22               6.40526e-18      -2.30069e-03       0.00000e+00
   23               8.18573e-18      -3.89473e-03       0.00000e+00
   24               6.79998e-18      -5.78038e-03       0.00000e+00
   25               7.39968e-18      -7.88477e-03       0.00000e+00
   26               9.21572e-18      -1.01351e-02       0.00000e+00
   27               5.20417e-18      -1.24580e-02       0.00000e+00
   28               0.00000e+00       0.00000e+00       0.00000e+00
   29               1.05832e-04      -2.82587e-04       0.00000e+00
   30               2.02091e-04      -1.07399e-03       0.00000e+00
   31               2.81828e-04      -2.30290e-03       0.00000e+00
   32               3.47588e-04      -3.89648e-03       0.00000e+00
   33               3.98586e-04      -5.78169e-03       0.00000e+00
   34               4.35084e-04      -7.88567e-03       0.00000e+00
   35               4.56869e-04      -1.01354e-02       0.00000e+00
   36               4.64319e-04      -1.24583e-02       0.00000e+00
   37               0.00000e+00       0.00000e+00       0.00000e+00
   38               2.14647e-04      -2.94330e-04       0.00000e+00
   39               4.04856e-04      -1.08127e-03       0.00000e+00
   40               5.65209e-04      -2.30960e-03       0.00000e+00
   41               6.96455e-04      -3.90171e-03       0.00000e+00
   42               7.98543e-04      -5.78563e-03       0.00000e+00
   43               8.71465e-04      -7.88833e-03       0.00000e+00
   44               9.15159e-04      -1.01366e-02       0.00000e+00
   45               9.30088e-04      -1.24591e-02       0.00000e+00

 S T R E S S  C A L C U L A T I O N S  F O R  E L E M E N T  G R O U P    1

  ELEMENT            SIGMA-X           SIGMA-Y          TAU-XY
  NUMBER
    1      -2.66254e+07      -3.29009e+06      -1.01053e+06
    2      -2.26758e+07       8.05114e+05      -6.28798e+05
    3      -1.92642e+07      -1.89818e+05      -8.15502e+05
    4      -1.57473e+07       4.38620e+04      -7.52449e+05
    5      -1.22507e+07      -1.26154e+04      -7.69508e+05
    6      -8.74890e+06       1.54998e+04      -7.68894e+05
    7      -5.25540e+06      -5.68155e+04      -7.59244e+05
    8      -1.72236e+06       2.26364e+05      -7.71884e+05
    9      -8.79587e+06      -1.09758e+06      -9.89472e+05
   10      -7.62724e+06       2.44700e+05      -1.37120e+06
   11      -6.39220e+06      -4.40295e+04      -1.18450e+06
   12      -5.25933e+06       4.88407e+03      -1.24755e+06
   13      -4.07991e+06      -1.66949e+02      -1.23049e+06
   14      -2.91853e+06       4.27370e+03      -1.23111e+06
   15      -1.74975e+06      -2.30612e+04      -1.24076e+06
   16      -5.67472e+05       9.49180e+04      -1.22812e+06
   17       8.79587e+06       1.09758e+06      -9.89472e+05
   18       7.62724e+06      -2.44700e+05      -1.37120e+06
   19       6.39220e+06       4.40295e+04      -1.18450e+06
   20       5.25933e+06      -4.88407e+03      -1.24755e+06
   21       4.07991e+06       1.66949e+02      -1.23049e+06
   22       2.91853e+06      -4.27370e+03      -1.23111e+06
   23       1.74975e+06       2.30612e+04      -1.24076e+06
   24       5.67472e+05      -9.49180e+04      -1.22812e+06
   25       2.66254e+07       3.29009e+06      -1.01053e+06
   26       2.26758e+07      -8.05114e+05      -6.28798e+05
   27       1.92642e+07       1.89818e+05      -8.15502e+05
   28       1.57473e+07      -4.38620e+04      -7.52449e+05
   29       1.22507e+07       1.26154e+04      -7.69508e+05
   30       8.74890e+06      -1.54998e+04      -7.68894e+05
   31       5.25540e+06       5.68155e+04      -7.59244e+05
   32       1.72236e+06      -2.26364e+05      -7.71884e+05


 S O L U T I O N   T I M E   L O G   I N   S E C 

     TIME FOR INPUT PHASE = 4.00000e-03
     TIME FOR CALCULATION OF STIFFNESS MATRIX = 0.00000e+00
     TIME FOR FACTORIZATION AND LOAD CASE SOLUTIONS = 1.00000e-03

     T O T A L   S O L U T I O N   T I M E = 5.00000e-03

