TITLE : Q4 Cantilever Convergence Test 16x8 Mesh
        (1:50:40 on June 2, 2026, Tuesday)

C O N T R O L   I N F O R M A T I O N

      NUMBER OF NODAL POINTS . . . . . . . . . . (NUMNP)  =   153
      NUMBER OF ELEMENT GROUPS . . . . . . . . . (NUMEG)  =     1
      NUMBER OF LOAD CASES . . . . . . . . . . . (NLCASE) =     1
      SOLUTION MODE  . . . . . . . . . . . . . . (MODEX)  =     1
         EQ.0, DATA CHECK
         EQ.1, EXECUTION

 N O D A L   P O I N T   D A T A

    NODE       BOUNDARY                         NODAL POINT
   NUMBER  CONDITION  CODES                     COORDINATES
        1    1    1    1       0.00000e+00    0.00000e+00    0.00000e+00
        2    0    0    1       6.25000e-01    0.00000e+00    0.00000e+00
        3    0    0    1       1.25000e+00    0.00000e+00    0.00000e+00
        4    0    0    1       1.87500e+00    0.00000e+00    0.00000e+00
        5    0    0    1       2.50000e+00    0.00000e+00    0.00000e+00
        6    0    0    1       3.12500e+00    0.00000e+00    0.00000e+00
        7    0    0    1       3.75000e+00    0.00000e+00    0.00000e+00
        8    0    0    1       4.37500e+00    0.00000e+00    0.00000e+00
        9    0    0    1       5.00000e+00    0.00000e+00    0.00000e+00
       10    0    0    1       5.62500e+00    0.00000e+00    0.00000e+00
       11    0    0    1       6.25000e+00    0.00000e+00    0.00000e+00
       12    0    0    1       6.87500e+00    0.00000e+00    0.00000e+00
       13    0    0    1       7.50000e+00    0.00000e+00    0.00000e+00
       14    0    0    1       8.12500e+00    0.00000e+00    0.00000e+00
       15    0    0    1       8.75000e+00    0.00000e+00    0.00000e+00
       16    0    0    1       9.37500e+00    0.00000e+00    0.00000e+00
       17    0    0    1       1.00000e+01    0.00000e+00    0.00000e+00
       18    1    1    1       0.00000e+00    1.25000e-01    0.00000e+00
       19    0    0    1       6.25000e-01    1.25000e-01    0.00000e+00
       20    0    0    1       1.25000e+00    1.25000e-01    0.00000e+00
       21    0    0    1       1.87500e+00    1.25000e-01    0.00000e+00
       22    0    0    1       2.50000e+00    1.25000e-01    0.00000e+00
       23    0    0    1       3.12500e+00    1.25000e-01    0.00000e+00
       24    0    0    1       3.75000e+00    1.25000e-01    0.00000e+00
       25    0    0    1       4.37500e+00    1.25000e-01    0.00000e+00
       26    0    0    1       5.00000e+00    1.25000e-01    0.00000e+00
       27    0    0    1       5.62500e+00    1.25000e-01    0.00000e+00
       28    0    0    1       6.25000e+00    1.25000e-01    0.00000e+00
       29    0    0    1       6.87500e+00    1.25000e-01    0.00000e+00
       30    0    0    1       7.50000e+00    1.25000e-01    0.00000e+00
       31    0    0    1       8.12500e+00    1.25000e-01    0.00000e+00
       32    0    0    1       8.75000e+00    1.25000e-01    0.00000e+00
       33    0    0    1       9.37500e+00    1.25000e-01    0.00000e+00
       34    0    0    1       1.00000e+01    1.25000e-01    0.00000e+00
       35    1    1    1       0.00000e+00    2.50000e-01    0.00000e+00
       36    0    0    1       6.25000e-01    2.50000e-01    0.00000e+00
       37    0    0    1       1.25000e+00    2.50000e-01    0.00000e+00
       38    0    0    1       1.87500e+00    2.50000e-01    0.00000e+00
       39    0    0    1       2.50000e+00    2.50000e-01    0.00000e+00
       40    0    0    1       3.12500e+00    2.50000e-01    0.00000e+00
       41    0    0    1       3.75000e+00    2.50000e-01    0.00000e+00
       42    0    0    1       4.37500e+00    2.50000e-01    0.00000e+00
       43    0    0    1       5.00000e+00    2.50000e-01    0.00000e+00
       44    0    0    1       5.62500e+00    2.50000e-01    0.00000e+00
       45    0    0    1       6.25000e+00    2.50000e-01    0.00000e+00
       46    0    0    1       6.87500e+00    2.50000e-01    0.00000e+00
       47    0    0    1       7.50000e+00    2.50000e-01    0.00000e+00
       48    0    0    1       8.12500e+00    2.50000e-01    0.00000e+00
       49    0    0    1       8.75000e+00    2.50000e-01    0.00000e+00
       50    0    0    1       9.37500e+00    2.50000e-01    0.00000e+00
       51    0    0    1       1.00000e+01    2.50000e-01    0.00000e+00
       52    1    1    1       0.00000e+00    3.75000e-01    0.00000e+00
       53    0    0    1       6.25000e-01    3.75000e-01    0.00000e+00
       54    0    0    1       1.25000e+00    3.75000e-01    0.00000e+00
       55    0    0    1       1.87500e+00    3.75000e-01    0.00000e+00
       56    0    0    1       2.50000e+00    3.75000e-01    0.00000e+00
       57    0    0    1       3.12500e+00    3.75000e-01    0.00000e+00
       58    0    0    1       3.75000e+00    3.75000e-01    0.00000e+00
       59    0    0    1       4.37500e+00    3.75000e-01    0.00000e+00
       60    0    0    1       5.00000e+00    3.75000e-01    0.00000e+00
       61    0    0    1       5.62500e+00    3.75000e-01    0.00000e+00
       62    0    0    1       6.25000e+00    3.75000e-01    0.00000e+00
       63    0    0    1       6.87500e+00    3.75000e-01    0.00000e+00
       64    0    0    1       7.50000e+00    3.75000e-01    0.00000e+00
       65    0    0    1       8.12500e+00    3.75000e-01    0.00000e+00
       66    0    0    1       8.75000e+00    3.75000e-01    0.00000e+00
       67    0    0    1       9.37500e+00    3.75000e-01    0.00000e+00
       68    0    0    1       1.00000e+01    3.75000e-01    0.00000e+00
       69    1    1    1       0.00000e+00    5.00000e-01    0.00000e+00
       70    0    0    1       6.25000e-01    5.00000e-01    0.00000e+00
       71    0    0    1       1.25000e+00    5.00000e-01    0.00000e+00
       72    0    0    1       1.87500e+00    5.00000e-01    0.00000e+00
       73    0    0    1       2.50000e+00    5.00000e-01    0.00000e+00
       74    0    0    1       3.12500e+00    5.00000e-01    0.00000e+00
       75    0    0    1       3.75000e+00    5.00000e-01    0.00000e+00
       76    0    0    1       4.37500e+00    5.00000e-01    0.00000e+00
       77    0    0    1       5.00000e+00    5.00000e-01    0.00000e+00
       78    0    0    1       5.62500e+00    5.00000e-01    0.00000e+00
       79    0    0    1       6.25000e+00    5.00000e-01    0.00000e+00
       80    0    0    1       6.87500e+00    5.00000e-01    0.00000e+00
       81    0    0    1       7.50000e+00    5.00000e-01    0.00000e+00
       82    0    0    1       8.12500e+00    5.00000e-01    0.00000e+00
       83    0    0    1       8.75000e+00    5.00000e-01    0.00000e+00
       84    0    0    1       9.37500e+00    5.00000e-01    0.00000e+00
       85    0    0    1       1.00000e+01    5.00000e-01    0.00000e+00
       86    1    1    1       0.00000e+00    6.25000e-01    0.00000e+00
       87    0    0    1       6.25000e-01    6.25000e-01    0.00000e+00
       88    0    0    1       1.25000e+00    6.25000e-01    0.00000e+00
       89    0    0    1       1.87500e+00    6.25000e-01    0.00000e+00
       90    0    0    1       2.50000e+00    6.25000e-01    0.00000e+00
       91    0    0    1       3.12500e+00    6.25000e-01    0.00000e+00
       92    0    0    1       3.75000e+00    6.25000e-01    0.00000e+00
       93    0    0    1       4.37500e+00    6.25000e-01    0.00000e+00
       94    0    0    1       5.00000e+00    6.25000e-01    0.00000e+00
       95    0    0    1       5.62500e+00    6.25000e-01    0.00000e+00
       96    0    0    1       6.25000e+00    6.25000e-01    0.00000e+00
       97    0    0    1       6.87500e+00    6.25000e-01    0.00000e+00
       98    0    0    1       7.50000e+00    6.25000e-01    0.00000e+00
       99    0    0    1       8.12500e+00    6.25000e-01    0.00000e+00
      100    0    0    1       8.75000e+00    6.25000e-01    0.00000e+00
      101    0    0    1       9.37500e+00    6.25000e-01    0.00000e+00
      102    0    0    1       1.00000e+01    6.25000e-01    0.00000e+00
      103    1    1    1       0.00000e+00    7.50000e-01    0.00000e+00
      104    0    0    1       6.25000e-01    7.50000e-01    0.00000e+00
      105    0    0    1       1.25000e+00    7.50000e-01    0.00000e+00
      106    0    0    1       1.87500e+00    7.50000e-01    0.00000e+00
      107    0    0    1       2.50000e+00    7.50000e-01    0.00000e+00
      108    0    0    1       3.12500e+00    7.50000e-01    0.00000e+00
      109    0    0    1       3.75000e+00    7.50000e-01    0.00000e+00
      110    0    0    1       4.37500e+00    7.50000e-01    0.00000e+00
      111    0    0    1       5.00000e+00    7.50000e-01    0.00000e+00
      112    0    0    1       5.62500e+00    7.50000e-01    0.00000e+00
      113    0    0    1       6.25000e+00    7.50000e-01    0.00000e+00
      114    0    0    1       6.87500e+00    7.50000e-01    0.00000e+00
      115    0    0    1       7.50000e+00    7.50000e-01    0.00000e+00
      116    0    0    1       8.12500e+00    7.50000e-01    0.00000e+00
      117    0    0    1       8.75000e+00    7.50000e-01    0.00000e+00
      118    0    0    1       9.37500e+00    7.50000e-01    0.00000e+00
      119    0    0    1       1.00000e+01    7.50000e-01    0.00000e+00
      120    1    1    1       0.00000e+00    8.75000e-01    0.00000e+00
      121    0    0    1       6.25000e-01    8.75000e-01    0.00000e+00
      122    0    0    1       1.25000e+00    8.75000e-01    0.00000e+00
      123    0    0    1       1.87500e+00    8.75000e-01    0.00000e+00
      124    0    0    1       2.50000e+00    8.75000e-01    0.00000e+00
      125    0    0    1       3.12500e+00    8.75000e-01    0.00000e+00
      126    0    0    1       3.75000e+00    8.75000e-01    0.00000e+00
      127    0    0    1       4.37500e+00    8.75000e-01    0.00000e+00
      128    0    0    1       5.00000e+00    8.75000e-01    0.00000e+00
      129    0    0    1       5.62500e+00    8.75000e-01    0.00000e+00
      130    0    0    1       6.25000e+00    8.75000e-01    0.00000e+00
      131    0    0    1       6.87500e+00    8.75000e-01    0.00000e+00
      132    0    0    1       7.50000e+00    8.75000e-01    0.00000e+00
      133    0    0    1       8.12500e+00    8.75000e-01    0.00000e+00
      134    0    0    1       8.75000e+00    8.75000e-01    0.00000e+00
      135    0    0    1       9.37500e+00    8.75000e-01    0.00000e+00
      136    0    0    1       1.00000e+01    8.75000e-01    0.00000e+00
      137    1    1    1       0.00000e+00    1.00000e+00    0.00000e+00
      138    0    0    1       6.25000e-01    1.00000e+00    0.00000e+00
      139    0    0    1       1.25000e+00    1.00000e+00    0.00000e+00
      140    0    0    1       1.87500e+00    1.00000e+00    0.00000e+00
      141    0    0    1       2.50000e+00    1.00000e+00    0.00000e+00
      142    0    0    1       3.12500e+00    1.00000e+00    0.00000e+00
      143    0    0    1       3.75000e+00    1.00000e+00    0.00000e+00
      144    0    0    1       4.37500e+00    1.00000e+00    0.00000e+00
      145    0    0    1       5.00000e+00    1.00000e+00    0.00000e+00
      146    0    0    1       5.62500e+00    1.00000e+00    0.00000e+00
      147    0    0    1       6.25000e+00    1.00000e+00    0.00000e+00
      148    0    0    1       6.87500e+00    1.00000e+00    0.00000e+00
      149    0    0    1       7.50000e+00    1.00000e+00    0.00000e+00
      150    0    0    1       8.12500e+00    1.00000e+00    0.00000e+00
      151    0    0    1       8.75000e+00    1.00000e+00    0.00000e+00
      152    0    0    1       9.37500e+00    1.00000e+00    0.00000e+00
      153    0    0    1       1.00000e+01    1.00000e+00    0.00000e+00

 EQUATION NUMBERS

   NODE NUMBER   DEGREES OF FREEDOM
        N           X    Y    Z
        1           0    0    0
        2           1    2    0
        3           3    4    0
        4           5    6    0
        5           7    8    0
        6           9   10    0
        7          11   12    0
        8          13   14    0
        9          15   16    0
       10          17   18    0
       11          19   20    0
       12          21   22    0
       13          23   24    0
       14          25   26    0
       15          27   28    0
       16          29   30    0
       17          31   32    0
       18           0    0    0
       19          33   34    0
       20          35   36    0
       21          37   38    0
       22          39   40    0
       23          41   42    0
       24          43   44    0
       25          45   46    0
       26          47   48    0
       27          49   50    0
       28          51   52    0
       29          53   54    0
       30          55   56    0
       31          57   58    0
       32          59   60    0
       33          61   62    0
       34          63   64    0
       35           0    0    0
       36          65   66    0
       37          67   68    0
       38          69   70    0
       39          71   72    0
       40          73   74    0
       41          75   76    0
       42          77   78    0
       43          79   80    0
       44          81   82    0
       45          83   84    0
       46          85   86    0
       47          87   88    0
       48          89   90    0
       49          91   92    0
       50          93   94    0
       51          95   96    0
       52           0    0    0
       53          97   98    0
       54          99  100    0
       55         101  102    0
       56         103  104    0
       57         105  106    0
       58         107  108    0
       59         109  110    0
       60         111  112    0
       61         113  114    0
       62         115  116    0
       63         117  118    0
       64         119  120    0
       65         121  122    0
       66         123  124    0
       67         125  126    0
       68         127  128    0
       69           0    0    0
       70         129  130    0
       71         131  132    0
       72         133  134    0
       73         135  136    0
       74         137  138    0
       75         139  140    0
       76         141  142    0
       77         143  144    0
       78         145  146    0
       79         147  148    0
       80         149  150    0
       81         151  152    0
       82         153  154    0
       83         155  156    0
       84         157  158    0
       85         159  160    0
       86           0    0    0
       87         161  162    0
       88         163  164    0
       89         165  166    0
       90         167  168    0
       91         169  170    0
       92         171  172    0
       93         173  174    0
       94         175  176    0
       95         177  178    0
       96         179  180    0
       97         181  182    0
       98         183  184    0
       99         185  186    0
      100         187  188    0
      101         189  190    0
      102         191  192    0
      103           0    0    0
      104         193  194    0
      105         195  196    0
      106         197  198    0
      107         199  200    0
      108         201  202    0
      109         203  204    0
      110         205  206    0
      111         207  208    0
      112         209  210    0
      113         211  212    0
      114         213  214    0
      115         215  216    0
      116         217  218    0
      117         219  220    0
      118         221  222    0
      119         223  224    0
      120           0    0    0
      121         225  226    0
      122         227  228    0
      123         229  230    0
      124         231  232    0
      125         233  234    0
      126         235  236    0
      127         237  238    0
      128         239  240    0
      129         241  242    0
      130         243  244    0
      131         245  246    0
      132         247  248    0
      133         249  250    0
      134         251  252    0
      135         253  254    0
      136         255  256    0
      137           0    0    0
      138         257  258    0
      139         259  260    0
      140         261  262    0
      141         263  264    0
      142         265  266    0
      143         267  268    0
      144         269  270    0
      145         271  272    0
      146         273  274    0
      147         275  276    0
      148         277  278    0
      149         279  280    0
      150         281  282    0
      151         283  284    0
      152         285  286    0
      153         287  288    0

 L O A D   C A S E   D A T A

     LOAD CASE NUMBER . . . . . . . =     1
     NUMBER OF CONCENTRATED LOADS . =     9

    NODE       DIRECTION      LOAD
   NUMBER                   MAGNITUDE
     17            2       -1.11111e+04
     34            2       -1.11111e+04
     51            2       -1.11111e+04
     68            2       -1.11111e+04
     85            2       -1.11111e+04
    102            2       -1.11111e+04
    119            2       -1.11111e+04
    136            2       -1.11111e+04
    153            2       -1.11111e+04

 E L E M E N T   G R O U P   D A T A


 E L E M E N T   D E F I N I T I O N

 ELEMENT TYPE  . . . . . . . . . . . . .( NPAR(1) ) . . =    2
     EQ.1, TRUSS ELEMENTS
     EQ.2, FOUR-NODE PLANE ELEMENTS (FULL INTEGRATION)
     EQ.3, FOUR-NODE PLANE ELEMENTS (REDUCED INTEGRATION)

 NUMBER OF ELEMENTS. . . . . . . . . . .( NPAR(2) ) . . =  128

 M A T E R I A L   D E F I N I T I O N

 NUMBER OF DIFFERENT SETS OF MATERIAL
 AND THICKNESS / POISSON RATIO . . . . .( NPAR(3) ) . . =    1

  SET       YOUNG'S    POISSON'S    THICKNESS
 NUMBER     MODULUS      RATIO
               E          NU          T
    1     2.00000e+11     3.00000e-01     1.00000e-01


 E L E M E N T   I N F O R M A T I O N
 ELEMENT     NODE     NODE     NODE     NODE      MATERIAL
 NUMBER-N      I        J        K        L       SET NUMBER
    1          1        2       19       18           1
    2          2        3       20       19           1
    3          3        4       21       20           1
    4          4        5       22       21           1
    5          5        6       23       22           1
    6          6        7       24       23           1
    7          7        8       25       24           1
    8          8        9       26       25           1
    9          9       10       27       26           1
   10         10       11       28       27           1
   11         11       12       29       28           1
   12         12       13       30       29           1
   13         13       14       31       30           1
   14         14       15       32       31           1
   15         15       16       33       32           1
   16         16       17       34       33           1
   17         18       19       36       35           1
   18         19       20       37       36           1
   19         20       21       38       37           1
   20         21       22       39       38           1
   21         22       23       40       39           1
   22         23       24       41       40           1
   23         24       25       42       41           1
   24         25       26       43       42           1
   25         26       27       44       43           1
   26         27       28       45       44           1
   27         28       29       46       45           1
   28         29       30       47       46           1
   29         30       31       48       47           1
   30         31       32       49       48           1
   31         32       33       50       49           1
   32         33       34       51       50           1
   33         35       36       53       52           1
   34         36       37       54       53           1
   35         37       38       55       54           1
   36         38       39       56       55           1
   37         39       40       57       56           1
   38         40       41       58       57           1
   39         41       42       59       58           1
   40         42       43       60       59           1
   41         43       44       61       60           1
   42         44       45       62       61           1
   43         45       46       63       62           1
   44         46       47       64       63           1
   45         47       48       65       64           1
   46         48       49       66       65           1
   47         49       50       67       66           1
   48         50       51       68       67           1
   49         52       53       70       69           1
   50         53       54       71       70           1
   51         54       55       72       71           1
   52         55       56       73       72           1
   53         56       57       74       73           1
   54         57       58       75       74           1
   55         58       59       76       75           1
   56         59       60       77       76           1
   57         60       61       78       77           1
   58         61       62       79       78           1
   59         62       63       80       79           1
   60         63       64       81       80           1
   61         64       65       82       81           1
   62         65       66       83       82           1
   63         66       67       84       83           1
   64         67       68       85       84           1
   65         69       70       87       86           1
   66         70       71       88       87           1
   67         71       72       89       88           1
   68         72       73       90       89           1
   69         73       74       91       90           1
   70         74       75       92       91           1
   71         75       76       93       92           1
   72         76       77       94       93           1
   73         77       78       95       94           1
   74         78       79       96       95           1
   75         79       80       97       96           1
   76         80       81       98       97           1
   77         81       82       99       98           1
   78         82       83      100       99           1
   79         83       84      101      100           1
   80         84       85      102      101           1
   81         86       87      104      103           1
   82         87       88      105      104           1
   83         88       89      106      105           1
   84         89       90      107      106           1
   85         90       91      108      107           1
   86         91       92      109      108           1
   87         92       93      110      109           1
   88         93       94      111      110           1
   89         94       95      112      111           1
   90         95       96      113      112           1
   91         96       97      114      113           1
   92         97       98      115      114           1
   93         98       99      116      115           1
   94         99      100      117      116           1
   95        100      101      118      117           1
   96        101      102      119      118           1
   97        103      104      121      120           1
   98        104      105      122      121           1
   99        105      106      123      122           1
  100        106      107      124      123           1
  101        107      108      125      124           1
  102        108      109      126      125           1
  103        109      110      127      126           1
  104        110      111      128      127           1
  105        111      112      129      128           1
  106        112      113      130      129           1
  107        113      114      131      130           1
  108        114      115      132      131           1
  109        115      116      133      132           1
  110        116      117      134      133           1
  111        117      118      135      134           1
  112        118      119      136      135           1
  113        120      121      138      137           1
  114        121      122      139      138           1
  115        122      123      140      139           1
  116        123      124      141      140           1
  117        124      125      142      141           1
  118        125      126      143      142           1
  119        126      127      144      143           1
  120        127      128      145      144           1
  121        128      129      146      145           1
  122        129      130      147      146           1
  123        130      131      148      147           1
  124        131      132      149      148           1
  125        132      133      150      149           1
  126        133      134      151      150           1
  127        134      135      152      151           1
  128        135      136      153      152           1

	TOTAL SYSTEM DATA

     NUMBER OF EQUATIONS . . . . . . . . . . . . . .(NEQ) = 288
     NUMBER OF MATRIX ELEMENTS . . . . . . . . . . .(NWK) = 9164
     MAXIMUM HALF BANDWIDTH  . . . . . . . . . . . .(MK ) = 36
     MEAN HALF BANDWIDTH . . . . . . . . . . . . . .(MM ) = 31


 LOAD CASE    1


 D I S P L A C E M E N T S

  NODE           X-DISPLACEMENT    Y-DISPLACEMENT    Z-DISPLACEMENT
    1               0.00000e+00       0.00000e+00       0.00000e+00
    2              -1.54793e-04      -1.19525e-04       0.00000e+00
    3              -3.01689e-04      -4.09071e-04       0.00000e+00
    4              -4.39335e-04      -8.80039e-04       0.00000e+00
    5              -5.66452e-04      -1.51591e-03       0.00000e+00
    6              -6.83466e-04      -2.30444e-03       0.00000e+00
    7              -7.90297e-04      -3.23287e-03       0.00000e+00
    8              -8.86954e-04      -4.28847e-03       0.00000e+00
    9              -9.73437e-04      -5.45854e-03       0.00000e+00
   10              -1.04974e-03      -6.73035e-03       0.00000e+00
   11              -1.11588e-03      -8.09119e-03       0.00000e+00
   12              -1.17184e-03      -9.52834e-03       0.00000e+00
   13              -1.21762e-03      -1.10291e-02       0.00000e+00
   14              -1.25324e-03      -1.25807e-02       0.00000e+00
   15              -1.27865e-03      -1.41705e-02       0.00000e+00
   16              -1.29394e-03      -1.57855e-02       0.00000e+00
   17              -1.29941e-03      -1.74146e-02       0.00000e+00
   18               0.00000e+00       0.00000e+00       0.00000e+00
   19              -1.13855e-04      -1.09574e-04       0.00000e+00
   20              -2.25932e-04      -4.02024e-04       0.00000e+00
   21              -3.28565e-04      -8.73000e-04       0.00000e+00
   22              -4.24043e-04      -1.50952e-03       0.00000e+00
   23              -5.11776e-04      -2.29856e-03       0.00000e+00
   24              -5.91905e-04      -3.22753e-03       0.00000e+00
   25              -6.64396e-04      -4.28366e-03       0.00000e+00
   26              -7.29258e-04      -5.45427e-03       0.00000e+00
   27              -7.86489e-04      -6.72661e-03       0.00000e+00
   28              -8.36090e-04      -8.08798e-03       0.00000e+00
   29              -8.78059e-04      -9.52567e-03       0.00000e+00
   30              -9.12399e-04      -1.10269e-02       0.00000e+00
   31              -9.39102e-04      -1.25791e-02       0.00000e+00
   32              -9.58200e-04      -1.41694e-02       0.00000e+00
   33              -9.69570e-04      -1.57850e-02       0.00000e+00
   34              -9.73591e-04      -1.74142e-02       0.00000e+00
   35               0.00000e+00       0.00000e+00       0.00000e+00
   36              -7.50174e-05      -1.02724e-04       0.00000e+00
   37              -1.50300e-04      -3.96792e-04       0.00000e+00
   38              -2.18673e-04      -8.68054e-04       0.00000e+00
   39              -2.82291e-04      -1.50493e-03       0.00000e+00
   40              -3.40800e-04      -2.29437e-03       0.00000e+00
   41              -3.94212e-04      -3.22371e-03       0.00000e+00
   42              -4.42541e-04      -4.28023e-03       0.00000e+00
   43              -4.85782e-04      -5.45121e-03       0.00000e+00
   44              -5.23936e-04      -6.72394e-03       0.00000e+00
   45              -5.57003e-04      -8.08570e-03       0.00000e+00
   46              -5.84983e-04      -9.52376e-03       0.00000e+00
   47              -6.07875e-04      -1.10254e-02       0.00000e+00
   48              -6.25676e-04      -1.25779e-02       0.00000e+00
   49              -6.38424e-04      -1.41686e-02       0.00000e+00
   50              -6.45944e-04      -1.57847e-02       0.00000e+00
   51              -6.48603e-04      -1.74137e-02       0.00000e+00
   52               0.00000e+00       0.00000e+00       0.00000e+00
   53              -3.72716e-05      -9.87196e-05       0.00000e+00
   54              -7.50303e-05      -3.93583e-04       0.00000e+00
   55              -1.09234e-04      -8.65109e-04       0.00000e+00
   56              -1.41022e-04      -1.50218e-03       0.00000e+00
   57              -1.70284e-04      -2.29185e-03       0.00000e+00
   58              -1.96989e-04      -3.22142e-03       0.00000e+00
   59              -2.21154e-04      -4.27817e-03       0.00000e+00
   60              -2.42774e-04      -5.44938e-03       0.00000e+00
   61              -2.61851e-04      -6.72234e-03       0.00000e+00
   62              -2.78385e-04      -8.08432e-03       0.00000e+00
   63              -2.92375e-04      -9.52261e-03       0.00000e+00
   64              -3.03820e-04      -1.10245e-02       0.00000e+00
   65              -3.12721e-04      -1.25772e-02       0.00000e+00
   66              -3.19098e-04      -1.41681e-02       0.00000e+00
   67              -3.22839e-04      -1.57846e-02       0.00000e+00
   68              -3.24164e-04      -1.74134e-02       0.00000e+00
   69               0.00000e+00       0.00000e+00       0.00000e+00
   70               1.39511e-17      -9.74022e-05       0.00000e+00
   71               2.88436e-17      -3.92503e-04       0.00000e+00
   72               4.46920e-17      -8.64129e-04       0.00000e+00
   73               5.90229e-17      -1.50126e-03       0.00000e+00
   74               7.10152e-17      -2.29101e-03       0.00000e+00
   75               8.62415e-17      -3.22066e-03       0.00000e+00
   76               1.05540e-16      -4.27748e-03       0.00000e+00
   77               1.17453e-16      -5.44877e-03       0.00000e+00
   78               1.26770e-16      -6.72181e-03       0.00000e+00
   79               1.42667e-16      -8.08386e-03       0.00000e+00
   80               1.71467e-16      -9.52223e-03       0.00000e+00
   81               1.89288e-16      -1.10242e-02       0.00000e+00
   82               1.84070e-16      -1.25770e-02       0.00000e+00
   83               1.93069e-16      -1.41680e-02       0.00000e+00
   84               1.96295e-16      -1.57845e-02       0.00000e+00
   85               1.89952e-16      -1.74133e-02       0.00000e+00
   86               0.00000e+00       0.00000e+00       0.00000e+00
   87               3.72716e-05      -9.87196e-05       0.00000e+00
   88               7.50303e-05      -3.93583e-04       0.00000e+00
   89               1.09234e-04      -8.65109e-04       0.00000e+00
   90               1.41022e-04      -1.50218e-03       0.00000e+00
   91               1.70284e-04      -2.29185e-03       0.00000e+00
   92               1.96989e-04      -3.22142e-03       0.00000e+00
   93               2.21154e-04      -4.27817e-03       0.00000e+00
   94               2.42774e-04      -5.44938e-03       0.00000e+00
   95               2.61851e-04      -6.72234e-03       0.00000e+00
   96               2.78385e-04      -8.08432e-03       0.00000e+00
   97               2.92375e-04      -9.52261e-03       0.00000e+00
   98               3.03820e-04      -1.10245e-02       0.00000e+00
   99               3.12721e-04      -1.25772e-02       0.00000e+00
  100               3.19098e-04      -1.41681e-02       0.00000e+00
  101               3.22839e-04      -1.57846e-02       0.00000e+00
  102               3.24164e-04      -1.74134e-02       0.00000e+00
  103               0.00000e+00       0.00000e+00       0.00000e+00
  104               7.50174e-05      -1.02724e-04       0.00000e+00
  105               1.50300e-04      -3.96792e-04       0.00000e+00
  106               2.18673e-04      -8.68054e-04       0.00000e+00
  107               2.82291e-04      -1.50493e-03       0.00000e+00
  108               3.40800e-04      -2.29437e-03       0.00000e+00
  109               3.94212e-04      -3.22371e-03       0.00000e+00
  110               4.42541e-04      -4.28023e-03       0.00000e+00
  111               4.85782e-04      -5.45121e-03       0.00000e+00
  112               5.23936e-04      -6.72394e-03       0.00000e+00
  113               5.57003e-04      -8.08570e-03       0.00000e+00
  114               5.84983e-04      -9.52376e-03       0.00000e+00
  115               6.07875e-04      -1.10254e-02       0.00000e+00
  116               6.25676e-04      -1.25779e-02       0.00000e+00
  117               6.38424e-04      -1.41686e-02       0.00000e+00
  118               6.45944e-04      -1.57847e-02       0.00000e+00
  119               6.48603e-04      -1.74137e-02       0.00000e+00
  120               0.00000e+00       0.00000e+00       0.00000e+00
  121               1.13855e-04      -1.09574e-04       0.00000e+00
  122               2.25932e-04      -4.02024e-04       0.00000e+00
  123               3.28565e-04      -8.73000e-04       0.00000e+00
  124               4.24043e-04      -1.50952e-03       0.00000e+00
  125               5.11776e-04      -2.29856e-03       0.00000e+00
  126               5.91905e-04      -3.22753e-03       0.00000e+00
  127               6.64396e-04      -4.28366e-03       0.00000e+00
  128               7.29258e-04      -5.45427e-03       0.00000e+00
  129               7.86489e-04      -6.72661e-03       0.00000e+00
  130               8.36090e-04      -8.08798e-03       0.00000e+00
  131               8.78059e-04      -9.52567e-03       0.00000e+00
  132               9.12399e-04      -1.10269e-02       0.00000e+00
  133               9.39102e-04      -1.25791e-02       0.00000e+00
  134               9.58200e-04      -1.41694e-02       0.00000e+00
  135               9.69570e-04      -1.57850e-02       0.00000e+00
  136               9.73591e-04      -1.74142e-02       0.00000e+00
  137               0.00000e+00       0.00000e+00       0.00000e+00
  138               1.54793e-04      -1.19525e-04       0.00000e+00
  139               3.01689e-04      -4.09071e-04       0.00000e+00
  140               4.39335e-04      -8.80039e-04       0.00000e+00
  141               5.66452e-04      -1.51591e-03       0.00000e+00
  142               6.83466e-04      -2.30444e-03       0.00000e+00
  143               7.90297e-04      -3.23287e-03       0.00000e+00
  144               8.86954e-04      -4.28847e-03       0.00000e+00
  145               9.73437e-04      -5.45854e-03       0.00000e+00
  146               1.04974e-03      -6.73035e-03       0.00000e+00
  147               1.11588e-03      -8.09119e-03       0.00000e+00
  148               1.17184e-03      -9.52834e-03       0.00000e+00
  149               1.21762e-03      -1.10291e-02       0.00000e+00
  150               1.25324e-03      -1.25807e-02       0.00000e+00
  151               1.27865e-03      -1.41705e-02       0.00000e+00
  152               1.29394e-03      -1.57855e-02       0.00000e+00
  153               1.29941e-03      -1.74146e-02       0.00000e+00

 S T R E S S  C A L C U L A T I O N S  F O R  E L E M E N T  G R O U P    1

  ELEMENT            SIGMA-X           SIGMA-Y          TAU-XY
  NUMBER
    1      -4.46102e+07      -5.42205e+06      -1.50219e+06
    2      -4.10506e+07       1.28349e+06       9.10463e+04
    3      -3.85318e+07      -2.89896e+05      -5.72731e+05
    4      -3.55959e+07       6.38592e+04      -4.00116e+05
    5      -3.27638e+07      -1.39862e+04      -4.35638e+05
    6      -2.99126e+07       3.08472e+03      -4.29333e+05
    7      -2.70640e+07      -6.88263e+02      -4.30393e+05
    8      -2.42151e+07       1.56240e+02      -4.30198e+05
    9      -2.13663e+07      -4.14457e+01      -4.30240e+05
   10      -1.85174e+07       3.68308e+01      -4.30236e+05
   11      -1.56686e+07      -1.34722e+02      -4.30184e+05
   12      -1.28196e+07       6.29077e+02      -4.30593e+05
   13      -9.97201e+06      -3.01194e+03      -4.28123e+05
   14      -7.11742e+06       1.42126e+04      -4.39834e+05
   15      -4.28510e+06      -6.39774e+04      -4.00091e+05
   16      -1.43788e+06       2.66372e+05      -4.52567e+05
   17      -3.14018e+07      -3.94073e+06      -1.11450e+06
   18      -2.97558e+07       7.39027e+05      -8.72061e+05
   19      -2.73829e+07      -7.28095e+04      -8.99621e+05
   20      -2.54582e+07      -9.61698e+03      -9.33985e+05
   21      -2.33965e+07       7.35731e+03      -9.12491e+05
   22      -2.13672e+07      -2.46206e+03      -9.20434e+05
   23      -1.93312e+07       6.56385e+02      -9.18145e+05
   24      -1.72966e+07      -1.62965e+02      -9.18706e+05
   25      -1.52616e+07       4.78062e+01      -9.18589e+05
   26      -1.32268e+07      -4.61029e+01      -9.18584e+05
   27      -1.11918e+07       1.35963e+02      -9.18696e+05
   28      -9.15727e+06      -3.19600e+02      -9.18361e+05
   29      -7.12069e+06      -3.61595e+02      -9.18858e+05
   30      -5.09229e+06       9.82677e+03      -9.20248e+05
   31      -3.04272e+06      -6.74214e+04      -9.08446e+05
   32      -9.81119e+05       2.92506e+05      -9.27039e+05
   33      -1.86869e+07      -2.40233e+06      -7.82454e+05
   34      -1.79730e+07       3.78607e+05      -1.46792e+06
   35      -1.64124e+07      -2.48063e+02      -1.18426e+06
   36      -1.52706e+07      -1.87859e+04      -1.25583e+06
   37      -1.40415e+07       6.27641e+03      -1.24266e+06
   38      -1.28189e+07      -1.16696e+03      -1.24420e+06
   39      -1.15991e+07       6.73970e+01      -1.24426e+06
   40      -1.03778e+07       4.62501e+01      -1.24415e+06
   41      -9.15700e+06      -2.37419e+01      -1.24420e+06
   42      -7.93603e+06      -9.00057e+00      -1.24418e+06
   43      -6.71515e+06       1.10952e+02      -1.24420e+06
   44      -5.49428e+06      -4.33391e+02      -1.24404e+06
   45      -4.27205e+06       6.20088e+02      -1.24511e+06
   46      -3.05842e+06       5.04119e+03      -1.23997e+06
   47      -1.81628e+06      -4.82883e+04      -1.25721e+06
   48      -5.72680e+05       2.16123e+05      -1.23458e+06
   49      -6.20581e+06      -8.07871e+05      -6.00863e+05
   50      -6.00664e+06       1.15861e+05      -1.75107e+06
   51      -5.47068e+06       6.33032e+03      -1.34339e+06
   52      -5.08844e+06      -7.73314e+03      -1.41007e+06
   53      -4.68132e+06       2.05797e+03      -1.40921e+06
   54      -4.27274e+06      -2.18919e+02      -1.40603e+06
   55      -3.86642e+06      -6.00534e+01      -1.40720e+06
   56      -3.45927e+06       4.22313e+01      -1.40695e+06
   57      -3.05233e+06      -1.55579e+01      -1.40697e+06
   58      -2.64534e+06       8.38814e-01      -1.40700e+06
   59      -2.23840e+06       3.70922e+01      -1.40692e+06
   60      -1.83140e+06      -1.76862e+02      -1.40701e+06
   61      -1.42401e+06       3.52306e+02      -1.40791e+06
   62      -1.01993e+06       1.47461e+03      -1.39995e+06
   63      -6.03700e+05      -1.73244e+04      -1.43425e+06
   64      -1.88411e+05       7.87862e+04      -1.38581e+06
   65       6.20581e+06       8.07871e+05      -6.00863e+05
   66       6.00664e+06      -1.15861e+05      -1.75107e+06
   67       5.47068e+06      -6.33032e+03      -1.34339e+06
   68       5.08844e+06       7.73314e+03      -1.41007e+06
   69       4.68132e+06      -2.05797e+03      -1.40921e+06
   70       4.27274e+06       2.18919e+02      -1.40603e+06
   71       3.86642e+06       6.00533e+01      -1.40720e+06
   72       3.45927e+06      -4.22313e+01      -1.40695e+06
   73       3.05233e+06       1.55579e+01      -1.40697e+06
   74       2.64534e+06      -8.38825e-01      -1.40700e+06
   75       2.23840e+06      -3.70922e+01      -1.40692e+06
   76       1.83140e+06       1.76862e+02      -1.40701e+06
   77       1.42401e+06      -3.52306e+02      -1.40791e+06
   78       1.01993e+06      -1.47461e+03      -1.39995e+06
   79       6.03700e+05       1.73244e+04      -1.43425e+06
   80       1.88411e+05      -7.87862e+04      -1.38581e+06
   81       1.86869e+07       2.40233e+06      -7.82454e+05
   82       1.79730e+07      -3.78607e+05      -1.46792e+06
   83       1.64124e+07       2.48063e+02      -1.18426e+06
   84       1.52706e+07       1.87859e+04      -1.25583e+06
   85       1.40415e+07      -6.27641e+03      -1.24266e+06
   86       1.28189e+07       1.16696e+03      -1.24420e+06
   87       1.15991e+07      -6.73970e+01      -1.24426e+06
   88       1.03778e+07      -4.62501e+01      -1.24415e+06
   89       9.15700e+06       2.37419e+01      -1.24420e+06
   90       7.93603e+06       9.00056e+00      -1.24418e+06
   91       6.71515e+06      -1.10952e+02      -1.24420e+06
   92       5.49428e+06       4.33391e+02      -1.24404e+06
   93       4.27205e+06      -6.20088e+02      -1.24511e+06
   94       3.05842e+06      -5.04119e+03      -1.23997e+06
   95       1.81628e+06       4.82883e+04      -1.25721e+06
   96       5.72680e+05      -2.16123e+05      -1.23458e+06
   97       3.14018e+07       3.94073e+06      -1.11450e+06
   98       2.97558e+07      -7.39027e+05      -8.72061e+05
   99       2.73829e+07       7.28095e+04      -8.99621e+05
  100       2.54582e+07       9.61698e+03      -9.33985e+05
  101       2.33965e+07      -7.35731e+03      -9.12491e+05
  102       2.13672e+07       2.46206e+03      -9.20434e+05
  103       1.93312e+07      -6.56385e+02      -9.18145e+05
  104       1.72966e+07       1.62965e+02      -9.18706e+05
  105       1.52616e+07      -4.78062e+01      -9.18589e+05
  106       1.32268e+07       4.61029e+01      -9.18584e+05
  107       1.11918e+07      -1.35963e+02      -9.18696e+05
  108       9.15727e+06       3.19600e+02      -9.18361e+05
  109       7.12069e+06       3.61595e+02      -9.18858e+05
  110       5.09229e+06      -9.82677e+03      -9.20248e+05
  111       3.04272e+06       6.74214e+04      -9.08446e+05
  112       9.81119e+05      -2.92506e+05      -9.27039e+05
  113       4.46102e+07       5.42205e+06      -1.50219e+06
  114       4.10506e+07      -1.28349e+06       9.10463e+04
  115       3.85318e+07       2.89896e+05      -5.72731e+05
  116       3.55959e+07      -6.38592e+04      -4.00116e+05
  117       3.27638e+07       1.39862e+04      -4.35638e+05
  118       2.99126e+07      -3.08472e+03      -4.29333e+05
  119       2.70640e+07       6.88263e+02      -4.30393e+05
  120       2.42151e+07      -1.56240e+02      -4.30198e+05
  121       2.13663e+07       4.14457e+01      -4.30240e+05
  122       1.85174e+07      -3.68308e+01      -4.30236e+05
  123       1.56686e+07       1.34722e+02      -4.30184e+05
  124       1.28196e+07      -6.29077e+02      -4.30593e+05
  125       9.97201e+06       3.01194e+03      -4.28123e+05
  126       7.11742e+06      -1.42126e+04      -4.39834e+05
  127       4.28510e+06       6.39774e+04      -4.00091e+05
  128       1.43788e+06      -2.66372e+05      -4.52567e+05


 S O L U T I O N   T I M E   L O G   I N   S E C 

     TIME FOR INPUT PHASE = 6.00000e-03
     TIME FOR CALCULATION OF STIFFNESS MATRIX = 1.00000e-03
     TIME FOR FACTORIZATION AND LOAD CASE SOLUTIONS = 3.00000e-03

     T O T A L   S O L U T I O N   T I M E = 1.00000e-02

