TITLE : T3 Cantilever Convergence Test 2x1 Mesh (4 triangles)
        (12:5:57 on June 2, 2026, Tuesday)

C O N T R O L   I N F O R M A T I O N

      NUMBER OF NODAL POINTS . . . . . . . . . . (NUMNP)  =     6
      NUMBER OF ELEMENT GROUPS . . . . . . . . . (NUMEG)  =     1
      NUMBER OF LOAD CASES . . . . . . . . . . . (NLCASE) =     1
      SOLUTION MODE  . . . . . . . . . . . . . . (MODEX)  =     1
         EQ.0, DATA CHECK
         EQ.1, EXECUTION

 N O D A L   P O I N T   D A T A

    NODE       BOUNDARY                         NODAL POINT
   NUMBER  CONDITION  CODES                     COORDINATES
        1    1    1    1       0.00000e+00    0.00000e+00    0.00000e+00
        2    0    0    1       5.00000e+00    0.00000e+00    0.00000e+00
        3    0    0    1       1.00000e+01    0.00000e+00    0.00000e+00
        4    1    1    1       0.00000e+00    1.00000e+00    0.00000e+00
        5    0    0    1       5.00000e+00    1.00000e+00    0.00000e+00
        6    0    0    1       1.00000e+01    1.00000e+00    0.00000e+00

 EQUATION NUMBERS

   NODE NUMBER   DEGREES OF FREEDOM
        N           X    Y    Z
        1           0    0    0
        2           1    2    0
        3           3    4    0
        4           0    0    0
        5           5    6    0
        6           7    8    0

 L O A D   C A S E   D A T A

     LOAD CASE NUMBER . . . . . . . =     1
     NUMBER OF CONCENTRATED LOADS . =     2

    NODE       DIRECTION      LOAD
   NUMBER                   MAGNITUDE
      3            2       -5.00000e+04
      6            2       -5.00000e+04

 E L E M E N T   G R O U P   D A T A


 E L E M E N T   D E F I N I T I O N

 ELEMENT TYPE  . . . . . . . . . . . . .( NPAR(1) ) . . =    4
     EQ.1, TRUSS ELEMENTS
     EQ.2, FOUR-NODE PLANE ELEMENTS (FULL INTEGRATION)
     EQ.3, FOUR-NODE PLANE ELEMENTS (REDUCED INTEGRATION)
     EQ.4, THREE-NODE TRIANGULAR PLANE ELEMENTS (CST)

 NUMBER OF ELEMENTS. . . . . . . . . . .( NPAR(2) ) . . =    4

 M A T E R I A L   D E F I N I T I O N

 NUMBER OF DIFFERENT SETS OF MATERIAL
 AND THICKNESS / POISSON RATIO . . . . .( NPAR(3) ) . . =    1

  SET       YOUNG'S    POISSON'S    THICKNESS
 NUMBER     MODULUS      RATIO
               E          NU          T
    1     2.00000e+11     3.00000e-01     1.00000e-01


 E L E M E N T   I N F O R M A T I O N
 ELEMENT     NODE     NODE     NODE      MATERIAL
 NUMBER-N      I        J        K       SET NUMBER
    1          1        2        5           1
    2          1        5        4           1
    3          2        3        5           1
    4          3        6        5           1

	TOTAL SYSTEM DATA

     NUMBER OF EQUATIONS . . . . . . . . . . . . . .(NEQ) = 8
     NUMBER OF MATRIX ELEMENTS . . . . . . . . . . .(NWK) = 32
     MAXIMUM HALF BANDWIDTH  . . . . . . . . . . . .(MK ) = 6
     MEAN HALF BANDWIDTH . . . . . . . . . . . . . .(MM ) = 4


 LOAD CASE    1


 D I S P L A C E M E N T S

  NODE           X-DISPLACEMENT    Y-DISPLACEMENT    Z-DISPLACEMENT
    1               0.00000e+00       0.00000e+00       0.00000e+00
    2              -3.79347e-05      -2.44269e-04       0.00000e+00
    3              -5.16554e-05      -7.24508e-04       0.00000e+00
    4               0.00000e+00       0.00000e+00       0.00000e+00
    5               3.31325e-05      -2.41067e-04       0.00000e+00
    6               4.43155e-05      -7.26018e-04       0.00000e+00

 S T R E S S  C A L C U L A T I O N S  F O R  E L E M E N T  G R O U P    1

  ELEMENT            SIGMA-X           SIGMA-Y          TAU-XY
  NUMBER
    1      -1.45637e+06       2.03380e+05       1.70873e+06
    2       1.45637e+06       4.36912e+05      -3.70873e+06
    3      -3.92023e+05       5.22684e+05      -1.92160e+06
    4       3.92023e+05      -1.84319e+05      -7.84047e+04


 S O L U T I O N   T I M E   L O G   I N   S E C 

     TIME FOR INPUT PHASE = 2.00000e-03
     TIME FOR CALCULATION OF STIFFNESS MATRIX = 0.00000e+00
     TIME FOR FACTORIZATION AND LOAD CASE SOLUTIONS = 0.00000e+00

     T O T A L   S O L U T I O N   T I M E = 2.00000e-03

