TITLE : T3 Cantilever Convergence Test 8x4 Mesh (64 triangles)
        (12:5:57 on June 2, 2026, Tuesday)

C O N T R O L   I N F O R M A T I O N

      NUMBER OF NODAL POINTS . . . . . . . . . . (NUMNP)  =    45
      NUMBER OF ELEMENT GROUPS . . . . . . . . . (NUMEG)  =     1
      NUMBER OF LOAD CASES . . . . . . . . . . . (NLCASE) =     1
      SOLUTION MODE  . . . . . . . . . . . . . . (MODEX)  =     1
         EQ.0, DATA CHECK
         EQ.1, EXECUTION

 N O D A L   P O I N T   D A T A

    NODE       BOUNDARY                         NODAL POINT
   NUMBER  CONDITION  CODES                     COORDINATES
        1    1    1    1       0.00000e+00    0.00000e+00    0.00000e+00
        2    0    0    1       1.25000e+00    0.00000e+00    0.00000e+00
        3    0    0    1       2.50000e+00    0.00000e+00    0.00000e+00
        4    0    0    1       3.75000e+00    0.00000e+00    0.00000e+00
        5    0    0    1       5.00000e+00    0.00000e+00    0.00000e+00
        6    0    0    1       6.25000e+00    0.00000e+00    0.00000e+00
        7    0    0    1       7.50000e+00    0.00000e+00    0.00000e+00
        8    0    0    1       8.75000e+00    0.00000e+00    0.00000e+00
        9    0    0    1       1.00000e+01    0.00000e+00    0.00000e+00
       10    1    1    1       0.00000e+00    2.50000e-01    0.00000e+00
       11    0    0    1       1.25000e+00    2.50000e-01    0.00000e+00
       12    0    0    1       2.50000e+00    2.50000e-01    0.00000e+00
       13    0    0    1       3.75000e+00    2.50000e-01    0.00000e+00
       14    0    0    1       5.00000e+00    2.50000e-01    0.00000e+00
       15    0    0    1       6.25000e+00    2.50000e-01    0.00000e+00
       16    0    0    1       7.50000e+00    2.50000e-01    0.00000e+00
       17    0    0    1       8.75000e+00    2.50000e-01    0.00000e+00
       18    0    0    1       1.00000e+01    2.50000e-01    0.00000e+00
       19    1    1    1       0.00000e+00    5.00000e-01    0.00000e+00
       20    0    0    1       1.25000e+00    5.00000e-01    0.00000e+00
       21    0    0    1       2.50000e+00    5.00000e-01    0.00000e+00
       22    0    0    1       3.75000e+00    5.00000e-01    0.00000e+00
       23    0    0    1       5.00000e+00    5.00000e-01    0.00000e+00
       24    0    0    1       6.25000e+00    5.00000e-01    0.00000e+00
       25    0    0    1       7.50000e+00    5.00000e-01    0.00000e+00
       26    0    0    1       8.75000e+00    5.00000e-01    0.00000e+00
       27    0    0    1       1.00000e+01    5.00000e-01    0.00000e+00
       28    1    1    1       0.00000e+00    7.50000e-01    0.00000e+00
       29    0    0    1       1.25000e+00    7.50000e-01    0.00000e+00
       30    0    0    1       2.50000e+00    7.50000e-01    0.00000e+00
       31    0    0    1       3.75000e+00    7.50000e-01    0.00000e+00
       32    0    0    1       5.00000e+00    7.50000e-01    0.00000e+00
       33    0    0    1       6.25000e+00    7.50000e-01    0.00000e+00
       34    0    0    1       7.50000e+00    7.50000e-01    0.00000e+00
       35    0    0    1       8.75000e+00    7.50000e-01    0.00000e+00
       36    0    0    1       1.00000e+01    7.50000e-01    0.00000e+00
       37    1    1    1       0.00000e+00    1.00000e+00    0.00000e+00
       38    0    0    1       1.25000e+00    1.00000e+00    0.00000e+00
       39    0    0    1       2.50000e+00    1.00000e+00    0.00000e+00
       40    0    0    1       3.75000e+00    1.00000e+00    0.00000e+00
       41    0    0    1       5.00000e+00    1.00000e+00    0.00000e+00
       42    0    0    1       6.25000e+00    1.00000e+00    0.00000e+00
       43    0    0    1       7.50000e+00    1.00000e+00    0.00000e+00
       44    0    0    1       8.75000e+00    1.00000e+00    0.00000e+00
       45    0    0    1       1.00000e+01    1.00000e+00    0.00000e+00

 EQUATION NUMBERS

   NODE NUMBER   DEGREES OF FREEDOM
        N           X    Y    Z
        1           0    0    0
        2           1    2    0
        3           3    4    0
        4           5    6    0
        5           7    8    0
        6           9   10    0
        7          11   12    0
        8          13   14    0
        9          15   16    0
       10           0    0    0
       11          17   18    0
       12          19   20    0
       13          21   22    0
       14          23   24    0
       15          25   26    0
       16          27   28    0
       17          29   30    0
       18          31   32    0
       19           0    0    0
       20          33   34    0
       21          35   36    0
       22          37   38    0
       23          39   40    0
       24          41   42    0
       25          43   44    0
       26          45   46    0
       27          47   48    0
       28           0    0    0
       29          49   50    0
       30          51   52    0
       31          53   54    0
       32          55   56    0
       33          57   58    0
       34          59   60    0
       35          61   62    0
       36          63   64    0
       37           0    0    0
       38          65   66    0
       39          67   68    0
       40          69   70    0
       41          71   72    0
       42          73   74    0
       43          75   76    0
       44          77   78    0
       45          79   80    0

 L O A D   C A S E   D A T A

     LOAD CASE NUMBER . . . . . . . =     1
     NUMBER OF CONCENTRATED LOADS . =     5

    NODE       DIRECTION      LOAD
   NUMBER                   MAGNITUDE
      9            2       -2.00000e+04
     18            2       -2.00000e+04
     27            2       -2.00000e+04
     36            2       -2.00000e+04
     45            2       -2.00000e+04

 E L E M E N T   G R O U P   D A T A


 E L E M E N T   D E F I N I T I O N

 ELEMENT TYPE  . . . . . . . . . . . . .( NPAR(1) ) . . =    4
     EQ.1, TRUSS ELEMENTS
     EQ.2, FOUR-NODE PLANE ELEMENTS (FULL INTEGRATION)
     EQ.3, FOUR-NODE PLANE ELEMENTS (REDUCED INTEGRATION)
     EQ.4, THREE-NODE TRIANGULAR PLANE ELEMENTS (CST)

 NUMBER OF ELEMENTS. . . . . . . . . . .( NPAR(2) ) . . =   64

 M A T E R I A L   D E F I N I T I O N

 NUMBER OF DIFFERENT SETS OF MATERIAL
 AND THICKNESS / POISSON RATIO . . . . .( NPAR(3) ) . . =    1

  SET       YOUNG'S    POISSON'S    THICKNESS
 NUMBER     MODULUS      RATIO
               E          NU          T
    1     2.00000e+11     3.00000e-01     1.00000e-01


 E L E M E N T   I N F O R M A T I O N
 ELEMENT     NODE     NODE     NODE      MATERIAL
 NUMBER-N      I        J        K       SET NUMBER
    1          1        2       11           1
    2          1       11       10           1
    3          2        3       11           1
    4          3       12       11           1
    5          3        4       13           1
    6          3       13       12           1
    7          4        5       13           1
    8          5       14       13           1
    9          5        6       15           1
   10          5       15       14           1
   11          6        7       15           1
   12          7       16       15           1
   13          7        8       17           1
   14          7       17       16           1
   15          8        9       17           1
   16          9       18       17           1
   17         10       11       19           1
   18         11       20       19           1
   19         11       12       21           1
   20         11       21       20           1
   21         12       13       21           1
   22         13       22       21           1
   23         13       14       23           1
   24         13       23       22           1
   25         14       15       23           1
   26         15       24       23           1
   27         15       16       25           1
   28         15       25       24           1
   29         16       17       25           1
   30         17       26       25           1
   31         17       18       27           1
   32         17       27       26           1
   33         19       20       29           1
   34         19       29       28           1
   35         20       21       29           1
   36         21       30       29           1
   37         21       22       31           1
   38         21       31       30           1
   39         22       23       31           1
   40         23       32       31           1
   41         23       24       33           1
   42         23       33       32           1
   43         24       25       33           1
   44         25       34       33           1
   45         25       26       35           1
   46         25       35       34           1
   47         26       27       35           1
   48         27       36       35           1
   49         28       29       37           1
   50         29       38       37           1
   51         29       30       39           1
   52         29       39       38           1
   53         30       31       39           1
   54         31       40       39           1
   55         31       32       41           1
   56         31       41       40           1
   57         32       33       41           1
   58         33       42       41           1
   59         33       34       43           1
   60         33       43       42           1
   61         34       35       43           1
   62         35       44       43           1
   63         35       36       45           1
   64         35       45       44           1

	TOTAL SYSTEM DATA

     NUMBER OF EQUATIONS . . . . . . . . . . . . . .(NEQ) = 80
     NUMBER OF MATRIX ELEMENTS . . . . . . . . . . .(NWK) = 1228
     MAXIMUM HALF BANDWIDTH  . . . . . . . . . . . .(MK ) = 20
     MEAN HALF BANDWIDTH . . . . . . . . . . . . . .(MM ) = 15


 LOAD CASE    1


 D I S P L A C E M E N T S

  NODE           X-DISPLACEMENT    Y-DISPLACEMENT    Z-DISPLACEMENT
    1               0.00000e+00       0.00000e+00       0.00000e+00
    2              -1.20744e-04      -1.73241e-04       0.00000e+00
    3              -2.27328e-04      -6.20667e-04       0.00000e+00
    4              -3.17198e-04      -1.31981e-03       0.00000e+00
    5              -3.91201e-04      -2.21858e-03       0.00000e+00
    6              -4.48292e-04      -3.28542e-03       0.00000e+00
    7              -4.89519e-04      -4.47201e-03       0.00000e+00
    8              -5.13855e-04      -5.74266e-03       0.00000e+00
    9              -5.22462e-04      -7.05374e-03       0.00000e+00
   10               0.00000e+00       0.00000e+00       0.00000e+00
   11              -5.94863e-05      -1.64502e-04       0.00000e+00
   12              -1.13175e-04      -6.19357e-04       0.00000e+00
   13              -1.58313e-04      -1.31350e-03       0.00000e+00
   14              -1.95137e-04      -2.21773e-03       0.00000e+00
   15              -2.23856e-04      -3.28163e-03       0.00000e+00
   16              -2.44294e-04      -4.47158e-03       0.00000e+00
   17              -2.56580e-04      -5.74139e-03       0.00000e+00
   18              -2.60811e-04      -7.05347e-03       0.00000e+00
   19               0.00000e+00       0.00000e+00       0.00000e+00
   20              -2.44157e-18      -1.66474e-04       0.00000e+00
   21              -5.06610e-18      -6.14697e-04       0.00000e+00
   22              -7.26077e-18      -1.31490e-03       0.00000e+00
   23              -9.60874e-18      -2.21465e-03       0.00000e+00
   24              -1.20211e-17      -3.28247e-03       0.00000e+00
   25              -1.41759e-17      -4.47005e-03       0.00000e+00
   26              -1.63172e-17      -5.74166e-03       0.00000e+00
   27              -1.81096e-17      -7.05300e-03       0.00000e+00
   28               0.00000e+00       0.00000e+00       0.00000e+00
   29               5.94863e-05      -1.64502e-04       0.00000e+00
   30               1.13175e-04      -6.19357e-04       0.00000e+00
   31               1.58313e-04      -1.31350e-03       0.00000e+00
   32               1.95137e-04      -2.21773e-03       0.00000e+00
   33               2.23856e-04      -3.28163e-03       0.00000e+00
   34               2.44294e-04      -4.47158e-03       0.00000e+00
   35               2.56580e-04      -5.74139e-03       0.00000e+00
   36               2.60811e-04      -7.05347e-03       0.00000e+00
   37               0.00000e+00       0.00000e+00       0.00000e+00
   38               1.20744e-04      -1.73241e-04       0.00000e+00
   39               2.27328e-04      -6.20667e-04       0.00000e+00
   40               3.17198e-04      -1.31981e-03       0.00000e+00
   41               3.91201e-04      -2.21858e-03       0.00000e+00
   42               4.48292e-04      -3.28542e-03       0.00000e+00
   43               4.89519e-04      -4.47201e-03       0.00000e+00
   44               5.13855e-04      -5.74266e-03       0.00000e+00
   45               5.22462e-04      -7.05374e-03       0.00000e+00

 S T R E S S  C A L C U L A T I O N S  F O R  E L E M E N T  G R O U P    1

  ELEMENT            SIGMA-X           SIGMA-Y          TAU-XY
  NUMBER
    1      -1.89249e+07       1.31384e+06       8.18749e+06
    2      -1.04591e+07      -3.13774e+06      -1.01232e+07
    3      -1.64352e+07       2.06074e+06      -8.68542e+06
    4      -9.09435e+06      -1.68039e+06       7.13279e+06
    5      -1.41362e+07       8.09978e+05       5.86330e+06
    6      -7.59086e+06      -1.22935e+06      -7.59258e+06
    7      -1.13464e+07       1.64694e+06      -6.42127e+06
    8      -6.25080e+06      -1.19645e+06       4.68203e+06
    9      -9.03896e+06       3.18520e+05       3.40550e+06
   10      -4.82564e+06      -7.68903e+05      -5.14352e+06
   11      -6.24988e+06       1.15524e+06      -3.96332e+06
   12      -3.48252e+06      -7.08073e+05       2.22633e+06
   13      -3.94350e+06      -1.66011e+05       9.67511e+05
   14      -2.04925e+06      -2.78092e+05      -2.68761e+06
   15      -1.17801e+06       6.63634e+05      -1.52061e+06
   16      -6.72158e+05       1.58784e+04      -2.35603e+05
   17      -1.04591e+07      -3.13774e+06      -1.01232e+07
   18      -5.20151e+05      -1.73384e+06       8.05891e+06
   19      -8.21083e+06       1.26468e+06       6.83209e+06
   20      -5.20151e+05      -1.73384e+06      -9.27946e+06
   21      -6.70734e+06       1.71573e+06      -7.89328e+06
   22      -3.68410e+05      -1.22803e+06       5.62257e+06
   23      -5.66126e+06       7.68659e+05       4.39700e+06
   24      -3.68410e+05      -1.22803e+06      -6.65777e+06
   25      -4.23610e+06       1.19621e+06      -5.42855e+06
   26      -2.21078e+05      -7.36926e+05       3.16657e+06
   27      -3.18768e+06       2.74714e+05       1.93968e+06
   28      -2.21078e+05      -7.36926e+05      -4.20269e+06
   29      -1.75441e+06       7.04695e+05      -2.97426e+06
   30      -7.33238e+04      -2.44413e+05       6.94358e+05
   31      -6.19936e+05       1.89954e+05      -4.94022e+05
   32      -7.33238e+04      -2.44413e+05      -1.74977e+06
   33       5.20151e+05       1.73384e+06       8.05891e+06
   34       1.04591e+07       3.13774e+06      -1.01232e+07
   35       5.20151e+05       1.73384e+06      -9.27946e+06
   36       8.21083e+06      -1.26468e+06       6.83209e+06
   37       3.68410e+05       1.22803e+06       5.62257e+06
   38       6.70734e+06      -1.71573e+06      -7.89328e+06
   39       3.68410e+05       1.22803e+06      -6.65777e+06
   40       5.66126e+06      -7.68659e+05       4.39700e+06
   41       2.21078e+05       7.36926e+05       3.16657e+06
   42       4.23610e+06      -1.19621e+06      -5.42855e+06
   43       2.21078e+05       7.36926e+05      -4.20269e+06
   44       3.18768e+06      -2.74714e+05       1.93968e+06
   45       7.33238e+04       2.44413e+05       6.94358e+05
   46       1.75441e+06      -7.04695e+05      -2.97426e+06
   47       7.33238e+04       2.44413e+05      -1.74977e+06
   48       6.19936e+05      -1.89954e+05      -4.94022e+05
   49       1.04591e+07       3.13774e+06      -1.01232e+07
   50       1.89249e+07      -1.31384e+06       8.18749e+06
   51       9.09435e+06       1.68039e+06       7.13279e+06
   52       1.64352e+07      -2.06074e+06      -8.68542e+06
   53       7.59086e+06       1.22935e+06      -7.59258e+06
   54       1.41362e+07      -8.09978e+05       5.86330e+06
   55       6.25080e+06       1.19645e+06       4.68203e+06
   56       1.13464e+07      -1.64694e+06      -6.42127e+06
   57       4.82564e+06       7.68903e+05      -5.14352e+06
   58       9.03896e+06      -3.18520e+05       3.40550e+06
   59       3.48252e+06       7.08073e+05       2.22633e+06
   60       6.24988e+06      -1.15524e+06      -3.96332e+06
   61       2.04925e+06       2.78092e+05      -2.68761e+06
   62       3.94350e+06       1.66011e+05       9.67511e+05
   63       6.72158e+05      -1.58784e+04      -2.35603e+05
   64       1.17801e+06      -6.63634e+05      -1.52061e+06


 S O L U T I O N   T I M E   L O G   I N   S E C 

     TIME FOR INPUT PHASE = 3.00000e-03
     TIME FOR CALCULATION OF STIFFNESS MATRIX = 0.00000e+00
     TIME FOR FACTORIZATION AND LOAD CASE SOLUTIONS = 1.00000e-03

     T O T A L   S O L U T I O N   T I M E = 4.00000e-03

