********************************************************************************
查询数值报告, 已写入 Wed Jun  3 16:51:54 2026

Source
-------

   ODB: D:/STAPpp-master/STAPpp-master/abaqus/Bridge-1.odb
   Step: Step-1
   Frame: Increment      1: Step Time =    1.000
   Variable: S, Mises (平均: 100)

已报告的查询值 在结点处

  Part Instance     Node ID            Orig. Coords                     Def. Coords          
                                 X          Y          Z          X          Y          Z    
-------------------------------------------------------------------------------------------
  PART-FLOOR-1         271       135.         5.        0.0       135.         5.  -413.E-03
  PART-FLOOR-1         249       175.        0.0        0.0       175.     4.E-15  -347.E-03
  PART-FLOOR-1         492       225.        0.0        0.0       225.   564.E-18  -536.E-03
  PART-FLOOR-1         297        85.        0.0        0.0        85.     8.E-15  -403.E-03
  PART-FLOOR-1         297        85.        0.0        0.0        85.     8.E-15  -403.E-03
  PART-FLOOR-1          79        50.        -5.        0.0        50.        -5.  -296.E-03
  PART-FLOOR-1         329        25.        -5.        0.0        25.        -5.  -499.E-03
  PART-FLOOR-1         341         5.        -5.        0.0         5.        -5.  -362.E-03
  PART-FLOOR-1         346        -5.         5.        0.0        -5.         5.  -362.E-03


  Part Instance     Node ID  Attached elements   S, Mises
----------------------------------------------------------
  PART-FLOOR-1         271         51     9.E+06
  PART-FLOOR-1         271         52     9.E+06
  PART-FLOOR-1         271         55     9.E+06
  PART-FLOOR-1         271         56     9.E+06
  PART-FLOOR-1         249         18    11.E+06
  PART-FLOOR-1         249         19    11.E+06
  PART-FLOOR-1         249         22    11.E+06
  PART-FLOOR-1         249         23    11.E+06
  PART-FLOOR-1         492        378    29.E+06
  PART-FLOOR-1         492        379    29.E+06
  PART-FLOOR-1         492        382    29.E+06
  PART-FLOOR-1         492        383    29.E+06
  PART-FLOOR-1         297         90     7.E+06
  PART-FLOOR-1         297         91     7.E+06
  PART-FLOOR-1         297         94     7.E+06
  PART-FLOOR-1         297         95     7.E+06
  PART-FLOOR-1         297         90     7.E+06
  PART-FLOOR-1         297         91     7.E+06
  PART-FLOOR-1         297         94     7.E+06
  PART-FLOOR-1         297         95     7.E+06
  PART-FLOOR-1          79        117    28.E+06
  PART-FLOOR-1          79        118    28.E+06
  PART-FLOOR-1          79        121    28.E+06
  PART-FLOOR-1          79        122    28.E+06
  PART-FLOOR-1         329        137    12.E+06
  PART-FLOOR-1         329        138    12.E+06
  PART-FLOOR-1         329        141    12.E+06
  PART-FLOOR-1         329        142    12.E+06
  PART-FLOOR-1         341        153    21.E+06
  PART-FLOOR-1         341        154    21.E+06
  PART-FLOOR-1         341        157    21.E+06
  PART-FLOOR-1         341        158    21.E+06
  PART-FLOOR-1         346        163    21.E+06
  PART-FLOOR-1         346        164    21.E+06
  PART-FLOOR-1         346        167    21.E+06
  PART-FLOOR-1         346        168    21.E+06


