Analysis initiated from SIMULIA established products
Abaqus JOB Bridge-1
Abaqus 2024
Abaqus License Manager checked out the following licenses:
Abaqus/Standard checked out 5 tokens from Flexnet server localhost.
<9994 out of 9999 licenses remain available>.
Begin Analysis Input File Processor
6/3/2026 3:00:05 PM
Run pre.exe
6/3/2026 3:00:11 PM
End Analysis Input File Processor
Begin Abaqus/Standard Analysis
6/3/2026 3:00:11 PM
Run standard.exe
6/3/2026 3:00:18 PM
End Abaqus/Standard Analysis
Begin SIM Wrap-up
6/3/2026 3:00:19 PM
Run SMASimUtility.exe
6/3/2026 3:00:20 PM
End SIM Wrap-up
Abaqus JOB Bridge-1 COMPLETED
