Analysis initiated from SIMULIA established products
Abaqus JOB Bridge-2
Abaqus 2024
Abaqus License Manager checked out the following licenses:
Abaqus/Standard checked out 5 tokens from Flexnet server localhost.
<9994 out of 9999 licenses remain available>.
Begin Analysis Input File Processor
6/10/2026 4:09:23 PM
Run pre.exe
6/10/2026 4:09:30 PM
End Analysis Input File Processor
Begin Abaqus/Standard Analysis
6/10/2026 4:09:30 PM
Run standard.exe
6/10/2026 4:09:39 PM
End Abaqus/Standard Analysis
Begin SIM Wrap-up
6/10/2026 4:09:39 PM
Run SMASimUtility.exe
6/10/2026 4:09:39 PM
End SIM Wrap-up
Abaqus JOB Bridge-2 COMPLETED
