1
0
1
ASSEMBLY
27
PART-CABLE100-1
PART-CABLE100
PART-CABLE100-2
PART-CABLE100
PART-CABLE100-3
PART-CABLE100
PART-CABLE100-4
PART-CABLE100
PART-CABLE150-1
PART-CABLE150
PART-CABLE150-2
PART-CABLE150
PART-CABLE150-3
PART-CABLE150
PART-CABLE150-4
PART-CABLE150
PART-CABLE200-1
PART-CABLE200
PART-CABLE200-2
PART-CABLE200
PART-CABLE200-3
PART-CABLE200
PART-CABLE200-4
PART-CABLE200
PART-CABLE250-1
PART-CABLE250
PART-CABLE250-2
PART-CABLE250
PART-CABLE250-3
PART-CABLE250
PART-CABLE250-4
PART-CABLE250
PART-CABLE50-1
PART-CABLE50
PART-CABLE50-2
PART-CABLE50
PART-CABLE50-3
PART-CABLE50
PART-CABLE50-4
PART-CABLE50
PART-FLOOR-1
PART-FLOOR
PART-PIER-1
PART-PIER
PART-PIER-2
PART-PIER
PART-RIVERBANK-1
PART-RIVERBANK
PART-RIVERBANK-2
PART-RIVERBANK
PART-SUPPORTBEAM-1
PART-SUPPORTBEAM
PART-SUPPORTBEAM-2
PART-SUPPORTBEAM
27
PART-CABLE100-1
2
1 1
2 2
-2147483647
PART-CABLE100-2
2
3 1
4 2
-2147483647
PART-CABLE100-3
2
5 1
6 2
-2147483647
PART-CABLE100-4
2
7 1
8 2
-2147483647
PART-CABLE150-1
2
9 1
10 2
-2147483647
PART-CABLE150-2
2
11 1
12 2
-2147483647
PART-CABLE150-3
2
13 1
14 2
-2147483647
PART-CABLE150-4
2
15 1
16 2
-2147483647
PART-CABLE200-1
2
17 1
18 2
-2147483647
PART-CABLE200-2
2
19 1
20 2
-2147483647
PART-CABLE200-3
2
21 1
22 2
-2147483647
PART-CABLE200-4
2
23 1
24 2
-2147483647
PART-CABLE250-1
2
25 1
26 2
-2147483647
PART-CABLE250-2
2
27 1
28 2
-2147483647
PART-CABLE250-3
2
29 1
30 2
-2147483647
PART-CABLE250-4
2
31 1
32 2
-2147483647
PART-CABLE50-1
2
33 1
34 2
-2147483647
PART-CABLE50-2
2
35 1
36 2
-2147483647
PART-CABLE50-3
2
37 1
38 2
-2147483647
PART-CABLE50-4
2
39 1
40 2
-2147483647
PART-FLOOR-1
14
-2147483646
0
48 1 16 5 0 1 0 -1 -1 2761 1 -1879048189 41 2761 
14
48 1 16 5 0 1 0 -1 -1 2761 1 -1879048189 1 2761 
PART-PIER-1
14
-2147483646
0
48 1 16 5 0 1 0 -1 -1 9090 1 -1879048189 2802 9090 
14
48 1 16 5 0 1 0 -1 -1 9090 1 -1879048189 1 9090 
PART-PIER-2
14
-2147483646
0
48 1 16 5 0 1 0 -1 -1 9090 1 -1879048189 11892 9090 
14
48 1 16 5 0 1 0 -1 -1 9090 1 -1879048189 1 9090 
PART-RIVERBANK-1
14
-2147483646
0
48 1 16 5 0 1 0 -1 -1 7436 1 -1879048189 20982 7436 
14
48 1 16 5 0 1 0 -1 -1 7436 1 -1879048189 1 7436 
PART-RIVERBANK-2
14
-2147483646
0
48 1 16 5 0 1 0 -1 -1 7436 1 -1879048189 28418 7436 
14
48 1 16 5 0 1 0 -1 -1 7436 1 -1879048189 1 7436 
PART-SUPPORTBEAM-1
14
-2147483646
0
48 1 16 5 0 1 0 -1 -1 666 1 -1879048189 35854 666 
14
48 1 16 5 0 1 0 -1 -1 666 1 -1879048189 1 666 
PART-SUPPORTBEAM-2
14
-2147483646
0
48 1 16 5 0 1 0 -1 -1 666 1 -1879048189 36520 666 
14
48 1 16 5 0 1 0 -1 -1 666 1 -1879048189 1 666 
0
27
PART-CABLE100-1
1
5 1
-2147483647
PART-CABLE100-2
1
6 1
-2147483647
PART-CABLE100-3
1
7 1
-2147483647
PART-CABLE100-4
1
8 1
-2147483647
PART-CABLE150-1
1
9 1
-2147483647
PART-CABLE150-2
1
10 1
-2147483647
PART-CABLE150-3
1
11 1
-2147483647
PART-CABLE150-4
1
12 1
-2147483647
PART-CABLE200-1
1
13 1
-2147483647
PART-CABLE200-2
1
14 1
-2147483647
PART-CABLE200-3
1
15 1
-2147483647
PART-CABLE200-4
1
16 1
-2147483647
PART-CABLE250-1
1
17 1
-2147483647
PART-CABLE250-2
1
18 1
-2147483647
PART-CABLE250-3
1
19 1
-2147483647
PART-CABLE250-4
1
20 1
-2147483647
PART-CABLE50-1
1
1 1
-2147483647
PART-CABLE50-2
1
2 1
-2147483647
PART-CABLE50-3
1
3 1
-2147483647
PART-CABLE50-4
1
4 1
-2147483647
PART-FLOOR-1
14
-2147483646
0
48 1 16 5 0 1 0 -1 -1 2500 1 -1879048189 21 2500 
14
48 1 16 5 0 1 0 -1 -1 2500 1 -1879048189 1 2500 
PART-PIER-1
14
-2147483646
0
48 1 16 5 0 1 0 -1 -1 7000 1 -1879048189 2521 7000 
14
48 1 16 5 0 1 0 -1 -1 7000 1 -1879048189 1 7000 
PART-PIER-2
14
-2147483646
0
48 1 16 5 0 1 0 -1 -1 7000 1 -1879048189 9521 7000 
14
48 1 16 5 0 1 0 -1 -1 7000 1 -1879048189 1 7000 
PART-RIVERBANK-1
14
-2147483646
0
48 1 16 5 0 1 0 -1 -1 6250 1 -1879048189 16521 6250 
14
48 1 16 5 0 1 0 -1 -1 6250 1 -1879048189 1 6250 
PART-RIVERBANK-2
14
-2147483646
0
48 1 16 5 0 1 0 -1 -1 6250 1 -1879048189 22771 6250 
14
48 1 16 5 0 1 0 -1 -1 6250 1 -1879048189 1 6250 
PART-SUPPORTBEAM-1
14
-2147483646
0
48 1 16 5 0 1 0 -1 -1 675 1 -1879048189 29021 675 
14
48 1 16 5 0 1 0 -1 -1 675 1 -1879048189 1 675 
PART-SUPPORTBEAM-2
14
-2147483646
0
48 1 16 5 0 1 0 -1 -1 675 1 -1879048189 29696 675 
14
48 1 16 5 0 1 0 -1 -1 675 1 -1879048189 1 675 
0
9

0
2
0
27
PART-CABLE50-1
1
1 
PART-CABLE50-2
1
2 
PART-CABLE50-4
1
4 
PART-CABLE100-2
1
6 
PART-CABLE100-4
1
8 
PART-CABLE150-2
1
10 
PART-CABLE150-4
1
12 
PART-CABLE200-2
1
14 
PART-CABLE200-4
1
16 
PART-CABLE250-2
1
18 
PART-CABLE250-4
1
20 
PART-PIER-2
14
-2147483647
48 1 16 5 0 1 0 -1 -1 7000 1 -1879048189 9521 7000 
PART-RIVERBANK-2
14
-2147483647
48 1 16 5 0 1 0 -1 -1 6250 1 -1879048189 22771 6250 
PART-SUPPORTBEAM-2
14
-2147483647
48 1 16 5 0 1 0 -1 -1 675 1 -1879048189 29696 675 
PART-CABLE50-3
1
3 
PART-CABLE100-1
1
5 
PART-CABLE100-3
1
7 
PART-CABLE150-1
1
9 
PART-CABLE150-3
1
11 
PART-CABLE200-1
1
13 
PART-CABLE200-3
1
15 
PART-CABLE250-1
1
17 
PART-CABLE250-3
1
19 
PART-FLOOR-1
14
-2147483647
48 1 16 5 0 1 0 -1 -1 2500 1 -1879048189 21 2500 
PART-PIER-1
14
-2147483647
48 1 16 5 0 1 0 -1 -1 7000 1 -1879048189 2521 7000 
PART-RIVERBANK-1
14
-2147483647
48 1 16 5 0 1 0 -1 -1 6250 1 -1879048189 16521 6250 
PART-SUPPORTBEAM-1
14
-2147483647
48 1 16 5 0 1 0 -1 -1 675 1 -1879048189 29021 675 
0
M_SET-90
0
1
0
1
PART-RIVERBANK-2
10
22911 22912 22913 22914 22915 22916 22917 22918 22919 22920 
0
M_SET-92
0
1
0
1
PART-RIVERBANK-1
10
20261 20262 20263 20264 20265 20266 20267 20268 20269 20270 
0
SET-102
0
1
0
4
PART-PIER-1
70
2521 2522 2523 2524 2525 2526 2527 2528 2529 2530 2531 2532 2533 2534 2535 2536 2537 2538 2539 2540 2541 2542 2543 2544 2545 2546 2547 2548 2549 2550 2551 2552 2553 2554 2555 6021 6022 6023 6024 6025 6026 6027 6028 6029 6030 6031 6032 6033 6034 6035 6036 6037 6038 6039 6040 6041 6042 6043 6044 6045 6046 6047 6048 6049 6050 6051 6052 6053 6054 6055 
PART-PIER-2
70
9521 9522 9523 9524 9525 9526 9527 9528 9529 9530 9531 9532 9533 9534 9535 9536 9537 9538 9539 9540 9541 9542 9543 9544 9545 9546 9547 9548 9549 9550 9551 9552 9553 9554 9555 13021 13022 13023 13024 13025 13026 13027 13028 13029 13030 13031 13032 13033 13034 13035 13036 13037 13038 13039 13040 13041 13042 13043 13044 13045 13046 13047 13048 13049 13050 13051 13052 13053 13054 13055 
PART-RIVERBANK-2
250
26611 26612 26613 26614 26615 26616 26617 26618 26619 26620 26711 26712 26713 26714 26715 26716 26717 26718 26719 26720 26811 26812 26813 26814 26815 26816 26817 26818 26819 26820 26911 26912 26913 26914 26915 26916 26917 26918 26919 26920 27011 27012 27013 27014 27015 27016 27017 27018 27019 27020 27111 27112 27113 27114 27115 27116 27117 27118 27119 27120 27211 27212 27213 27214 27215 27216 27217 27218 27219 27220 27311 27312 27313 27314 27315 27316 27317 27318 27319 27320 27411 27412 27413 27414 27415 27416 27417 27418 27419 27420 27511 27512 27513 27514 27515 27516 27517 27518 27519 27520 27611 27612 27613 27614 27615 27616 27617 27618 27619 27620 27711 27712 27713 27714 27715 27716 27717 27718 27719 27720 27811 27812 27813 27814 27815 27816 27817 27818 27819 27820 27911 27912 27913 27914 27915 27916 27917 27918 27919 27920 28011 28012 28013 28014 28015 28016 28017 28018 28019 28020 28111 28112 28113 28114 28115 28116 28117 28118 28119 28120 28211 28212 28213 28214 28215 28216 28217 28218 28219 28220 28311 28312 28313 28314 28315 28316 28317 28318 28319 28320 28411 28412 28413 28414 28415 28416 28417 28418 28419 28420 28511 28512 28513 28514 28515 28516 28517 28518 28519 28520 28611 28612 28613 28614 28615 28616 28617 28618 28619 28620 28711 28712 28713 28714 28715 28716 28717 28718 28719 28720 28811 28812 28813 28814 28815 28816 28817 28818 28819 28820 28911 28912 28913 28914 28915 28916 28917 28918 28919 28920 29011 29012 29013 29014 29015 29016 29017 29018 29019 29020 
PART-RIVERBANK-1
250
20361 20362 20363 20364 20365 20366 20367 20368 20369 20370 20461 20462 20463 20464 20465 20466 20467 20468 20469 20470 20561 20562 20563 20564 20565 20566 20567 20568 20569 20570 20661 20662 20663 20664 20665 20666 20667 20668 20669 20670 20761 20762 20763 20764 20765 20766 20767 20768 20769 20770 20861 20862 20863 20864 20865 20866 20867 20868 20869 20870 20961 20962 20963 20964 20965 20966 20967 20968 20969 20970 21061 21062 21063 21064 21065 21066 21067 21068 21069 21070 21161 21162 21163 21164 21165 21166 21167 21168 21169 21170 21261 21262 21263 21264 21265 21266 21267 21268 21269 21270 21361 21362 21363 21364 21365 21366 21367 21368 21369 21370 21461 21462 21463 21464 21465 21466 21467 21468 21469 21470 21561 21562 21563 21564 21565 21566 21567 21568 21569 21570 21661 21662 21663 21664 21665 21666 21667 21668 21669 21670 21761 21762 21763 21764 21765 21766 21767 21768 21769 21770 21861 21862 21863 21864 21865 21866 21867 21868 21869 21870 21961 21962 21963 21964 21965 21966 21967 21968 21969 21970 22061 22062 22063 22064 22065 22066 22067 22068 22069 22070 22161 22162 22163 22164 22165 22166 22167 22168 22169 22170 22261 22262 22263 22264 22265 22266 22267 22268 22269 22270 22361 22362 22363 22364 22365 22366 22367 22368 22369 22370 22461 22462 22463 22464 22465 22466 22467 22468 22469 22470 22561 22562 22563 22564 22565 22566 22567 22568 22569 22570 22661 22662 22663 22664 22665 22666 22667 22668 22669 22670 22761 22762 22763 22764 22765 22766 22767 22768 22769 22770 
0
SET-CABLESGROUP1
0
1
0
5
PART-CABLE50-1
1
1 
PART-CABLE100-1
1
5 
PART-CABLE200-1
1
13 
PART-CABLE150-1
1
9 
PART-CABLE250-1
1
17 
0
SET-CABLESGROUP2
0
1
0
5
PART-CABLE50-2
1
2 
PART-CABLE100-2
1
6 
PART-CABLE150-2
1
10 
PART-CABLE200-2
1
14 
PART-CABLE250-2
1
18 
0
SET-CABLESGROUP3
0
1
0
5
PART-CABLE50-3
1
3 
PART-CABLE100-3
1
7 
PART-CABLE150-3
1
11 
PART-CABLE200-3
1
15 
PART-CABLE250-3
1
19 
0
S_SET-90
0
1
0
1
PART-FLOOR-1
10
2511 2512 2513 2514 2515 2516 2517 2518 2519 2520 
0
S_SET-92
0
1
0
1
PART-FLOOR-1
10
2261 2262 2263 2264 2265 2266 2267 2268 2269 2270 
0
27
PART-FLOOR-1
2
 P      21
0
2
14
-2147483647
48 1 16 5 0 1 0 -1 -1 2500 1 -1879048189 21 2500 
0
0
_PICKEDSET20
0
2
14
-2147483647
48 1 16 5 0 1 0 -1 -1 2500 1 -1879048189 21 2500 
0
0
0
PART-PIER-2
3
 P      23
0
2
14
-2147483647
48 1 16 5 0 1 0 -1 -1 7000 1 -1879048189 9521 7000 
0
0
 P      23SET-102
0
2
70
9521 9522 9523 9524 9525 9526 9527 9528 9529 9530 9531 9532 9533 9534 9535 9536 9537 9538 9539 9540 9541 9542 9543 9544 9545 9546 9547 9548 9549 9550 9551 9552 9553 9554 9555 13021 13022 13023 13024 13025 13026 13027 13028 13029 13030 13031 13032 13033 13034 13035 13036 13037 13038 13039 13040 13041 13042 13043 13044 13045 13046 13047 13048 13049 13050 13051 13052 13053 13054 13055 
0
0
_PICKEDSET4
0
2
14
-2147483647
48 1 16 5 0 1 0 -1 -1 7000 1 -1879048189 9521 7000 
0
0
0
PART-RIVERBANK-2
3
 P      25
0
2
14
-2147483647
48 1 16 5 0 1 0 -1 -1 6250 1 -1879048189 22771 6250 
0
0
 P      25SET-102
0
2
250
26611 26612 26613 26614 26615 26616 26617 26618 26619 26620 26711 26712 26713 26714 26715 26716 26717 26718 26719 26720 26811 26812 26813 26814 26815 26816 26817 26818 26819 26820 26911 26912 26913 26914 26915 26916 26917 26918 26919 26920 27011 27012 27013 27014 27015 27016 27017 27018 27019 27020 27111 27112 27113 27114 27115 27116 27117 27118 27119 27120 27211 27212 27213 27214 27215 27216 27217 27218 27219 27220 27311 27312 27313 27314 27315 27316 27317 27318 27319 27320 27411 27412 27413 27414 27415 27416 27417 27418 27419 27420 27511 27512 27513 27514 27515 27516 27517 27518 27519 27520 27611 27612 27613 27614 27615 27616 27617 27618 27619 27620 27711 27712 27713 27714 27715 27716 27717 27718 27719 27720 27811 27812 27813 27814 27815 27816 27817 27818 27819 27820 27911 27912 27913 27914 27915 27916 27917 27918 27919 27920 28011 28012 28013 28014 28015 28016 28017 28018 28019 28020 28111 28112 28113 28114 28115 28116 28117 28118 28119 28120 28211 28212 28213 28214 28215 28216 28217 28218 28219 28220 28311 28312 28313 28314 28315 28316 28317 28318 28319 28320 28411 28412 28413 28414 28415 28416 28417 28418 28419 28420 28511 28512 28513 28514 28515 28516 28517 28518 28519 28520 28611 28612 28613 28614 28615 28616 28617 28618 28619 28620 28711 28712 28713 28714 28715 28716 28717 28718 28719 28720 28811 28812 28813 28814 28815 28816 28817 28818 28819 28820 28911 28912 28913 28914 28915 28916 28917 28918 28919 28920 29011 29012 29013 29014 29015 29016 29017 29018 29019 29020 
0
0
_PICKEDSET2
0
2
14
-2147483647
48 1 16 5 0 1 0 -1 -1 6250 1 -1879048189 22771 6250 
0
0
0
PART-SUPPORTBEAM-2
2
 P      27
0
2
14
-2147483647
48 1 16 5 0 1 0 -1 -1 675 1 -1879048189 29696 675 
0
0
_PICKEDSET2
0
2
14
-2147483647
48 1 16 5 0 1 0 -1 -1 675 1 -1879048189 29696 675 
0
0
0
PART-CABLE50-2
3
 P      18
0
2
1
2 
0
0
 P      18SET-CABLESGROUP2
0
2
1
2 
0
0
_PICKEDSET2
0
2
1
2 
0
0
0
PART-CABLE100-2
3
 P       2
0
2
1
6 
0
0
 P       2SET-CABLESGROUP2
0
2
1
6 
0
0
_PICKEDSET2
0
2
1
6 
0
0
0
PART-CABLE150-2
3
 P       6
0
2
1
10 
0
0
 P       6SET-CABLESGROUP2
0
2
1
10 
0
0
_PICKEDSET2
0
2
1
10 
0
0
0
PART-CABLE200-2
3
 P      10
0
2
1
14 
0
0
 P      10SET-CABLESGROUP2
0
2
1
14 
0
0
_PICKEDSET2
0
2
1
14 
0
0
0
PART-CABLE100-4
2
 P       4
0
2
1
8 
0
0
_PICKEDSET2
0
2
1
8 
0
0
0
PART-CABLE200-4
2
 P      12
0
2
1
16 
0
0
_PICKEDSET2
0
2
1
16 
0
0
0
PART-CABLE250-2
3
 P      14
0
2
1
18 
0
0
 P      14SET-CABLESGROUP2
0
2
1
18 
0
0
_PICKEDSET2
0
2
1
18 
0
0
0
PART-CABLE50-4
2
 P      20
0
2
1
4 
0
0
_PICKEDSET2
0
2
1
4 
0
0
0
PART-CABLE250-4
2
 P      16
0
2
1
20 
0
0
_PICKEDSET2
0
2
1
20 
0
0
0
PART-CABLE150-4
2
 P       8
0
2
1
12 
0
0
_PICKEDSET2
0
2
1
12 
0
0
0
PART-PIER-1
3
 P      22
0
2
14
-2147483647
48 1 16 5 0 1 0 -1 -1 7000 1 -1879048189 2521 7000 
0
0
 P      22SET-102
0
2
70
2521 2522 2523 2524 2525 2526 2527 2528 2529 2530 2531 2532 2533 2534 2535 2536 2537 2538 2539 2540 2541 2542 2543 2544 2545 2546 2547 2548 2549 2550 2551 2552 2553 2554 2555 6021 6022 6023 6024 6025 6026 6027 6028 6029 6030 6031 6032 6033 6034 6035 6036 6037 6038 6039 6040 6041 6042 6043 6044 6045 6046 6047 6048 6049 6050 6051 6052 6053 6054 6055 
0
0
_PICKEDSET4
0
2
14
-2147483647
48 1 16 5 0 1 0 -1 -1 7000 1 -1879048189 2521 7000 
0
0
0
PART-RIVERBANK-1
3
 P      24
0
2
14
-2147483647
48 1 16 5 0 1 0 -1 -1 6250 1 -1879048189 16521 6250 
0
0
 P      24SET-102
0
2
250
20361 20362 20363 20364 20365 20366 20367 20368 20369 20370 20461 20462 20463 20464 20465 20466 20467 20468 20469 20470 20561 20562 20563 20564 20565 20566 20567 20568 20569 20570 20661 20662 20663 20664 20665 20666 20667 20668 20669 20670 20761 20762 20763 20764 20765 20766 20767 20768 20769 20770 20861 20862 20863 20864 20865 20866 20867 20868 20869 20870 20961 20962 20963 20964 20965 20966 20967 20968 20969 20970 21061 21062 21063 21064 21065 21066 21067 21068 21069 21070 21161 21162 21163 21164 21165 21166 21167 21168 21169 21170 21261 21262 21263 21264 21265 21266 21267 21268 21269 21270 21361 21362 21363 21364 21365 21366 21367 21368 21369 21370 21461 21462 21463 21464 21465 21466 21467 21468 21469 21470 21561 21562 21563 21564 21565 21566 21567 21568 21569 21570 21661 21662 21663 21664 21665 21666 21667 21668 21669 21670 21761 21762 21763 21764 21765 21766 21767 21768 21769 21770 21861 21862 21863 21864 21865 21866 21867 21868 21869 21870 21961 21962 21963 21964 21965 21966 21967 21968 21969 21970 22061 22062 22063 22064 22065 22066 22067 22068 22069 22070 22161 22162 22163 22164 22165 22166 22167 22168 22169 22170 22261 22262 22263 22264 22265 22266 22267 22268 22269 22270 22361 22362 22363 22364 22365 22366 22367 22368 22369 22370 22461 22462 22463 22464 22465 22466 22467 22468 22469 22470 22561 22562 22563 22564 22565 22566 22567 22568 22569 22570 22661 22662 22663 22664 22665 22666 22667 22668 22669 22670 22761 22762 22763 22764 22765 22766 22767 22768 22769 22770 
0
0
_PICKEDSET2
0
2
14
-2147483647
48 1 16 5 0 1 0 -1 -1 6250 1 -1879048189 16521 6250 
0
0
0
PART-SUPPORTBEAM-1
2
 P      26
0
2
14
-2147483647
48 1 16 5 0 1 0 -1 -1 675 1 -1879048189 29021 675 
0
0
_PICKEDSET2
0
2
14
-2147483647
48 1 16 5 0 1 0 -1 -1 675 1 -1879048189 29021 675 
0
0
0
PART-CABLE50-1
3
 P      17
0
2
1
1 
0
0
 P      17SET-CABLESGROUP1
0
2
1
1 
0
0
_PICKEDSET2
0
2
1
1 
0
0
0
PART-CABLE100-1
3
 P       1
0
2
1
5 
0
0
 P       1SET-CABLESGROUP1
0
2
1
5 
0
0
_PICKEDSET2
0
2
1
5 
0
0
0
PART-CABLE150-1
3
 P       5
0
2
1
9 
0
0
 P       5SET-CABLESGROUP1
0
2
1
9 
0
0
_PICKEDSET2
0
2
1
9 
0
0
0
PART-CABLE200-1
3
 P       9
0
2
1
13 
0
0
 P       9SET-CABLESGROUP1
0
2
1
13 
0
0
_PICKEDSET2
0
2
1
13 
0
0
0
PART-CABLE100-3
3
 P       3
0
2
1
7 
0
0
 P       3SET-CABLESGROUP3
0
2
1
7 
0
0
_PICKEDSET2
0
2
1
7 
0
0
0
PART-CABLE200-3
3
 P      11
0
2
1
15 
0
0
 P      11SET-CABLESGROUP3
0
2
1
15 
0
0
_PICKEDSET2
0
2
1
15 
0
0
0
PART-CABLE250-1
3
 P      13
0
2
1
17 
0
0
 P      13SET-CABLESGROUP1
0
2
1
17 
0
0
_PICKEDSET2
0
2
1
17 
0
0
0
PART-CABLE50-3
3
 P      19
0
2
1
3 
0
0
 P      19SET-CABLESGROUP3
0
2
1
3 
0
0
_PICKEDSET2
0
2
1
3 
0
0
0
PART-CABLE250-3
3
 P      15
0
2
1
19 
0
0
 P      15SET-CABLESGROUP3
0
2
1
19 
0
0
_PICKEDSET2
0
2
1
19 
0
0
0
PART-CABLE150-3
3
 P       7
0
2
1
11 
0
0
 P       7SET-CABLESGROUP3
0
2
1
11 
0
0
_PICKEDSET2
0
2
1
11 
0
0
0
108

0
2
0
27
PART-CABLE100-1
2
1 2 
PART-CABLE100-2
2
3 4 
PART-CABLE100-4
2
7 8 
PART-CABLE150-2
2
11 12 
PART-CABLE150-4
2
15 16 
PART-CABLE200-2
2
19 20 
PART-CABLE200-4
2
23 24 
PART-CABLE250-2
2
27 28 
PART-CABLE250-4
2
31 32 
PART-CABLE50-2
2
35 36 
PART-CABLE50-4
2
39 40 
PART-PIER-2
14
-2147483647
48 1 16 5 0 1 0 -1 -1 9090 1 -1879048189 11892 9090 
PART-RIVERBANK-2
14
-2147483647
48 1 16 5 0 1 0 -1 -1 7436 1 -1879048189 28418 7436 
PART-SUPPORTBEAM-2
14
-2147483647
48 1 16 5 0 1 0 -1 -1 666 1 -1879048189 36520 666 
PART-CABLE100-3
2
5 6 
PART-CABLE150-1
2
9 10 
PART-CABLE150-3
2
13 14 
PART-CABLE200-1
2
17 18 
PART-CABLE200-3
2
21 22 
PART-CABLE250-1
2
25 26 
PART-CABLE250-3
2
29 30 
PART-CABLE50-1
2
33 34 
PART-CABLE50-3
2
37 38 
PART-FLOOR-1
14
-2147483647
48 1 16 5 0 1 0 -1 -1 2761 1 -1879048189 41 2761 
PART-PIER-1
14
-2147483647
48 1 16 5 0 1 0 -1 -1 9090 1 -1879048189 2802 9090 
PART-RIVERBANK-1
14
-2147483647
48 1 16 5 0 1 0 -1 -1 7436 1 -1879048189 20982 7436 
PART-SUPPORTBEAM-1
14
-2147483647
48 1 16 5 0 1 0 -1 -1 666 1 -1879048189 35854 666 
0
 TIED_SECONDARY_NODES_STD_ L    IS_ L    IT
0
2
0
5
PART-CABLE100-3
1
6 
PART-CABLE150-3
1
14 
PART-CABLE200-3
1
22 
PART-CABLE250-3
1
30 
PART-CABLE50-3
1
38 
0
 TIED_SECONDARY_NODES_STD_ L    IV_ L    IW
0
2
0
5
PART-CABLE100-1
1
2 
PART-CABLE150-1
1
10 
PART-CABLE200-1
1
18 
PART-CABLE250-1
1
26 
PART-CABLE50-1
1
34 
0
 TIED_SECONDARY_NODES_STD_ L    IY_ L    IZ
0
2
0
5
PART-CABLE100-4
1
8 
PART-CABLE150-4
1
16 
PART-CABLE200-4
1
24 
PART-CABLE250-4
1
32 
PART-CABLE50-4
1
40 
0
 TIED_SECONDARY_NODES_STD_ L    JA_ L    JB
0
2
0
5
PART-CABLE100-2
1
4 
PART-CABLE150-2
1
12 
PART-CABLE200-2
1
20 
PART-CABLE250-2
1
28 
PART-CABLE50-2
1
36 
0
M_SET-10
0
1
0
1
PART-FLOOR-1
1
45 
0
M_SET-100
0
1
0
1
PART-PIER-1
1
2806 
0
M_SET-12
0
1
0
1
PART-FLOOR-1
1
62 
0
M_SET-13
0
1
0
1
PART-FLOOR-1
1
47 
0
M_SET-14
0
1
0
1
PART-FLOOR-1
1
61 
0
M_SET-16
0
1
0
1
PART-FLOOR-1
1
41 
0
M_SET-18
0
1
0
1
PART-FLOOR-1
1
44 
0
M_SET-20
0
1
0
1
PART-FLOOR-1
1
46 
0
M_SET-22
0
1
0
1
PART-FLOOR-1
1
48 
0
M_SET-24
0
1
0
1
PART-FLOOR-1
1
59 
0
M_SET-26
0
1
0
1
PART-FLOOR-1
1
57 
0
M_SET-28
0
1
0
1
PART-FLOOR-1
1
55 
0
M_SET-30
0
1
0
1
PART-FLOOR-1
1
53 
0
M_SET-32
0
1
0
1
PART-FLOOR-1
1
51 
0
M_SET-34
0
1
0
1
PART-FLOOR-1
1
60 
0
M_SET-36
0
1
0
1
PART-FLOOR-1
1
58 
0
M_SET-38
0
1
0
1
PART-FLOOR-1
1
56 
0
M_SET-40
0
1
0
1
PART-FLOOR-1
1
54 
0
M_SET-42
0
1
0
1
PART-FLOOR-1
1
52 
0
M_SET-44
0
1
0
1
PART-FLOOR-1
1
62 
0
M_SET-46
0
1
0
1
PART-FLOOR-1
1
42 
0
M_SET-48
0
1
0
1
PART-FLOOR-1
1
43 
0
M_SET-50
0
1
0
1
PART-FLOOR-1
1
45 
0
M_SET-52
0
1
0
1
PART-FLOOR-1
1
47 
0
M_SET-54
0
1
0
1
PART-FLOOR-1
1
49 
0
M_SET-56
0
1
0
1
PART-FLOOR-1
1
51 
0
M_SET-58
0
1
0
1
PART-FLOOR-1
1
53 
0
M_SET-6
0
1
0
1
PART-FLOOR-1
1
42 
0
M_SET-60
0
1
0
1
PART-FLOOR-1
1
55 
0
M_SET-62
0
1
0
1
PART-FLOOR-1
1
57 
0
M_SET-64
0
1
0
1
PART-FLOOR-1
1
41 
0
M_SET-66
0
1
0
1
PART-FLOOR-1
1
44 
0
M_SET-68
0
1
0
1
PART-FLOOR-1
1
46 
0
M_SET-70
0
1
0
1
PART-FLOOR-1
1
48 
0
M_SET-72
0
1
0
1
PART-FLOOR-1
1
50 
0
M_SET-74
0
1
0
1
PART-FLOOR-1
1
52 
0
M_SET-76
0
1
0
1
PART-FLOOR-1
1
54 
0
M_SET-78
0
1
0
1
PART-FLOOR-1
1
56 
0
M_SET-8
0
1
0
1
PART-FLOOR-1
1
43 
0
M_SET-80
0
1
0
1
PART-FLOOR-1
1
58 
0
M_SET-82
0
1
0
1
PART-RIVERBANK-2
1
28418 
0
M_SET-84
0
1
0
1
PART-RIVERBANK-2
1
28419 
0
M_SET-86
0
1
0
1
PART-RIVERBANK-1
1
20989 
0
M_SET-88
0
1
0
1
PART-RIVERBANK-1
1
20986 
0
M_SET-90
0
1
0
1
PART-RIVERBANK-2
11
28420 28421 28453 28454 28455 28456 28457 28458 28459 28460 28461 
0
M_SET-92
0
1
0
1
PART-RIVERBANK-1
11
20987 20988 21063 21064 21065 21066 21067 21068 21069 21070 21071 
0
M_SET-94
0
1
0
1
PART-PIER-2
1
11899 
0
M_SET-96
0
1
0
1
PART-PIER-2
1
11899 
0
M_SET-98
0
1
0
1
PART-PIER-1
1
2806 
0
SET-102
0
1
0
4
PART-PIER-1
90
2802 2803 2804 2805 2810 2811 2814 2815 2816 2817 2818 2819 2820 2821 2822 2823 2824 2825 2826 2827 2828 2829 2830 2831 2832 2833 3250 3251 3252 3253 3254 3255 3256 3257 3258 3259 3260 3261 3262 3263 3264 3265 3480 3481 3482 3483 3484 3485 3486 3487 3488 3489 3490 3491 3492 3493 3494 3495 3496 3497 3498 3499 3500 3501 3502 3503 5508 5509 5510 5511 5512 5513 5514 5515 5516 5517 5518 5519 5520 5521 5522 5523 5524 5525 5526 5527 5528 5529 5530 5531 
PART-PIER-2
90
11892 11893 11894 11895 11900 11901 11904 11905 11906 11907 11908 11909 11910 11911 11912 11913 11914 11915 11916 11917 11918 11919 11920 11921 11922 11923 12340 12341 12342 12343 12344 12345 12346 12347 12348 12349 12350 12351 12352 12353 12354 12355 12570 12571 12572 12573 12574 12575 12576 12577 12578 12579 12580 12581 12582 12583 12584 12585 12586 12587 12588 12589 12590 12591 12592 12593 14598 14599 14600 14601 14602 14603 14604 14605 14606 14607 14608 14609 14610 14611 14612 14613 14614 14615 14616 14617 14618 14619 14620 14621 
PART-RIVERBANK-2
25
-2147483647
92 1 16 16 0 1 0 -1 -1 286 4 -1879048186 -1342177272 -1879048180 -1879048178 28426 4 28627 9 2 27 28672 48 30670 216 
PART-RIVERBANK-1
25
-2147483647
92 1 16 16 0 1 0 -1 -1 286 4 -1879048186 -1342177272 -1879048180 -1879048178 20990 4 21191 9 2 27 21236 48 23234 216 
0
SET-CABLESGROUP1
0
1
0
5
PART-CABLE100-1
2
1 2 
PART-CABLE150-1
2
9 10 
PART-CABLE50-1
2
33 34 
PART-CABLE200-1
2
17 18 
PART-CABLE250-1
2
25 26 
0
SET-CABLESGROUP2
0
1
0
5
PART-CABLE50-2
2
35 36 
PART-CABLE100-2
2
3 4 
PART-CABLE150-2
2
11 12 
PART-CABLE250-2
2
27 28 
PART-CABLE200-2
2
19 20 
0
SET-CABLESGROUP3
0
1
0
5
PART-CABLE50-3
2
37 38 
PART-CABLE100-3
2
5 6 
PART-CABLE150-3
2
13 14 
PART-CABLE250-3
2
29 30 
PART-CABLE200-3
2
21 22 
0
S_SET-10
0
1
0
1
PART-CABLE100-4
1
7 
0
S_SET-100
0
1
0
5
PART-CABLE50-2
1
36 
PART-CABLE100-2
1
4 
PART-CABLE150-2
1
12 
PART-CABLE250-2
1
28 
PART-CABLE200-2
1
20 
0
S_SET-12
0
1
0
1
PART-CABLE250-4
1
31 
0
S_SET-13
0
1
0
1
PART-CABLE50-4
1
39 
0
S_SET-14
0
1
0
1
PART-CABLE250-3
1
29 
0
S_SET-16
0
1
0
1
PART-CABLE200-3
1
21 
0
S_SET-18
0
1
0
1
PART-CABLE150-3
1
13 
0
S_SET-20
0
1
0
1
PART-CABLE100-3
1
5 
0
S_SET-22
0
1
0
1
PART-CABLE50-3
1
37 
0
S_SET-24
0
1
0
1
PART-CABLE250-2
1
27 
0
S_SET-26
0
1
0
1
PART-CABLE200-2
1
19 
0
S_SET-28
0
1
0
1
PART-CABLE150-2
1
11 
0
S_SET-30
0
1
0
1
PART-CABLE100-2
1
3 
0
S_SET-32
0
1
0
1
PART-CABLE50-2
1
35 
0
S_SET-34
0
1
0
1
PART-CABLE250-1
1
25 
0
S_SET-36
0
1
0
1
PART-CABLE200-1
1
17 
0
S_SET-38
0
1
0
1
PART-CABLE150-1
1
9 
0
S_SET-40
0
1
0
1
PART-CABLE100-1
1
1 
0
S_SET-42
0
1
0
1
PART-CABLE50-1
1
33 
0
S_SET-44
0
1
0
1
PART-SUPPORTBEAM-2
1
36537 
0
S_SET-46
0
1
0
1
PART-SUPPORTBEAM-2
1
36537 
0
S_SET-48
0
1
0
1
PART-SUPPORTBEAM-2
1
36539 
0
S_SET-50
0
1
0
1
PART-SUPPORTBEAM-2
1
36533 
0
S_SET-52
0
1
0
1
PART-SUPPORTBEAM-2
1
36535 
0
S_SET-54
0
1
0
1
PART-SUPPORTBEAM-2
1
36529 
0
S_SET-56
0
1
0
1
PART-SUPPORTBEAM-2
1
36527 
0
S_SET-58
0
1
0
1
PART-SUPPORTBEAM-2
1
36525 
0
S_SET-6
0
1
0
1
PART-CABLE200-4
1
23 
0
S_SET-60
0
1
0
1
PART-SUPPORTBEAM-2
1
36524 
0
S_SET-62
0
1
0
1
PART-SUPPORTBEAM-2
1
36522 
0
S_SET-64
0
1
0
1
PART-SUPPORTBEAM-1
1
35871 
0
S_SET-66
0
1
0
1
PART-SUPPORTBEAM-1
1
35873 
0
S_SET-68
0
1
0
1
PART-SUPPORTBEAM-1
1
35867 
0
S_SET-70
0
1
0
1
PART-SUPPORTBEAM-1
1
35869 
0
S_SET-72
0
1
0
1
PART-SUPPORTBEAM-1
1
35863 
0
S_SET-74
0
1
0
1
PART-SUPPORTBEAM-1
1
35861 
0
S_SET-76
0
1
0
1
PART-SUPPORTBEAM-1
1
35859 
0
S_SET-78
0
1
0
1
PART-SUPPORTBEAM-1
1
35858 
0
S_SET-8
0
1
0
1
PART-CABLE150-4
1
15 
0
S_SET-80
0
1
0
1
PART-SUPPORTBEAM-1
1
35856 
0
S_SET-82
0
1
0
1
PART-SUPPORTBEAM-2
1
36538 
0
S_SET-84
0
1
0
1
PART-SUPPORTBEAM-1
1
35872 
0
S_SET-86
0
1
0
1
PART-SUPPORTBEAM-2
1
36521 
0
S_SET-88
0
1
0
1
PART-SUPPORTBEAM-1
1
35855 
0
S_SET-90
0
1
0
1
PART-FLOOR-1
11
61 62 609 610 611 612 613 614 615 616 617 
0
S_SET-92
0
1
0
1
PART-FLOOR-1
11
59 60 552 553 554 555 556 557 558 559 560 
0
S_SET-94
0
1
0
5
PART-CABLE50-3
1
38 
PART-CABLE100-3
1
6 
PART-CABLE150-3
1
14 
PART-CABLE250-3
1
30 
PART-CABLE200-3
1
22 
0
S_SET-96
0
1
0
5
PART-CABLE100-1
1
2 
PART-CABLE150-1
1
10 
PART-CABLE50-1
1
34 
PART-CABLE200-1
1
18 
PART-CABLE250-1
1
26 
0
S_SET-98
0
1
0
5
PART-CABLE100-4
1
8 
PART-CABLE150-4
1
16 
PART-CABLE50-4
1
40 
PART-CABLE200-4
1
24 
PART-CABLE250-4
1
32 
0
WarnNodeAdjust
0
1
0
10
PART-CABLE100-1
1
2 
PART-CABLE100-2
1
4 
PART-CABLE150-2
1
12 
PART-CABLE200-2
1
20 
PART-CABLE250-2
1
28 
PART-CABLE50-2
1
36 
PART-CABLE150-1
1
10 
PART-CABLE200-1
1
18 
PART-CABLE250-1
1
26 
PART-CABLE50-1
1
34 
0
27
PART-FLOOR-1
2
 P      21
0
2
14
-2147483647
48 1 16 5 0 1 0 -1 -1 2761 1 -1879048189 41 2761 
0
0
_PICKEDSET20
0
2
14
-2147483647
48 1 16 5 0 1 0 -1 -1 2761 1 -1879048189 41 2761 
0
0
0
PART-PIER-2
3
 P      23
0
2
14
-2147483647
48 1 16 5 0 1 0 -1 -1 9090 1 -1879048189 11892 9090 
0
0
 P      23SET-102
0
2
90
11892 11893 11894 11895 11900 11901 11904 11905 11906 11907 11908 11909 11910 11911 11912 11913 11914 11915 11916 11917 11918 11919 11920 11921 11922 11923 12340 12341 12342 12343 12344 12345 12346 12347 12348 12349 12350 12351 12352 12353 12354 12355 12570 12571 12572 12573 12574 12575 12576 12577 12578 12579 12580 12581 12582 12583 12584 12585 12586 12587 12588 12589 12590 12591 12592 12593 14598 14599 14600 14601 14602 14603 14604 14605 14606 14607 14608 14609 14610 14611 14612 14613 14614 14615 14616 14617 14618 14619 14620 14621 
0
0
_PICKEDSET4
0
2
14
-2147483647
48 1 16 5 0 1 0 -1 -1 9090 1 -1879048189 11892 9090 
0
0
0
PART-RIVERBANK-2
3
 P      25
0
2
14
-2147483647
48 1 16 5 0 1 0 -1 -1 7436 1 -1879048189 28418 7436 
0
0
 P      25SET-102
0
2
25
-2147483647
92 1 16 16 0 1 0 -1 -1 286 4 -1879048186 -1342177272 -1879048180 -1879048178 28426 4 28627 9 2 27 28672 48 30670 216 
0
0
_PICKEDSET2
0
2
14
-2147483647
48 1 16 5 0 1 0 -1 -1 7436 1 -1879048189 28418 7436 
0
0
0
PART-SUPPORTBEAM-2
2
 P      27
0
2
14
-2147483647
48 1 16 5 0 1 0 -1 -1 666 1 -1879048189 36520 666 
0
0
_PICKEDSET2
0
2
14
-2147483647
48 1 16 5 0 1 0 -1 -1 666 1 -1879048189 36520 666 
0
0
0
PART-CABLE50-2
6
 P      18
0
2
2
35 36 
0
0
 P      18 TIED_SECONDARY_NODES_STD_ L    JA_ L    JB
0
2
1
36 
0
0
 P      18SET-CABLESGROUP2
0
2
2
35 36 
0
0
 P      18S_SET-100
0
2
1
36 
0
0
 P      18WarnNodeAdjust
0
2
1
36 
0
0
_PICKEDSET2
0
2
2
35 36 
0
0
0
PART-CABLE100-2
6
 P       2
0
2
2
3 4 
0
0
 P       2 TIED_SECONDARY_NODES_STD_ L    JA_ L    JB
0
2
1
4 
0
0
 P       2SET-CABLESGROUP2
0
2
2
3 4 
0
0
 P       2S_SET-100
0
2
1
4 
0
0
 P       2WarnNodeAdjust
0
2
1
4 
0
0
_PICKEDSET2
0
2
2
3 4 
0
0
0
PART-CABLE150-2
6
 P       6
0
2
2
11 12 
0
0
 P       6 TIED_SECONDARY_NODES_STD_ L    JA_ L    JB
0
2
1
12 
0
0
 P       6SET-CABLESGROUP2
0
2
2
11 12 
0
0
 P       6S_SET-100
0
2
1
12 
0
0
 P       6WarnNodeAdjust
0
2
1
12 
0
0
_PICKEDSET2
0
2
2
11 12 
0
0
0
PART-CABLE200-2
6
 P      10
0
2
2
19 20 
0
0
 P      10 TIED_SECONDARY_NODES_STD_ L    JA_ L    JB
0
2
1
20 
0
0
 P      10SET-CABLESGROUP2
0
2
2
19 20 
0
0
 P      10S_SET-100
0
2
1
20 
0
0
 P      10WarnNodeAdjust
0
2
1
20 
0
0
_PICKEDSET2
0
2
2
19 20 
0
0
0
PART-CABLE100-4
4
 P       4
0
2
2
7 8 
0
0
 P       4 TIED_SECONDARY_NODES_STD_ L    IY_ L    IZ
0
2
1
8 
0
0
 P       4S_SET-98
0
2
1
8 
0
0
_PICKEDSET2
0
2
2
7 8 
0
0
0
PART-CABLE200-4
4
 P      12
0
2
2
23 24 
0
0
 P      12 TIED_SECONDARY_NODES_STD_ L    IY_ L    IZ
0
2
1
24 
0
0
 P      12S_SET-98
0
2
1
24 
0
0
_PICKEDSET2
0
2
2
23 24 
0
0
0
PART-CABLE250-2
6
 P      14
0
2
2
27 28 
0
0
 P      14 TIED_SECONDARY_NODES_STD_ L    JA_ L    JB
0
2
1
28 
0
0
 P      14SET-CABLESGROUP2
0
2
2
27 28 
0
0
 P      14S_SET-100
0
2
1
28 
0
0
 P      14WarnNodeAdjust
0
2
1
28 
0
0
_PICKEDSET2
0
2
2
27 28 
0
0
0
PART-CABLE50-4
4
 P      20
0
2
2
39 40 
0
0
 P      20 TIED_SECONDARY_NODES_STD_ L    IY_ L    IZ
0
2
1
40 
0
0
 P      20S_SET-98
0
2
1
40 
0
0
_PICKEDSET2
0
2
2
39 40 
0
0
0
PART-CABLE250-4
4
 P      16
0
2
2
31 32 
0
0
 P      16 TIED_SECONDARY_NODES_STD_ L    IY_ L    IZ
0
2
1
32 
0
0
 P      16S_SET-98
0
2
1
32 
0
0
_PICKEDSET2
0
2
2
31 32 
0
0
0
PART-CABLE150-4
4
 P       8
0
2
2
15 16 
0
0
 P       8 TIED_SECONDARY_NODES_STD_ L    IY_ L    IZ
0
2
1
16 
0
0
 P       8S_SET-98
0
2
1
16 
0
0
_PICKEDSET2
0
2
2
15 16 
0
0
0
PART-PIER-1
3
 P      22
0
2
14
-2147483647
48 1 16 5 0 1 0 -1 -1 9090 1 -1879048189 2802 9090 
0
0
 P      22SET-102
0
2
90
2802 2803 2804 2805 2810 2811 2814 2815 2816 2817 2818 2819 2820 2821 2822 2823 2824 2825 2826 2827 2828 2829 2830 2831 2832 2833 3250 3251 3252 3253 3254 3255 3256 3257 3258 3259 3260 3261 3262 3263 3264 3265 3480 3481 3482 3483 3484 3485 3486 3487 3488 3489 3490 3491 3492 3493 3494 3495 3496 3497 3498 3499 3500 3501 3502 3503 5508 5509 5510 5511 5512 5513 5514 5515 5516 5517 5518 5519 5520 5521 5522 5523 5524 5525 5526 5527 5528 5529 5530 5531 
0
0
_PICKEDSET4
0
2
14
-2147483647
48 1 16 5 0 1 0 -1 -1 9090 1 -1879048189 2802 9090 
0
0
0
PART-RIVERBANK-1
3
 P      24
0
2
14
-2147483647
48 1 16 5 0 1 0 -1 -1 7436 1 -1879048189 20982 7436 
0
0
 P      24SET-102
0
2
25
-2147483647
92 1 16 16 0 1 0 -1 -1 286 4 -1879048186 -1342177272 -1879048180 -1879048178 20990 4 21191 9 2 27 21236 48 23234 216 
0
0
_PICKEDSET2
0
2
14
-2147483647
48 1 16 5 0 1 0 -1 -1 7436 1 -1879048189 20982 7436 
0
0
0
PART-SUPPORTBEAM-1
2
 P      26
0
2
14
-2147483647
48 1 16 5 0 1 0 -1 -1 666 1 -1879048189 35854 666 
0
0
_PICKEDSET2
0
2
14
-2147483647
48 1 16 5 0 1 0 -1 -1 666 1 -1879048189 35854 666 
0
0
0
PART-CABLE50-1
6
 P      17
0
2
2
33 34 
0
0
 P      17 TIED_SECONDARY_NODES_STD_ L    IV_ L    IW
0
2
1
34 
0
0
 P      17SET-CABLESGROUP1
0
2
2
33 34 
0
0
 P      17S_SET-96
0
2
1
34 
0
0
 P      17WarnNodeAdjust
0
2
1
34 
0
0
_PICKEDSET2
0
2
2
33 34 
0
0
0
PART-CABLE100-1
6
 P       1
0
2
2
1 2 
0
0
 P       1 TIED_SECONDARY_NODES_STD_ L    IV_ L    IW
0
2
1
2 
0
0
 P       1SET-CABLESGROUP1
0
2
2
1 2 
0
0
 P       1S_SET-96
0
2
1
2 
0
0
 P       1WarnNodeAdjust
0
2
1
2 
0
0
_PICKEDSET2
0
2
2
1 2 
0
0
0
PART-CABLE150-1
6
 P       5
0
2
2
9 10 
0
0
 P       5 TIED_SECONDARY_NODES_STD_ L    IV_ L    IW
0
2
1
10 
0
0
 P       5SET-CABLESGROUP1
0
2
2
9 10 
0
0
 P       5S_SET-96
0
2
1
10 
0
0
 P       5WarnNodeAdjust
0
2
1
10 
0
0
_PICKEDSET2
0
2
2
9 10 
0
0
0
PART-CABLE200-1
6
 P       9
0
2
2
17 18 
0
0
 P       9 TIED_SECONDARY_NODES_STD_ L    IV_ L    IW
0
2
1
18 
0
0
 P       9SET-CABLESGROUP1
0
2
2
17 18 
0
0
 P       9S_SET-96
0
2
1
18 
0
0
 P       9WarnNodeAdjust
0
2
1
18 
0
0
_PICKEDSET2
0
2
2
17 18 
0
0
0
PART-CABLE100-3
5
 P       3
0
2
2
5 6 
0
0
 P       3 TIED_SECONDARY_NODES_STD_ L    IS_ L    IT
0
2
1
6 
0
0
 P       3SET-CABLESGROUP3
0
2
2
5 6 
0
0
 P       3S_SET-94
0
2
1
6 
0
0
_PICKEDSET2
0
2
2
5 6 
0
0
0
PART-CABLE200-3
5
 P      11
0
2
2
21 22 
0
0
 P      11 TIED_SECONDARY_NODES_STD_ L    IS_ L    IT
0
2
1
22 
0
0
 P      11SET-CABLESGROUP3
0
2
2
21 22 
0
0
 P      11S_SET-94
0
2
1
22 
0
0
_PICKEDSET2
0
2
2
21 22 
0
0
0
PART-CABLE250-1
6
 P      13
0
2
2
25 26 
0
0
 P      13 TIED_SECONDARY_NODES_STD_ L    IV_ L    IW
0
2
1
26 
0
0
 P      13SET-CABLESGROUP1
0
2
2
25 26 
0
0
 P      13S_SET-96
0
2
1
26 
0
0
 P      13WarnNodeAdjust
0
2
1
26 
0
0
_PICKEDSET2
0
2
2
25 26 
0
0
0
PART-CABLE50-3
5
 P      19
0
2
2
37 38 
0
0
 P      19 TIED_SECONDARY_NODES_STD_ L    IS_ L    IT
0
2
1
38 
0
0
 P      19SET-CABLESGROUP3
0
2
2
37 38 
0
0
 P      19S_SET-94
0
2
1
38 
0
0
_PICKEDSET2
0
2
2
37 38 
0
0
0
PART-CABLE250-3
5
 P      15
0
2
2
29 30 
0
0
 P      15 TIED_SECONDARY_NODES_STD_ L    IS_ L    IT
0
2
1
30 
0
0
 P      15SET-CABLESGROUP3
0
2
2
29 30 
0
0
 P      15S_SET-94
0
2
1
30 
0
0
_PICKEDSET2
0
2
2
29 30 
0
0
0
PART-CABLE150-3
5
 P       7
0
2
2
13 14 
0
0
 P       7 TIED_SECONDARY_NODES_STD_ L    IS_ L    IT
0
2
1
14 
0
0
 P       7SET-CABLESGROUP3
0
2
2
13 14 
0
0
 P       7S_SET-94
0
2
1
14 
0
0
_PICKEDSET2
0
2
2
13 14 
0
0
0
0
96
M_SET-100_CNS_
1
0
0
1
PART-PIER-1
1
0
1
2806
1
M_SET-10_CNS_
1
0
0
1
PART-FLOOR-1
1
0
1
45
1
M_SET-12_CNS_
1
0
0
1
PART-FLOOR-1
1
0
1
62
1
M_SET-13_CNS_
1
0
0
1
PART-FLOOR-1
1
0
1
47
1
M_SET-14_CNS_
1
0
0
1
PART-FLOOR-1
1
0
1
61
1
M_SET-16_CNS_
1
0
0
1
PART-FLOOR-1
1
0
1
41
1
M_SET-18_CNS_
1
0
0
1
PART-FLOOR-1
1
0
1
44
1
M_SET-20_CNS_
1
0
0
1
PART-FLOOR-1
1
0
1
46
1
M_SET-22_CNS_
1
0
0
1
PART-FLOOR-1
1
0
1
48
1
M_SET-24_CNS_
1
0
0
1
PART-FLOOR-1
1
0
1
59
1
M_SET-26_CNS_
1
0
0
1
PART-FLOOR-1
1
0
1
57
1
M_SET-28_CNS_
1
0
0
1
PART-FLOOR-1
1
0
1
55
1
M_SET-30_CNS_
1
0
0
1
PART-FLOOR-1
1
0
1
53
1
M_SET-32_CNS_
1
0
0
1
PART-FLOOR-1
1
0
1
51
1
M_SET-34_CNS_
1
0
0
1
PART-FLOOR-1
1
0
1
60
1
M_SET-36_CNS_
1
0
0
1
PART-FLOOR-1
1
0
1
58
1
M_SET-38_CNS_
1
0
0
1
PART-FLOOR-1
1
0
1
56
1
M_SET-40_CNS_
1
0
0
1
PART-FLOOR-1
1
0
1
54
1
M_SET-42_CNS_
1
0
0
1
PART-FLOOR-1
1
0
1
52
1
M_SET-46_CNS_
1
0
0
1
PART-FLOOR-1
1
0
1
42
1
M_SET-48_CNS_
1
0
0
1
PART-FLOOR-1
1
0
1
43
1
M_SET-50_CNS_
1
0
0
1
PART-FLOOR-1
1
0
1
45
1
M_SET-52_CNS_
1
0
0
1
PART-FLOOR-1
1
0
1
47
1
M_SET-54_CNS_
1
0
0
1
PART-FLOOR-1
1
0
1
49
1
M_SET-56_CNS_
1
0
0
1
PART-FLOOR-1
1
0
1
51
1
M_SET-58_CNS_
1
0
0
1
PART-FLOOR-1
1
0
1
53
1
M_SET-60_CNS_
1
0
0
1
PART-FLOOR-1
1
0
1
55
1
M_SET-62_CNS_
1
0
0
1
PART-FLOOR-1
1
0
1
57
1
M_SET-64_CNS_
1
0
0
1
PART-FLOOR-1
1
0
1
41
1
M_SET-66_CNS_
1
0
0
1
PART-FLOOR-1
1
0
1
44
1
M_SET-68_CNS_
1
0
0
1
PART-FLOOR-1
1
0
1
46
1
M_SET-6_CNS_
1
0
0
1
PART-FLOOR-1
1
0
1
42
1
M_SET-70_CNS_
1
0
0
1
PART-FLOOR-1
1
0
1
48
1
M_SET-72_CNS_
1
0
0
1
PART-FLOOR-1
1
0
1
50
1
M_SET-74_CNS_
1
0
0
1
PART-FLOOR-1
1
0
1
52
1
M_SET-76_CNS_
1
0
0
1
PART-FLOOR-1
1
0
1
54
1
M_SET-78_CNS_
1
0
0
1
PART-FLOOR-1
1
0
1
56
1
M_SET-80_CNS_
1
0
0
1
PART-FLOOR-1
1
0
1
58
1
M_SET-82_CNS_
1
0
0
1
PART-RIVERBANK-2
1
0
1
28418
1
M_SET-84_CNS_
1
0
0
1
PART-RIVERBANK-2
1
0
1
28419
1
M_SET-86_CNS_
1
0
0
1
PART-RIVERBANK-1
1
0
1
20989
1
M_SET-88_CNS_
1
0
0
1
PART-RIVERBANK-1
1
0
1
20986
1
M_SET-8_CNS_
1
0
0
1
PART-FLOOR-1
1
0
1
43
1
M_SET-90_CNS_
1
0
0
1
PART-RIVERBANK-2
1
0
11
28420
1
28421
1
28453
1
28454
1
28455
1
28456
1
28457
1
28458
1
28459
1
28460
1
28461
1
M_SET-92_CNS_
1
0
0
1
PART-RIVERBANK-1
1
0
11
20987
1
20988
1
21063
1
21064
1
21065
1
21066
1
21067
1
21068
1
21069
1
21070
1
21071
1
M_SET-94_CNS_
1
0
0
1
PART-PIER-2
1
0
1
11899
1
M_SET-96_CNS_
1
0
0
1
PART-PIER-2
1
0
1
11899
1
M_SET-98_CNS_
1
0
0
1
PART-PIER-1
1
0
1
2806
1
S_SET-100_CNS_
1
0
0
5
PART-CABLE100-2
1
0
1
4
1
PART-CABLE150-2
1
0
1
12
1
PART-CABLE200-2
1
0
1
20
1
PART-CABLE250-2
1
0
1
28
1
PART-CABLE50-2
1
0
1
36
1
S_SET-10_CNS_
1
0
0
1
PART-CABLE100-4
1
0
1
7
1
S_SET-12_CNS_
1
0
0
1
PART-CABLE250-4
1
0
1
31
1
S_SET-13_CNS_
1
0
0
1
PART-CABLE50-4
1
0
1
39
1
S_SET-14_CNS_
1
0
0
1
PART-CABLE250-3
1
0
1
29
1
S_SET-16_CNS_
1
0
0
1
PART-CABLE200-3
1
0
1
21
1
S_SET-18_CNS_
1
0
0
1
PART-CABLE150-3
1
0
1
13
1
S_SET-20_CNS_
1
0
0
1
PART-CABLE100-3
1
0
1
5
1
S_SET-22_CNS_
1
0
0
1
PART-CABLE50-3
1
0
1
37
1
S_SET-24_CNS_
1
0
0
1
PART-CABLE250-2
1
0
1
27
1
S_SET-26_CNS_
1
0
0
1
PART-CABLE200-2
1
0
1
19
1
S_SET-28_CNS_
1
0
0
1
PART-CABLE150-2
1
0
1
11
1
S_SET-30_CNS_
1
0
0
1
PART-CABLE100-2
1
0
1
3
1
S_SET-32_CNS_
1
0
0
1
PART-CABLE50-2
1
0
1
35
1
S_SET-34_CNS_
1
0
0
1
PART-CABLE250-1
1
0
1
25
1
S_SET-36_CNS_
1
0
0
1
PART-CABLE200-1
1
0
1
17
1
S_SET-38_CNS_
1
0
0
1
PART-CABLE150-1
1
0
1
9
1
S_SET-40_CNS_
1
0
0
1
PART-CABLE100-1
1
0
1
1
1
S_SET-42_CNS_
1
0
0
1
PART-CABLE50-1
1
0
1
33
1
S_SET-46_CNS_
1
0
0
1
PART-SUPPORTBEAM-2
1
0
1
36537
1
S_SET-48_CNS_
1
0
0
1
PART-SUPPORTBEAM-2
1
0
1
36539
1
S_SET-50_CNS_
1
0
0
1
PART-SUPPORTBEAM-2
1
0
1
36533
1
S_SET-52_CNS_
1
0
0
1
PART-SUPPORTBEAM-2
1
0
1
36535
1
S_SET-54_CNS_
1
0
0
1
PART-SUPPORTBEAM-2
1
0
1
36529
1
S_SET-56_CNS_
1
0
0
1
PART-SUPPORTBEAM-2
1
0
1
36527
1
S_SET-58_CNS_
1
0
0
1
PART-SUPPORTBEAM-2
1
0
1
36525
1
S_SET-60_CNS_
1
0
0
1
PART-SUPPORTBEAM-2
1
0
1
36524
1
S_SET-62_CNS_
1
0
0
1
PART-SUPPORTBEAM-2
1
0
1
36522
1
S_SET-64_CNS_
1
0
0
1
PART-SUPPORTBEAM-1
1
0
1
35871
1
S_SET-66_CNS_
1
0
0
1
PART-SUPPORTBEAM-1
1
0
1
35873
1
S_SET-68_CNS_
1
0
0
1
PART-SUPPORTBEAM-1
1
0
1
35867
1
S_SET-6_CNS_
1
0
0
1
PART-CABLE200-4
1
0
1
23
1
S_SET-70_CNS_
1
0
0
1
PART-SUPPORTBEAM-1
1
0
1
35869
1
S_SET-72_CNS_
1
0
0
1
PART-SUPPORTBEAM-1
1
0
1
35863
1
S_SET-74_CNS_
1
0
0
1
PART-SUPPORTBEAM-1
1
0
1
35861
1
S_SET-76_CNS_
1
0
0
1
PART-SUPPORTBEAM-1
1
0
1
35859
1
S_SET-78_CNS_
1
0
0
1
PART-SUPPORTBEAM-1
1
0
1
35858
1
S_SET-80_CNS_
1
0
0
1
PART-SUPPORTBEAM-1
1
0
1
35856
1
S_SET-82_CNS_
1
0
0
1
PART-SUPPORTBEAM-2
1
0
1
36538
1
S_SET-84_CNS_
1
0
0
1
PART-SUPPORTBEAM-1
1
0
1
35872
1
S_SET-86_CNS_
1
0
0
1
PART-SUPPORTBEAM-2
1
0
1
36521
1
S_SET-88_CNS_
1
0
0
1
PART-SUPPORTBEAM-1
1
0
1
35855
1
S_SET-8_CNS_
1
0
0
1
PART-CABLE150-4
1
0
1
15
1
S_SET-90_CNS_
1
0
0
1
PART-FLOOR-1
1
0
11
61
1
62
1
609
1
610
1
611
1
612
1
613
1
614
1
615
1
616
1
617
1
S_SET-92_CNS_
1
0
0
1
PART-FLOOR-1
1
0
11
59
1
60
1
552
1
553
1
554
1
555
1
556
1
557
1
558
1
559
1
560
1
S_SET-94_CNS_
1
0
0
5
PART-CABLE100-3
1
0
1
6
1
PART-CABLE150-3
1
0
1
14
1
PART-CABLE200-3
1
0
1
22
1
PART-CABLE250-3
1
0
1
30
1
PART-CABLE50-3
1
0
1
38
1
S_SET-96_CNS_
1
0
0
5
PART-CABLE100-1
1
0
1
2
1
PART-CABLE150-1
1
0
1
10
1
PART-CABLE200-1
1
0
1
18
1
PART-CABLE250-1
1
0
1
26
1
PART-CABLE50-1
1
0
1
34
1
S_SET-98_CNS_
1
0
0
5
PART-CABLE100-4
1
0
1
8
1
PART-CABLE150-4
1
0
1
16
1
PART-CABLE200-4
1
0
1
24
1
PART-CABLE250-4
1
0
1
32
1
PART-CABLE50-4
1
0
1
40
1
