1
0
1
ASSEMBLY
27
PART-CABLE100-1
PART-CABLE100
PART-CABLE100-2
PART-CABLE100
PART-CABLE100-3
PART-CABLE100
PART-CABLE100-4
PART-CABLE100
PART-CABLE150-1
PART-CABLE150
PART-CABLE150-2
PART-CABLE150
PART-CABLE150-3
PART-CABLE150
PART-CABLE150-4
PART-CABLE150
PART-CABLE200-1
PART-CABLE200
PART-CABLE200-2
PART-CABLE200
PART-CABLE200-3
PART-CABLE200
PART-CABLE200-4
PART-CABLE200
PART-CABLE250-1
PART-CABLE250
PART-CABLE250-2
PART-CABLE250
PART-CABLE250-3
PART-CABLE250
PART-CABLE250-4
PART-CABLE250
PART-CABLE50-1
PART-CABLE50
PART-CABLE50-2
PART-CABLE50
PART-CABLE50-3
PART-CABLE50
PART-CABLE50-4
PART-CABLE50
PART-FLOOR-1
PART-FLOOR
PART-PIER-1
PART-PIER
PART-PIER-2
PART-PIER
PART-RIVERBANK-1
PART-RIVERBANK
PART-RIVERBANK-2
PART-RIVERBANK
PART-SUPPORTBEAM-1
PART-SUPPORTBEAM
PART-SUPPORTBEAM-2
PART-SUPPORTBEAM
27
PART-CABLE100-1
2
1 1
2 2
-2147483647
PART-CABLE100-2
2
3 1
4 2
-2147483647
PART-CABLE100-3
2
5 1
6 2
-2147483647
PART-CABLE100-4
2
7 1
8 2
-2147483647
PART-CABLE150-1
2
9 1
10 2
-2147483647
PART-CABLE150-2
2
11 1
12 2
-2147483647
PART-CABLE150-3
2
13 1
14 2
-2147483647
PART-CABLE150-4
2
15 1
16 2
-2147483647
PART-CABLE200-1
2
17 1
18 2
-2147483647
PART-CABLE200-2
2
19 1
20 2
-2147483647
PART-CABLE200-3
2
21 1
22 2
-2147483647
PART-CABLE200-4
2
23 1
24 2
-2147483647
PART-CABLE250-1
2
25 1
26 2
-2147483647
PART-CABLE250-2
2
27 1
28 2
-2147483647
PART-CABLE250-3
2
29 1
30 2
-2147483647
PART-CABLE250-4
2
31 1
32 2
-2147483647
PART-CABLE50-1
2
33 1
34 2
-2147483647
PART-CABLE50-2
2
35 1
36 2
-2147483647
PART-CABLE50-3
2
37 1
38 2
-2147483647
PART-CABLE50-4
2
39 1
40 2
-2147483647
PART-FLOOR-1
14
-2147483646
0
48 1 16 5 0 1 0 -1 -1 505 1 -1879048189 41 505 
14
48 1 16 5 0 1 0 -1 -1 505 1 -1879048189 1 505 
PART-PIER-1
14
-2147483646
0
48 1 16 5 0 1 0 -1 -1 861 1 -1879048189 546 861 
14
48 1 16 5 0 1 0 -1 -1 861 1 -1879048189 1 861 
PART-PIER-2
14
-2147483646
0
48 1 16 5 0 1 0 -1 -1 861 1 -1879048189 1407 861 
14
48 1 16 5 0 1 0 -1 -1 861 1 -1879048189 1 861 
PART-RIVERBANK-1
14
-2147483646
0
48 1 16 5 0 1 0 -1 -1 605 1 -1879048189 2268 605 
14
48 1 16 5 0 1 0 -1 -1 605 1 -1879048189 1 605 
PART-RIVERBANK-2
14
-2147483646
0
48 1 16 5 0 1 0 -1 -1 605 1 -1879048189 2873 605 
14
48 1 16 5 0 1 0 -1 -1 605 1 -1879048189 1 605 
PART-SUPPORTBEAM-1
14
-2147483646
0
48 1 16 5 0 1 0 -1 -1 343 1 -1879048189 3478 343 
14
48 1 16 5 0 1 0 -1 -1 343 1 -1879048189 1 343 
PART-SUPPORTBEAM-2
14
-2147483646
0
48 1 16 5 0 1 0 -1 -1 343 1 -1879048189 3821 343 
14
48 1 16 5 0 1 0 -1 -1 343 1 -1879048189 1 343 
0
27
PART-CABLE100-1
1
5 1
-2147483647
PART-CABLE100-2
1
6 1
-2147483647
PART-CABLE100-3
1
7 1
-2147483647
PART-CABLE100-4
1
8 1
-2147483647
PART-CABLE150-1
1
9 1
-2147483647
PART-CABLE150-2
1
10 1
-2147483647
PART-CABLE150-3
1
11 1
-2147483647
PART-CABLE150-4
1
12 1
-2147483647
PART-CABLE200-1
1
13 1
-2147483647
PART-CABLE200-2
1
14 1
-2147483647
PART-CABLE200-3
1
15 1
-2147483647
PART-CABLE200-4
1
16 1
-2147483647
PART-CABLE250-1
1
17 1
-2147483647
PART-CABLE250-2
1
18 1
-2147483647
PART-CABLE250-3
1
19 1
-2147483647
PART-CABLE250-4
1
20 1
-2147483647
PART-CABLE50-1
1
1 1
-2147483647
PART-CABLE50-2
1
2 1
-2147483647
PART-CABLE50-3
1
3 1
-2147483647
PART-CABLE50-4
1
4 1
-2147483647
PART-FLOOR-1
14
-2147483646
0
48 1 16 5 0 1 0 -1 -1 400 1 -1879048189 21 400 
14
48 1 16 5 0 1 0 -1 -1 400 1 -1879048189 1 400 
PART-PIER-1
14
-2147483646
0
48 1 16 5 0 1 0 -1 -1 480 1 -1879048189 421 480 
14
48 1 16 5 0 1 0 -1 -1 480 1 -1879048189 1 480 
PART-PIER-2
14
-2147483646
0
48 1 16 5 0 1 0 -1 -1 480 1 -1879048189 901 480 
14
48 1 16 5 0 1 0 -1 -1 480 1 -1879048189 1 480 
PART-RIVERBANK-1
14
-2147483646
0
48 1 16 5 0 1 0 -1 -1 400 1 -1879048189 1381 400 
14
48 1 16 5 0 1 0 -1 -1 400 1 -1879048189 1 400 
PART-RIVERBANK-2
14
-2147483646
0
48 1 16 5 0 1 0 -1 -1 400 1 -1879048189 1781 400 
14
48 1 16 5 0 1 0 -1 -1 400 1 -1879048189 1 400 
PART-SUPPORTBEAM-1
14
-2147483646
0
48 1 16 5 0 1 0 -1 -1 352 1 -1879048189 2181 352 
14
48 1 16 5 0 1 0 -1 -1 352 1 -1879048189 1 352 
PART-SUPPORTBEAM-2
14
-2147483646
0
48 1 16 5 0 1 0 -1 -1 352 1 -1879048189 2533 352 
14
48 1 16 5 0 1 0 -1 -1 352 1 -1879048189 1 352 
0
9

0
2
0
27
PART-CABLE50-1
1
1 
PART-CABLE50-2
1
2 
PART-CABLE50-4
1
4 
PART-CABLE100-2
1
6 
PART-CABLE100-4
1
8 
PART-CABLE150-2
1
10 
PART-CABLE150-4
1
12 
PART-CABLE200-2
1
14 
PART-CABLE200-4
1
16 
PART-CABLE250-2
1
18 
PART-CABLE250-4
1
20 
PART-PIER-2
14
-2147483647
48 1 16 5 0 1 0 -1 -1 480 1 -1879048189 901 480 
PART-RIVERBANK-2
14
-2147483647
48 1 16 5 0 1 0 -1 -1 400 1 -1879048189 1781 400 
PART-SUPPORTBEAM-2
14
-2147483647
48 1 16 5 0 1 0 -1 -1 352 1 -1879048189 2533 352 
PART-CABLE50-3
1
3 
PART-CABLE100-1
1
5 
PART-CABLE100-3
1
7 
PART-CABLE150-1
1
9 
PART-CABLE150-3
1
11 
PART-CABLE200-1
1
13 
PART-CABLE200-3
1
15 
PART-CABLE250-1
1
17 
PART-CABLE250-3
1
19 
PART-FLOOR-1
14
-2147483647
48 1 16 5 0 1 0 -1 -1 400 1 -1879048189 21 400 
PART-PIER-1
14
-2147483647
48 1 16 5 0 1 0 -1 -1 480 1 -1879048189 421 480 
PART-RIVERBANK-1
14
-2147483647
48 1 16 5 0 1 0 -1 -1 400 1 -1879048189 1381 400 
PART-SUPPORTBEAM-1
14
-2147483647
48 1 16 5 0 1 0 -1 -1 352 1 -1879048189 2181 352 
0
M_SET-90
0
1
0
1
PART-RIVERBANK-2
4
1801 1802 1803 1804 
0
M_SET-92
0
1
0
1
PART-RIVERBANK-1
4
1617 1618 1619 1620 
0
SET-102
0
1
0
4
PART-PIER-1
12
421 422 423 424 425 426 661 662 663 664 665 666 
PART-PIER-2
12
901 902 903 904 905 906 1141 1142 1143 1144 1145 1146 
PART-RIVERBANK-2
40
2033 2034 2035 2036 2049 2050 2051 2052 2065 2066 2067 2068 2081 2082 2083 2084 2097 2098 2099 2100 2113 2114 2115 2116 2129 2130 2131 2132 2145 2146 2147 2148 2161 2162 2163 2164 2177 2178 2179 2180 
PART-RIVERBANK-1
40
1633 1634 1635 1636 1649 1650 1651 1652 1665 1666 1667 1668 1681 1682 1683 1684 1697 1698 1699 1700 1713 1714 1715 1716 1729 1730 1731 1732 1745 1746 1747 1748 1761 1762 1763 1764 1777 1778 1779 1780 
0
SET-CABLESGROUP1
0
1
0
5
PART-CABLE50-1
1
1 
PART-CABLE100-1
1
5 
PART-CABLE200-1
1
13 
PART-CABLE150-1
1
9 
PART-CABLE250-1
1
17 
0
SET-CABLESGROUP2
0
1
0
5
PART-CABLE50-2
1
2 
PART-CABLE100-2
1
6 
PART-CABLE150-2
1
10 
PART-CABLE200-2
1
14 
PART-CABLE250-2
1
18 
0
SET-CABLESGROUP3
0
1
0
5
PART-CABLE50-3
1
3 
PART-CABLE100-3
1
7 
PART-CABLE150-3
1
11 
PART-CABLE200-3
1
15 
PART-CABLE250-3
1
19 
0
S_SET-90
0
1
0
1
PART-FLOOR-1
4
417 418 419 420 
0
S_SET-92
0
1
0
1
PART-FLOOR-1
4
377 378 379 380 
0
27
PART-FLOOR-1
2
 P      21
0
2
14
-2147483647
48 1 16 5 0 1 0 -1 -1 400 1 -1879048189 21 400 
0
0
_PICKEDSET20
0
2
14
-2147483647
48 1 16 5 0 1 0 -1 -1 400 1 -1879048189 21 400 
0
0
0
PART-PIER-2
3
 P      23
0
2
14
-2147483647
48 1 16 5 0 1 0 -1 -1 480 1 -1879048189 901 480 
0
0
 P      23SET-102
0
2
12
901 902 903 904 905 906 1141 1142 1143 1144 1145 1146 
0
0
_PICKEDSET4
0
2
14
-2147483647
48 1 16 5 0 1 0 -1 -1 480 1 -1879048189 901 480 
0
0
0
PART-RIVERBANK-2
3
 P      25
0
2
14
-2147483647
48 1 16 5 0 1 0 -1 -1 400 1 -1879048189 1781 400 
0
0
 P      25SET-102
0
2
40
2033 2034 2035 2036 2049 2050 2051 2052 2065 2066 2067 2068 2081 2082 2083 2084 2097 2098 2099 2100 2113 2114 2115 2116 2129 2130 2131 2132 2145 2146 2147 2148 2161 2162 2163 2164 2177 2178 2179 2180 
0
0
_PICKEDSET2
0
2
14
-2147483647
48 1 16 5 0 1 0 -1 -1 400 1 -1879048189 1781 400 
0
0
0
PART-SUPPORTBEAM-2
2
 P      27
0
2
14
-2147483647
48 1 16 5 0 1 0 -1 -1 352 1 -1879048189 2533 352 
0
0
_PICKEDSET2
0
2
14
-2147483647
48 1 16 5 0 1 0 -1 -1 352 1 -1879048189 2533 352 
0
0
0
PART-CABLE50-2
3
 P      18
0
2
1
2 
0
0
 P      18SET-CABLESGROUP2
0
2
1
2 
0
0
_PICKEDSET2
0
2
1
2 
0
0
0
PART-CABLE100-2
3
 P       2
0
2
1
6 
0
0
 P       2SET-CABLESGROUP2
0
2
1
6 
0
0
_PICKEDSET2
0
2
1
6 
0
0
0
PART-CABLE150-2
3
 P       6
0
2
1
10 
0
0
 P       6SET-CABLESGROUP2
0
2
1
10 
0
0
_PICKEDSET2
0
2
1
10 
0
0
0
PART-CABLE200-2
3
 P      10
0
2
1
14 
0
0
 P      10SET-CABLESGROUP2
0
2
1
14 
0
0
_PICKEDSET2
0
2
1
14 
0
0
0
PART-CABLE100-4
2
 P       4
0
2
1
8 
0
0
_PICKEDSET2
0
2
1
8 
0
0
0
PART-CABLE200-4
2
 P      12
0
2
1
16 
0
0
_PICKEDSET2
0
2
1
16 
0
0
0
PART-CABLE250-2
3
 P      14
0
2
1
18 
0
0
 P      14SET-CABLESGROUP2
0
2
1
18 
0
0
_PICKEDSET2
0
2
1
18 
0
0
0
PART-CABLE50-4
2
 P      20
0
2
1
4 
0
0
_PICKEDSET2
0
2
1
4 
0
0
0
PART-CABLE250-4
2
 P      16
0
2
1
20 
0
0
_PICKEDSET2
0
2
1
20 
0
0
0
PART-CABLE150-4
2
 P       8
0
2
1
12 
0
0
_PICKEDSET2
0
2
1
12 
0
0
0
PART-PIER-1
3
 P      22
0
2
14
-2147483647
48 1 16 5 0 1 0 -1 -1 480 1 -1879048189 421 480 
0
0
 P      22SET-102
0
2
12
421 422 423 424 425 426 661 662 663 664 665 666 
0
0
_PICKEDSET4
0
2
14
-2147483647
48 1 16 5 0 1 0 -1 -1 480 1 -1879048189 421 480 
0
0
0
PART-RIVERBANK-1
3
 P      24
0
2
14
-2147483647
48 1 16 5 0 1 0 -1 -1 400 1 -1879048189 1381 400 
0
0
 P      24SET-102
0
2
40
1633 1634 1635 1636 1649 1650 1651 1652 1665 1666 1667 1668 1681 1682 1683 1684 1697 1698 1699 1700 1713 1714 1715 1716 1729 1730 1731 1732 1745 1746 1747 1748 1761 1762 1763 1764 1777 1778 1779 1780 
0
0
_PICKEDSET2
0
2
14
-2147483647
48 1 16 5 0 1 0 -1 -1 400 1 -1879048189 1381 400 
0
0
0
PART-SUPPORTBEAM-1
2
 P      26
0
2
14
-2147483647
48 1 16 5 0 1 0 -1 -1 352 1 -1879048189 2181 352 
0
0
_PICKEDSET2
0
2
14
-2147483647
48 1 16 5 0 1 0 -1 -1 352 1 -1879048189 2181 352 
0
0
0
PART-CABLE50-1
3
 P      17
0
2
1
1 
0
0
 P      17SET-CABLESGROUP1
0
2
1
1 
0
0
_PICKEDSET2
0
2
1
1 
0
0
0
PART-CABLE100-1
3
 P       1
0
2
1
5 
0
0
 P       1SET-CABLESGROUP1
0
2
1
5 
0
0
_PICKEDSET2
0
2
1
5 
0
0
0
PART-CABLE150-1
3
 P       5
0
2
1
9 
0
0
 P       5SET-CABLESGROUP1
0
2
1
9 
0
0
_PICKEDSET2
0
2
1
9 
0
0
0
PART-CABLE200-1
3
 P       9
0
2
1
13 
0
0
 P       9SET-CABLESGROUP1
0
2
1
13 
0
0
_PICKEDSET2
0
2
1
13 
0
0
0
PART-CABLE100-3
3
 P       3
0
2
1
7 
0
0
 P       3SET-CABLESGROUP3
0
2
1
7 
0
0
_PICKEDSET2
0
2
1
7 
0
0
0
PART-CABLE200-3
3
 P      11
0
2
1
15 
0
0
 P      11SET-CABLESGROUP3
0
2
1
15 
0
0
_PICKEDSET2
0
2
1
15 
0
0
0
PART-CABLE250-1
3
 P      13
0
2
1
17 
0
0
 P      13SET-CABLESGROUP1
0
2
1
17 
0
0
_PICKEDSET2
0
2
1
17 
0
0
0
PART-CABLE50-3
3
 P      19
0
2
1
3 
0
0
 P      19SET-CABLESGROUP3
0
2
1
3 
0
0
_PICKEDSET2
0
2
1
3 
0
0
0
PART-CABLE250-3
3
 P      15
0
2
1
19 
0
0
 P      15SET-CABLESGROUP3
0
2
1
19 
0
0
_PICKEDSET2
0
2
1
19 
0
0
0
PART-CABLE150-3
3
 P       7
0
2
1
11 
0
0
 P       7SET-CABLESGROUP3
0
2
1
11 
0
0
_PICKEDSET2
0
2
1
11 
0
0
0
108

0
2
0
27
PART-CABLE100-1
2
1 2 
PART-CABLE100-2
2
3 4 
PART-CABLE100-4
2
7 8 
PART-CABLE150-2
2
11 12 
PART-CABLE150-4
2
15 16 
PART-CABLE200-2
2
19 20 
PART-CABLE200-4
2
23 24 
PART-CABLE250-2
2
27 28 
PART-CABLE250-4
2
31 32 
PART-CABLE50-2
2
35 36 
PART-CABLE50-4
2
39 40 
PART-PIER-2
14
-2147483647
48 1 16 5 0 1 0 -1 -1 861 1 -1879048189 1407 861 
PART-RIVERBANK-2
14
-2147483647
48 1 16 5 0 1 0 -1 -1 605 1 -1879048189 2873 605 
PART-SUPPORTBEAM-2
14
-2147483647
48 1 16 5 0 1 0 -1 -1 343 1 -1879048189 3821 343 
PART-CABLE100-3
2
5 6 
PART-CABLE150-1
2
9 10 
PART-CABLE150-3
2
13 14 
PART-CABLE200-1
2
17 18 
PART-CABLE200-3
2
21 22 
PART-CABLE250-1
2
25 26 
PART-CABLE250-3
2
29 30 
PART-CABLE50-1
2
33 34 
PART-CABLE50-3
2
37 38 
PART-FLOOR-1
14
-2147483647
48 1 16 5 0 1 0 -1 -1 505 1 -1879048189 41 505 
PART-PIER-1
14
-2147483647
48 1 16 5 0 1 0 -1 -1 861 1 -1879048189 546 861 
PART-RIVERBANK-1
14
-2147483647
48 1 16 5 0 1 0 -1 -1 605 1 -1879048189 2268 605 
PART-SUPPORTBEAM-1
14
-2147483647
48 1 16 5 0 1 0 -1 -1 343 1 -1879048189 3478 343 
0
 TIED_SECONDARY_NODES_STD_ L    IS_ L    IT
0
2
0
5
PART-CABLE100-3
1
6 
PART-CABLE150-3
1
14 
PART-CABLE200-3
1
22 
PART-CABLE250-3
1
30 
PART-CABLE50-3
1
38 
0
 TIED_SECONDARY_NODES_STD_ L    IV_ L    IW
0
2
0
5
PART-CABLE100-1
1
2 
PART-CABLE150-1
1
10 
PART-CABLE200-1
1
18 
PART-CABLE250-1
1
26 
PART-CABLE50-1
1
34 
0
 TIED_SECONDARY_NODES_STD_ L    IY_ L    IZ
0
2
0
5
PART-CABLE100-4
1
8 
PART-CABLE150-4
1
16 
PART-CABLE200-4
1
24 
PART-CABLE250-4
1
32 
PART-CABLE50-4
1
40 
0
 TIED_SECONDARY_NODES_STD_ L    JA_ L    JB
0
2
0
5
PART-CABLE100-2
1
4 
PART-CABLE150-2
1
12 
PART-CABLE200-2
1
20 
PART-CABLE250-2
1
28 
PART-CABLE50-2
1
36 
0
M_SET-10
0
1
0
1
PART-FLOOR-1
1
45 
0
M_SET-100
0
1
0
1
PART-PIER-1
1
550 
0
M_SET-12
0
1
0
1
PART-FLOOR-1
1
62 
0
M_SET-13
0
1
0
1
PART-FLOOR-1
1
47 
0
M_SET-14
0
1
0
1
PART-FLOOR-1
1
61 
0
M_SET-16
0
1
0
1
PART-FLOOR-1
1
41 
0
M_SET-18
0
1
0
1
PART-FLOOR-1
1
44 
0
M_SET-20
0
1
0
1
PART-FLOOR-1
1
46 
0
M_SET-22
0
1
0
1
PART-FLOOR-1
1
48 
0
M_SET-24
0
1
0
1
PART-FLOOR-1
1
59 
0
M_SET-26
0
1
0
1
PART-FLOOR-1
1
57 
0
M_SET-28
0
1
0
1
PART-FLOOR-1
1
55 
0
M_SET-30
0
1
0
1
PART-FLOOR-1
1
53 
0
M_SET-32
0
1
0
1
PART-FLOOR-1
1
51 
0
M_SET-34
0
1
0
1
PART-FLOOR-1
1
60 
0
M_SET-36
0
1
0
1
PART-FLOOR-1
1
58 
0
M_SET-38
0
1
0
1
PART-FLOOR-1
1
56 
0
M_SET-40
0
1
0
1
PART-FLOOR-1
1
54 
0
M_SET-42
0
1
0
1
PART-FLOOR-1
1
52 
0
M_SET-44
0
1
0
1
PART-FLOOR-1
1
62 
0
M_SET-46
0
1
0
1
PART-FLOOR-1
1
42 
0
M_SET-48
0
1
0
1
PART-FLOOR-1
1
43 
0
M_SET-50
0
1
0
1
PART-FLOOR-1
1
45 
0
M_SET-52
0
1
0
1
PART-FLOOR-1
1
47 
0
M_SET-54
0
1
0
1
PART-FLOOR-1
1
49 
0
M_SET-56
0
1
0
1
PART-FLOOR-1
1
51 
0
M_SET-58
0
1
0
1
PART-FLOOR-1
1
53 
0
M_SET-6
0
1
0
1
PART-FLOOR-1
1
42 
0
M_SET-60
0
1
0
1
PART-FLOOR-1
1
55 
0
M_SET-62
0
1
0
1
PART-FLOOR-1
1
57 
0
M_SET-64
0
1
0
1
PART-FLOOR-1
1
41 
0
M_SET-66
0
1
0
1
PART-FLOOR-1
1
44 
0
M_SET-68
0
1
0
1
PART-FLOOR-1
1
46 
0
M_SET-70
0
1
0
1
PART-FLOOR-1
1
48 
0
M_SET-72
0
1
0
1
PART-FLOOR-1
1
50 
0
M_SET-74
0
1
0
1
PART-FLOOR-1
1
52 
0
M_SET-76
0
1
0
1
PART-FLOOR-1
1
54 
0
M_SET-78
0
1
0
1
PART-FLOOR-1
1
56 
0
M_SET-8
0
1
0
1
PART-FLOOR-1
1
43 
0
M_SET-80
0
1
0
1
PART-FLOOR-1
1
58 
0
M_SET-82
0
1
0
1
PART-RIVERBANK-2
1
2873 
0
M_SET-84
0
1
0
1
PART-RIVERBANK-2
1
2874 
0
M_SET-86
0
1
0
1
PART-RIVERBANK-1
1
2275 
0
M_SET-88
0
1
0
1
PART-RIVERBANK-1
1
2272 
0
M_SET-90
0
1
0
1
PART-RIVERBANK-2
5
2875 2876 2893 2894 2895 
0
M_SET-92
0
1
0
1
PART-RIVERBANK-1
5
2273 2274 2304 2305 2306 
0
M_SET-94
0
1
0
1
PART-PIER-2
1
1414 
0
M_SET-96
0
1
0
1
PART-PIER-2
1
1414 
0
M_SET-98
0
1
0
1
PART-PIER-1
1
550 
0
SET-102
0
1
0
4
PART-PIER-1
21
546 547 548 549 554 555 558 559 560 561 562 563 726 727 728 729 730 814 815 1052 1053 
PART-PIER-2
21
1407 1408 1409 1410 1415 1416 1419 1420 1421 1422 1423 1424 1587 1588 1589 1590 1591 1675 1676 1913 1914 
PART-RIVERBANK-2
55
2881 2882 2883 2884 2956 2957 2958 2965 2966 2967 2971 2972 2973 2974 2975 2976 2977 2978 2979 2980 2981 2982 2983 2984 2985 2986 2987 2988 3235 3236 3237 3238 3239 3240 3241 3242 3243 3244 3245 3246 3247 3248 3249 3250 3251 3252 3253 3254 3255 3256 3257 3258 3259 3260 3261 
PART-RIVERBANK-1
55
2276 2277 2278 2279 2351 2352 2353 2360 2361 2362 2366 2367 2368 2369 2370 2371 2372 2373 2374 2375 2376 2377 2378 2379 2380 2381 2382 2383 2630 2631 2632 2633 2634 2635 2636 2637 2638 2639 2640 2641 2642 2643 2644 2645 2646 2647 2648 2649 2650 2651 2652 2653 2654 2655 2656 
0
SET-CABLESGROUP1
0
1
0
5
PART-CABLE100-1
2
1 2 
PART-CABLE150-1
2
9 10 
PART-CABLE50-1
2
33 34 
PART-CABLE200-1
2
17 18 
PART-CABLE250-1
2
25 26 
0
SET-CABLESGROUP2
0
1
0
5
PART-CABLE50-2
2
35 36 
PART-CABLE100-2
2
3 4 
PART-CABLE150-2
2
11 12 
PART-CABLE250-2
2
27 28 
PART-CABLE200-2
2
19 20 
0
SET-CABLESGROUP3
0
1
0
5
PART-CABLE50-3
2
37 38 
PART-CABLE100-3
2
5 6 
PART-CABLE150-3
2
13 14 
PART-CABLE250-3
2
29 30 
PART-CABLE200-3
2
21 22 
0
S_SET-10
0
1
0
1
PART-CABLE100-4
1
7 
0
S_SET-100
0
1
0
5
PART-CABLE50-2
1
36 
PART-CABLE100-2
1
4 
PART-CABLE150-2
1
12 
PART-CABLE250-2
1
28 
PART-CABLE200-2
1
20 
0
S_SET-12
0
1
0
1
PART-CABLE250-4
1
31 
0
S_SET-13
0
1
0
1
PART-CABLE50-4
1
39 
0
S_SET-14
0
1
0
1
PART-CABLE250-3
1
29 
0
S_SET-16
0
1
0
1
PART-CABLE200-3
1
21 
0
S_SET-18
0
1
0
1
PART-CABLE150-3
1
13 
0
S_SET-20
0
1
0
1
PART-CABLE100-3
1
5 
0
S_SET-22
0
1
0
1
PART-CABLE50-3
1
37 
0
S_SET-24
0
1
0
1
PART-CABLE250-2
1
27 
0
S_SET-26
0
1
0
1
PART-CABLE200-2
1
19 
0
S_SET-28
0
1
0
1
PART-CABLE150-2
1
11 
0
S_SET-30
0
1
0
1
PART-CABLE100-2
1
3 
0
S_SET-32
0
1
0
1
PART-CABLE50-2
1
35 
0
S_SET-34
0
1
0
1
PART-CABLE250-1
1
25 
0
S_SET-36
0
1
0
1
PART-CABLE200-1
1
17 
0
S_SET-38
0
1
0
1
PART-CABLE150-1
1
9 
0
S_SET-40
0
1
0
1
PART-CABLE100-1
1
1 
0
S_SET-42
0
1
0
1
PART-CABLE50-1
1
33 
0
S_SET-44
0
1
0
1
PART-SUPPORTBEAM-2
1
3838 
0
S_SET-46
0
1
0
1
PART-SUPPORTBEAM-2
1
3838 
0
S_SET-48
0
1
0
1
PART-SUPPORTBEAM-2
1
3840 
0
S_SET-50
0
1
0
1
PART-SUPPORTBEAM-2
1
3834 
0
S_SET-52
0
1
0
1
PART-SUPPORTBEAM-2
1
3836 
0
S_SET-54
0
1
0
1
PART-SUPPORTBEAM-2
1
3830 
0
S_SET-56
0
1
0
1
PART-SUPPORTBEAM-2
1
3828 
0
S_SET-58
0
1
0
1
PART-SUPPORTBEAM-2
1
3826 
0
S_SET-6
0
1
0
1
PART-CABLE200-4
1
23 
0
S_SET-60
0
1
0
1
PART-SUPPORTBEAM-2
1
3825 
0
S_SET-62
0
1
0
1
PART-SUPPORTBEAM-2
1
3823 
0
S_SET-64
0
1
0
1
PART-SUPPORTBEAM-1
1
3495 
0
S_SET-66
0
1
0
1
PART-SUPPORTBEAM-1
1
3497 
0
S_SET-68
0
1
0
1
PART-SUPPORTBEAM-1
1
3491 
0
S_SET-70
0
1
0
1
PART-SUPPORTBEAM-1
1
3493 
0
S_SET-72
0
1
0
1
PART-SUPPORTBEAM-1
1
3487 
0
S_SET-74
0
1
0
1
PART-SUPPORTBEAM-1
1
3485 
0
S_SET-76
0
1
0
1
PART-SUPPORTBEAM-1
1
3483 
0
S_SET-78
0
1
0
1
PART-SUPPORTBEAM-1
1
3482 
0
S_SET-8
0
1
0
1
PART-CABLE150-4
1
15 
0
S_SET-80
0
1
0
1
PART-SUPPORTBEAM-1
1
3480 
0
S_SET-82
0
1
0
1
PART-SUPPORTBEAM-2
1
3839 
0
S_SET-84
0
1
0
1
PART-SUPPORTBEAM-1
1
3496 
0
S_SET-86
0
1
0
1
PART-SUPPORTBEAM-2
1
3822 
0
S_SET-88
0
1
0
1
PART-SUPPORTBEAM-1
1
3479 
0
S_SET-90
0
1
0
1
PART-FLOOR-1
5
61 62 264 265 266 
0
S_SET-92
0
1
0
1
PART-FLOOR-1
5
59 60 243 244 245 
0
S_SET-94
0
1
0
5
PART-CABLE50-3
1
38 
PART-CABLE100-3
1
6 
PART-CABLE150-3
1
14 
PART-CABLE250-3
1
30 
PART-CABLE200-3
1
22 
0
S_SET-96
0
1
0
5
PART-CABLE100-1
1
2 
PART-CABLE150-1
1
10 
PART-CABLE50-1
1
34 
PART-CABLE200-1
1
18 
PART-CABLE250-1
1
26 
0
S_SET-98
0
1
0
5
PART-CABLE100-4
1
8 
PART-CABLE150-4
1
16 
PART-CABLE50-4
1
40 
PART-CABLE200-4
1
24 
PART-CABLE250-4
1
32 
0
WarnNodeAdjust
0
1
0
10
PART-CABLE100-1
1
2 
PART-CABLE100-2
1
4 
PART-CABLE150-2
1
12 
PART-CABLE200-2
1
20 
PART-CABLE250-2
1
28 
PART-CABLE50-2
1
36 
PART-CABLE150-1
1
10 
PART-CABLE200-1
1
18 
PART-CABLE250-1
1
26 
PART-CABLE50-1
1
34 
0
27
PART-FLOOR-1
2
 P      21
0
2
14
-2147483647
48 1 16 5 0 1 0 -1 -1 505 1 -1879048189 41 505 
0
0
_PICKEDSET20
0
2
14
-2147483647
48 1 16 5 0 1 0 -1 -1 505 1 -1879048189 41 505 
0
0
0
PART-PIER-2
3
 P      23
0
2
14
-2147483647
48 1 16 5 0 1 0 -1 -1 861 1 -1879048189 1407 861 
0
0
 P      23SET-102
0
2
21
1407 1408 1409 1410 1415 1416 1419 1420 1421 1422 1423 1424 1587 1588 1589 1590 1591 1675 1676 1913 1914 
0
0
_PICKEDSET4
0
2
14
-2147483647
48 1 16 5 0 1 0 -1 -1 861 1 -1879048189 1407 861 
0
0
0
PART-RIVERBANK-2
3
 P      25
0
2
14
-2147483647
48 1 16 5 0 1 0 -1 -1 605 1 -1879048189 2873 605 
0
0
 P      25SET-102
0
2
55
2881 2882 2883 2884 2956 2957 2958 2965 2966 2967 2971 2972 2973 2974 2975 2976 2977 2978 2979 2980 2981 2982 2983 2984 2985 2986 2987 2988 3235 3236 3237 3238 3239 3240 3241 3242 3243 3244 3245 3246 3247 3248 3249 3250 3251 3252 3253 3254 3255 3256 3257 3258 3259 3260 3261 
0
0
_PICKEDSET2
0
2
14
-2147483647
48 1 16 5 0 1 0 -1 -1 605 1 -1879048189 2873 605 
0
0
0
PART-SUPPORTBEAM-2
2
 P      27
0
2
14
-2147483647
48 1 16 5 0 1 0 -1 -1 343 1 -1879048189 3821 343 
0
0
_PICKEDSET2
0
2
14
-2147483647
48 1 16 5 0 1 0 -1 -1 343 1 -1879048189 3821 343 
0
0
0
PART-CABLE50-2
6
 P      18
0
2
2
35 36 
0
0
 P      18 TIED_SECONDARY_NODES_STD_ L    JA_ L    JB
0
2
1
36 
0
0
 P      18SET-CABLESGROUP2
0
2
2
35 36 
0
0
 P      18S_SET-100
0
2
1
36 
0
0
 P      18WarnNodeAdjust
0
2
1
36 
0
0
_PICKEDSET2
0
2
2
35 36 
0
0
0
PART-CABLE100-2
6
 P       2
0
2
2
3 4 
0
0
 P       2 TIED_SECONDARY_NODES_STD_ L    JA_ L    JB
0
2
1
4 
0
0
 P       2SET-CABLESGROUP2
0
2
2
3 4 
0
0
 P       2S_SET-100
0
2
1
4 
0
0
 P       2WarnNodeAdjust
0
2
1
4 
0
0
_PICKEDSET2
0
2
2
3 4 
0
0
0
PART-CABLE150-2
6
 P       6
0
2
2
11 12 
0
0
 P       6 TIED_SECONDARY_NODES_STD_ L    JA_ L    JB
0
2
1
12 
0
0
 P       6SET-CABLESGROUP2
0
2
2
11 12 
0
0
 P       6S_SET-100
0
2
1
12 
0
0
 P       6WarnNodeAdjust
0
2
1
12 
0
0
_PICKEDSET2
0
2
2
11 12 
0
0
0
PART-CABLE200-2
6
 P      10
0
2
2
19 20 
0
0
 P      10 TIED_SECONDARY_NODES_STD_ L    JA_ L    JB
0
2
1
20 
0
0
 P      10SET-CABLESGROUP2
0
2
2
19 20 
0
0
 P      10S_SET-100
0
2
1
20 
0
0
 P      10WarnNodeAdjust
0
2
1
20 
0
0
_PICKEDSET2
0
2
2
19 20 
0
0
0
PART-CABLE100-4
4
 P       4
0
2
2
7 8 
0
0
 P       4 TIED_SECONDARY_NODES_STD_ L    IY_ L    IZ
0
2
1
8 
0
0
 P       4S_SET-98
0
2
1
8 
0
0
_PICKEDSET2
0
2
2
7 8 
0
0
0
PART-CABLE200-4
4
 P      12
0
2
2
23 24 
0
0
 P      12 TIED_SECONDARY_NODES_STD_ L    IY_ L    IZ
0
2
1
24 
0
0
 P      12S_SET-98
0
2
1
24 
0
0
_PICKEDSET2
0
2
2
23 24 
0
0
0
PART-CABLE250-2
6
 P      14
0
2
2
27 28 
0
0
 P      14 TIED_SECONDARY_NODES_STD_ L    JA_ L    JB
0
2
1
28 
0
0
 P      14SET-CABLESGROUP2
0
2
2
27 28 
0
0
 P      14S_SET-100
0
2
1
28 
0
0
 P      14WarnNodeAdjust
0
2
1
28 
0
0
_PICKEDSET2
0
2
2
27 28 
0
0
0
PART-CABLE50-4
4
 P      20
0
2
2
39 40 
0
0
 P      20 TIED_SECONDARY_NODES_STD_ L    IY_ L    IZ
0
2
1
40 
0
0
 P      20S_SET-98
0
2
1
40 
0
0
_PICKEDSET2
0
2
2
39 40 
0
0
0
PART-CABLE250-4
4
 P      16
0
2
2
31 32 
0
0
 P      16 TIED_SECONDARY_NODES_STD_ L    IY_ L    IZ
0
2
1
32 
0
0
 P      16S_SET-98
0
2
1
32 
0
0
_PICKEDSET2
0
2
2
31 32 
0
0
0
PART-CABLE150-4
4
 P       8
0
2
2
15 16 
0
0
 P       8 TIED_SECONDARY_NODES_STD_ L    IY_ L    IZ
0
2
1
16 
0
0
 P       8S_SET-98
0
2
1
16 
0
0
_PICKEDSET2
0
2
2
15 16 
0
0
0
PART-PIER-1
3
 P      22
0
2
14
-2147483647
48 1 16 5 0 1 0 -1 -1 861 1 -1879048189 546 861 
0
0
 P      22SET-102
0
2
21
546 547 548 549 554 555 558 559 560 561 562 563 726 727 728 729 730 814 815 1052 1053 
0
0
_PICKEDSET4
0
2
14
-2147483647
48 1 16 5 0 1 0 -1 -1 861 1 -1879048189 546 861 
0
0
0
PART-RIVERBANK-1
3
 P      24
0
2
14
-2147483647
48 1 16 5 0 1 0 -1 -1 605 1 -1879048189 2268 605 
0
0
 P      24SET-102
0
2
55
2276 2277 2278 2279 2351 2352 2353 2360 2361 2362 2366 2367 2368 2369 2370 2371 2372 2373 2374 2375 2376 2377 2378 2379 2380 2381 2382 2383 2630 2631 2632 2633 2634 2635 2636 2637 2638 2639 2640 2641 2642 2643 2644 2645 2646 2647 2648 2649 2650 2651 2652 2653 2654 2655 2656 
0
0
_PICKEDSET2
0
2
14
-2147483647
48 1 16 5 0 1 0 -1 -1 605 1 -1879048189 2268 605 
0
0
0
PART-SUPPORTBEAM-1
2
 P      26
0
2
14
-2147483647
48 1 16 5 0 1 0 -1 -1 343 1 -1879048189 3478 343 
0
0
_PICKEDSET2
0
2
14
-2147483647
48 1 16 5 0 1 0 -1 -1 343 1 -1879048189 3478 343 
0
0
0
PART-CABLE50-1
6
 P      17
0
2
2
33 34 
0
0
 P      17 TIED_SECONDARY_NODES_STD_ L    IV_ L    IW
0
2
1
34 
0
0
 P      17SET-CABLESGROUP1
0
2
2
33 34 
0
0
 P      17S_SET-96
0
2
1
34 
0
0
 P      17WarnNodeAdjust
0
2
1
34 
0
0
_PICKEDSET2
0
2
2
33 34 
0
0
0
PART-CABLE100-1
6
 P       1
0
2
2
1 2 
0
0
 P       1 TIED_SECONDARY_NODES_STD_ L    IV_ L    IW
0
2
1
2 
0
0
 P       1SET-CABLESGROUP1
0
2
2
1 2 
0
0
 P       1S_SET-96
0
2
1
2 
0
0
 P       1WarnNodeAdjust
0
2
1
2 
0
0
_PICKEDSET2
0
2
2
1 2 
0
0
0
PART-CABLE150-1
6
 P       5
0
2
2
9 10 
0
0
 P       5 TIED_SECONDARY_NODES_STD_ L    IV_ L    IW
0
2
1
10 
0
0
 P       5SET-CABLESGROUP1
0
2
2
9 10 
0
0
 P       5S_SET-96
0
2
1
10 
0
0
 P       5WarnNodeAdjust
0
2
1
10 
0
0
_PICKEDSET2
0
2
2
9 10 
0
0
0
PART-CABLE200-1
6
 P       9
0
2
2
17 18 
0
0
 P       9 TIED_SECONDARY_NODES_STD_ L    IV_ L    IW
0
2
1
18 
0
0
 P       9SET-CABLESGROUP1
0
2
2
17 18 
0
0
 P       9S_SET-96
0
2
1
18 
0
0
 P       9WarnNodeAdjust
0
2
1
18 
0
0
_PICKEDSET2
0
2
2
17 18 
0
0
0
PART-CABLE100-3
5
 P       3
0
2
2
5 6 
0
0
 P       3 TIED_SECONDARY_NODES_STD_ L    IS_ L    IT
0
2
1
6 
0
0
 P       3SET-CABLESGROUP3
0
2
2
5 6 
0
0
 P       3S_SET-94
0
2
1
6 
0
0
_PICKEDSET2
0
2
2
5 6 
0
0
0
PART-CABLE200-3
5
 P      11
0
2
2
21 22 
0
0
 P      11 TIED_SECONDARY_NODES_STD_ L    IS_ L    IT
0
2
1
22 
0
0
 P      11SET-CABLESGROUP3
0
2
2
21 22 
0
0
 P      11S_SET-94
0
2
1
22 
0
0
_PICKEDSET2
0
2
2
21 22 
0
0
0
PART-CABLE250-1
6
 P      13
0
2
2
25 26 
0
0
 P      13 TIED_SECONDARY_NODES_STD_ L    IV_ L    IW
0
2
1
26 
0
0
 P      13SET-CABLESGROUP1
0
2
2
25 26 
0
0
 P      13S_SET-96
0
2
1
26 
0
0
 P      13WarnNodeAdjust
0
2
1
26 
0
0
_PICKEDSET2
0
2
2
25 26 
0
0
0
PART-CABLE50-3
5
 P      19
0
2
2
37 38 
0
0
 P      19 TIED_SECONDARY_NODES_STD_ L    IS_ L    IT
0
2
1
38 
0
0
 P      19SET-CABLESGROUP3
0
2
2
37 38 
0
0
 P      19S_SET-94
0
2
1
38 
0
0
_PICKEDSET2
0
2
2
37 38 
0
0
0
PART-CABLE250-3
5
 P      15
0
2
2
29 30 
0
0
 P      15 TIED_SECONDARY_NODES_STD_ L    IS_ L    IT
0
2
1
30 
0
0
 P      15SET-CABLESGROUP3
0
2
2
29 30 
0
0
 P      15S_SET-94
0
2
1
30 
0
0
_PICKEDSET2
0
2
2
29 30 
0
0
0
PART-CABLE150-3
5
 P       7
0
2
2
13 14 
0
0
 P       7 TIED_SECONDARY_NODES_STD_ L    IS_ L    IT
0
2
1
14 
0
0
 P       7SET-CABLESGROUP3
0
2
2
13 14 
0
0
 P       7S_SET-94
0
2
1
14 
0
0
_PICKEDSET2
0
2
2
13 14 
0
0
0
0
96
M_SET-100_CNS_
1
0
0
1
PART-PIER-1
1
0
1
550
1
M_SET-10_CNS_
1
0
0
1
PART-FLOOR-1
1
0
1
45
1
M_SET-12_CNS_
1
0
0
1
PART-FLOOR-1
1
0
1
62
1
M_SET-13_CNS_
1
0
0
1
PART-FLOOR-1
1
0
1
47
1
M_SET-14_CNS_
1
0
0
1
PART-FLOOR-1
1
0
1
61
1
M_SET-16_CNS_
1
0
0
1
PART-FLOOR-1
1
0
1
41
1
M_SET-18_CNS_
1
0
0
1
PART-FLOOR-1
1
0
1
44
1
M_SET-20_CNS_
1
0
0
1
PART-FLOOR-1
1
0
1
46
1
M_SET-22_CNS_
1
0
0
1
PART-FLOOR-1
1
0
1
48
1
M_SET-24_CNS_
1
0
0
1
PART-FLOOR-1
1
0
1
59
1
M_SET-26_CNS_
1
0
0
1
PART-FLOOR-1
1
0
1
57
1
M_SET-28_CNS_
1
0
0
1
PART-FLOOR-1
1
0
1
55
1
M_SET-30_CNS_
1
0
0
1
PART-FLOOR-1
1
0
1
53
1
M_SET-32_CNS_
1
0
0
1
PART-FLOOR-1
1
0
1
51
1
M_SET-34_CNS_
1
0
0
1
PART-FLOOR-1
1
0
1
60
1
M_SET-36_CNS_
1
0
0
1
PART-FLOOR-1
1
0
1
58
1
M_SET-38_CNS_
1
0
0
1
PART-FLOOR-1
1
0
1
56
1
M_SET-40_CNS_
1
0
0
1
PART-FLOOR-1
1
0
1
54
1
M_SET-42_CNS_
1
0
0
1
PART-FLOOR-1
1
0
1
52
1
M_SET-46_CNS_
1
0
0
1
PART-FLOOR-1
1
0
1
42
1
M_SET-48_CNS_
1
0
0
1
PART-FLOOR-1
1
0
1
43
1
M_SET-50_CNS_
1
0
0
1
PART-FLOOR-1
1
0
1
45
1
M_SET-52_CNS_
1
0
0
1
PART-FLOOR-1
1
0
1
47
1
M_SET-54_CNS_
1
0
0
1
PART-FLOOR-1
1
0
1
49
1
M_SET-56_CNS_
1
0
0
1
PART-FLOOR-1
1
0
1
51
1
M_SET-58_CNS_
1
0
0
1
PART-FLOOR-1
1
0
1
53
1
M_SET-60_CNS_
1
0
0
1
PART-FLOOR-1
1
0
1
55
1
M_SET-62_CNS_
1
0
0
1
PART-FLOOR-1
1
0
1
57
1
M_SET-64_CNS_
1
0
0
1
PART-FLOOR-1
1
0
1
41
1
M_SET-66_CNS_
1
0
0
1
PART-FLOOR-1
1
0
1
44
1
M_SET-68_CNS_
1
0
0
1
PART-FLOOR-1
1
0
1
46
1
M_SET-6_CNS_
1
0
0
1
PART-FLOOR-1
1
0
1
42
1
M_SET-70_CNS_
1
0
0
1
PART-FLOOR-1
1
0
1
48
1
M_SET-72_CNS_
1
0
0
1
PART-FLOOR-1
1
0
1
50
1
M_SET-74_CNS_
1
0
0
1
PART-FLOOR-1
1
0
1
52
1
M_SET-76_CNS_
1
0
0
1
PART-FLOOR-1
1
0
1
54
1
M_SET-78_CNS_
1
0
0
1
PART-FLOOR-1
1
0
1
56
1
M_SET-80_CNS_
1
0
0
1
PART-FLOOR-1
1
0
1
58
1
M_SET-82_CNS_
1
0
0
1
PART-RIVERBANK-2
1
0
1
2873
1
M_SET-84_CNS_
1
0
0
1
PART-RIVERBANK-2
1
0
1
2874
1
M_SET-86_CNS_
1
0
0
1
PART-RIVERBANK-1
1
0
1
2275
1
M_SET-88_CNS_
1
0
0
1
PART-RIVERBANK-1
1
0
1
2272
1
M_SET-8_CNS_
1
0
0
1
PART-FLOOR-1
1
0
1
43
1
M_SET-90_CNS_
1
0
0
1
PART-RIVERBANK-2
1
0
5
2875
1
2876
1
2893
1
2894
1
2895
1
M_SET-92_CNS_
1
0
0
1
PART-RIVERBANK-1
1
0
5
2273
1
2274
1
2304
1
2305
1
2306
1
M_SET-94_CNS_
1
0
0
1
PART-PIER-2
1
0
1
1414
1
M_SET-96_CNS_
1
0
0
1
PART-PIER-2
1
0
1
1414
1
M_SET-98_CNS_
1
0
0
1
PART-PIER-1
1
0
1
550
1
S_SET-100_CNS_
1
0
0
5
PART-CABLE100-2
1
0
1
4
1
PART-CABLE150-2
1
0
1
12
1
PART-CABLE200-2
1
0
1
20
1
PART-CABLE250-2
1
0
1
28
1
PART-CABLE50-2
1
0
1
36
1
S_SET-10_CNS_
1
0
0
1
PART-CABLE100-4
1
0
1
7
1
S_SET-12_CNS_
1
0
0
1
PART-CABLE250-4
1
0
1
31
1
S_SET-13_CNS_
1
0
0
1
PART-CABLE50-4
1
0
1
39
1
S_SET-14_CNS_
1
0
0
1
PART-CABLE250-3
1
0
1
29
1
S_SET-16_CNS_
1
0
0
1
PART-CABLE200-3
1
0
1
21
1
S_SET-18_CNS_
1
0
0
1
PART-CABLE150-3
1
0
1
13
1
S_SET-20_CNS_
1
0
0
1
PART-CABLE100-3
1
0
1
5
1
S_SET-22_CNS_
1
0
0
1
PART-CABLE50-3
1
0
1
37
1
S_SET-24_CNS_
1
0
0
1
PART-CABLE250-2
1
0
1
27
1
S_SET-26_CNS_
1
0
0
1
PART-CABLE200-2
1
0
1
19
1
S_SET-28_CNS_
1
0
0
1
PART-CABLE150-2
1
0
1
11
1
S_SET-30_CNS_
1
0
0
1
PART-CABLE100-2
1
0
1
3
1
S_SET-32_CNS_
1
0
0
1
PART-CABLE50-2
1
0
1
35
1
S_SET-34_CNS_
1
0
0
1
PART-CABLE250-1
1
0
1
25
1
S_SET-36_CNS_
1
0
0
1
PART-CABLE200-1
1
0
1
17
1
S_SET-38_CNS_
1
0
0
1
PART-CABLE150-1
1
0
1
9
1
S_SET-40_CNS_
1
0
0
1
PART-CABLE100-1
1
0
1
1
1
S_SET-42_CNS_
1
0
0
1
PART-CABLE50-1
1
0
1
33
1
S_SET-46_CNS_
1
0
0
1
PART-SUPPORTBEAM-2
1
0
1
3838
1
S_SET-48_CNS_
1
0
0
1
PART-SUPPORTBEAM-2
1
0
1
3840
1
S_SET-50_CNS_
1
0
0
1
PART-SUPPORTBEAM-2
1
0
1
3834
1
S_SET-52_CNS_
1
0
0
1
PART-SUPPORTBEAM-2
1
0
1
3836
1
S_SET-54_CNS_
1
0
0
1
PART-SUPPORTBEAM-2
1
0
1
3830
1
S_SET-56_CNS_
1
0
0
1
PART-SUPPORTBEAM-2
1
0
1
3828
1
S_SET-58_CNS_
1
0
0
1
PART-SUPPORTBEAM-2
1
0
1
3826
1
S_SET-60_CNS_
1
0
0
1
PART-SUPPORTBEAM-2
1
0
1
3825
1
S_SET-62_CNS_
1
0
0
1
PART-SUPPORTBEAM-2
1
0
1
3823
1
S_SET-64_CNS_
1
0
0
1
PART-SUPPORTBEAM-1
1
0
1
3495
1
S_SET-66_CNS_
1
0
0
1
PART-SUPPORTBEAM-1
1
0
1
3497
1
S_SET-68_CNS_
1
0
0
1
PART-SUPPORTBEAM-1
1
0
1
3491
1
S_SET-6_CNS_
1
0
0
1
PART-CABLE200-4
1
0
1
23
1
S_SET-70_CNS_
1
0
0
1
PART-SUPPORTBEAM-1
1
0
1
3493
1
S_SET-72_CNS_
1
0
0
1
PART-SUPPORTBEAM-1
1
0
1
3487
1
S_SET-74_CNS_
1
0
0
1
PART-SUPPORTBEAM-1
1
0
1
3485
1
S_SET-76_CNS_
1
0
0
1
PART-SUPPORTBEAM-1
1
0
1
3483
1
S_SET-78_CNS_
1
0
0
1
PART-SUPPORTBEAM-1
1
0
1
3482
1
S_SET-80_CNS_
1
0
0
1
PART-SUPPORTBEAM-1
1
0
1
3480
1
S_SET-82_CNS_
1
0
0
1
PART-SUPPORTBEAM-2
1
0
1
3839
1
S_SET-84_CNS_
1
0
0
1
PART-SUPPORTBEAM-1
1
0
1
3496
1
S_SET-86_CNS_
1
0
0
1
PART-SUPPORTBEAM-2
1
0
1
3822
1
S_SET-88_CNS_
1
0
0
1
PART-SUPPORTBEAM-1
1
0
1
3479
1
S_SET-8_CNS_
1
0
0
1
PART-CABLE150-4
1
0
1
15
1
S_SET-90_CNS_
1
0
0
1
PART-FLOOR-1
1
0
5
61
1
62
1
264
1
265
1
266
1
S_SET-92_CNS_
1
0
0
1
PART-FLOOR-1
1
0
5
59
1
60
1
243
1
244
1
245
1
S_SET-94_CNS_
1
0
0
5
PART-CABLE100-3
1
0
1
6
1
PART-CABLE150-3
1
0
1
14
1
PART-CABLE200-3
1
0
1
22
1
PART-CABLE250-3
1
0
1
30
1
PART-CABLE50-3
1
0
1
38
1
S_SET-96_CNS_
1
0
0
5
PART-CABLE100-1
1
0
1
2
1
PART-CABLE150-1
1
0
1
10
1
PART-CABLE200-1
1
0
1
18
1
PART-CABLE250-1
1
0
1
26
1
PART-CABLE50-1
1
0
1
34
1
S_SET-98_CNS_
1
0
0
5
PART-CABLE100-4
1
0
1
8
1
PART-CABLE150-4
1
0
1
16
1
PART-CABLE200-4
1
0
1
24
1
PART-CABLE250-4
1
0
1
32
1
PART-CABLE50-4
1
0
1
40
1
