TITLE : H8 Convergence Test - 8x4x1 Mesh
        (17:56:43 on June 14, 2026, Sunday)

C O N T R O L   I N F O R M A T I O N

      NUMBER OF NODAL POINTS . . . . . . . . . . (NUMNP)  =    90
      NUMBER OF ELEMENT GROUPS . . . . . . . . . (NUMEG)  =     1
      NUMBER OF LOAD CASES . . . . . . . . . . . (NLCASE) =     1
      SOLUTION MODE  . . . . . . . . . . . . . . (MODEX)  =     1
         EQ.0, DATA CHECK
         EQ.1, EXECUTION

 N O D A L   P O I N T   D A T A

    NODE       BOUNDARY                         NODAL POINT
   NUMBER  CONDITION  CODES                     COORDINATES
        1    1    1    1    1    1    1       0.00000e+00   -5.00000e-01   -5.00000e-02
        2    1    1    1    1    1    1       0.00000e+00   -5.00000e-01    5.00000e-02
        3    1    1    1    1    1    1       0.00000e+00   -2.50000e-01   -5.00000e-02
        4    1    1    1    1    1    1       0.00000e+00   -2.50000e-01    5.00000e-02
        5    1    1    1    1    1    1       0.00000e+00    0.00000e+00   -5.00000e-02
        6    1    1    1    1    1    1       0.00000e+00    0.00000e+00    5.00000e-02
        7    1    1    1    1    1    1       0.00000e+00    2.50000e-01   -5.00000e-02
        8    1    1    1    1    1    1       0.00000e+00    2.50000e-01    5.00000e-02
        9    1    1    1    1    1    1       0.00000e+00    5.00000e-01   -5.00000e-02
       10    1    1    1    1    1    1       0.00000e+00    5.00000e-01    5.00000e-02
       11    0    0    0    1    1    1       1.25000e+00   -5.00000e-01   -5.00000e-02
       12    0    0    0    1    1    1       1.25000e+00   -5.00000e-01    5.00000e-02
       13    0    0    0    1    1    1       1.25000e+00   -2.50000e-01   -5.00000e-02
       14    0    0    0    1    1    1       1.25000e+00   -2.50000e-01    5.00000e-02
       15    0    0    0    1    1    1       1.25000e+00    0.00000e+00   -5.00000e-02
       16    0    0    0    1    1    1       1.25000e+00    0.00000e+00    5.00000e-02
       17    0    0    0    1    1    1       1.25000e+00    2.50000e-01   -5.00000e-02
       18    0    0    0    1    1    1       1.25000e+00    2.50000e-01    5.00000e-02
       19    0    0    0    1    1    1       1.25000e+00    5.00000e-01   -5.00000e-02
       20    0    0    0    1    1    1       1.25000e+00    5.00000e-01    5.00000e-02
       21    0    0    0    1    1    1       2.50000e+00   -5.00000e-01   -5.00000e-02
       22    0    0    0    1    1    1       2.50000e+00   -5.00000e-01    5.00000e-02
       23    0    0    0    1    1    1       2.50000e+00   -2.50000e-01   -5.00000e-02
       24    0    0    0    1    1    1       2.50000e+00   -2.50000e-01    5.00000e-02
       25    0    0    0    1    1    1       2.50000e+00    0.00000e+00   -5.00000e-02
       26    0    0    0    1    1    1       2.50000e+00    0.00000e+00    5.00000e-02
       27    0    0    0    1    1    1       2.50000e+00    2.50000e-01   -5.00000e-02
       28    0    0    0    1    1    1       2.50000e+00    2.50000e-01    5.00000e-02
       29    0    0    0    1    1    1       2.50000e+00    5.00000e-01   -5.00000e-02
       30    0    0    0    1    1    1       2.50000e+00    5.00000e-01    5.00000e-02
       31    0    0    0    1    1    1       3.75000e+00   -5.00000e-01   -5.00000e-02
       32    0    0    0    1    1    1       3.75000e+00   -5.00000e-01    5.00000e-02
       33    0    0    0    1    1    1       3.75000e+00   -2.50000e-01   -5.00000e-02
       34    0    0    0    1    1    1       3.75000e+00   -2.50000e-01    5.00000e-02
       35    0    0    0    1    1    1       3.75000e+00    0.00000e+00   -5.00000e-02
       36    0    0    0    1    1    1       3.75000e+00    0.00000e+00    5.00000e-02
       37    0    0    0    1    1    1       3.75000e+00    2.50000e-01   -5.00000e-02
       38    0    0    0    1    1    1       3.75000e+00    2.50000e-01    5.00000e-02
       39    0    0    0    1    1    1       3.75000e+00    5.00000e-01   -5.00000e-02
       40    0    0    0    1    1    1       3.75000e+00    5.00000e-01    5.00000e-02
       41    0    0    0    1    1    1       5.00000e+00   -5.00000e-01   -5.00000e-02
       42    0    0    0    1    1    1       5.00000e+00   -5.00000e-01    5.00000e-02
       43    0    0    0    1    1    1       5.00000e+00   -2.50000e-01   -5.00000e-02
       44    0    0    0    1    1    1       5.00000e+00   -2.50000e-01    5.00000e-02
       45    0    0    0    1    1    1       5.00000e+00    0.00000e+00   -5.00000e-02
       46    0    0    0    1    1    1       5.00000e+00    0.00000e+00    5.00000e-02
       47    0    0    0    1    1    1       5.00000e+00    2.50000e-01   -5.00000e-02
       48    0    0    0    1    1    1       5.00000e+00    2.50000e-01    5.00000e-02
       49    0    0    0    1    1    1       5.00000e+00    5.00000e-01   -5.00000e-02
       50    0    0    0    1    1    1       5.00000e+00    5.00000e-01    5.00000e-02
       51    0    0    0    1    1    1       6.25000e+00   -5.00000e-01   -5.00000e-02
       52    0    0    0    1    1    1       6.25000e+00   -5.00000e-01    5.00000e-02
       53    0    0    0    1    1    1       6.25000e+00   -2.50000e-01   -5.00000e-02
       54    0    0    0    1    1    1       6.25000e+00   -2.50000e-01    5.00000e-02
       55    0    0    0    1    1    1       6.25000e+00    0.00000e+00   -5.00000e-02
       56    0    0    0    1    1    1       6.25000e+00    0.00000e+00    5.00000e-02
       57    0    0    0    1    1    1       6.25000e+00    2.50000e-01   -5.00000e-02
       58    0    0    0    1    1    1       6.25000e+00    2.50000e-01    5.00000e-02
       59    0    0    0    1    1    1       6.25000e+00    5.00000e-01   -5.00000e-02
       60    0    0    0    1    1    1       6.25000e+00    5.00000e-01    5.00000e-02
       61    0    0    0    1    1    1       7.50000e+00   -5.00000e-01   -5.00000e-02
       62    0    0    0    1    1    1       7.50000e+00   -5.00000e-01    5.00000e-02
       63    0    0    0    1    1    1       7.50000e+00   -2.50000e-01   -5.00000e-02
       64    0    0    0    1    1    1       7.50000e+00   -2.50000e-01    5.00000e-02
       65    0    0    0    1    1    1       7.50000e+00    0.00000e+00   -5.00000e-02
       66    0    0    0    1    1    1       7.50000e+00    0.00000e+00    5.00000e-02
       67    0    0    0    1    1    1       7.50000e+00    2.50000e-01   -5.00000e-02
       68    0    0    0    1    1    1       7.50000e+00    2.50000e-01    5.00000e-02
       69    0    0    0    1    1    1       7.50000e+00    5.00000e-01   -5.00000e-02
       70    0    0    0    1    1    1       7.50000e+00    5.00000e-01    5.00000e-02
       71    0    0    0    1    1    1       8.75000e+00   -5.00000e-01   -5.00000e-02
       72    0    0    0    1    1    1       8.75000e+00   -5.00000e-01    5.00000e-02
       73    0    0    0    1    1    1       8.75000e+00   -2.50000e-01   -5.00000e-02
       74    0    0    0    1    1    1       8.75000e+00   -2.50000e-01    5.00000e-02
       75    0    0    0    1    1    1       8.75000e+00    0.00000e+00   -5.00000e-02
       76    0    0    0    1    1    1       8.75000e+00    0.00000e+00    5.00000e-02
       77    0    0    0    1    1    1       8.75000e+00    2.50000e-01   -5.00000e-02
       78    0    0    0    1    1    1       8.75000e+00    2.50000e-01    5.00000e-02
       79    0    0    0    1    1    1       8.75000e+00    5.00000e-01   -5.00000e-02
       80    0    0    0    1    1    1       8.75000e+00    5.00000e-01    5.00000e-02
       81    0    0    0    1    1    1       1.00000e+01   -5.00000e-01   -5.00000e-02
       82    0    0    0    1    1    1       1.00000e+01   -5.00000e-01    5.00000e-02
       83    0    0    0    1    1    1       1.00000e+01   -2.50000e-01   -5.00000e-02
       84    0    0    0    1    1    1       1.00000e+01   -2.50000e-01    5.00000e-02
       85    0    0    0    1    1    1       1.00000e+01    0.00000e+00   -5.00000e-02
       86    0    0    0    1    1    1       1.00000e+01    0.00000e+00    5.00000e-02
       87    0    0    0    1    1    1       1.00000e+01    2.50000e-01   -5.00000e-02
       88    0    0    0    1    1    1       1.00000e+01    2.50000e-01    5.00000e-02
       89    0    0    0    1    1    1       1.00000e+01    5.00000e-01   -5.00000e-02
       90    0    0    0    1    1    1       1.00000e+01    5.00000e-01    5.00000e-02

 L O A D   C A S E   D A T A

     LOAD CASE NUMBER . . . . . . . =     1
     NUMBER OF CONCENTRATED LOADS . =    10

    NODE       DIRECTION      LOAD
   NUMBER                   MAGNITUDE
     81            2       -1.00000e+04
     82            2       -1.00000e+04
     83            2       -1.00000e+04
     84            2       -1.00000e+04
     85            2       -1.00000e+04
     86            2       -1.00000e+04
     87            2       -1.00000e+04
     88            2       -1.00000e+04
     89            2       -1.00000e+04
     90            2       -1.00000e+04

 EQUATION NUMBERS

   NODE NUMBER   DEGREES OF FREEDOM
        N           X    Y    Z   RX   RY   RZ
        1           0    0    0    0    0    0
        2           0    0    0    0    0    0
        3           0    0    0    0    0    0
        4           0    0    0    0    0    0
        5           0    0    0    0    0    0
        6           0    0    0    0    0    0
        7           0    0    0    0    0    0
        8           0    0    0    0    0    0
        9           0    0    0    0    0    0
       10           0    0    0    0    0    0
       11           1    2    3    0    0    0
       12           4    5    6    0    0    0
       13           7    8    9    0    0    0
       14          10   11   12    0    0    0
       15          13   14   15    0    0    0
       16          16   17   18    0    0    0
       17          19   20   21    0    0    0
       18          22   23   24    0    0    0
       19          25   26   27    0    0    0
       20          28   29   30    0    0    0
       21          31   32   33    0    0    0
       22          34   35   36    0    0    0
       23          37   38   39    0    0    0
       24          40   41   42    0    0    0
       25          43   44   45    0    0    0
       26          46   47   48    0    0    0
       27          49   50   51    0    0    0
       28          52   53   54    0    0    0
       29          55   56   57    0    0    0
       30          58   59   60    0    0    0
       31          61   62   63    0    0    0
       32          64   65   66    0    0    0
       33          67   68   69    0    0    0
       34          70   71   72    0    0    0
       35          73   74   75    0    0    0
       36          76   77   78    0    0    0
       37          79   80   81    0    0    0
       38          82   83   84    0    0    0
       39          85   86   87    0    0    0
       40          88   89   90    0    0    0
       41          91   92   93    0    0    0
       42          94   95   96    0    0    0
       43          97   98   99    0    0    0
       44         100  101  102    0    0    0
       45         103  104  105    0    0    0
       46         106  107  108    0    0    0
       47         109  110  111    0    0    0
       48         112  113  114    0    0    0
       49         115  116  117    0    0    0
       50         118  119  120    0    0    0
       51         121  122  123    0    0    0
       52         124  125  126    0    0    0
       53         127  128  129    0    0    0
       54         130  131  132    0    0    0
       55         133  134  135    0    0    0
       56         136  137  138    0    0    0
       57         139  140  141    0    0    0
       58         142  143  144    0    0    0
       59         145  146  147    0    0    0
       60         148  149  150    0    0    0
       61         151  152  153    0    0    0
       62         154  155  156    0    0    0
       63         157  158  159    0    0    0
       64         160  161  162    0    0    0
       65         163  164  165    0    0    0
       66         166  167  168    0    0    0
       67         169  170  171    0    0    0
       68         172  173  174    0    0    0
       69         175  176  177    0    0    0
       70         178  179  180    0    0    0
       71         181  182  183    0    0    0
       72         184  185  186    0    0    0
       73         187  188  189    0    0    0
       74         190  191  192    0    0    0
       75         193  194  195    0    0    0
       76         196  197  198    0    0    0
       77         199  200  201    0    0    0
       78         202  203  204    0    0    0
       79         205  206  207    0    0    0
       80         208  209  210    0    0    0
       81         211  212  213    0    0    0
       82         214  215  216    0    0    0
       83         217  218  219    0    0    0
       84         220  221  222    0    0    0
       85         223  224  225    0    0    0
       86         226  227  228    0    0    0
       87         229  230  231    0    0    0
       88         232  233  234    0    0    0
       89         235  236  237    0    0    0
       90         238  239  240    0    0    0

 E L E M E N T   G R O U P   D A T A


 E L E M E N T   D E F I N I T I O N

 ELEMENT TYPE  . . . . . . . . . . . . .( NPAR(1) ) . . =    5
     EQ.1, TRUSS ELEMENTS
     EQ.2, FOUR-NODE PLANE ELEMENTS (FULL INTEGRATION)
     EQ.3, FOUR-NODE PLANE ELEMENTS (REDUCED INTEGRATION)
     EQ.4, THREE-NODE TRIANGULAR PLANE ELEMENTS (CST)
     EQ.5, EIGHT-NODE HEXAHEDRAL ELEMENTS
     EQ.6, TWO-NODE BEAM ELEMENTS
     EQ.7, FOUR-NODE PLATE BENDING ELEMENTS
     EQ.9, TWO-NODE 3D EULER-BERNOULLI BEAM ELEMENTS
     EQ.10, FOUR-NODE FLAT SHELL ELEMENTS
     EQ.11, TWO-NODE 3D TIMOSHENKO BEAM ELEMENTS
     EQ.12, EIGHT-NODE REDUCED-INTEGRATION HEXAHEDRAL ELEMENTS
     EQ.14, PIER-LOCAL REDUCED-INTEGRATION HEXAHEDRAL ELEMENTS

 NUMBER OF ELEMENTS. . . . . . . . . . .( NPAR(2) ) . . =   32

 M A T E R I A L   D E F I N I T I O N

 NUMBER OF DIFFERENT SETS OF MATERIAL
 AND SECTION CONSTANTS  . . . . . . .( NPAR(3) ) . . =    1

  SET       YOUNG'S     POISSON'S
 NUMBER     MODULUS       RATIO
               E            Nu
    1     2.00000e+11     3.00000e-01


 E L E M E N T   I N F O R M A T I O N
 ELEMENT      N1        N2        N3        N4
 NUMBER-N     N5        N6        N7        N8       MATERIAL
                                                      SET NUMBER
    1        1       11       13        3        2       12       14        4           1
    2        3       13       15        5        4       14       16        6           1
    3        5       15       17        7        6       16       18        8           1
    4        7       17       19        9        8       18       20       10           1
    5       11       21       23       13       12       22       24       14           1
    6       13       23       25       15       14       24       26       16           1
    7       15       25       27       17       16       26       28       18           1
    8       17       27       29       19       18       28       30       20           1
    9       21       31       33       23       22       32       34       24           1
   10       23       33       35       25       24       34       36       26           1
   11       25       35       37       27       26       36       38       28           1
   12       27       37       39       29       28       38       40       30           1
   13       31       41       43       33       32       42       44       34           1
   14       33       43       45       35       34       44       46       36           1
   15       35       45       47       37       36       46       48       38           1
   16       37       47       49       39       38       48       50       40           1
   17       41       51       53       43       42       52       54       44           1
   18       43       53       55       45       44       54       56       46           1
   19       45       55       57       47       46       56       58       48           1
   20       47       57       59       49       48       58       60       50           1
   21       51       61       63       53       52       62       64       54           1
   22       53       63       65       55       54       64       66       56           1
   23       55       65       67       57       56       66       68       58           1
   24       57       67       69       59       58       68       70       60           1
   25       61       71       73       63       62       72       74       64           1
   26       63       73       75       65       64       74       76       66           1
   27       65       75       77       67       66       76       78       68           1
   28       67       77       79       69       68       78       80       70           1
   29       71       81       83       73       72       82       84       74           1
   30       73       83       85       75       74       84       86       76           1
   31       75       85       87       77       76       86       88       78           1
   32       77       87       89       79       78       88       90       80           1

	TOTAL SYSTEM DATA

     NUMBER OF EQUATIONS . . . . . . . . . . . . . .(NEQ) = 240
     NUMBER OF MATRIX ELEMENTS . . . . . . . . . . .(NWK) = 8292
     MAXIMUM HALF BANDWIDTH  . . . . . . . . . . . .(MK ) = 42
     MEAN HALF BANDWIDTH . . . . . . . . . . . . . .(MM ) = 34


 LOAD CASE    1


 D I S P L A C E M E N T S

  NODE           X-DISPLACEMENT    Y-DISPLACEMENT    Z-DISPLACEMENT    RX-ROTATION      RY-ROTATION      RZ-ROTATION
    1               0.00000e+00       0.00000e+00       0.00000e+00       0.00000e+00       0.00000e+00       0.00000e+00
    2               0.00000e+00       0.00000e+00       0.00000e+00       0.00000e+00       0.00000e+00       0.00000e+00
    3               0.00000e+00       0.00000e+00       0.00000e+00       0.00000e+00       0.00000e+00       0.00000e+00
    4               0.00000e+00       0.00000e+00       0.00000e+00       0.00000e+00       0.00000e+00       0.00000e+00
    5               0.00000e+00       0.00000e+00       0.00000e+00       0.00000e+00       0.00000e+00       0.00000e+00
    6               0.00000e+00       0.00000e+00       0.00000e+00       0.00000e+00       0.00000e+00       0.00000e+00
    7               0.00000e+00       0.00000e+00       0.00000e+00       0.00000e+00       0.00000e+00       0.00000e+00
    8               0.00000e+00       0.00000e+00       0.00000e+00       0.00000e+00       0.00000e+00       0.00000e+00
    9               0.00000e+00       0.00000e+00       0.00000e+00       0.00000e+00       0.00000e+00       0.00000e+00
   10               0.00000e+00       0.00000e+00       0.00000e+00       0.00000e+00       0.00000e+00       0.00000e+00
   11              -3.71317e-04      -5.05658e-04      -8.64602e-06       0.00000e+00       0.00000e+00       0.00000e+00
   12              -3.71317e-04      -5.05658e-04       8.64602e-06       0.00000e+00       0.00000e+00       0.00000e+00
   13              -1.81722e-04      -4.74998e-04      -4.57127e-06       0.00000e+00       0.00000e+00       0.00000e+00
   14              -1.81722e-04      -4.74998e-04       4.57127e-06       0.00000e+00       0.00000e+00       0.00000e+00
   15              -3.57570e-14      -4.65931e-04      -4.46340e-13       0.00000e+00       0.00000e+00       0.00000e+00
   16               3.57533e-14      -4.65931e-04      -4.46338e-13       0.00000e+00       0.00000e+00       0.00000e+00
   17               1.81722e-04      -4.74998e-04       4.57127e-06       0.00000e+00       0.00000e+00       0.00000e+00
   18               1.81722e-04      -4.74998e-04      -4.57127e-06       0.00000e+00       0.00000e+00       0.00000e+00
   19               3.71317e-04      -5.05658e-04       8.64602e-06       0.00000e+00       0.00000e+00       0.00000e+00
   20               3.71317e-04      -5.05658e-04      -8.64602e-06       0.00000e+00       0.00000e+00       0.00000e+00
   21              -6.94300e-04      -1.82992e-03       6.58256e-07       0.00000e+00       0.00000e+00       0.00000e+00
   22              -6.94300e-04      -1.82992e-03      -6.58257e-07       0.00000e+00       0.00000e+00       0.00000e+00
   23              -3.49685e-04      -1.82907e-03       7.09637e-07       0.00000e+00       0.00000e+00       0.00000e+00
   24              -3.49685e-04      -1.82907e-03      -7.09640e-07       0.00000e+00       0.00000e+00       0.00000e+00
   25              -6.30524e-14      -1.82660e-03      -1.68169e-12       0.00000e+00       0.00000e+00       0.00000e+00
   26               6.30436e-14      -1.82660e-03      -1.68170e-12       0.00000e+00       0.00000e+00       0.00000e+00
   27               3.49685e-04      -1.82907e-03      -7.09640e-07       0.00000e+00       0.00000e+00       0.00000e+00
   28               3.49685e-04      -1.82907e-03       7.09636e-07       0.00000e+00       0.00000e+00       0.00000e+00
   29               6.94300e-04      -1.82992e-03      -6.58259e-07       0.00000e+00       0.00000e+00       0.00000e+00
   30               6.94300e-04      -1.82992e-03       6.58254e-07       0.00000e+00       0.00000e+00       0.00000e+00
   31              -9.70851e-04      -3.94386e-03      -7.11113e-06       0.00000e+00       0.00000e+00       0.00000e+00
   32              -9.70851e-04      -3.94386e-03       7.11112e-06       0.00000e+00       0.00000e+00       0.00000e+00
   33              -4.80182e-04      -3.92194e-03      -3.96481e-06       0.00000e+00       0.00000e+00       0.00000e+00
   34              -4.80182e-04      -3.92194e-03       3.96480e-06       0.00000e+00       0.00000e+00       0.00000e+00
   35              -8.30915e-14      -3.91768e-03      -3.50850e-12       0.00000e+00       0.00000e+00       0.00000e+00
   36               8.30809e-14      -3.91768e-03      -3.50849e-12       0.00000e+00       0.00000e+00       0.00000e+00
   37               4.80182e-04      -3.92194e-03       3.96480e-06       0.00000e+00       0.00000e+00       0.00000e+00
   38               4.80182e-04      -3.92194e-03      -3.96481e-06       0.00000e+00       0.00000e+00       0.00000e+00
   39               9.70851e-04      -3.94386e-03       7.11112e-06       0.00000e+00       0.00000e+00       0.00000e+00
   40               9.70851e-04      -3.94386e-03      -7.11113e-06       0.00000e+00       0.00000e+00       0.00000e+00
   41              -1.19113e-03      -6.64576e-03       1.66775e-06       0.00000e+00       0.00000e+00       0.00000e+00
   42              -1.19113e-03      -6.64576e-03      -1.66776e-06       0.00000e+00       0.00000e+00       0.00000e+00
   43              -5.98674e-04      -6.64607e-03       1.21707e-06       0.00000e+00       0.00000e+00       0.00000e+00
   44              -5.98674e-04      -6.64607e-03      -1.21707e-06       0.00000e+00       0.00000e+00       0.00000e+00
   45              -9.45136e-14      -6.64240e-03      -5.72848e-12       0.00000e+00       0.00000e+00       0.00000e+00
   46               9.45084e-14      -6.64240e-03      -5.72846e-12       0.00000e+00       0.00000e+00       0.00000e+00
   47               5.98674e-04      -6.64607e-03      -1.21708e-06       0.00000e+00       0.00000e+00       0.00000e+00
   48               5.98674e-04      -6.64607e-03       1.21706e-06       0.00000e+00       0.00000e+00       0.00000e+00
   49               1.19113e-03      -6.64576e-03      -1.66776e-06       0.00000e+00       0.00000e+00       0.00000e+00
   50               1.19113e-03      -6.64576e-03       1.66775e-06       0.00000e+00       0.00000e+00       0.00000e+00
   51              -1.37012e-03      -9.87421e-03      -5.85240e-06       0.00000e+00       0.00000e+00       0.00000e+00
   52              -1.37012e-03      -9.87421e-03       5.85239e-06       0.00000e+00       0.00000e+00       0.00000e+00
   53              -6.79592e-04      -9.85930e-03      -3.22699e-06       0.00000e+00       0.00000e+00       0.00000e+00
   54              -6.79592e-04      -9.85930e-03       3.22698e-06       0.00000e+00       0.00000e+00       0.00000e+00
   55              -1.00323e-13      -9.85872e-03      -8.16449e-12       0.00000e+00       0.00000e+00       0.00000e+00
   56               1.00312e-13      -9.85872e-03      -8.16453e-12       0.00000e+00       0.00000e+00       0.00000e+00
   57               6.79592e-04      -9.85930e-03       3.22698e-06       0.00000e+00       0.00000e+00       0.00000e+00
   58               6.79592e-04      -9.85930e-03      -3.22700e-06       0.00000e+00       0.00000e+00       0.00000e+00
   59               1.37012e-03      -9.87421e-03       5.85239e-06       0.00000e+00       0.00000e+00       0.00000e+00
   60               1.37012e-03      -9.87421e-03      -5.85241e-06       0.00000e+00       0.00000e+00       0.00000e+00
   61              -1.48926e-03      -1.34522e-02       2.91421e-06       0.00000e+00       0.00000e+00       0.00000e+00
   62              -1.48926e-03      -1.34522e-02      -2.91422e-06       0.00000e+00       0.00000e+00       0.00000e+00
   63              -7.47897e-04      -1.34551e-02       1.64236e-06       0.00000e+00       0.00000e+00       0.00000e+00
   64              -7.47897e-04      -1.34551e-02      -1.64238e-06       0.00000e+00       0.00000e+00       0.00000e+00
   65              -1.00866e-13      -1.34511e-02      -1.06789e-11       0.00000e+00       0.00000e+00       0.00000e+00
   66               1.00883e-13      -1.34511e-02      -1.06788e-11       0.00000e+00       0.00000e+00       0.00000e+00
   67               7.47897e-04      -1.34551e-02      -1.64238e-06       0.00000e+00       0.00000e+00       0.00000e+00
   68               7.47897e-04      -1.34551e-02       1.64236e-06       0.00000e+00       0.00000e+00       0.00000e+00
   69               1.48926e-03      -1.34522e-02      -2.91423e-06       0.00000e+00       0.00000e+00       0.00000e+00
   70               1.48926e-03      -1.34522e-02       2.91420e-06       0.00000e+00       0.00000e+00       0.00000e+00
   71              -1.57005e-03      -1.72999e-02      -4.81908e-06       0.00000e+00       0.00000e+00       0.00000e+00
   72              -1.57005e-03      -1.72999e-02       4.81906e-06       0.00000e+00       0.00000e+00       0.00000e+00
   73              -7.79256e-04      -1.72909e-02      -2.43916e-06       0.00000e+00       0.00000e+00       0.00000e+00
   74              -7.79256e-04      -1.72909e-02       2.43914e-06       0.00000e+00       0.00000e+00       0.00000e+00
   75              -9.79321e-14      -1.72933e-02      -1.31640e-11       0.00000e+00       0.00000e+00       0.00000e+00
   76               9.79405e-14      -1.72933e-02      -1.31641e-11       0.00000e+00       0.00000e+00       0.00000e+00
   77               7.79256e-04      -1.72909e-02       2.43913e-06       0.00000e+00       0.00000e+00       0.00000e+00
   78               7.79256e-04      -1.72909e-02      -2.43916e-06       0.00000e+00       0.00000e+00       0.00000e+00
   79               1.57005e-03      -1.72999e-02       4.81905e-06       0.00000e+00       0.00000e+00       0.00000e+00
   80               1.57005e-03      -1.72999e-02      -4.81908e-06       0.00000e+00       0.00000e+00       0.00000e+00
   81              -1.58799e-03      -2.12537e-02       4.39609e-06       0.00000e+00       0.00000e+00       0.00000e+00
   82              -1.58799e-03      -2.12537e-02      -4.39611e-06       0.00000e+00       0.00000e+00       0.00000e+00
   83              -7.97875e-04      -2.12601e-02       2.03655e-06       0.00000e+00       0.00000e+00       0.00000e+00
   84              -7.97875e-04      -2.12601e-02      -2.03658e-06       0.00000e+00       0.00000e+00       0.00000e+00
   85              -9.67199e-14      -2.12563e-02      -1.55979e-11       0.00000e+00       0.00000e+00       0.00000e+00
   86               9.67122e-14      -2.12563e-02      -1.55978e-11       0.00000e+00       0.00000e+00       0.00000e+00
   87               7.97875e-04      -2.12601e-02      -2.03658e-06       0.00000e+00       0.00000e+00       0.00000e+00
   88               7.97875e-04      -2.12601e-02       2.03655e-06       0.00000e+00       0.00000e+00       0.00000e+00
   89               1.58799e-03      -2.12537e-02      -4.39612e-06       0.00000e+00       0.00000e+00       0.00000e+00
   90               1.58799e-03      -2.12537e-02       4.39608e-06       0.00000e+00       0.00000e+00       0.00000e+00

 S T R E S S  C A L C U L A T I O N S  F O R  E L E M E N T  G R O U P    1

  ELEMENT          SIGMA-X          SIGMA-Y          SIGMA-Z
                    TAU-XY           TAU-YZ           TAU-ZX
  NUMBER
    1      -4.48572e+07      -1.39007e+06      -6.56895e+05
           -1.00560e+06      -4.35766e-07       6.79755e-06
    2      -1.48406e+07      -8.67980e+05      -1.41293e+05
           -9.94396e+05       3.26949e-06      -7.26531e-06
    3       1.48406e+07       8.67980e+05       1.41293e+05
           -9.94396e+05       1.87155e-06      -7.43863e-06
    4       4.48572e+07       1.39007e+06       6.56895e+05
           -1.00560e+06      -1.01123e-07      -1.42100e-05
    5      -3.87634e+07       1.14402e+06       5.63587e+05
           -2.24290e+05       1.06544e-06       3.51489e-06
    6      -1.31991e+07       6.85654e+05       1.07608e+05
           -1.77571e+06      -1.51768e-06      -9.69430e-06
    7       1.31991e+07      -6.85654e+05      -1.07608e+05
           -1.77571e+06      -1.19757e-06       2.91233e-07
    8       3.87634e+07      -1.14402e+06      -5.63587e+05
           -2.24290e+05      -1.67843e-07      -1.66648e-05
    9      -3.29794e+07      -9.22446e+05      -4.62521e+05
           -9.35189e+05      -1.27220e-06       3.28521e-06
   10      -1.06240e+07      -5.24567e+05      -8.93947e+04
           -1.06481e+06       1.47723e-06      -1.13508e-05
   11       1.06240e+07       5.24567e+05       8.93947e+04
           -1.06481e+06       1.33727e-06      -8.96293e-07
   12       3.29794e+07       9.22446e+05       4.62521e+05
           -9.35189e+05       8.25662e-07      -1.51138e-05
   13      -2.67691e+07       7.28434e+05       3.78906e+05
           -3.21003e+05       8.81566e-07       1.17476e-06
   14      -9.34434e+06       3.88937e+05       6.11155e+04
           -1.67900e+06      -4.84763e-07      -1.39400e-05
   15       9.34434e+06      -3.88937e+05      -6.11155e+04
           -1.67900e+06      -5.85235e-07       2.02192e-06
   16       2.67691e+07      -7.28434e+05      -3.78906e+05
           -3.21003e+05      -3.75301e-07      -1.05734e-05
   17      -2.10484e+07      -5.62972e+05      -2.88868e+05
           -8.24210e+05      -2.39059e-07       4.11441e-06
   18      -6.57134e+06      -2.80625e+05      -4.56739e+04
           -1.17579e+06       1.62839e-06      -7.01193e-06
   19       6.57134e+06       2.80625e+05       4.56739e+04
           -1.17579e+06       6.28889e-07       2.41626e-06
   20       2.10484e+07       5.62972e+05       2.88868e+05
           -8.24210e+05      -1.51788e-06      -1.48953e-05
   21      -1.48050e+07       4.25979e+05       2.09086e+05
           -4.39493e+05      -1.62458e-06       7.34720e-06
   22      -5.39655e+06       2.00276e+05       2.57317e+04
           -1.56051e+06      -1.99952e-06      -1.19808e-05
   23       5.39655e+06      -2.00276e+05      -2.57317e+04
           -1.56051e+06       4.46191e-07       1.40864e-06
   24       1.48050e+07      -4.25979e+05      -2.09086e+05
           -4.39493e+05       6.50521e-07      -1.19129e-05
   25      -9.10483e+06      -3.17091e+05      -1.24947e+05
           -7.00941e+05       6.31170e-07       4.53084e-06
   26      -2.55764e+06      -1.48196e+05      -1.49748e+04
           -1.29906e+06       1.58356e-06      -2.73419e-06
   27       2.55764e+06       1.48196e+05       1.49748e+04
           -1.29906e+06      -1.54812e-06       3.67899e-06
   28       9.10483e+06       3.17091e+05       1.24947e+05
           -7.00941e+05       1.03416e-06      -5.64453e-06
   29      -2.84033e+06       2.36252e+05       4.43238e+04
           -5.67842e+05       2.75644e-07      -3.03419e-06
   30      -1.45062e+06       1.25006e+05       4.90192e+03
           -1.43216e+06      -5.70249e-07      -1.87611e-06
   31       1.45062e+06      -1.25006e+05      -4.90192e+03
           -1.43216e+06       9.06977e-07       5.51317e-06
   32       2.84033e+06      -2.36252e+05      -4.43238e+04
           -5.67842e+05       4.17001e-07       4.77385e-06

     DISPLACEMENT CSV = D:\STAPpp-master\STAPpp\data\H8\convergence\h8_conv_8x4x1.displacements.csv


 S O L U T I O N   T I M E   L O G   I N   S E C 

     READ_TIME = 5.00000e-03
     MPC_ALIAS_TIME = 0.00000e+00
     CSR_PATTERN_TIME = 0.00000e+00
     CSR_ASSEMBLY_TIME = 0.00000e+00
     ELEMENT_VALUE_ASSEMBLY_TIME = 0.00000e+00
     MPC_VALUE_ASSEMBLY_TIME = 0.00000e+00
     ELEMENT_STIFFNESS_TIME = 0.00000e+00
     PATTERN_INSERT_TIME = 0.00000e+00
     VALUE_INSERT_TIME = 0.00000e+00
     ACTIVE_DOF_PACK_TIME = 0.00000e+00
     MPC_PATTERN_TIME = 0.00000e+00
     EXPORT_UPPER_CSR_TIME = 0.00000e+00
     SYMMETRY_CHECK_TIME = 0.00000e+00
     SCALING_TIME = 0.00000e+00
     PRECOND_SETUP_TIME = 0.00000e+00
     ITER_SOLVE_TIME = 0.00000e+00
     RESIDUAL_CHECK_TIME = 0.00000e+00
     CSV_WRITE_TIME = 1.00000e-03
     TOTAL_TIME = 9.00000e-03

