TITLE : H8 Convergence Test - 4x2x1 Mesh
        (17:56:43 on June 14, 2026, Sunday)

C O N T R O L   I N F O R M A T I O N

      NUMBER OF NODAL POINTS . . . . . . . . . . (NUMNP)  =    30
      NUMBER OF ELEMENT GROUPS . . . . . . . . . (NUMEG)  =     1
      NUMBER OF LOAD CASES . . . . . . . . . . . (NLCASE) =     1
      SOLUTION MODE  . . . . . . . . . . . . . . (MODEX)  =     1
         EQ.0, DATA CHECK
         EQ.1, EXECUTION

 N O D A L   P O I N T   D A T A

    NODE       BOUNDARY                         NODAL POINT
   NUMBER  CONDITION  CODES                     COORDINATES
        1    1    1    1    1    1    1       0.00000e+00   -5.00000e-01   -5.00000e-02
        2    1    1    1    1    1    1       0.00000e+00   -5.00000e-01    5.00000e-02
        3    1    1    1    1    1    1       0.00000e+00    0.00000e+00   -5.00000e-02
        4    1    1    1    1    1    1       0.00000e+00    0.00000e+00    5.00000e-02
        5    1    1    1    1    1    1       0.00000e+00    5.00000e-01   -5.00000e-02
        6    1    1    1    1    1    1       0.00000e+00    5.00000e-01    5.00000e-02
        7    0    0    0    1    1    1       2.50000e+00   -5.00000e-01   -5.00000e-02
        8    0    0    0    1    1    1       2.50000e+00   -5.00000e-01    5.00000e-02
        9    0    0    0    1    1    1       2.50000e+00    0.00000e+00   -5.00000e-02
       10    0    0    0    1    1    1       2.50000e+00    0.00000e+00    5.00000e-02
       11    0    0    0    1    1    1       2.50000e+00    5.00000e-01   -5.00000e-02
       12    0    0    0    1    1    1       2.50000e+00    5.00000e-01    5.00000e-02
       13    0    0    0    1    1    1       5.00000e+00   -5.00000e-01   -5.00000e-02
       14    0    0    0    1    1    1       5.00000e+00   -5.00000e-01    5.00000e-02
       15    0    0    0    1    1    1       5.00000e+00    0.00000e+00   -5.00000e-02
       16    0    0    0    1    1    1       5.00000e+00    0.00000e+00    5.00000e-02
       17    0    0    0    1    1    1       5.00000e+00    5.00000e-01   -5.00000e-02
       18    0    0    0    1    1    1       5.00000e+00    5.00000e-01    5.00000e-02
       19    0    0    0    1    1    1       7.50000e+00   -5.00000e-01   -5.00000e-02
       20    0    0    0    1    1    1       7.50000e+00   -5.00000e-01    5.00000e-02
       21    0    0    0    1    1    1       7.50000e+00    0.00000e+00   -5.00000e-02
       22    0    0    0    1    1    1       7.50000e+00    0.00000e+00    5.00000e-02
       23    0    0    0    1    1    1       7.50000e+00    5.00000e-01   -5.00000e-02
       24    0    0    0    1    1    1       7.50000e+00    5.00000e-01    5.00000e-02
       25    0    0    0    1    1    1       1.00000e+01   -5.00000e-01   -5.00000e-02
       26    0    0    0    1    1    1       1.00000e+01   -5.00000e-01    5.00000e-02
       27    0    0    0    1    1    1       1.00000e+01    0.00000e+00   -5.00000e-02
       28    0    0    0    1    1    1       1.00000e+01    0.00000e+00    5.00000e-02
       29    0    0    0    1    1    1       1.00000e+01    5.00000e-01   -5.00000e-02
       30    0    0    0    1    1    1       1.00000e+01    5.00000e-01    5.00000e-02

 L O A D   C A S E   D A T A

     LOAD CASE NUMBER . . . . . . . =     1
     NUMBER OF CONCENTRATED LOADS . =     6

    NODE       DIRECTION      LOAD
   NUMBER                   MAGNITUDE
     25            2       -1.66667e+04
     26            2       -1.66667e+04
     27            2       -1.66667e+04
     28            2       -1.66667e+04
     29            2       -1.66667e+04
     30            2       -1.66667e+04

 EQUATION NUMBERS

   NODE NUMBER   DEGREES OF FREEDOM
        N           X    Y    Z   RX   RY   RZ
        1           0    0    0    0    0    0
        2           0    0    0    0    0    0
        3           0    0    0    0    0    0
        4           0    0    0    0    0    0
        5           0    0    0    0    0    0
        6           0    0    0    0    0    0
        7           1    2    3    0    0    0
        8           4    5    6    0    0    0
        9           7    8    9    0    0    0
       10          10   11   12    0    0    0
       11          13   14   15    0    0    0
       12          16   17   18    0    0    0
       13          19   20   21    0    0    0
       14          22   23   24    0    0    0
       15          25   26   27    0    0    0
       16          28   29   30    0    0    0
       17          31   32   33    0    0    0
       18          34   35   36    0    0    0
       19          37   38   39    0    0    0
       20          40   41   42    0    0    0
       21          43   44   45    0    0    0
       22          46   47   48    0    0    0
       23          49   50   51    0    0    0
       24          52   53   54    0    0    0
       25          55   56   57    0    0    0
       26          58   59   60    0    0    0
       27          61   62   63    0    0    0
       28          64   65   66    0    0    0
       29          67   68   69    0    0    0
       30          70   71   72    0    0    0

 E L E M E N T   G R O U P   D A T A


 E L E M E N T   D E F I N I T I O N

 ELEMENT TYPE  . . . . . . . . . . . . .( NPAR(1) ) . . =    5
     EQ.1, TRUSS ELEMENTS
     EQ.2, FOUR-NODE PLANE ELEMENTS (FULL INTEGRATION)
     EQ.3, FOUR-NODE PLANE ELEMENTS (REDUCED INTEGRATION)
     EQ.4, THREE-NODE TRIANGULAR PLANE ELEMENTS (CST)
     EQ.5, EIGHT-NODE HEXAHEDRAL ELEMENTS
     EQ.6, TWO-NODE BEAM ELEMENTS
     EQ.7, FOUR-NODE PLATE BENDING ELEMENTS
     EQ.9, TWO-NODE 3D EULER-BERNOULLI BEAM ELEMENTS
     EQ.10, FOUR-NODE FLAT SHELL ELEMENTS
     EQ.11, TWO-NODE 3D TIMOSHENKO BEAM ELEMENTS
     EQ.12, EIGHT-NODE REDUCED-INTEGRATION HEXAHEDRAL ELEMENTS
     EQ.14, PIER-LOCAL REDUCED-INTEGRATION HEXAHEDRAL ELEMENTS

 NUMBER OF ELEMENTS. . . . . . . . . . .( NPAR(2) ) . . =    8

 M A T E R I A L   D E F I N I T I O N

 NUMBER OF DIFFERENT SETS OF MATERIAL
 AND SECTION CONSTANTS  . . . . . . .( NPAR(3) ) . . =    1

  SET       YOUNG'S     POISSON'S
 NUMBER     MODULUS       RATIO
               E            Nu
    1     2.00000e+11     3.00000e-01


 E L E M E N T   I N F O R M A T I O N
 ELEMENT      N1        N2        N3        N4
 NUMBER-N     N5        N6        N7        N8       MATERIAL
                                                      SET NUMBER
    1        1        7        9        3        2        8       10        4           1
    2        3        9       11        5        4       10       12        6           1
    3        7       13       15        9        8       14       16       10           1
    4        9       15       17       11       10       16       18       12           1
    5       13       19       21       15       14       20       22       16           1
    6       15       21       23       17       16       22       24       18           1
    7       19       25       27       21       20       26       28       22           1
    8       21       27       29       23       22       28       30       24           1

	TOTAL SYSTEM DATA

     NUMBER OF EQUATIONS . . . . . . . . . . . . . .(NEQ) = 72
     NUMBER OF MATRIX ELEMENTS . . . . . . . . . . .(NWK) = 1512
     MAXIMUM HALF BANDWIDTH  . . . . . . . . . . . .(MK ) = 30
     MEAN HALF BANDWIDTH . . . . . . . . . . . . . .(MM ) = 21


 LOAD CASE    1


 D I S P L A C E M E N T S

  NODE           X-DISPLACEMENT    Y-DISPLACEMENT    Z-DISPLACEMENT    RX-ROTATION      RY-ROTATION      RZ-ROTATION
    1               0.00000e+00       0.00000e+00       0.00000e+00       0.00000e+00       0.00000e+00       0.00000e+00
    2               0.00000e+00       0.00000e+00       0.00000e+00       0.00000e+00       0.00000e+00       0.00000e+00
    3               0.00000e+00       0.00000e+00       0.00000e+00       0.00000e+00       0.00000e+00       0.00000e+00
    4               0.00000e+00       0.00000e+00       0.00000e+00       0.00000e+00       0.00000e+00       0.00000e+00
    5               0.00000e+00       0.00000e+00       0.00000e+00       0.00000e+00       0.00000e+00       0.00000e+00
    6               0.00000e+00       0.00000e+00       0.00000e+00       0.00000e+00       0.00000e+00       0.00000e+00
    7              -8.53062e-04      -2.19029e-03      -1.00698e-05       0.00000e+00       0.00000e+00       0.00000e+00
    8              -8.53062e-04      -2.19029e-03       1.00698e-05       0.00000e+00       0.00000e+00       0.00000e+00
    9              -2.26828e-15      -2.14002e-03      -5.52357e-14       0.00000e+00       0.00000e+00       0.00000e+00
   10               2.18715e-15      -2.14002e-03      -5.52374e-14       0.00000e+00       0.00000e+00       0.00000e+00
   11               8.53062e-04      -2.19029e-03       1.00698e-05       0.00000e+00       0.00000e+00       0.00000e+00
   12               8.53062e-04      -2.19029e-03      -1.00698e-05       0.00000e+00       0.00000e+00       0.00000e+00
   13              -1.46972e-03      -7.99834e-03       2.54479e-06       0.00000e+00       0.00000e+00       0.00000e+00
   14              -1.46972e-03      -7.99834e-03      -2.54479e-06       0.00000e+00       0.00000e+00       0.00000e+00
   15              -3.42153e-15      -8.01089e-03      -1.96909e-13       0.00000e+00       0.00000e+00       0.00000e+00
   16               3.34693e-15      -8.01089e-03      -1.96868e-13       0.00000e+00       0.00000e+00       0.00000e+00
   17               1.46972e-03      -7.99834e-03      -2.54479e-06       0.00000e+00       0.00000e+00       0.00000e+00
   18               1.46972e-03      -7.99834e-03       2.54479e-06       0.00000e+00       0.00000e+00       0.00000e+00
   19              -1.83503e-03      -1.63160e-02      -6.87123e-06       0.00000e+00       0.00000e+00       0.00000e+00
   20              -1.83503e-03      -1.63160e-02       6.87123e-06       0.00000e+00       0.00000e+00       0.00000e+00
   21              -5.51528e-15      -1.62821e-02      -4.18013e-13       0.00000e+00       0.00000e+00       0.00000e+00
   22               5.53680e-15      -1.62821e-02      -4.18012e-13       0.00000e+00       0.00000e+00       0.00000e+00
   23               1.83503e-03      -1.63160e-02       6.87123e-06       0.00000e+00       0.00000e+00       0.00000e+00
   24               1.83503e-03      -1.63160e-02      -6.87123e-06       0.00000e+00       0.00000e+00       0.00000e+00
   25              -1.95882e-03      -2.58031e-02       5.37884e-06       0.00000e+00       0.00000e+00       0.00000e+00
   26              -1.95882e-03      -2.58031e-02      -5.37884e-06       0.00000e+00       0.00000e+00       0.00000e+00
   27              -7.31186e-15      -2.58292e-02      -7.37521e-13       0.00000e+00       0.00000e+00       0.00000e+00
   28               7.04731e-15      -2.58292e-02      -7.37479e-13       0.00000e+00       0.00000e+00       0.00000e+00
   29               1.95882e-03      -2.58031e-02      -5.37884e-06       0.00000e+00       0.00000e+00       0.00000e+00
   30               1.95882e-03      -2.58031e-02       5.37884e-06       0.00000e+00       0.00000e+00       0.00000e+00

 S T R E S S  C A L C U L A T I O N S  F O R  E L E M E N T  G R O U P    1

  ELEMENT          SIGMA-X          SIGMA-Y          SIGMA-Z
                    TAU-XY           TAU-YZ           TAU-ZX
  NUMBER
    1      -3.43249e+07      -3.43937e+05      -3.30892e+05
           -1.00000e+06      -1.21323e-06       2.03922e-06
    2       3.43249e+07       3.43937e+05       3.30892e+05
           -1.00000e+06       5.00401e-08      -4.29346e-06
    3      -2.45123e+07       2.63490e+05       2.50340e+05
           -1.00000e+06       3.88057e-07       2.77724e-06
    4       2.45123e+07      -2.63490e+05      -2.50340e+05
           -1.00000e+06      -3.50281e-07      -3.27927e-06
    5      -1.47109e+07      -1.85634e+05      -1.42528e+05
           -1.00000e+06      -1.77434e-06      -3.28753e-06
    6       1.47109e+07       1.85634e+05       1.42528e+05
           -1.00000e+06      -6.00481e-07       6.13158e-06
    7      -4.90208e+06       1.09574e+05       5.46461e+04
           -1.00000e+06       4.17001e-08      -2.56169e-07
    8       4.90208e+06      -1.09574e+05      -5.46461e+04
           -1.00000e+06      -7.33921e-07      -4.48358e-06

     DISPLACEMENT CSV = D:\STAPpp-master\STAPpp\data\H8\convergence\h8_conv_4x2x1.displacements.csv


 S O L U T I O N   T I M E   L O G   I N   S E C 

     READ_TIME = 3.00000e-03
     MPC_ALIAS_TIME = 0.00000e+00
     CSR_PATTERN_TIME = 0.00000e+00
     CSR_ASSEMBLY_TIME = 0.00000e+00
     ELEMENT_VALUE_ASSEMBLY_TIME = 0.00000e+00
     MPC_VALUE_ASSEMBLY_TIME = 0.00000e+00
     ELEMENT_STIFFNESS_TIME = 0.00000e+00
     PATTERN_INSERT_TIME = 0.00000e+00
     VALUE_INSERT_TIME = 0.00000e+00
     ACTIVE_DOF_PACK_TIME = 0.00000e+00
     MPC_PATTERN_TIME = 0.00000e+00
     EXPORT_UPPER_CSR_TIME = 0.00000e+00
     SYMMETRY_CHECK_TIME = 0.00000e+00
     SCALING_TIME = 0.00000e+00
     PRECOND_SETUP_TIME = 0.00000e+00
     ITER_SOLVE_TIME = 0.00000e+00
     RESIDUAL_CHECK_TIME = 0.00000e+00
     CSV_WRITE_TIME = 0.00000e+00
     TOTAL_TIME = 4.00000e-03

