TITLE : Beam Convergence Test - 16 Elements
        (17:56:43 on June 14, 2026, Sunday)

C O N T R O L   I N F O R M A T I O N

      NUMBER OF NODAL POINTS . . . . . . . . . . (NUMNP)  =    17
      NUMBER OF ELEMENT GROUPS . . . . . . . . . (NUMEG)  =     1
      NUMBER OF LOAD CASES . . . . . . . . . . . (NLCASE) =     1
      SOLUTION MODE  . . . . . . . . . . . . . . (MODEX)  =     1
         EQ.0, DATA CHECK
         EQ.1, EXECUTION

 N O D A L   P O I N T   D A T A

    NODE       BOUNDARY                         NODAL POINT
   NUMBER  CONDITION  CODES                     COORDINATES
        1    1    1    1    1    1    1       0.00000e+00    0.00000e+00    0.00000e+00
        2    0    0    0    1    1    1       6.25000e-01    0.00000e+00    0.00000e+00
        3    0    0    0    1    1    1       1.25000e+00    0.00000e+00    0.00000e+00
        4    0    0    0    1    1    1       1.87500e+00    0.00000e+00    0.00000e+00
        5    0    0    0    1    1    1       2.50000e+00    0.00000e+00    0.00000e+00
        6    0    0    0    1    1    1       3.12500e+00    0.00000e+00    0.00000e+00
        7    0    0    0    1    1    1       3.75000e+00    0.00000e+00    0.00000e+00
        8    0    0    0    1    1    1       4.37500e+00    0.00000e+00    0.00000e+00
        9    0    0    0    1    1    1       5.00000e+00    0.00000e+00    0.00000e+00
       10    0    0    0    1    1    1       5.62500e+00    0.00000e+00    0.00000e+00
       11    0    0    0    1    1    1       6.25000e+00    0.00000e+00    0.00000e+00
       12    0    0    0    1    1    1       6.87500e+00    0.00000e+00    0.00000e+00
       13    0    0    0    1    1    1       7.50000e+00    0.00000e+00    0.00000e+00
       14    0    0    0    1    1    1       8.12500e+00    0.00000e+00    0.00000e+00
       15    0    0    0    1    1    1       8.75000e+00    0.00000e+00    0.00000e+00
       16    0    0    0    1    1    1       9.37500e+00    0.00000e+00    0.00000e+00
       17    0    0    0    1    1    1       1.00000e+01    0.00000e+00    0.00000e+00

 L O A D   C A S E   D A T A

     LOAD CASE NUMBER . . . . . . . =     1
     NUMBER OF CONCENTRATED LOADS . =     1

    NODE       DIRECTION      LOAD
   NUMBER                   MAGNITUDE
     17            2       -1.00000e+05

 EQUATION NUMBERS

   NODE NUMBER   DEGREES OF FREEDOM
        N           X    Y    Z   RX   RY   RZ
        1           0    0    0    0    0    0
        2           1    2    3    0    0    0
        3           4    5    6    0    0    0
        4           7    8    9    0    0    0
        5          10   11   12    0    0    0
        6          13   14   15    0    0    0
        7          16   17   18    0    0    0
        8          19   20   21    0    0    0
        9          22   23   24    0    0    0
       10          25   26   27    0    0    0
       11          28   29   30    0    0    0
       12          31   32   33    0    0    0
       13          34   35   36    0    0    0
       14          37   38   39    0    0    0
       15          40   41   42    0    0    0
       16          43   44   45    0    0    0
       17          46   47   48    0    0    0

 E L E M E N T   G R O U P   D A T A


 E L E M E N T   D E F I N I T I O N

 ELEMENT TYPE  . . . . . . . . . . . . .( NPAR(1) ) . . =    6
     EQ.1, TRUSS ELEMENTS
     EQ.2, FOUR-NODE PLANE ELEMENTS (FULL INTEGRATION)
     EQ.3, FOUR-NODE PLANE ELEMENTS (REDUCED INTEGRATION)
     EQ.4, THREE-NODE TRIANGULAR PLANE ELEMENTS (CST)
     EQ.5, EIGHT-NODE HEXAHEDRAL ELEMENTS
     EQ.6, TWO-NODE BEAM ELEMENTS
     EQ.7, FOUR-NODE PLATE BENDING ELEMENTS
     EQ.9, TWO-NODE 3D EULER-BERNOULLI BEAM ELEMENTS
     EQ.10, FOUR-NODE FLAT SHELL ELEMENTS
     EQ.11, TWO-NODE 3D TIMOSHENKO BEAM ELEMENTS
     EQ.12, EIGHT-NODE REDUCED-INTEGRATION HEXAHEDRAL ELEMENTS
     EQ.14, PIER-LOCAL REDUCED-INTEGRATION HEXAHEDRAL ELEMENTS

 NUMBER OF ELEMENTS. . . . . . . . . . .( NPAR(2) ) . . =   16

 M A T E R I A L   D E F I N I T I O N

 NUMBER OF DIFFERENT SETS OF MATERIAL
 AND SECTION CONSTANTS  . . . . . . .( NPAR(3) ) . . =    1

  SET       YOUNG'S     CROSS-SECTIONAL    MOMENT OF
 NUMBER     MODULUS          AREA           INERTIA
               E              A               I
    1     2.00000e+11     1.00000e-01     8.33300e-03


 E L E M E N T   I N F O R M A T I O N
 ELEMENT     NODE     NODE       MATERIAL
 NUMBER-N      I        J       SET NUMBER
    1          1        2           1
    2          2        3           1
    3          3        4           1
    4          4        5           1
    5          5        6           1
    6          6        7           1
    7          7        8           1
    8          8        9           1
    9          9       10           1
   10         10       11           1
   11         11       12           1
   12         12       13           1
   13         13       14           1
   14         14       15           1
   15         15       16           1
   16         16       17           1

	TOTAL SYSTEM DATA

     NUMBER OF EQUATIONS . . . . . . . . . . . . . .(NEQ) = 48
     NUMBER OF MATRIX ELEMENTS . . . . . . . . . . .(NWK) = 231
     MAXIMUM HALF BANDWIDTH  . . . . . . . . . . . .(MK ) = 6
     MEAN HALF BANDWIDTH . . . . . . . . . . . . . .(MM ) = 4


 LOAD CASE    1


 D I S P L A C E M E N T S

  NODE           X-DISPLACEMENT    Y-DISPLACEMENT    Z-DISPLACEMENT    RX-ROTATION      RY-ROTATION      RZ-ROTATION
    1               0.00000e+00       0.00000e+00       0.00000e+00       0.00000e+00       0.00000e+00       0.00000e+00
    2               0.00000e+00      -1.14751e-04      -3.63296e-04       0.00000e+00       0.00000e+00       0.00000e+00
    3               0.00000e+00      -4.49237e-04      -7.03153e-04       0.00000e+00       0.00000e+00       0.00000e+00
    4               0.00000e+00      -9.88809e-04      -1.01957e-03       0.00000e+00       0.00000e+00       0.00000e+00
    5               0.00000e+00      -1.71882e-03      -1.31255e-03       0.00000e+00       0.00000e+00       0.00000e+00
    6               0.00000e+00      -2.62462e-03      -1.58209e-03       0.00000e+00       0.00000e+00       0.00000e+00
    7               0.00000e+00      -3.69155e-03      -1.82820e-03       0.00000e+00       0.00000e+00       0.00000e+00
    8               0.00000e+00      -4.90498e-03      -2.05086e-03       0.00000e+00       0.00000e+00       0.00000e+00
    9               0.00000e+00      -6.25025e-03      -2.25009e-03       0.00000e+00       0.00000e+00       0.00000e+00
   10               0.00000e+00      -7.71271e-03      -2.42588e-03       0.00000e+00       0.00000e+00       0.00000e+00
   11               0.00000e+00      -9.27771e-03      -2.57823e-03       0.00000e+00       0.00000e+00       0.00000e+00
   12               0.00000e+00      -1.09306e-02      -2.70714e-03       0.00000e+00       0.00000e+00       0.00000e+00
   13               0.00000e+00      -1.26568e-02      -2.81261e-03       0.00000e+00       0.00000e+00       0.00000e+00
   14               0.00000e+00      -1.44415e-02      -2.89465e-03       0.00000e+00       0.00000e+00       0.00000e+00
   15               0.00000e+00      -1.62702e-02      -2.95324e-03       0.00000e+00       0.00000e+00       0.00000e+00
   16               0.00000e+00      -1.81282e-02      -2.98840e-03       0.00000e+00       0.00000e+00       0.00000e+00
   17               0.00000e+00      -2.00008e-02      -3.00012e-03       0.00000e+00       0.00000e+00       0.00000e+00

 S T R E S S  C A L C U L A T I O N S  F O R  E L E M E N T  G R O U P    1

  ELEMENT        AXIAL-STRESS     BEND-STRESS1     BEND-STRESS2
  NUMBER
    1       0.00000e+00       1.20005e+08      -1.12505e+08
    2       0.00000e+00       1.12505e+08      -1.05004e+08
    3       0.00000e+00       1.05004e+08      -9.75039e+07
    4       0.00000e+00       9.75039e+07      -9.00036e+07
    5       0.00000e+00       9.00036e+07      -8.25033e+07
    6       0.00000e+00       8.25033e+07      -7.50030e+07
    7       0.00000e+00       7.50030e+07      -6.75027e+07
    8       0.00000e+00       6.75027e+07      -6.00024e+07
    9       0.00000e+00       6.00024e+07      -5.25021e+07
   10       0.00000e+00       5.25021e+07      -4.50018e+07
   11       0.00000e+00       4.50018e+07      -3.75015e+07
   12       0.00000e+00       3.75015e+07      -3.00012e+07
   13       0.00000e+00       3.00012e+07      -2.25009e+07
   14       0.00000e+00       2.25009e+07      -1.50006e+07
   15       0.00000e+00       1.50006e+07      -7.50030e+06
   16       0.00000e+00       7.50030e+06      -2.22045e-06

     DISPLACEMENT CSV = D:\STAPpp-master\STAPpp\data\beam\convergence\beam_conv_16.displacements.csv


 S O L U T I O N   T I M E   L O G   I N   S E C 

     READ_TIME = 6.00000e-03
     MPC_ALIAS_TIME = 0.00000e+00
     CSR_PATTERN_TIME = 0.00000e+00
     CSR_ASSEMBLY_TIME = 0.00000e+00
     ELEMENT_VALUE_ASSEMBLY_TIME = 0.00000e+00
     MPC_VALUE_ASSEMBLY_TIME = 0.00000e+00
     ELEMENT_STIFFNESS_TIME = 0.00000e+00
     PATTERN_INSERT_TIME = 0.00000e+00
     VALUE_INSERT_TIME = 0.00000e+00
     ACTIVE_DOF_PACK_TIME = 0.00000e+00
     MPC_PATTERN_TIME = 0.00000e+00
     EXPORT_UPPER_CSR_TIME = 0.00000e+00
     SYMMETRY_CHECK_TIME = 0.00000e+00
     SCALING_TIME = 0.00000e+00
     PRECOND_SETUP_TIME = 0.00000e+00
     ITER_SOLVE_TIME = 0.00000e+00
     RESIDUAL_CHECK_TIME = 0.00000e+00
     CSV_WRITE_TIME = 0.00000e+00
     TOTAL_TIME = 7.00000e-03

